Cactus - version: 4.2.3
Building configuration thc
Checking status of thorn CoordBase
Checking status of thorn CartGrid3D
Checking status of thorn ADMAnalysis
Checking status of thorn Boundary
Checking status of thorn ADMBase
Checking status of thorn ADMCoupling
Checking status of thorn SummationByParts
Checking status of thorn ADMDerivatives
Checking status of thorn ADMMacros
Checking status of thorn ADMMass
Checking status of thorn AEILocalInterp
Checking status of thorn AHFinder
Checking status of thorn zlib
Checking status of thorn hwloc
Checking status of thorn MPI
Checking status of thorn HDF5
Checking status of thorn SpaceMask
Checking status of thorn AHFinderDirect
Checking status of thorn BLAS
Checking status of thorn Boost
Checking status of thorn GSL
Checking status of thorn PizzaNumUtils
Checking status of thorn PizzaBase
Checking status of thorn BNSAnalysis
Checking status of thorn BNSTrackerGen
Checking status of thorn CPPUtils
Checking status of thorn CTGBase
Checking status of thorn CycleClock
Checking status of thorn Vectors
Checking status of thorn LoopControl
Checking status of thorn CTGConstraints
Checking status of thorn CTGEvolution
Checking status of thorn CTGGauge
Checking status of thorn CTGMatter
Checking status of thorn CTGRadiativeBC
Checking status of thorn Fortran
Checking status of thorn CalcK
Checking status of thorn FDCore
Checking status of thorn HRSCCore
Checking status of thorn CarpetLib
Checking status of thorn IOUtil
Checking status of thorn Timers
Checking status of thorn Carpet
Checking status of thorn CarpetEvolutionMask
Checking status of thorn CarpetIOASCII
COMPILING Carpet/CarpetIOASCII/src/ioascii.cc
/hppfs/scratch/0C/*****/test/Cactus/configs/thc/config-data/make.config.rules:278: recipe for target 'ioascii.cc.o' failed
/hppfs/scratch/0C/*****/test/Cactus/lib/make/make.thornlib:112: recipe for target 'make.checked' failed
/hppfs/scratch/0C/*****/test/Cactus/lib/make/make.configuration:181: recipe for target '/hppfs/scratch/0C/*****/test/Cactus/configs/thc/lib/libthorn_CarpetIOASCII.a' failed
Makefile:256: recipe for target 'thc' failed
