Using configuration: sim
Building sim
if test ! -f "/SHARE/STUDENT_STORAGE/wangsuoning/Cactus/configs/sim/config-data/cctk_Config.h" ; then \
  	echo ________________________________________________________________________;\
  echo "Cactus - version: 4.17.0";\
          if test "x"yes"" = 'xno'; then\
            if (! CC="/usr/bin/gcc" ; export CC ; perl -s lib/make/setup_configuration.pl  sim) ; then \
              echo "" ;                                                        \
              echo "Error reconfiguring configuration sim" ;                    \
              rm -f "/SHARE/STUDENT_STORAGE/wangsuoning/Cactus/configs/sim/config-data/cctk_Config.h" ;            \
              exit 2 ;                                                         \
            fi                                                                 \
          else                                                                 \
    echo "Error: Configuration sim is incomplete.";\
    echo "Please check the files in /SHARE/STUDENT_STORAGE/wangsuoning/Cactus/configs/sim/config-data for error messages.";\
    echo "You can try again to configure using make sim-config";\
    echo "or delete this configuration with make sim-delete.";\
    	echo ________________________________________________________________________;\
    exit 1; \
          fi                                                                 \
fi
if (perl -e 'exit ((stat shift)[9] > (stat shift)[9])' /SHARE/STUDENT_STORAGE/wangsuoning/Cactus/configs/sim/config-info /SHARE/STUDENT_STORAGE/wangsuoning/Cactus/lib/make/force-reconfigure); then    \
  	echo ________________________________________________________________________;\
  echo "Cactus - version: 4.17.0";\
  echo "Error: Configuration sim is out of date.";\
  echo "  Please reconfigure your configuration by running the command"; \
          echo ;\
          echo "    make sim-reconfig"; \
          echo ;\
  echo "  (It is likely that recent changes to the flesh require this.)";\
  	echo ________________________________________________________________________;\
  exit 1;\
fi
if test "x0" = "x0" ; then \
  	echo ________________________________________________________________________;\
  echo "Cactus - version: 4.17.0"; \
  echo "Building configuration sim"; \
  	echo ________________________________________________________________________;\
fi
________________________________________________________________________
Cactus - version: 4.17.0
Building configuration sim
________________________________________________________________________
make -f /SHARE/STUDENT_STORAGE/wangsuoning/Cactus/lib/make/make.configuration TOP=/SHARE/STUDENT_STORAGE/wangsuoning/Cactus/configs/sim CCTK_HOME=/SHARE/STUDENT_STORAGE/wangsuoning/Cactus  rebuild
make[1]: Entering directory '/SHARE/STUDENT_STORAGE/wangsuoning/Cactus'
make[1]: Nothing to be done for 'rebuild'.
make[1]: Leaving directory '/SHARE/STUDENT_STORAGE/wangsuoning/Cactus'
make -f /SHARE/STUDENT_STORAGE/wangsuoning/Cactus/lib/make/make.configuration TOP=/SHARE/STUDENT_STORAGE/wangsuoning/Cactus/configs/sim CCTK_HOME=/SHARE/STUDENT_STORAGE/wangsuoning/Cactus 
make[1]: Entering directory '/SHARE/STUDENT_STORAGE/wangsuoning/Cactus'
Checking status of thorn zlib
________________________________________________________________________
make[2]: Entering directory '/SHARE/STUDENT_STORAGE/wangsuoning/Cactus/configs/sim/build/zlib'
if [ ! -d ./ ] ; then mkdir -p ./ ; fi
cd ./ ; make CCTK_TARGET=make.checked TOP=/SHARE/STUDENT_STORAGE/wangsuoning/Cactus/configs/sim CONFIG=/SHARE/STUDENT_STORAGE/wangsuoning/Cactus/configs/sim/config-data SRCDIR=/SHARE/STUDENT_STORAGE/wangsuoning/Cactus/arrangements/ExternalLibraries/zlib/src THORN=zlib USESTHORNS="" -f /SHARE/STUDENT_STORAGE/wangsuoning/Cactus/lib/make/make.subdir
make[3]: Entering directory '/SHARE/STUDENT_STORAGE/wangsuoning/Cactus/configs/sim/build/zlib'
make[3]: 'make.checked' is up to date.
make[3]: Leaving directory '/SHARE/STUDENT_STORAGE/wangsuoning/Cactus/configs/sim/build/zlib'
cd cctk_Bindings; make CCTK_TARGET=make.checked TOP=/SHARE/STUDENT_STORAGE/wangsuoning/Cactus/configs/sim CONFIG=/SHARE/STUDENT_STORAGE/wangsuoning/Cactus/configs/sim/config-data SRCDIR=/SHARE/STUDENT_STORAGE/wangsuoning/Cactus/configs/sim/bindings/build/zlib THORN=zlib USESTHORNS="" -f /SHARE/STUDENT_STORAGE/wangsuoning/Cactus/lib/make/make.subdir
make[3]: Entering directory '/SHARE/STUDENT_STORAGE/wangsuoning/Cactus/configs/sim/build/zlib/cctk_Bindings'
make[3]: 'make.checked' is up to date.
make[3]: Leaving directory '/SHARE/STUDENT_STORAGE/wangsuoning/Cactus/configs/sim/build/zlib/cctk_Bindings'
make[2]: Leaving directory '/SHARE/STUDENT_STORAGE/wangsuoning/Cactus/configs/sim/build/zlib'
echo ________________________________________________________________________
________________________________________________________________________
Checking status of thorn hwloc
________________________________________________________________________
make[2]: Entering directory '/SHARE/STUDENT_STORAGE/wangsuoning/Cactus/configs/sim/build/hwloc'
if [ ! -d ./ ] ; then mkdir -p ./ ; fi
cd ./ ; make CCTK_TARGET=make.checked TOP=/SHARE/STUDENT_STORAGE/wangsuoning/Cactus/configs/sim CONFIG=/SHARE/STUDENT_STORAGE/wangsuoning/Cactus/configs/sim/config-data SRCDIR=/SHARE/STUDENT_STORAGE/wangsuoning/Cactus/arrangements/ExternalLibraries/hwloc/src THORN=hwloc USESTHORNS="zlib" -f /SHARE/STUDENT_STORAGE/wangsuoning/Cactus/lib/make/make.subdir
make[3]: Entering directory '/SHARE/STUDENT_STORAGE/wangsuoning/Cactus/configs/sim/build/hwloc'
make[3]: 'make.checked' is up to date.
make[3]: Leaving directory '/SHARE/STUDENT_STORAGE/wangsuoning/Cactus/configs/sim/build/hwloc'
cd cctk_Bindings; make CCTK_TARGET=make.checked TOP=/SHARE/STUDENT_STORAGE/wangsuoning/Cactus/configs/sim CONFIG=/SHARE/STUDENT_STORAGE/wangsuoning/Cactus/configs/sim/config-data SRCDIR=/SHARE/STUDENT_STORAGE/wangsuoning/Cactus/configs/sim/bindings/build/hwloc THORN=hwloc USESTHORNS="zlib" -f /SHARE/STUDENT_STORAGE/wangsuoning/Cactus/lib/make/make.subdir
make[3]: Entering directory '/SHARE/STUDENT_STORAGE/wangsuoning/Cactus/configs/sim/build/hwloc/cctk_Bindings'
make[3]: 'make.checked' is up to date.
make[3]: Leaving directory '/SHARE/STUDENT_STORAGE/wangsuoning/Cactus/configs/sim/build/hwloc/cctk_Bindings'
make[2]: Leaving directory '/SHARE/STUDENT_STORAGE/wangsuoning/Cactus/configs/sim/build/hwloc'
echo ________________________________________________________________________
________________________________________________________________________
Checking status of thorn MPI
________________________________________________________________________
make[2]: Entering directory '/SHARE/STUDENT_STORAGE/wangsuoning/Cactus/configs/sim/build/MPI'
if [ ! -d ./ ] ; then mkdir -p ./ ; fi
cd ./ ; make CCTK_TARGET=make.checked TOP=/SHARE/STUDENT_STORAGE/wangsuoning/Cactus/configs/sim CONFIG=/SHARE/STUDENT_STORAGE/wangsuoning/Cactus/configs/sim/config-data SRCDIR=/SHARE/STUDENT_STORAGE/wangsuoning/Cactus/arrangements/ExternalLibraries/MPI/src THORN=MPI USESTHORNS="hwloc" -f /SHARE/STUDENT_STORAGE/wangsuoning/Cactus/lib/make/make.subdir
make[3]: Entering directory '/SHARE/STUDENT_STORAGE/wangsuoning/Cactus/configs/sim/build/MPI'
make[3]: 'make.checked' is up to date.
make[3]: Leaving directory '/SHARE/STUDENT_STORAGE/wangsuoning/Cactus/configs/sim/build/MPI'
cd cctk_Bindings; make CCTK_TARGET=make.checked TOP=/SHARE/STUDENT_STORAGE/wangsuoning/Cactus/configs/sim CONFIG=/SHARE/STUDENT_STORAGE/wangsuoning/Cactus/configs/sim/config-data SRCDIR=/SHARE/STUDENT_STORAGE/wangsuoning/Cactus/configs/sim/bindings/build/MPI THORN=MPI USESTHORNS="hwloc" -f /SHARE/STUDENT_STORAGE/wangsuoning/Cactus/lib/make/make.subdir
make[3]: Entering directory '/SHARE/STUDENT_STORAGE/wangsuoning/Cactus/configs/sim/build/MPI/cctk_Bindings'
make[3]: 'make.checked' is up to date.
make[3]: Leaving directory '/SHARE/STUDENT_STORAGE/wangsuoning/Cactus/configs/sim/build/MPI/cctk_Bindings'
make[2]: Leaving directory '/SHARE/STUDENT_STORAGE/wangsuoning/Cactus/configs/sim/build/MPI'
echo ________________________________________________________________________
________________________________________________________________________
Checking status of thorn ADIOS2
________________________________________________________________________
make[2]: Entering directory '/SHARE/STUDENT_STORAGE/wangsuoning/Cactus/configs/sim/build/ADIOS2'
if [ ! -d ./ ] ; then mkdir -p ./ ; fi
cd ./ ; make CCTK_TARGET=make.checked TOP=/SHARE/STUDENT_STORAGE/wangsuoning/Cactus/configs/sim CONFIG=/SHARE/STUDENT_STORAGE/wangsuoning/Cactus/configs/sim/config-data SRCDIR=/SHARE/STUDENT_STORAGE/wangsuoning/Cactus/arrangements/ExternalLibraries/ADIOS2/src THORN=ADIOS2 USESTHORNS="MPI" -f /SHARE/STUDENT_STORAGE/wangsuoning/Cactus/lib/make/make.subdir
make[3]: Entering directory '/SHARE/STUDENT_STORAGE/wangsuoning/Cactus/configs/sim/build/ADIOS2'
/SHARE/STUDENT_STORAGE/wangsuoning/Cactus/arrangements/ExternalLibraries/ADIOS2/src/build.sh
+ set -e
+ THORN=ADIOS2
+ NAME=ADIOS2-2.10.2
++ dirname /SHARE/STUDENT_STORAGE/wangsuoning/Cactus/arrangements/ExternalLibraries/ADIOS2/src/build.sh
+ SRCDIR=/SHARE/STUDENT_STORAGE/wangsuoning/Cactus/arrangements/ExternalLibraries/ADIOS2/src
+ BUILD_DIR=/SHARE/STUDENT_STORAGE/wangsuoning/Cactus/configs/sim/scratch/build/ADIOS2
+ '[' -z '' ']'
+ INSTALL_DIR=/SHARE/STUDENT_STORAGE/wangsuoning/Cactus/configs/sim/scratch/external/ADIOS2
+ DONE_FILE=/SHARE/STUDENT_STORAGE/wangsuoning/Cactus/configs/sim/scratch/done/ADIOS2
+ ADIOS2_DIR=/SHARE/STUDENT_STORAGE/wangsuoning/Cactus/configs/sim/scratch/external/ADIOS2
+ echo 'ADIOS2: Preparing directory structure...'
ADIOS2: Preparing directory structure...
+ cd /SHARE/STUDENT_STORAGE/wangsuoning/Cactus/configs/sim/scratch
+ mkdir build external done
+ true
+ rm -rf /SHARE/STUDENT_STORAGE/wangsuoning/Cactus/configs/sim/scratch/build/ADIOS2 /SHARE/STUDENT_STORAGE/wangsuoning/Cactus/configs/sim/scratch/external/ADIOS2
+ mkdir /SHARE/STUDENT_STORAGE/wangsuoning/Cactus/configs/sim/scratch/build/ADIOS2 /SHARE/STUDENT_STORAGE/wangsuoning/Cactus/configs/sim/scratch/external/ADIOS2
+ echo 'ADIOS2: Unpacking archive...'
ADIOS2: Unpacking archive...
+ pushd /SHARE/STUDENT_STORAGE/wangsuoning/Cactus/configs/sim/scratch/build/ADIOS2
/SHARE/STUDENT_STORAGE/wangsuoning/Cactus/configs/sim/scratch/build/ADIOS2 /SHARE/STUDENT_STORAGE/wangsuoning/Cactus/configs/sim/scratch
+ tar xf /SHARE/STUDENT_STORAGE/wangsuoning/Cactus/arrangements/ExternalLibraries/ADIOS2/src/../dist/ADIOS2-2.10.2.tar
+ echo 'ADIOS2: Configuring...'
ADIOS2: Configuring...
+ cd ADIOS2-2.10.2
+ '[' no = yes ']'
+ ADIOS2_BUILD_TYPE=Release
+ '[' -n 1 ']'
+ ADIOS2_USE_MPI=ON
+ ADIOS2_USE_BP5=yes
+ mkdir build
+ cd build
+ cmake -DADIOS2_USE_MPI=ON -DCMAKE_INSTALL_PREFIX=/SHARE/STUDENT_STORAGE/wangsuoning/Cactus/configs/sim/scratch/external/ADIOS2 -DCMAKE_INSTALL_LIBDIR=lib -DBUILD_TESTING=OFF -DADIOS2_BUILD_EXAMPLES=OFF -DADIOS2_USE_Fortran= -DADIOS2_USE_Python=OFF -DADIOS2_USE_ZeroMQ=OFF -DADIOS2_USE_PNG=OFF -DADIOS2_USE_BZip2=OFF -DADIOS2_USE_SST= -DADIOS2_USE_BP5= -DADIOS2_USE_CUDA= -DBUILD_SHARED_LIBS=OFF -DCMAKE_BUILD_TYPE= ..
Re-run cmake no build system arguments
-- The C compiler identification is GNU 11.4.0
-- The CXX compiler identification is GNU 11.4.0
-- Detecting C compiler ABI info
-- Detecting C compiler ABI info - done
-- Check for working C compiler: /usr/bin/gcc - skipped
-- Detecting C compile features
-- Detecting C compile features - done
-- Detecting CXX compiler ABI info
-- Detecting CXX compiler ABI info - done
-- Check for working CXX compiler: /usr/bin/g++ - skipped
-- Detecting CXX compile features
-- Detecting CXX compile features - done
-- Looking for pthread.h
-- Looking for pthread.h - found
-- Performing Test CMAKE_HAVE_LIBC_PTHREAD
-- Performing Test CMAKE_HAVE_LIBC_PTHREAD - Success
-- Found Threads: TRUE  
-- Could NOT find ZFP (missing: ZFP_DIR)
-- Could NOT find SZ (missing: SZ_LIBRARY ZSTD_LIBRARY SZ_INCLUDE_DIR) 
-- Could NOT find mgard (missing: mgard_DIR)
-- Found MPI_C: /opt/intel/oneapi/mpi/2021.13/lib/libmpi.so (found version "3.1") 
-- Found MPI_CXX: /opt/intel/oneapi/mpi/2021.13/lib/libmpicxx.so (found version "3.1") 
-- Found MPI: TRUE (found version "3.1") found components: C CXX 
-- Found PkgConfig: /usr/bin/pkg-config (found version "0.29.2") 
-- Checking for module 'dspaces'
--   No package 'dspaces' found
-- Could NOT find DataSpaces (missing: DATASPACES_VERSION DATASPACES_INCLUDE_DIR DATASPACES_LIBRARIES) (Required is at least version "2.1.1")
-- Found HDF5: /usr/lib/x86_64-linux-gnu/hdf5/serial/libhdf5.so;/usr/lib/x86_64-linux-gnu/libcrypto.so;/usr/lib/x86_64-linux-gnu/libcurl.so;/usr/lib/x86_64-linux-gnu/libpthread.a;/usr/lib/x86_64-linux-gnu/libsz.so;/usr/lib/x86_64-linux-gnu/libz.so;/usr/lib/x86_64-linux-gnu/libdl.a;/usr/lib/x86_64-linux-gnu/libm.so (found version "1.10.7") found components: C 
-- Could NOT find IME (missing: IME_LIBRARY IME_INCLUDE_DIR) 
-- Could NOT find DAOS (missing: DAOS_LIBRARY DFS_LIBRARY DAOS_INCLUDE_DIR) 
-- Looking for shmget
-- Looking for shmget - found
-- Found Sodium: /usr/lib/x86_64-linux-gnu/libsodium.so  
-- Found SQLite3: /usr/include (found version "3.37.2") 
-- Found ZLIB: /usr/lib/x86_64-linux-gnu/libz.so (found version "1.2.11") 
-- Sqlite3 and ZLIB found. Turn on Campaign Management
-- Checking for O_DIRECT
-- Performing Test O_DIRECT_WORKS
-- Performing Test O_DIRECT_WORKS - Success

-- ADIOS2 ThirdParty: Configuring KWSys
-- Checking whether wstring is available
-- Checking whether wstring is available - yes
-- Checking whether C compiler has ptrdiff_t in stddef.h
-- Checking whether C compiler has ptrdiff_t in stddef.h - yes
-- Checking whether C compiler has ssize_t in unistd.h
-- Checking whether C compiler has ssize_t in unistd.h - yes
-- Checking whether CXX compiler has setenv
-- Checking whether CXX compiler has setenv - yes
-- Checking whether CXX compiler has unsetenv
-- Checking whether CXX compiler has unsetenv - yes
-- Checking whether CXX compiler has environ in stdlib.h
-- Checking whether CXX compiler has environ in stdlib.h - no
-- Checking whether CXX compiler has utimes
-- Checking whether CXX compiler has utimes - yes
-- Checking whether CXX compiler has utimensat
-- Checking whether CXX compiler has utimensat - yes
-- Checking whether CXX compiler struct stat has st_mtim member
-- Checking whether CXX compiler struct stat has st_mtim member - yes
-- Checking whether CXX compiler struct stat has st_mtimespec member
-- Checking whether CXX compiler struct stat has st_mtimespec member - no
-- Checking whether <ext/stdio_filebuf.h> is available
-- Checking whether <ext/stdio_filebuf.h> is available - yes

-- ADIOS2 ThirdParty: Configuring perfstubs

-- ADIOS2 ThirdParty: Configuring pugixml

-- ADIOS2 ThirdParty: Configuring nlohmann_json

-- ADIOS2 ThirdParty: Configuring yaml-cpp

-- ADIOS2 ThirdParty: Configuring atl
-- Looking for sys/types.h
-- Looking for sys/types.h - found
-- Looking for stdint.h
-- Looking for stdint.h - found
-- Looking for stddef.h
-- Looking for stddef.h - found
-- Check size of double
-- Check size of double - done
-- Check size of float
-- Check size of float - done
-- Check size of int
-- Check size of int - done
-- Check size of short
-- Check size of short - done
-- Looking for include file malloc.h
-- Looking for include file malloc.h - found
-- Looking for include file unistd.h
-- Looking for include file unistd.h - found
-- Looking for include file stdlib.h
-- Looking for include file stdlib.h - found
-- Looking for include file string.h
-- Looking for include file string.h - found
-- Looking for include file sys/time.h
-- Looking for include file sys/time.h - found
-- Looking for include file windows.h
-- Looking for include file windows.h - not found
-- Looking for fork
-- Looking for fork - found
-- Found atl: /SHARE/STUDENT_STORAGE/wangsuoning/Cactus/configs/sim/scratch/build/ADIOS2/ADIOS2-2.10.2/build/thirdparty/atl/atl/atl-config.cmake (found version "2.2.1") 

-- ADIOS2 ThirdParty: Configuring dill
-- Check size of void*
-- Check size of void* - done
-- Check size of long
-- Check size of long - done
-- DILL - Disabling emulation
-- Found Perl: /usr/bin/perl (found version "5.34.0") 
-- base.ops argument is 
-- Looking for include file stdarg.h
-- Looking for include file stdarg.h - found
-- Looking for include file memory.h
-- Looking for include file memory.h - found
-- Looking for include file sys/mman.h
-- Looking for include file sys/mman.h - found
-- Looking for __clear_cache
-- Looking for __clear_cache - not found
-- Found dill: /SHARE/STUDENT_STORAGE/wangsuoning/Cactus/configs/sim/scratch/build/ADIOS2/ADIOS2-2.10.2/build/thirdparty/dill/dill/dill-config.cmake (found version "3.0.0") 

-- ADIOS2 ThirdParty: Configuring ffs
-- Check size of off_t
-- Check size of off_t - done
-- Check size of long double
-- Check size of long double - done
-- Check size of long long
-- Check size of long long - done
-- Check size of size_t
-- Check size of size_t - done
-- Looking for socket
-- Looking for socket - found
-- Found BISON: /usr/bin/bison (found version "3.8.2") 
-- Found FLEX: /usr/bin/flex (found version "2.6.4") 
-- Found dill: /SHARE/STUDENT_STORAGE/wangsuoning/Cactus/configs/sim/scratch/build/ADIOS2/ADIOS2-2.10.2/build/thirdparty/dill/dill/dill-config.cmake (found suitable version "3.0.0", minimum required is "3.0.0") 
-- Found atl: /SHARE/STUDENT_STORAGE/wangsuoning/Cactus/configs/sim/scratch/build/ADIOS2/ADIOS2-2.10.2/build/thirdparty/atl/atl/atl-config.cmake (found suitable version "2.2.1", minimum required is "2.2.1") 
-- Looking for netdb.h
-- Looking for netdb.h - found
-- Looking for netinet/in.h
-- Looking for netinet/in.h - found
-- Looking for sockLib.h
-- Looking for sockLib.h - not found
-- Looking for sys/select.h
-- Looking for sys/select.h - found
-- Looking for sys/socket.h
-- Looking for sys/socket.h - found
-- Looking for sys/times.h
-- Looking for sys/times.h - found
-- Looking for sys/uio.h
-- Looking for sys/uio.h - found
-- Looking for sys/un.h
-- Looking for sys/un.h - found
-- Looking for winsock.h
-- Looking for winsock.h - not found
-- Looking for strtof
-- Looking for strtof - found
-- Looking for strtod
-- Looking for strtod - found
-- Looking for strtold
-- Looking for strtold - found
-- Looking for getdomainname
-- Looking for getdomainname - found
-- Check size of struct iovec
-- Check size of struct iovec - done
-- Performing Test HAS_IOV_BASE_IOVEC
-- Performing Test HAS_IOV_BASE_IOVEC - Success
-- Found atl: /SHARE/STUDENT_STORAGE/wangsuoning/Cactus/configs/sim/scratch/build/ADIOS2/ADIOS2-2.10.2/build/thirdparty/atl/atl/atl-config.cmake (found version "2.2.1") 
-- Found dill: /SHARE/STUDENT_STORAGE/wangsuoning/Cactus/configs/sim/scratch/build/ADIOS2/ADIOS2-2.10.2/build/thirdparty/dill/dill/dill-config.cmake (found version "3.0.0") 
-- Found ffs: /SHARE/STUDENT_STORAGE/wangsuoning/Cactus/configs/sim/scratch/build/ADIOS2/ADIOS2-2.10.2/build/thirdparty/ffs/ffs/ffs-config.cmake (found version "3.0.0") 

-- ADIOS2 ThirdParty: Configuring enet
-- Looking for getaddrinfo
-- Looking for getaddrinfo - found
-- Looking for getnameinfo
-- Looking for getnameinfo - found
-- Looking for gethostbyaddr_r
-- Looking for gethostbyaddr_r - found
-- Looking for gethostbyname_r
-- Looking for gethostbyname_r - found
-- Looking for poll
-- Looking for poll - found
-- Looking for fcntl
-- Looking for fcntl - found
-- Looking for inet_pton
-- Looking for inet_pton - found
-- Looking for inet_ntop
-- Looking for inet_ntop - found
-- Performing Test HAS_MSGHDR_FLAGS
-- Performing Test HAS_MSGHDR_FLAGS - Success
-- Performing Test HAS_SOCKLEN_T
-- Performing Test HAS_SOCKLEN_T - Success
-- Could NOT find Doxygen (missing: DOXYGEN_EXECUTABLE) 
-- Found enet: /SHARE/STUDENT_STORAGE/wangsuoning/Cactus/configs/sim/scratch/build/ADIOS2/ADIOS2-2.10.2/build/thirdparty/enet/enet/enet-config.cmake (found version "1.3.14") 

-- ADIOS2 ThirdParty: Configuring EVPath
-- Performing Test HAVE_MATH
-- Performing Test HAVE_MATH - Failed
-- Performing Test HAVE_LIBM_MATH
-- Performing Test HAVE_LIBM_MATH - Success
-- Found atl: /SHARE/STUDENT_STORAGE/wangsuoning/Cactus/configs/sim/scratch/build/ADIOS2/ADIOS2-2.10.2/build/thirdparty/atl/atl/atl-config.cmake (found suitable version "2.2.1", minimum required is "2.2.1") 
-- Found atl: /SHARE/STUDENT_STORAGE/wangsuoning/Cactus/configs/sim/scratch/build/ADIOS2/ADIOS2-2.10.2/build/thirdparty/atl/atl/atl-config.cmake (found version "2.2.1") 
-- Found ffs: /SHARE/STUDENT_STORAGE/wangsuoning/Cactus/configs/sim/scratch/build/ADIOS2/ADIOS2-2.10.2/build/thirdparty/ffs/ffs/ffs-config.cmake (found suitable version "3.0.0", minimum required is "3.0.0") 
-- Found dill: /SHARE/STUDENT_STORAGE/wangsuoning/Cactus/configs/sim/scratch/build/ADIOS2/ADIOS2-2.10.2/build/thirdparty/dill/dill/dill-config.cmake (found suitable version "3.0.0", minimum required is "3.0.0") 
-- Looking for clock_gettime
-- Looking for clock_gettime - found
-- Looking for sys/epoll.h
-- Looking for sys/epoll.h - found
-- Looking for hostlib.h
-- Looking for hostlib.h - not found
-- Looking for sys/sockio.h
-- Looking for sys/sockio.h - not found
-- Looking for winsock2.h
-- Looking for winsock2.h - not found
-- Performing Test HAVE_FDS_BITS
-- Performing Test HAVE_FDS_BITS - Failed
-- Looking for writev
-- Looking for writev - found
-- Looking for uname
-- Looking for uname - found
-- Looking for getloadavg
-- Looking for getloadavg - found
-- Looking for gettimeofday
-- Looking for gettimeofday - found
-- Looking for getifaddrs
-- Looking for getifaddrs - found
-- Found atl: /SHARE/STUDENT_STORAGE/wangsuoning/Cactus/configs/sim/scratch/build/ADIOS2/ADIOS2-2.10.2/build/thirdparty/atl/atl/atl-config.cmake (found suitable version "2.2.1", minimum required is "2.2.1") 
-- Found atl: /SHARE/STUDENT_STORAGE/wangsuoning/Cactus/configs/sim/scratch/build/ADIOS2/ADIOS2-2.10.2/build/thirdparty/atl/atl/atl-config.cmake (found version "2.2.1") 
-- Found dill: /SHARE/STUDENT_STORAGE/wangsuoning/Cactus/configs/sim/scratch/build/ADIOS2/ADIOS2-2.10.2/build/thirdparty/dill/dill/dill-config.cmake (found version "3.0.0") 
-- Found dill: /SHARE/STUDENT_STORAGE/wangsuoning/Cactus/configs/sim/scratch/build/ADIOS2/ADIOS2-2.10.2/build/thirdparty/dill/dill/dill-config.cmake (found suitable version "3.0.0", minimum required is "3.0.0") 
-- Found enet: /SHARE/STUDENT_STORAGE/wangsuoning/Cactus/configs/sim/scratch/build/ADIOS2/ADIOS2-2.10.2/build/thirdparty/enet/enet/enet-config.cmake (found suitable version "1.3.14", minimum required is "1.3.14") 
-- Found EVPath: /SHARE/STUDENT_STORAGE/wangsuoning/Cactus/configs/sim/scratch/build/ADIOS2/ADIOS2-2.10.2/build/thirdparty/EVPath/EVPath/EVPathConfigCommon.cmake (found version "4.5.0") 


ADIOS2 build configuration:
  ADIOS Version: 2.10.2
  C++ Compiler : GNU 11.4.0 
    /usr/bin/g++

  Installation prefix: /SHARE/STUDENT_STORAGE/wangsuoning/Cactus/configs/sim/scratch/external/ADIOS2
        bin: bin
        lib: lib
    include: include
      cmake: lib/cmake/adios2

  Features:
    Library Type: static (with PIC)
    Build Type:   Release
    Testing: OFF
    Examples: OFF
    Build Options:
      DataMan            : OFF
      DataSpaces         : OFF
      HDF5               : ON
      HDF5_VOL           : OFF
      MHS                : ON
      SST                : OFF
      Fortran            : OFF
      MPI                : ON
      Python             : OFF
      PIP                : OFF
      Blosc2             : OFF
      BZip2              : OFF
      LIBPRESSIO         : OFF
      MGARD              : OFF
      MGARD_MDR          : OFF
      PNG                : OFF
      SZ                 : OFF
      ZFP                : OFF
      DAOS               : OFF
      IME                : OFF
      O_DIRECT           : ON
      Sodium             : ON
      Catalyst           : OFF
      SysVShMem          : ON
      UCX                : OFF
      ZeroMQ             : OFF
      Profiling          : OFF
      Endian_Reverse     : OFF
      Derived_Variable   : OFF
      AWSSDK             : OFF
      GPU_Support        : OFF
      CUDA               : OFF
      Kokkos             : OFF
      Kokkos_CUDA        : OFF
      Kokkos_HIP         : OFF
      Kokkos_SYCL        : OFF
      Campaign           : ON
    Possible RDMA DataPlanes for SST: 
-- Configuring done
-- Generating done
CMake Warning:
  Manually-specified variables were not used by the project:

    ADIOS2_USE_BP5


-- Build files have been written to: /SHARE/STUDENT_STORAGE/wangsuoning/Cactus/configs/sim/scratch/build/ADIOS2/ADIOS2-2.10.2/build
+ echo 'ADIOS2: Building...'
ADIOS2: Building...
+ make
make[4]: Entering directory '/SHARE/STUDENT_STORAGE/wangsuoning/Cactus/configs/sim/scratch/build/ADIOS2/ADIOS2-2.10.2/build'
/usr/bin/cmake -S/SHARE/STUDENT_STORAGE/wangsuoning/Cactus/configs/sim/scratch/build/ADIOS2/ADIOS2-2.10.2 -B/SHARE/STUDENT_STORAGE/wangsuoning/Cactus/configs/sim/scratch/build/ADIOS2/ADIOS2-2.10.2/build --check-build-system CMakeFiles/Makefile.cmake 0
/usr/bin/cmake -E cmake_progress_start /SHARE/STUDENT_STORAGE/wangsuoning/Cactus/configs/sim/scratch/build/ADIOS2/ADIOS2-2.10.2/build/CMakeFiles /SHARE/STUDENT_STORAGE/wangsuoning/Cactus/configs/sim/scratch/build/ADIOS2/ADIOS2-2.10.2/build//CMakeFiles/progress.marks
make  -f CMakeFiles/Makefile2 all
make[5]: Entering directory '/SHARE/STUDENT_STORAGE/wangsuoning/Cactus/configs/sim/scratch/build/ADIOS2/ADIOS2-2.10.2/build'
make  -f thirdparty/KWSys/adios2sys/CMakeFiles/adios2sys_objects.dir/build.make thirdparty/KWSys/adios2sys/CMakeFiles/adios2sys_objects.dir/depend
make[6]: Entering directory '/SHARE/STUDENT_STORAGE/wangsuoning/Cactus/configs/sim/scratch/build/ADIOS2/ADIOS2-2.10.2/build'
cd /SHARE/STUDENT_STORAGE/wangsuoning/Cactus/configs/sim/scratch/build/ADIOS2/ADIOS2-2.10.2/build && /usr/bin/cmake -E cmake_depends "Unix Makefiles" /SHARE/STUDENT_STORAGE/wangsuoning/Cactus/configs/sim/scratch/build/ADIOS2/ADIOS2-2.10.2 /SHARE/STUDENT_STORAGE/wangsuoning/Cactus/configs/sim/scratch/build/ADIOS2/ADIOS2-2.10.2/thirdparty/KWSys/adios2sys /SHARE/STUDENT_STORAGE/wangsuoning/Cactus/configs/sim/scratch/build/ADIOS2/ADIOS2-2.10.2/build /SHARE/STUDENT_STORAGE/wangsuoning/Cactus/configs/sim/scratch/build/ADIOS2/ADIOS2-2.10.2/build/thirdparty/KWSys/adios2sys /SHARE/STUDENT_STORAGE/wangsuoning/Cactus/configs/sim/scratch/build/ADIOS2/ADIOS2-2.10.2/build/thirdparty/KWSys/adios2sys/CMakeFiles/adios2sys_objects.dir/DependInfo.cmake --color=
make[6]: Leaving directory '/SHARE/STUDENT_STORAGE/wangsuoning/Cactus/configs/sim/scratch/build/ADIOS2/ADIOS2-2.10.2/build'
make  -f thirdparty/KWSys/adios2sys/CMakeFiles/adios2sys_objects.dir/build.make thirdparty/KWSys/adios2sys/CMakeFiles/adios2sys_objects.dir/build
make[6]: Entering directory '/SHARE/STUDENT_STORAGE/wangsuoning/Cactus/configs/sim/scratch/build/ADIOS2/ADIOS2-2.10.2/build'
[  1%] Building C object thirdparty/KWSys/adios2sys/CMakeFiles/adios2sys_objects.dir/EncodingC.c.o
cd /SHARE/STUDENT_STORAGE/wangsuoning/Cactus/configs/sim/scratch/build/ADIOS2/ADIOS2-2.10.2/build/thirdparty/KWSys/adios2sys && /usr/bin/gcc -DKWSYS_NAMESPACE=adios2sys -DMPICH_SKIP_MPICXX -DOMPI_SKIP_MPICXX -DKWSYS_ENCODING_DEFAULT_CODEPAGE=CP_ACP -I/SHARE/STUDENT_STORAGE/wangsuoning/Cactus/configs/sim/scratch/build/ADIOS2/ADIOS2-2.10.2/build/thirdparty/KWSys/adios2sys -g -std=gnu99 -O2 -fopenmp -Wall -w -O3 -DNDEBUG -fPIC -std=gnu99 -MD -MT thirdparty/KWSys/adios2sys/CMakeFiles/adios2sys_objects.dir/EncodingC.c.o -MF CMakeFiles/adios2sys_objects.dir/EncodingC.c.o.d -o CMakeFiles/adios2sys_objects.dir/EncodingC.c.o -c /SHARE/STUDENT_STORAGE/wangsuoning/Cactus/configs/sim/scratch/build/ADIOS2/ADIOS2-2.10.2/thirdparty/KWSys/adios2sys/EncodingC.c
[  1%] Building CXX object thirdparty/KWSys/adios2sys/CMakeFiles/adios2sys_objects.dir/Directory.cxx.o
cd /SHARE/STUDENT_STORAGE/wangsuoning/Cactus/configs/sim/scratch/build/ADIOS2/ADIOS2-2.10.2/build/thirdparty/KWSys/adios2sys && /usr/bin/g++ -DKWSYS_NAMESPACE=adios2sys -DMPICH_SKIP_MPICXX -DOMPI_SKIP_MPICXX -I/SHARE/STUDENT_STORAGE/wangsuoning/Cactus/configs/sim/scratch/build/ADIOS2/ADIOS2-2.10.2/build/thirdparty/KWSys/adios2sys -g -std=c++17 -D_GNU_SOURCE -O2 -fopenmp -Wall -w -O3 -DNDEBUG -fPIC -std=c++11 -MD -MT thirdparty/KWSys/adios2sys/CMakeFiles/adios2sys_objects.dir/Directory.cxx.o -MF CMakeFiles/adios2sys_objects.dir/Directory.cxx.o.d -o CMakeFiles/adios2sys_objects.dir/Directory.cxx.o -c /SHARE/STUDENT_STORAGE/wangsuoning/Cactus/configs/sim/scratch/build/ADIOS2/ADIOS2-2.10.2/thirdparty/KWSys/adios2sys/Directory.cxx
[  1%] Building CXX object thirdparty/KWSys/adios2sys/CMakeFiles/adios2sys_objects.dir/DynamicLoader.cxx.o
cd /SHARE/STUDENT_STORAGE/wangsuoning/Cactus/configs/sim/scratch/build/ADIOS2/ADIOS2-2.10.2/build/thirdparty/KWSys/adios2sys && /usr/bin/g++ -DKWSYS_NAMESPACE=adios2sys -DMPICH_SKIP_MPICXX -DOMPI_SKIP_MPICXX -DKWSYS_SUPPORTS_SHARED_LIBS=1 -I/SHARE/STUDENT_STORAGE/wangsuoning/Cactus/configs/sim/scratch/build/ADIOS2/ADIOS2-2.10.2/build/thirdparty/KWSys/adios2sys -g -std=c++17 -D_GNU_SOURCE -O2 -fopenmp -Wall -w -O3 -DNDEBUG -fPIC -std=c++11 -MD -MT thirdparty/KWSys/adios2sys/CMakeFiles/adios2sys_objects.dir/DynamicLoader.cxx.o -MF CMakeFiles/adios2sys_objects.dir/DynamicLoader.cxx.o.d -o CMakeFiles/adios2sys_objects.dir/DynamicLoader.cxx.o -c /SHARE/STUDENT_STORAGE/wangsuoning/Cactus/configs/sim/scratch/build/ADIOS2/ADIOS2-2.10.2/thirdparty/KWSys/adios2sys/DynamicLoader.cxx
[  2%] Building CXX object thirdparty/KWSys/adios2sys/CMakeFiles/adios2sys_objects.dir/EncodingCXX.cxx.o
cd /SHARE/STUDENT_STORAGE/wangsuoning/Cactus/configs/sim/scratch/build/ADIOS2/ADIOS2-2.10.2/build/thirdparty/KWSys/adios2sys && /usr/bin/g++ -DKWSYS_NAMESPACE=adios2sys -DMPICH_SKIP_MPICXX -DOMPI_SKIP_MPICXX -DKWSYS_ENCODING_DEFAULT_CODEPAGE=CP_ACP -I/SHARE/STUDENT_STORAGE/wangsuoning/Cactus/configs/sim/scratch/build/ADIOS2/ADIOS2-2.10.2/build/thirdparty/KWSys/adios2sys -g -std=c++17 -D_GNU_SOURCE -O2 -fopenmp -Wall -w -O3 -DNDEBUG -fPIC -std=c++11 -MD -MT thirdparty/KWSys/adios2sys/CMakeFiles/adios2sys_objects.dir/EncodingCXX.cxx.o -MF CMakeFiles/adios2sys_objects.dir/EncodingCXX.cxx.o.d -o CMakeFiles/adios2sys_objects.dir/EncodingCXX.cxx.o -c /SHARE/STUDENT_STORAGE/wangsuoning/Cactus/configs/sim/scratch/build/ADIOS2/ADIOS2-2.10.2/thirdparty/KWSys/adios2sys/EncodingCXX.cxx
[  2%] Building CXX object thirdparty/KWSys/adios2sys/CMakeFiles/adios2sys_objects.dir/RegularExpression.cxx.o
cd /SHARE/STUDENT_STORAGE/wangsuoning/Cactus/configs/sim/scratch/build/ADIOS2/ADIOS2-2.10.2/build/thirdparty/KWSys/adios2sys && /usr/bin/g++ -DKWSYS_NAMESPACE=adios2sys -DMPICH_SKIP_MPICXX -DOMPI_SKIP_MPICXX -I/SHARE/STUDENT_STORAGE/wangsuoning/Cactus/configs/sim/scratch/build/ADIOS2/ADIOS2-2.10.2/build/thirdparty/KWSys/adios2sys -g -std=c++17 -D_GNU_SOURCE -O2 -fopenmp -Wall -w -O3 -DNDEBUG -fPIC -std=c++11 -MD -MT thirdparty/KWSys/adios2sys/CMakeFiles/adios2sys_objects.dir/RegularExpression.cxx.o -MF CMakeFiles/adios2sys_objects.dir/RegularExpression.cxx.o.d -o CMakeFiles/adios2sys_objects.dir/RegularExpression.cxx.o -c /SHARE/STUDENT_STORAGE/wangsuoning/Cactus/configs/sim/scratch/build/ADIOS2/ADIOS2-2.10.2/thirdparty/KWSys/adios2sys/RegularExpression.cxx
[  2%] Building CXX object thirdparty/KWSys/adios2sys/CMakeFiles/adios2sys_objects.dir/SystemTools.cxx.o
cd /SHARE/STUDENT_STORAGE/wangsuoning/Cactus/configs/sim/scratch/build/ADIOS2/ADIOS2-2.10.2/build/thirdparty/KWSys/adios2sys && /usr/bin/g++ -DKWSYS_NAMESPACE=adios2sys -DMPICH_SKIP_MPICXX -DOMPI_SKIP_MPICXX -DKWSYS_CXX_HAS_ENVIRON_IN_STDLIB_H=0 -DKWSYS_CXX_HAS_SETENV=1 -DKWSYS_CXX_HAS_UNSETENV=1 -DKWSYS_CXX_HAS_UTIMENSAT=1 -DKWSYS_CXX_HAS_UTIMES=1 -DKWSYS_CXX_STAT_HAS_ST_MTIM=1 -DKWSYS_CXX_STAT_HAS_ST_MTIMESPEC=0 -I/SHARE/STUDENT_STORAGE/wangsuoning/Cactus/configs/sim/scratch/build/ADIOS2/ADIOS2-2.10.2/build/thirdparty/KWSys/adios2sys -g -std=c++17 -D_GNU_SOURCE -O2 -fopenmp -Wall -w -O3 -DNDEBUG -fPIC -std=c++11 -MD -MT thirdparty/KWSys/adios2sys/CMakeFiles/adios2sys_objects.dir/SystemTools.cxx.o -MF CMakeFiles/adios2sys_objects.dir/SystemTools.cxx.o.d -o CMakeFiles/adios2sys_objects.dir/SystemTools.cxx.o -c /SHARE/STUDENT_STORAGE/wangsuoning/Cactus/configs/sim/scratch/build/ADIOS2/ADIOS2-2.10.2/thirdparty/KWSys/adios2sys/SystemTools.cxx
[  3%] Building CXX object thirdparty/KWSys/adios2sys/CMakeFiles/adios2sys_objects.dir/CommandLineArguments.cxx.o
cd /SHARE/STUDENT_STORAGE/wangsuoning/Cactus/configs/sim/scratch/build/ADIOS2/ADIOS2-2.10.2/build/thirdparty/KWSys/adios2sys && /usr/bin/g++ -DKWSYS_NAMESPACE=adios2sys -DMPICH_SKIP_MPICXX -DOMPI_SKIP_MPICXX -I/SHARE/STUDENT_STORAGE/wangsuoning/Cactus/configs/sim/scratch/build/ADIOS2/ADIOS2-2.10.2/build/thirdparty/KWSys/adios2sys -g -std=c++17 -D_GNU_SOURCE -O2 -fopenmp -Wall -w -O3 -DNDEBUG -fPIC -std=c++11 -MD -MT thirdparty/KWSys/adios2sys/CMakeFiles/adios2sys_objects.dir/CommandLineArguments.cxx.o -MF CMakeFiles/adios2sys_objects.dir/CommandLineArguments.cxx.o.d -o CMakeFiles/adios2sys_objects.dir/CommandLineArguments.cxx.o -c /SHARE/STUDENT_STORAGE/wangsuoning/Cactus/configs/sim/scratch/build/ADIOS2/ADIOS2-2.10.2/thirdparty/KWSys/adios2sys/CommandLineArguments.cxx
[  3%] Building CXX object thirdparty/KWSys/adios2sys/CMakeFiles/adios2sys_objects.dir/FStream.cxx.o
cd /SHARE/STUDENT_STORAGE/wangsuoning/Cactus/configs/sim/scratch/build/ADIOS2/ADIOS2-2.10.2/build/thirdparty/KWSys/adios2sys && /usr/bin/g++ -DKWSYS_NAMESPACE=adios2sys -DMPICH_SKIP_MPICXX -DOMPI_SKIP_MPICXX -I/SHARE/STUDENT_STORAGE/wangsuoning/Cactus/configs/sim/scratch/build/ADIOS2/ADIOS2-2.10.2/build/thirdparty/KWSys/adios2sys -g -std=c++17 -D_GNU_SOURCE -O2 -fopenmp -Wall -w -O3 -DNDEBUG -fPIC -std=c++11 -MD -MT thirdparty/KWSys/adios2sys/CMakeFiles/adios2sys_objects.dir/FStream.cxx.o -MF CMakeFiles/adios2sys_objects.dir/FStream.cxx.o.d -o CMakeFiles/adios2sys_objects.dir/FStream.cxx.o -c /SHARE/STUDENT_STORAGE/wangsuoning/Cactus/configs/sim/scratch/build/ADIOS2/ADIOS2-2.10.2/thirdparty/KWSys/adios2sys/FStream.cxx
[  3%] Building CXX object thirdparty/KWSys/adios2sys/CMakeFiles/adios2sys_objects.dir/Status.cxx.o
cd /SHARE/STUDENT_STORAGE/wangsuoning/Cactus/configs/sim/scratch/build/ADIOS2/ADIOS2-2.10.2/build/thirdparty/KWSys/adios2sys && /usr/bin/g++ -DKWSYS_NAMESPACE=adios2sys -DMPICH_SKIP_MPICXX -DOMPI_SKIP_MPICXX -I/SHARE/STUDENT_STORAGE/wangsuoning/Cactus/configs/sim/scratch/build/ADIOS2/ADIOS2-2.10.2/build/thirdparty/KWSys/adios2sys -g -std=c++17 -D_GNU_SOURCE -O2 -fopenmp -Wall -w -O3 -DNDEBUG -fPIC -std=c++11 -MD -MT thirdparty/KWSys/adios2sys/CMakeFiles/adios2sys_objects.dir/Status.cxx.o -MF CMakeFiles/adios2sys_objects.dir/Status.cxx.o.d -o CMakeFiles/adios2sys_objects.dir/Status.cxx.o -c /SHARE/STUDENT_STORAGE/wangsuoning/Cactus/configs/sim/scratch/build/ADIOS2/ADIOS2-2.10.2/thirdparty/KWSys/adios2sys/Status.cxx
make[6]: Leaving directory '/SHARE/STUDENT_STORAGE/wangsuoning/Cactus/configs/sim/scratch/build/ADIOS2/ADIOS2-2.10.2/build'
[  3%] Built target adios2sys_objects
make  -f thirdparty/atl/atl/CMakeFiles/atl.dir/build.make thirdparty/atl/atl/CMakeFiles/atl.dir/depend
make[6]: Entering directory '/SHARE/STUDENT_STORAGE/wangsuoning/Cactus/configs/sim/scratch/build/ADIOS2/ADIOS2-2.10.2/build'
cd /SHARE/STUDENT_STORAGE/wangsuoning/Cactus/configs/sim/scratch/build/ADIOS2/ADIOS2-2.10.2/build && /usr/bin/cmake -E cmake_depends "Unix Makefiles" /SHARE/STUDENT_STORAGE/wangsuoning/Cactus/configs/sim/scratch/build/ADIOS2/ADIOS2-2.10.2 /SHARE/STUDENT_STORAGE/wangsuoning/Cactus/configs/sim/scratch/build/ADIOS2/ADIOS2-2.10.2/thirdparty/atl/atl /SHARE/STUDENT_STORAGE/wangsuoning/Cactus/configs/sim/scratch/build/ADIOS2/ADIOS2-2.10.2/build /SHARE/STUDENT_STORAGE/wangsuoning/Cactus/configs/sim/scratch/build/ADIOS2/ADIOS2-2.10.2/build/thirdparty/atl/atl /SHARE/STUDENT_STORAGE/wangsuoning/Cactus/configs/sim/scratch/build/ADIOS2/ADIOS2-2.10.2/build/thirdparty/atl/atl/CMakeFiles/atl.dir/DependInfo.cmake --color=
make[6]: Leaving directory '/SHARE/STUDENT_STORAGE/wangsuoning/Cactus/configs/sim/scratch/build/ADIOS2/ADIOS2-2.10.2/build'
make  -f thirdparty/atl/atl/CMakeFiles/atl.dir/build.make thirdparty/atl/atl/CMakeFiles/atl.dir/build
make[6]: Entering directory '/SHARE/STUDENT_STORAGE/wangsuoning/Cactus/configs/sim/scratch/build/ADIOS2/ADIOS2-2.10.2/build'
[  3%] Building C object thirdparty/atl/atl/CMakeFiles/atl.dir/atom.c.o
cd /SHARE/STUDENT_STORAGE/wangsuoning/Cactus/configs/sim/scratch/build/ADIOS2/ADIOS2-2.10.2/build/thirdparty/atl/atl && /usr/bin/gcc -DMPICH_SKIP_MPICXX -DOMPI_SKIP_MPICXX -I/SHARE/STUDENT_STORAGE/wangsuoning/Cactus/configs/sim/scratch/build/ADIOS2/ADIOS2-2.10.2/thirdparty/atl/atl -I/SHARE/STUDENT_STORAGE/wangsuoning/Cactus/configs/sim/scratch/build/ADIOS2/ADIOS2-2.10.2/build/thirdparty/atl/atl -g -std=gnu99 -O2 -fopenmp -Wall -w -O3 -DNDEBUG -fPIC -std=gnu99 -MD -MT thirdparty/atl/atl/CMakeFiles/atl.dir/atom.c.o -MF CMakeFiles/atl.dir/atom.c.o.d -o CMakeFiles/atl.dir/atom.c.o -c /SHARE/STUDENT_STORAGE/wangsuoning/Cactus/configs/sim/scratch/build/ADIOS2/ADIOS2-2.10.2/thirdparty/atl/atl/atom.c
[  4%] Building C object thirdparty/atl/atl/CMakeFiles/atl.dir/attr.c.o
cd /SHARE/STUDENT_STORAGE/wangsuoning/Cactus/configs/sim/scratch/build/ADIOS2/ADIOS2-2.10.2/build/thirdparty/atl/atl && /usr/bin/gcc -DMPICH_SKIP_MPICXX -DOMPI_SKIP_MPICXX -I/SHARE/STUDENT_STORAGE/wangsuoning/Cactus/configs/sim/scratch/build/ADIOS2/ADIOS2-2.10.2/thirdparty/atl/atl -I/SHARE/STUDENT_STORAGE/wangsuoning/Cactus/configs/sim/scratch/build/ADIOS2/ADIOS2-2.10.2/build/thirdparty/atl/atl -g -std=gnu99 -O2 -fopenmp -Wall -w -O3 -DNDEBUG -fPIC -std=gnu99 -MD -MT thirdparty/atl/atl/CMakeFiles/atl.dir/attr.c.o -MF CMakeFiles/atl.dir/attr.c.o.d -o CMakeFiles/atl.dir/attr.c.o -c /SHARE/STUDENT_STORAGE/wangsuoning/Cactus/configs/sim/scratch/build/ADIOS2/ADIOS2-2.10.2/thirdparty/atl/atl/attr.c
[  4%] Building C object thirdparty/atl/atl/CMakeFiles/atl.dir/lookup3.c.o
cd /SHARE/STUDENT_STORAGE/wangsuoning/Cactus/configs/sim/scratch/build/ADIOS2/ADIOS2-2.10.2/build/thirdparty/atl/atl && /usr/bin/gcc -DMPICH_SKIP_MPICXX -DOMPI_SKIP_MPICXX -I/SHARE/STUDENT_STORAGE/wangsuoning/Cactus/configs/sim/scratch/build/ADIOS2/ADIOS2-2.10.2/thirdparty/atl/atl -I/SHARE/STUDENT_STORAGE/wangsuoning/Cactus/configs/sim/scratch/build/ADIOS2/ADIOS2-2.10.2/build/thirdparty/atl/atl -g -std=gnu99 -O2 -fopenmp -Wall -w -O3 -DNDEBUG -fPIC -std=gnu99 -MD -MT thirdparty/atl/atl/CMakeFiles/atl.dir/lookup3.c.o -MF CMakeFiles/atl.dir/lookup3.c.o.d -o CMakeFiles/atl.dir/lookup3.c.o -c /SHARE/STUDENT_STORAGE/wangsuoning/Cactus/configs/sim/scratch/build/ADIOS2/ADIOS2-2.10.2/thirdparty/atl/atl/lookup3.c
[  4%] Building C object thirdparty/atl/atl/CMakeFiles/atl.dir/tclHash.c.o
cd /SHARE/STUDENT_STORAGE/wangsuoning/Cactus/configs/sim/scratch/build/ADIOS2/ADIOS2-2.10.2/build/thirdparty/atl/atl && /usr/bin/gcc -DMPICH_SKIP_MPICXX -DOMPI_SKIP_MPICXX -I/SHARE/STUDENT_STORAGE/wangsuoning/Cactus/configs/sim/scratch/build/ADIOS2/ADIOS2-2.10.2/thirdparty/atl/atl -I/SHARE/STUDENT_STORAGE/wangsuoning/Cactus/configs/sim/scratch/build/ADIOS2/ADIOS2-2.10.2/build/thirdparty/atl/atl -g -std=gnu99 -O2 -fopenmp -Wall -w -O3 -DNDEBUG -fPIC -std=gnu99 -MD -MT thirdparty/atl/atl/CMakeFiles/atl.dir/tclHash.c.o -MF CMakeFiles/atl.dir/tclHash.c.o.d -o CMakeFiles/atl.dir/tclHash.c.o -c /SHARE/STUDENT_STORAGE/wangsuoning/Cactus/configs/sim/scratch/build/ADIOS2/ADIOS2-2.10.2/thirdparty/atl/atl/tclHash.c
[  5%] Linking C static library ../../../lib/libadios2_atl.a
cd /SHARE/STUDENT_STORAGE/wangsuoning/Cactus/configs/sim/scratch/build/ADIOS2/ADIOS2-2.10.2/build/thirdparty/atl/atl && /usr/bin/cmake -P CMakeFiles/atl.dir/cmake_clean_target.cmake
cd /SHARE/STUDENT_STORAGE/wangsuoning/Cactus/configs/sim/scratch/build/ADIOS2/ADIOS2-2.10.2/build/thirdparty/atl/atl && /usr/bin/cmake -E cmake_link_script CMakeFiles/atl.dir/link.txt --verbose=yes
/usr/bin/ar qc ../../../lib/libadios2_atl.a CMakeFiles/atl.dir/atom.c.o CMakeFiles/atl.dir/attr.c.o CMakeFiles/atl.dir/lookup3.c.o CMakeFiles/atl.dir/tclHash.c.o
/usr/bin/ranlib ../../../lib/libadios2_atl.a
make[6]: Leaving directory '/SHARE/STUDENT_STORAGE/wangsuoning/Cactus/configs/sim/scratch/build/ADIOS2/ADIOS2-2.10.2/build'
[  5%] Built target atl
make  -f thirdparty/dill/dill/CMakeFiles/dill.dir/build.make thirdparty/dill/dill/CMakeFiles/dill.dir/depend
make[6]: Entering directory '/SHARE/STUDENT_STORAGE/wangsuoning/Cactus/configs/sim/scratch/build/ADIOS2/ADIOS2-2.10.2/build'
[  6%] Generating dill_x86_64.c
cd /SHARE/STUDENT_STORAGE/wangsuoning/Cactus/configs/sim/scratch/build/ADIOS2/ADIOS2-2.10.2/build/thirdparty/dill/dill && /usr/bin/perl /SHARE/STUDENT_STORAGE/wangsuoning/Cactus/configs/sim/scratch/build/ADIOS2/ADIOS2-2.10.2/thirdparty/dill/dill/x86_64.ops
[  6%] Generating dill.h, dill.c
cd /SHARE/STUDENT_STORAGE/wangsuoning/Cactus/configs/sim/scratch/build/ADIOS2/ADIOS2-2.10.2/build/thirdparty/dill/dill && /usr/bin/perl /SHARE/STUDENT_STORAGE/wangsuoning/Cactus/configs/sim/scratch/build/ADIOS2/ADIOS2-2.10.2/thirdparty/dill/dill/base.ops
BUILD_SHARED is 
[  6%] Generating dill_virtual.c
cd /SHARE/STUDENT_STORAGE/wangsuoning/Cactus/configs/sim/scratch/build/ADIOS2/ADIOS2-2.10.2/build/thirdparty/dill/dill && /usr/bin/perl /SHARE/STUDENT_STORAGE/wangsuoning/Cactus/configs/sim/scratch/build/ADIOS2/ADIOS2-2.10.2/thirdparty/dill/dill/virtual.ops
cd /SHARE/STUDENT_STORAGE/wangsuoning/Cactus/configs/sim/scratch/build/ADIOS2/ADIOS2-2.10.2/build && /usr/bin/cmake -E cmake_depends "Unix Makefiles" /SHARE/STUDENT_STORAGE/wangsuoning/Cactus/configs/sim/scratch/build/ADIOS2/ADIOS2-2.10.2 /SHARE/STUDENT_STORAGE/wangsuoning/Cactus/configs/sim/scratch/build/ADIOS2/ADIOS2-2.10.2/thirdparty/dill/dill /SHARE/STUDENT_STORAGE/wangsuoning/Cactus/configs/sim/scratch/build/ADIOS2/ADIOS2-2.10.2/build /SHARE/STUDENT_STORAGE/wangsuoning/Cactus/configs/sim/scratch/build/ADIOS2/ADIOS2-2.10.2/build/thirdparty/dill/dill /SHARE/STUDENT_STORAGE/wangsuoning/Cactus/configs/sim/scratch/build/ADIOS2/ADIOS2-2.10.2/build/thirdparty/dill/dill/CMakeFiles/dill.dir/DependInfo.cmake --color=
make[6]: Leaving directory '/SHARE/STUDENT_STORAGE/wangsuoning/Cactus/configs/sim/scratch/build/ADIOS2/ADIOS2-2.10.2/build'
make  -f thirdparty/dill/dill/CMakeFiles/dill.dir/build.make thirdparty/dill/dill/CMakeFiles/dill.dir/build
make[6]: Entering directory '/SHARE/STUDENT_STORAGE/wangsuoning/Cactus/configs/sim/scratch/build/ADIOS2/ADIOS2-2.10.2/build'
[  6%] Building C object thirdparty/dill/dill/CMakeFiles/dill.dir/dill_util.c.o
cd /SHARE/STUDENT_STORAGE/wangsuoning/Cactus/configs/sim/scratch/build/ADIOS2/ADIOS2-2.10.2/build/thirdparty/dill/dill && /usr/bin/gcc -DDILL_SRC -DMPICH_SKIP_MPICXX -DOMPI_SKIP_MPICXX -I/SHARE/STUDENT_STORAGE/wangsuoning/Cactus/configs/sim/scratch/build/ADIOS2/ADIOS2-2.10.2/thirdparty/dill/dill -I/SHARE/STUDENT_STORAGE/wangsuoning/Cactus/configs/sim/scratch/build/ADIOS2/ADIOS2-2.10.2/build/thirdparty/dill/dill -g -std=gnu99 -O2 -fopenmp -Wall -w -O3 -DNDEBUG -fPIC -std=gnu99 -MD -MT thirdparty/dill/dill/CMakeFiles/dill.dir/dill_util.c.o -MF CMakeFiles/dill.dir/dill_util.c.o.d -o CMakeFiles/dill.dir/dill_util.c.o -c /SHARE/STUDENT_STORAGE/wangsuoning/Cactus/configs/sim/scratch/build/ADIOS2/ADIOS2-2.10.2/thirdparty/dill/dill/dill_util.c
[  6%] Building C object thirdparty/dill/dill/CMakeFiles/dill.dir/dill_pkg.c.o
cd /SHARE/STUDENT_STORAGE/wangsuoning/Cactus/configs/sim/scratch/build/ADIOS2/ADIOS2-2.10.2/build/thirdparty/dill/dill && /usr/bin/gcc -DDILL_SRC -DMPICH_SKIP_MPICXX -DOMPI_SKIP_MPICXX -I/SHARE/STUDENT_STORAGE/wangsuoning/Cactus/configs/sim/scratch/build/ADIOS2/ADIOS2-2.10.2/thirdparty/dill/dill -I/SHARE/STUDENT_STORAGE/wangsuoning/Cactus/configs/sim/scratch/build/ADIOS2/ADIOS2-2.10.2/build/thirdparty/dill/dill -g -std=gnu99 -O2 -fopenmp -Wall -w -O3 -DNDEBUG -fPIC -std=gnu99 -MD -MT thirdparty/dill/dill/CMakeFiles/dill.dir/dill_pkg.c.o -MF CMakeFiles/dill.dir/dill_pkg.c.o.d -o CMakeFiles/dill.dir/dill_pkg.c.o -c /SHARE/STUDENT_STORAGE/wangsuoning/Cactus/configs/sim/scratch/build/ADIOS2/ADIOS2-2.10.2/thirdparty/dill/dill/dill_pkg.c
[  7%] Building C object thirdparty/dill/dill/CMakeFiles/dill.dir/dill_cplus.c.o
cd /SHARE/STUDENT_STORAGE/wangsuoning/Cactus/configs/sim/scratch/build/ADIOS2/ADIOS2-2.10.2/build/thirdparty/dill/dill && /usr/bin/gcc -DDILL_SRC -DMPICH_SKIP_MPICXX -DOMPI_SKIP_MPICXX -I/SHARE/STUDENT_STORAGE/wangsuoning/Cactus/configs/sim/scratch/build/ADIOS2/ADIOS2-2.10.2/thirdparty/dill/dill -I/SHARE/STUDENT_STORAGE/wangsuoning/Cactus/configs/sim/scratch/build/ADIOS2/ADIOS2-2.10.2/build/thirdparty/dill/dill -g -std=gnu99 -O2 -fopenmp -Wall -w -O3 -DNDEBUG -fPIC -std=gnu99 -MD -MT thirdparty/dill/dill/CMakeFiles/dill.dir/dill_cplus.c.o -MF CMakeFiles/dill.dir/dill_cplus.c.o.d -o CMakeFiles/dill.dir/dill_cplus.c.o -c /SHARE/STUDENT_STORAGE/wangsuoning/Cactus/configs/sim/scratch/build/ADIOS2/ADIOS2-2.10.2/thirdparty/dill/dill/dill_cplus.c
[  7%] Building C object thirdparty/dill/dill/CMakeFiles/dill.dir/dill_virtual.c.o
cd /SHARE/STUDENT_STORAGE/wangsuoning/Cactus/configs/sim/scratch/build/ADIOS2/ADIOS2-2.10.2/build/thirdparty/dill/dill && /usr/bin/gcc -DDILL_SRC -DMPICH_SKIP_MPICXX -DOMPI_SKIP_MPICXX -I/SHARE/STUDENT_STORAGE/wangsuoning/Cactus/configs/sim/scratch/build/ADIOS2/ADIOS2-2.10.2/thirdparty/dill/dill -I/SHARE/STUDENT_STORAGE/wangsuoning/Cactus/configs/sim/scratch/build/ADIOS2/ADIOS2-2.10.2/build/thirdparty/dill/dill -g -std=gnu99 -O2 -fopenmp -Wall -w -O3 -DNDEBUG -fPIC -std=gnu99 -MD -MT thirdparty/dill/dill/CMakeFiles/dill.dir/dill_virtual.c.o -MF CMakeFiles/dill.dir/dill_virtual.c.o.d -o CMakeFiles/dill.dir/dill_virtual.c.o -c /SHARE/STUDENT_STORAGE/wangsuoning/Cactus/configs/sim/scratch/build/ADIOS2/ADIOS2-2.10.2/build/thirdparty/dill/dill/dill_virtual.c
[  7%] Building C object thirdparty/dill/dill/CMakeFiles/dill.dir/virtual.c.o
cd /SHARE/STUDENT_STORAGE/wangsuoning/Cactus/configs/sim/scratch/build/ADIOS2/ADIOS2-2.10.2/build/thirdparty/dill/dill && /usr/bin/gcc -DDILL_SRC -DMPICH_SKIP_MPICXX -DOMPI_SKIP_MPICXX -I/SHARE/STUDENT_STORAGE/wangsuoning/Cactus/configs/sim/scratch/build/ADIOS2/ADIOS2-2.10.2/thirdparty/dill/dill -I/SHARE/STUDENT_STORAGE/wangsuoning/Cactus/configs/sim/scratch/build/ADIOS2/ADIOS2-2.10.2/build/thirdparty/dill/dill -g -std=gnu99 -O2 -fopenmp -Wall -w -O3 -DNDEBUG -fPIC -std=gnu99 -MD -MT thirdparty/dill/dill/CMakeFiles/dill.dir/virtual.c.o -MF CMakeFiles/dill.dir/virtual.c.o.d -o CMakeFiles/dill.dir/virtual.c.o -c /SHARE/STUDENT_STORAGE/wangsuoning/Cactus/configs/sim/scratch/build/ADIOS2/ADIOS2-2.10.2/thirdparty/dill/dill/virtual.c
[  8%] Building C object thirdparty/dill/dill/CMakeFiles/dill.dir/dill.c.o
cd /SHARE/STUDENT_STORAGE/wangsuoning/Cactus/configs/sim/scratch/build/ADIOS2/ADIOS2-2.10.2/build/thirdparty/dill/dill && /usr/bin/gcc -DDILL_SRC -DMPICH_SKIP_MPICXX -DOMPI_SKIP_MPICXX -I/SHARE/STUDENT_STORAGE/wangsuoning/Cactus/configs/sim/scratch/build/ADIOS2/ADIOS2-2.10.2/thirdparty/dill/dill -I/SHARE/STUDENT_STORAGE/wangsuoning/Cactus/configs/sim/scratch/build/ADIOS2/ADIOS2-2.10.2/build/thirdparty/dill/dill -g -std=gnu99 -O2 -fopenmp -Wall -w -O3 -DNDEBUG -fPIC -std=gnu99 -MD -MT thirdparty/dill/dill/CMakeFiles/dill.dir/dill.c.o -MF CMakeFiles/dill.dir/dill.c.o.d -o CMakeFiles/dill.dir/dill.c.o -c /SHARE/STUDENT_STORAGE/wangsuoning/Cactus/configs/sim/scratch/build/ADIOS2/ADIOS2-2.10.2/build/thirdparty/dill/dill/dill.c
[  8%] Building C object thirdparty/dill/dill/CMakeFiles/dill.dir/vm.c.o
cd /SHARE/STUDENT_STORAGE/wangsuoning/Cactus/configs/sim/scratch/build/ADIOS2/ADIOS2-2.10.2/build/thirdparty/dill/dill && /usr/bin/gcc -DDILL_SRC -DMPICH_SKIP_MPICXX -DOMPI_SKIP_MPICXX -I/SHARE/STUDENT_STORAGE/wangsuoning/Cactus/configs/sim/scratch/build/ADIOS2/ADIOS2-2.10.2/thirdparty/dill/dill -I/SHARE/STUDENT_STORAGE/wangsuoning/Cactus/configs/sim/scratch/build/ADIOS2/ADIOS2-2.10.2/build/thirdparty/dill/dill -g -std=gnu99 -O2 -fopenmp -Wall -w -O3 -DNDEBUG -fPIC -std=gnu99 -MD -MT thirdparty/dill/dill/CMakeFiles/dill.dir/vm.c.o -MF CMakeFiles/dill.dir/vm.c.o.d -o CMakeFiles/dill.dir/vm.c.o -c /SHARE/STUDENT_STORAGE/wangsuoning/Cactus/configs/sim/scratch/build/ADIOS2/ADIOS2-2.10.2/thirdparty/dill/dill/vm.c
[  8%] Building C object thirdparty/dill/dill/CMakeFiles/dill.dir/x86_64_disassembler.c.o
cd /SHARE/STUDENT_STORAGE/wangsuoning/Cactus/configs/sim/scratch/build/ADIOS2/ADIOS2-2.10.2/build/thirdparty/dill/dill && /usr/bin/gcc -DDILL_SRC -DMPICH_SKIP_MPICXX -DOMPI_SKIP_MPICXX -I/SHARE/STUDENT_STORAGE/wangsuoning/Cactus/configs/sim/scratch/build/ADIOS2/ADIOS2-2.10.2/thirdparty/dill/dill -I/SHARE/STUDENT_STORAGE/wangsuoning/Cactus/configs/sim/scratch/build/ADIOS2/ADIOS2-2.10.2/build/thirdparty/dill/dill -g -std=gnu99 -O2 -fopenmp -Wall -w -O3 -DNDEBUG -fPIC -std=gnu99 -MD -MT thirdparty/dill/dill/CMakeFiles/dill.dir/x86_64_disassembler.c.o -MF CMakeFiles/dill.dir/x86_64_disassembler.c.o.d -o CMakeFiles/dill.dir/x86_64_disassembler.c.o -c /SHARE/STUDENT_STORAGE/wangsuoning/Cactus/configs/sim/scratch/build/ADIOS2/ADIOS2-2.10.2/thirdparty/dill/dill/x86_64_disassembler.c
[  9%] Building C object thirdparty/dill/dill/CMakeFiles/dill.dir/dill_x86_64.c.o
cd /SHARE/STUDENT_STORAGE/wangsuoning/Cactus/configs/sim/scratch/build/ADIOS2/ADIOS2-2.10.2/build/thirdparty/dill/dill && /usr/bin/gcc -DDILL_SRC -DMPICH_SKIP_MPICXX -DOMPI_SKIP_MPICXX -I/SHARE/STUDENT_STORAGE/wangsuoning/Cactus/configs/sim/scratch/build/ADIOS2/ADIOS2-2.10.2/thirdparty/dill/dill -I/SHARE/STUDENT_STORAGE/wangsuoning/Cactus/configs/sim/scratch/build/ADIOS2/ADIOS2-2.10.2/build/thirdparty/dill/dill -g -std=gnu99 -O2 -fopenmp -Wall -w -O3 -DNDEBUG -fPIC -std=gnu99 -MD -MT thirdparty/dill/dill/CMakeFiles/dill.dir/dill_x86_64.c.o -MF CMakeFiles/dill.dir/dill_x86_64.c.o.d -o CMakeFiles/dill.dir/dill_x86_64.c.o -c /SHARE/STUDENT_STORAGE/wangsuoning/Cactus/configs/sim/scratch/build/ADIOS2/ADIOS2-2.10.2/build/thirdparty/dill/dill/dill_x86_64.c
[  9%] Building C object thirdparty/dill/dill/CMakeFiles/dill.dir/x86_64.c.o
cd /SHARE/STUDENT_STORAGE/wangsuoning/Cactus/configs/sim/scratch/build/ADIOS2/ADIOS2-2.10.2/build/thirdparty/dill/dill && /usr/bin/gcc -DDILL_SRC -DMPICH_SKIP_MPICXX -DOMPI_SKIP_MPICXX -I/SHARE/STUDENT_STORAGE/wangsuoning/Cactus/configs/sim/scratch/build/ADIOS2/ADIOS2-2.10.2/thirdparty/dill/dill -I/SHARE/STUDENT_STORAGE/wangsuoning/Cactus/configs/sim/scratch/build/ADIOS2/ADIOS2-2.10.2/build/thirdparty/dill/dill -g -std=gnu99 -O2 -fopenmp -Wall -w -O3 -DNDEBUG -fPIC -std=gnu99 -MD -MT thirdparty/dill/dill/CMakeFiles/dill.dir/x86_64.c.o -MF CMakeFiles/dill.dir/x86_64.c.o.d -o CMakeFiles/dill.dir/x86_64.c.o -c /SHARE/STUDENT_STORAGE/wangsuoning/Cactus/configs/sim/scratch/build/ADIOS2/ADIOS2-2.10.2/thirdparty/dill/dill/x86_64.c
[  9%] Building C object thirdparty/dill/dill/CMakeFiles/dill.dir/x86_64_rt.c.o
cd /SHARE/STUDENT_STORAGE/wangsuoning/Cactus/configs/sim/scratch/build/ADIOS2/ADIOS2-2.10.2/build/thirdparty/dill/dill && /usr/bin/gcc -DDILL_SRC -DMPICH_SKIP_MPICXX -DOMPI_SKIP_MPICXX -I/SHARE/STUDENT_STORAGE/wangsuoning/Cactus/configs/sim/scratch/build/ADIOS2/ADIOS2-2.10.2/thirdparty/dill/dill -I/SHARE/STUDENT_STORAGE/wangsuoning/Cactus/configs/sim/scratch/build/ADIOS2/ADIOS2-2.10.2/build/thirdparty/dill/dill -g -std=gnu99 -O2 -fopenmp -Wall -w -O3 -DNDEBUG -fPIC -std=gnu99 -MD -MT thirdparty/dill/dill/CMakeFiles/dill.dir/x86_64_rt.c.o -MF CMakeFiles/dill.dir/x86_64_rt.c.o.d -o CMakeFiles/dill.dir/x86_64_rt.c.o -c /SHARE/STUDENT_STORAGE/wangsuoning/Cactus/configs/sim/scratch/build/ADIOS2/ADIOS2-2.10.2/thirdparty/dill/dill/x86_64_rt.c
[ 10%] Linking C static library ../../../lib/libadios2_dill.a
cd /SHARE/STUDENT_STORAGE/wangsuoning/Cactus/configs/sim/scratch/build/ADIOS2/ADIOS2-2.10.2/build/thirdparty/dill/dill && /usr/bin/cmake -P CMakeFiles/dill.dir/cmake_clean_target.cmake
cd /SHARE/STUDENT_STORAGE/wangsuoning/Cactus/configs/sim/scratch/build/ADIOS2/ADIOS2-2.10.2/build/thirdparty/dill/dill && /usr/bin/cmake -E cmake_link_script CMakeFiles/dill.dir/link.txt --verbose=yes
/usr/bin/ar qc ../../../lib/libadios2_dill.a CMakeFiles/dill.dir/dill_util.c.o CMakeFiles/dill.dir/dill_pkg.c.o CMakeFiles/dill.dir/dill_cplus.c.o CMakeFiles/dill.dir/dill_virtual.c.o CMakeFiles/dill.dir/virtual.c.o CMakeFiles/dill.dir/dill.c.o CMakeFiles/dill.dir/vm.c.o CMakeFiles/dill.dir/x86_64_disassembler.c.o CMakeFiles/dill.dir/dill_x86_64.c.o CMakeFiles/dill.dir/x86_64.c.o CMakeFiles/dill.dir/x86_64_rt.c.o
/usr/bin/ranlib ../../../lib/libadios2_dill.a
make[6]: Leaving directory '/SHARE/STUDENT_STORAGE/wangsuoning/Cactus/configs/sim/scratch/build/ADIOS2/ADIOS2-2.10.2/build'
[ 10%] Built target dill
make  -f thirdparty/ffs/ffs/CMakeFiles/docs.dir/build.make thirdparty/ffs/ffs/CMakeFiles/docs.dir/depend
make[6]: Entering directory '/SHARE/STUDENT_STORAGE/wangsuoning/Cactus/configs/sim/scratch/build/ADIOS2/ADIOS2-2.10.2/build'
cd /SHARE/STUDENT_STORAGE/wangsuoning/Cactus/configs/sim/scratch/build/ADIOS2/ADIOS2-2.10.2/build && /usr/bin/cmake -E cmake_depends "Unix Makefiles" /SHARE/STUDENT_STORAGE/wangsuoning/Cactus/configs/sim/scratch/build/ADIOS2/ADIOS2-2.10.2 /SHARE/STUDENT_STORAGE/wangsuoning/Cactus/configs/sim/scratch/build/ADIOS2/ADIOS2-2.10.2/thirdparty/ffs/ffs /SHARE/STUDENT_STORAGE/wangsuoning/Cactus/configs/sim/scratch/build/ADIOS2/ADIOS2-2.10.2/build /SHARE/STUDENT_STORAGE/wangsuoning/Cactus/configs/sim/scratch/build/ADIOS2/ADIOS2-2.10.2/build/thirdparty/ffs/ffs /SHARE/STUDENT_STORAGE/wangsuoning/Cactus/configs/sim/scratch/build/ADIOS2/ADIOS2-2.10.2/build/thirdparty/ffs/ffs/CMakeFiles/docs.dir/DependInfo.cmake --color=
make[6]: Leaving directory '/SHARE/STUDENT_STORAGE/wangsuoning/Cactus/configs/sim/scratch/build/ADIOS2/ADIOS2-2.10.2/build'
make  -f thirdparty/ffs/ffs/CMakeFiles/docs.dir/build.make thirdparty/ffs/ffs/CMakeFiles/docs.dir/build
make[6]: Entering directory '/SHARE/STUDENT_STORAGE/wangsuoning/Cactus/configs/sim/scratch/build/ADIOS2/ADIOS2-2.10.2/build'
[ 10%] [FLEX][CODScanner] Building scanner with flex 2.6.4
cd /SHARE/STUDENT_STORAGE/wangsuoning/Cactus/configs/sim/scratch/build/ADIOS2/ADIOS2-2.10.2/thirdparty/ffs/ffs && /usr/bin/flex -o/SHARE/STUDENT_STORAGE/wangsuoning/Cactus/configs/sim/scratch/build/ADIOS2/ADIOS2-2.10.2/build/thirdparty/ffs/ffs/lex.yy.c cod/cod.l
[ 10%] Generating cod_node.c
cd /SHARE/STUDENT_STORAGE/wangsuoning/Cactus/configs/sim/scratch/build/ADIOS2/ADIOS2-2.10.2/build/thirdparty/ffs/ffs && /usr/bin/perl /SHARE/STUDENT_STORAGE/wangsuoning/Cactus/configs/sim/scratch/build/ADIOS2/ADIOS2-2.10.2/thirdparty/ffs/ffs/cod/struct.pl /SHARE/STUDENT_STORAGE/wangsuoning/Cactus/configs/sim/scratch/build/ADIOS2/ADIOS2-2.10.2/thirdparty/ffs/ffs/cod/cod.structs
Done
make[6]: Leaving directory '/SHARE/STUDENT_STORAGE/wangsuoning/Cactus/configs/sim/scratch/build/ADIOS2/ADIOS2-2.10.2/build'
[ 10%] Built target docs
make  -f thirdparty/ffs/ffs/CMakeFiles/ffs.dir/build.make thirdparty/ffs/ffs/CMakeFiles/ffs.dir/depend
make[6]: Entering directory '/SHARE/STUDENT_STORAGE/wangsuoning/Cactus/configs/sim/scratch/build/ADIOS2/ADIOS2-2.10.2/build'
[ 11%] [BISON][CODParser] Building parser with bison 3.8.2
cd /SHARE/STUDENT_STORAGE/wangsuoning/Cactus/configs/sim/scratch/build/ADIOS2/ADIOS2-2.10.2/thirdparty/ffs/ffs && /usr/bin/bison -d -d -o /SHARE/STUDENT_STORAGE/wangsuoning/Cactus/configs/sim/scratch/build/ADIOS2/ADIOS2-2.10.2/build/thirdparty/ffs/ffs/cod.tab.c cod/cod.y
cd /SHARE/STUDENT_STORAGE/wangsuoning/Cactus/configs/sim/scratch/build/ADIOS2/ADIOS2-2.10.2/build && /usr/bin/cmake -E cmake_depends "Unix Makefiles" /SHARE/STUDENT_STORAGE/wangsuoning/Cactus/configs/sim/scratch/build/ADIOS2/ADIOS2-2.10.2 /SHARE/STUDENT_STORAGE/wangsuoning/Cactus/configs/sim/scratch/build/ADIOS2/ADIOS2-2.10.2/thirdparty/ffs/ffs /SHARE/STUDENT_STORAGE/wangsuoning/Cactus/configs/sim/scratch/build/ADIOS2/ADIOS2-2.10.2/build /SHARE/STUDENT_STORAGE/wangsuoning/Cactus/configs/sim/scratch/build/ADIOS2/ADIOS2-2.10.2/build/thirdparty/ffs/ffs /SHARE/STUDENT_STORAGE/wangsuoning/Cactus/configs/sim/scratch/build/ADIOS2/ADIOS2-2.10.2/build/thirdparty/ffs/ffs/CMakeFiles/ffs.dir/DependInfo.cmake --color=
make[6]: Leaving directory '/SHARE/STUDENT_STORAGE/wangsuoning/Cactus/configs/sim/scratch/build/ADIOS2/ADIOS2-2.10.2/build'
make  -f thirdparty/ffs/ffs/CMakeFiles/ffs.dir/build.make thirdparty/ffs/ffs/CMakeFiles/ffs.dir/build
make[6]: Entering directory '/SHARE/STUDENT_STORAGE/wangsuoning/Cactus/configs/sim/scratch/build/ADIOS2/ADIOS2-2.10.2/build'
[ 12%] Building C object thirdparty/ffs/ffs/CMakeFiles/ffs.dir/ffs/ffs.c.o
cd /SHARE/STUDENT_STORAGE/wangsuoning/Cactus/configs/sim/scratch/build/ADIOS2/ADIOS2-2.10.2/build/thirdparty/ffs/ffs && /usr/bin/gcc -DMPICH_SKIP_MPICXX -DOMPI_SKIP_MPICXX -I/SHARE/STUDENT_STORAGE/wangsuoning/Cactus/configs/sim/scratch/build/ADIOS2/ADIOS2-2.10.2/thirdparty/ffs/ffs -I/SHARE/STUDENT_STORAGE/wangsuoning/Cactus/configs/sim/scratch/build/ADIOS2/ADIOS2-2.10.2/thirdparty/ffs/ffs/fm -I/SHARE/STUDENT_STORAGE/wangsuoning/Cactus/configs/sim/scratch/build/ADIOS2/ADIOS2-2.10.2/thirdparty/ffs/ffs/cod -I/SHARE/STUDENT_STORAGE/wangsuoning/Cactus/configs/sim/scratch/build/ADIOS2/ADIOS2-2.10.2/thirdparty/ffs/ffs/ffs -I/SHARE/STUDENT_STORAGE/wangsuoning/Cactus/configs/sim/scratch/build/ADIOS2/ADIOS2-2.10.2/build/thirdparty/ffs/ffs -I/SHARE/STUDENT_STORAGE/wangsuoning/Cactus/configs/sim/scratch/build/ADIOS2/ADIOS2-2.10.2/build/thirdparty/ffs/ffs/ffs -I/SHARE/STUDENT_STORAGE/wangsuoning/Cactus/configs/sim/scratch/build/ADIOS2/ADIOS2-2.10.2/thirdparty/dill/dill -I/SHARE/STUDENT_STORAGE/wangsuoning/Cactus/configs/sim/scratch/build/ADIOS2/ADIOS2-2.10.2/build/thirdparty/dill/dill -I/SHARE/STUDENT_STORAGE/wangsuoning/Cactus/configs/sim/scratch/build/ADIOS2/ADIOS2-2.10.2/thirdparty/atl/atl -I/SHARE/STUDENT_STORAGE/wangsuoning/Cactus/configs/sim/scratch/build/ADIOS2/ADIOS2-2.10.2/build/thirdparty/atl/atl -g -std=gnu99 -O2 -fopenmp -Wall -w -O3 -DNDEBUG -fPIC -std=gnu99 -MD -MT thirdparty/ffs/ffs/CMakeFiles/ffs.dir/ffs/ffs.c.o -MF CMakeFiles/ffs.dir/ffs/ffs.c.o.d -o CMakeFiles/ffs.dir/ffs/ffs.c.o -c /SHARE/STUDENT_STORAGE/wangsuoning/Cactus/configs/sim/scratch/build/ADIOS2/ADIOS2-2.10.2/thirdparty/ffs/ffs/ffs/ffs.c
In file included from /SHARE/STUDENT_STORAGE/wangsuoning/Cactus/configs/sim/scratch/build/ADIOS2/ADIOS2-2.10.2/thirdparty/ffs/ffs/ffs/ffs.c:10:
/SHARE/STUDENT_STORAGE/wangsuoning/Cactus/configs/sim/scratch/build/ADIOS2/ADIOS2-2.10.2/thirdparty/ffs/ffs/fm/fm_internal.h:150:5: error: unknown type name ‘INT4’
  150 |     INT4 field_size;
      |     ^~~~
/SHARE/STUDENT_STORAGE/wangsuoning/Cactus/configs/sim/scratch/build/ADIOS2/ADIOS2-2.10.2/thirdparty/ffs/ffs/fm/fm_internal.h:151:5: error: unknown type name ‘INT4’
  151 |     INT4 field_offset;
      |     ^~~~
/SHARE/STUDENT_STORAGE/wangsuoning/Cactus/configs/sim/scratch/build/ADIOS2/ADIOS2-2.10.2/thirdparty/ffs/ffs/fm/fm_internal.h:155:5: error: unknown type name ‘UINT4’
  155 |     UINT4 field_name_offset;
      |     ^~~~~
/SHARE/STUDENT_STORAGE/wangsuoning/Cactus/configs/sim/scratch/build/ADIOS2/ADIOS2-2.10.2/thirdparty/ffs/ffs/fm/fm_internal.h:156:5: error: unknown type name ‘UINT4’
  156 |     UINT4 field_type_offset;
      |     ^~~~~
/SHARE/STUDENT_STORAGE/wangsuoning/Cactus/configs/sim/scratch/build/ADIOS2/ADIOS2-2.10.2/thirdparty/ffs/ffs/fm/fm_internal.h:157:5: error: unknown type name ‘INT4’
  157 |     INT4 field_size;
      |     ^~~~
/SHARE/STUDENT_STORAGE/wangsuoning/Cactus/configs/sim/scratch/build/ADIOS2/ADIOS2-2.10.2/thirdparty/ffs/ffs/fm/fm_internal.h:158:5: error: unknown type name ‘INT4’
  158 |     INT4 field_offset;
      |     ^~~~
/SHARE/STUDENT_STORAGE/wangsuoning/Cactus/configs/sim/scratch/build/ADIOS2/ADIOS2-2.10.2/thirdparty/ffs/ffs/fm/fm_internal.h:162:5: error: unknown type name ‘INT4’
  162 |     INT4 info_type;
      |     ^~~~
/SHARE/STUDENT_STORAGE/wangsuoning/Cactus/configs/sim/scratch/build/ADIOS2/ADIOS2-2.10.2/thirdparty/ffs/ffs/fm/fm_internal.h:163:5: error: unknown type name ‘INT4’
  163 |     INT4 info_len;
      |     ^~~~
/SHARE/STUDENT_STORAGE/wangsuoning/Cactus/configs/sim/scratch/build/ADIOS2/ADIOS2-2.10.2/thirdparty/ffs/ffs/fm/fm_internal.h:164:5: error: unknown type name ‘INT4’
  164 |     INT4 info_offset;
      |     ^~~~
/SHARE/STUDENT_STORAGE/wangsuoning/Cactus/configs/sim/scratch/build/ADIOS2/ADIOS2-2.10.2/thirdparty/ffs/ffs/fm/fm_internal.h:195:15: error: unknown type name ‘INT4’
  195 | /*byte 12*/   INT4 record_length;
      |               ^~~~
/SHARE/STUDENT_STORAGE/wangsuoning/Cactus/configs/sim/scratch/build/ADIOS2/ADIOS2-2.10.2/thirdparty/ffs/ffs/fm/fm_internal.h:205:15: error: unknown type name ‘UINT4’
  205 | /*byte 4*/    UINT4 name_offset;        /* native host byte order */
      |               ^~~~~
/SHARE/STUDENT_STORAGE/wangsuoning/Cactus/configs/sim/scratch/build/ADIOS2/ADIOS2-2.10.2/thirdparty/ffs/ffs/fm/fm_internal.h:206:15: error: unknown type name ‘UINT4’
  206 | /*byte 8*/    UINT4 field_count;
      |               ^~~~~
/SHARE/STUDENT_STORAGE/wangsuoning/Cactus/configs/sim/scratch/build/ADIOS2/ADIOS2-2.10.2/thirdparty/ffs/ffs/fm/fm_internal.h:207:15: error: unknown type name ‘INT4’
  207 | /*byte 12*/   INT4 record_length;
      |               ^~~~
/SHARE/STUDENT_STORAGE/wangsuoning/Cactus/configs/sim/scratch/build/ADIOS2/ADIOS2-2.10.2/thirdparty/ffs/ffs/fm/fm_internal.h:236:19: error: expected ‘:’, ‘,’, ‘;’, ‘}’ or ‘__attribute__’ before ‘IP_addr’
  236 |     unsigned INT4 IP_addr;
      |                   ^~~~~~~
/SHARE/STUDENT_STORAGE/wangsuoning/Cactus/configs/sim/scratch/build/ADIOS2/ADIOS2-2.10.2/thirdparty/ffs/ffs/fm/fm_internal.h:244:19: error: expected ‘:’, ‘,’, ‘;’, ‘}’ or ‘__attribute__’ before ‘hash1’
  244 |     unsigned INT4 hash1;
      |                   ^~~~~
/SHARE/STUDENT_STORAGE/wangsuoning/Cactus/configs/sim/scratch/build/ADIOS2/ADIOS2-2.10.2/thirdparty/ffs/ffs/fm/fm_internal.h:252:19: error: expected ‘:’, ‘,’, ‘;’, ‘}’ or ‘__attribute__’ before ‘hash1’
  252 |     unsigned INT4 hash1;
      |                   ^~~~~
In file included from /SHARE/STUDENT_STORAGE/wangsuoning/Cactus/configs/sim/scratch/build/ADIOS2/ADIOS2-2.10.2/thirdparty/ffs/ffs/ffs/ffs.c:11:
/SHARE/STUDENT_STORAGE/wangsuoning/Cactus/configs/sim/scratch/build/ADIOS2/ADIOS2-2.10.2/thirdparty/ffs/ffs/ffs/ffs_internal.h:136:7: error: expected ‘=’, ‘,’, ‘;’, ‘asm’ or ‘__attribute__’ before ‘...’ token
  136 | Whoops...  Unhandled.
      |       ^~~
/SHARE/STUDENT_STORAGE/wangsuoning/Cactus/configs/sim/scratch/build/ADIOS2/ADIOS2-2.10.2/thirdparty/ffs/ffs/ffs/ffs.c: In function ‘FFSinternal_decode’:
/SHARE/STUDENT_STORAGE/wangsuoning/Cactus/configs/sim/scratch/build/ADIOS2/ADIOS2-2.10.2/thirdparty/ffs/ffs/ffs/ffs.c:1328:13: error: unknown type name ‘FILE_INT’
 1328 |             FILE_INT record_len;
      |             ^~~~~~~~
/SHARE/STUDENT_STORAGE/wangsuoning/Cactus/configs/sim/scratch/build/ADIOS2/ADIOS2-2.10.2/thirdparty/ffs/ffs/ffs/ffs.c:1330:13: error: unknown type name ‘FILE_INT’
 1330 |             FILE_INT *len_ptr = (FILE_INT *) (src + ioformat->body->server_ID.length +
      |             ^~~~~~~~
/SHARE/STUDENT_STORAGE/wangsuoning/Cactus/configs/sim/scratch/build/ADIOS2/ADIOS2-2.10.2/thirdparty/ffs/ffs/ffs/ffs.c:1330:34: error: ‘FILE_INT’ undeclared (first use in this function)
 1330 |             FILE_INT *len_ptr = (FILE_INT *) (src + ioformat->body->server_ID.length +
      |                                  ^~~~~~~~
/SHARE/STUDENT_STORAGE/wangsuoning/Cactus/configs/sim/scratch/build/ADIOS2/ADIOS2-2.10.2/thirdparty/ffs/ffs/ffs/ffs.c:1330:34: note: each undeclared identifier is reported only once for each function it appears in
/SHARE/STUDENT_STORAGE/wangsuoning/Cactus/configs/sim/scratch/build/ADIOS2/ADIOS2-2.10.2/thirdparty/ffs/ffs/ffs/ffs.c:1330:44: error: expected expression before ‘)’ token
 1330 |             FILE_INT *len_ptr = (FILE_INT *) (src + ioformat->body->server_ID.length +
      |                                            ^
/SHARE/STUDENT_STORAGE/wangsuoning/Cactus/configs/sim/scratch/build/ADIOS2/ADIOS2-2.10.2/thirdparty/ffs/ffs/ffs/ffs.c: In function ‘quick_get_pointer’:
/SHARE/STUDENT_STORAGE/wangsuoning/Cactus/configs/sim/scratch/build/ADIOS2/ADIOS2-2.10.2/thirdparty/ffs/ffs/ffs/ffs.c:1655:15: error: ‘WORDS_BIGENDIAN’ undeclared (first use in this function)
 1655 |           if (WORDS_BIGENDIAN)
      |               ^~~~~~~~~~~~~~~
make[6]: *** [thirdparty/ffs/ffs/CMakeFiles/ffs.dir/build.make:93: thirdparty/ffs/ffs/CMakeFiles/ffs.dir/ffs/ffs.c.o] Error 1
make[6]: Leaving directory '/SHARE/STUDENT_STORAGE/wangsuoning/Cactus/configs/sim/scratch/build/ADIOS2/ADIOS2-2.10.2/build'
make[5]: *** [CMakeFiles/Makefile2:833: thirdparty/ffs/ffs/CMakeFiles/ffs.dir/all] Error 2
make[5]: Leaving directory '/SHARE/STUDENT_STORAGE/wangsuoning/Cactus/configs/sim/scratch/build/ADIOS2/ADIOS2-2.10.2/build'
make[4]: *** [Makefile:136: all] Error 2
make[4]: Leaving directory '/SHARE/STUDENT_STORAGE/wangsuoning/Cactus/configs/sim/scratch/build/ADIOS2/ADIOS2-2.10.2/build'
make[3]: *** [/SHARE/STUDENT_STORAGE/wangsuoning/Cactus/arrangements/ExternalLibraries/ADIOS2/src/make.code.deps:11: /SHARE/STUDENT_STORAGE/wangsuoning/Cactus/configs/sim/scratch/done/ADIOS2] Error 2
make[3]: Leaving directory '/SHARE/STUDENT_STORAGE/wangsuoning/Cactus/configs/sim/build/ADIOS2'
make[2]: *** [/SHARE/STUDENT_STORAGE/wangsuoning/Cactus/lib/make/make.thornlib:113: make.checked] Error 2
make[2]: Leaving directory '/SHARE/STUDENT_STORAGE/wangsuoning/Cactus/configs/sim/build/ADIOS2'
make[1]: *** [/SHARE/STUDENT_STORAGE/wangsuoning/Cactus/lib/make/make.configuration:179: /SHARE/STUDENT_STORAGE/wangsuoning/Cactus/configs/sim/lib/libthorn_ADIOS2.a] Error 2
make[1]: Leaving directory '/SHARE/STUDENT_STORAGE/wangsuoning/Cactus'
make: *** [Makefile:265: sim] Error 2
