Cactus - version: 4.2.1

Processing CCL files
Reading ThornList...
Parsing configuration files...
Parsing interface files...
   ADM
           Implements: adm
           Inherits:   ADMBase StaticConformal CoordGauge boundary ADMMacros Grid
           0 Public, 0 Protected, 12 Private variable groups
   ADMAnalysis
           Implements: ADMAnalysis
           Inherits:   ADMBase  StaticConformal  Grid  ADMMacros
           6 Public, 0 Protected, 0 Private variable groups
   ADMBase
           Implements: ADMBase
           Inherits:   grid
           9 Public, 0 Protected, 0 Private variable groups
   ADMConstraints
           Implements: admconstraints
           Inherits:   ADMBase  StaticConformal  SpaceMask  grid  ADMMacros  TmunuBase
           Friend of:  ADMCoupling
           3 Public, 0 Protected, 0 Private variable groups
   ADMCoupling
           Implements: ADMCoupling
           0 Public, 0 Protected, 0 Private variable groups
   ADMDerivatives
           Implements: ADMDerivatives
           Inherits:   Coordinates ADMBase 
           5 Public, 0 Protected, 0 Private variable groups
   ADMMacros
           Implements: ADMMacros
           1 Public, 0 Protected, 0 Private variable groups
   ADMMass
           Implements: ADMMass
           Inherits:   ADMBase ADMMacros StaticConformal SpaceMask
           0 Public, 0 Protected, 6 Private variable groups
   AEILocalInterp
           Implements: AEILocalInterp
           0 Public, 0 Protected, 0 Private variable groups
   AHFinder
           Implements: AHFinder
           Inherits:   ADMBase StaticConformal SpaceMask Grid IO ADMMacros
           6 Public, 0 Protected, 10 Private variable groups
   AHFinderDirect
           Implements: AHFinderDirect
           Inherits:   Grid ADMBase StaticConformal SpaceMask SphericalSurface IO
           0 Public, 0 Protected, 5 Private variable groups
   AMRToy
           Implements: AMRToy
           Inherits:   grid CarpetRegrid2
           0 Public, 0 Protected, 0 Private variable groups
   BLAS
           Implements: BLAS
           0 Public, 0 Protected, 0 Private variable groups
   Boundary
           Implements: boundary
           0 Public, 0 Protected, 0 Private variable groups
   CCCCGlobalModes
           Implements: CCCCGlobalModes
           Inherits:   grhydro Grid CoreCollapseControl Coordinates
           0 Public, 0 Protected, 11 Private variable groups
   CCCCImportCoCoNuT1D
           Implements: CCCCImportCoCoNuT1D
           Inherits:   GRHydro HydroBase ADMBase grid
           0 Public, 0 Protected, 0 Private variable groups
   CTGBase
           Implements: CTGBase
           Inherits:   ADMBase SummationByParts GlobalDerivative Coordinates
           9 Public, 0 Protected, 2 Private variable groups
   CTGConstraints
           Implements: CTGConstraints
           Inherits:   CTGBase SummationByParts ADMBase Coordinates TmunuBase
           5 Public, 0 Protected, 0 Private variable groups
   CTGEvolution
           Implements: CTGEvolution
           Inherits:   CTGBase SummationByParts ADMBase GlobalDerivative Coordinates
           7 Public, 0 Protected, 0 Private variable groups
   CTGGauge
           Implements: CTGGauge
           Inherits:   CTGBase CTGEvolution SummationByParts ADMBase Coordinates SphericalSurface
           6 Public, 0 Protected, 0 Private variable groups
   CTGMatter
           Implements: CTGMatter
           Inherits:   CTGBase SummationByParts ADMBase GlobalDerivative Coordinates TmunuBase CTGEvolution
           0 Public, 0 Protected, 0 Private variable groups
   CTGRadiativeBC
           Implements: CTGRadiativeBC
           Inherits:   CTGBase CTGEvolution GlobalDerivative Coordinates
           0 Public, 0 Protected, 1 Private variable groups
   Cactus
           Implements: Cactus
           0 Public, 0 Protected, 0 Private variable groups
   CalcK
           Implements: CalcK
           Inherits:   ADMBase StaticConformal
           0 Public, 0 Protected, 3 Private variable groups
   CarbuncleTest
           Implements: CarbuncleTest
           Inherits:   HydroBase GRHydro Grid ADMBase
           0 Public, 0 Protected, 0 Private variable groups
   Carpet
           Implements: Driver
           0 Public, 0 Protected, 6 Private variable groups
   CarpetBoxRefine
           Implements: CarpetBoxRefine
           Inherits:   CarpetRegrid2 HydroBase Grid
           0 Public, 0 Protected, 1 Private variable groups
   CarpetEvolutionMask
           Implements: CarpetEvolutionMask
           2 Public, 0 Protected, 0 Private variable groups
   CarpetIOASCII
           Implements: IOASCII
           0 Public, 0 Protected, 3 Private variable groups
   CarpetIOBasic
           Implements: IOBasic
           Inherits:   IO
           0 Public, 0 Protected, 3 Private variable groups
   CarpetIOHDF5
           Implements: IOHDF5
           0 Public, 0 Protected, 6 Private variable groups
   CarpetIOScalar
           Implements: IOScalar
           0 Public, 0 Protected, 3 Private variable groups
   CarpetInterp
           Implements: interp
           0 Public, 0 Protected, 0 Private variable groups
   CarpetInterp2
           Implements: interp2
           0 Public, 0 Protected, 0 Private variable groups
   CarpetLib
           Implements: CarpetLib
           0 Public, 0 Protected, 0 Private variable groups
   CarpetMask
           Implements: CarpetMask
           Inherits:   grid SphericalSurface
           0 Public, 0 Protected, 0 Private variable groups
   CarpetProlongateTest
           Implements: CarpetProlongateTest
           Inherits:   grid
           0 Public, 0 Protected, 6 Private variable groups
   CarpetReduce
           Implements: reduce
           0 Public, 0 Protected, 4 Private variable groups
   CarpetRegrid
           Implements: CarpetRegrid
           0 Public, 0 Protected, 0 Private variable groups
   CarpetRegrid2
           Implements: CarpetRegrid2
           6 Public, 0 Protected, 6 Private variable groups
   CarpetRegridOnce
           Implements: CarpetRegridOnce
           Inherits:   CarpetRegrid2
           0 Public, 0 Protected, 1 Private variable groups
   CarpetRhoRegrid
           Implements: CarpetRhoRegrid
           Inherits:   CarpetRegrid2 GRHydro
           0 Public, 0 Protected, 2 Private variable groups
   CarpetSlab
           Implements: Hyperslab
           0 Public, 0 Protected, 0 Private variable groups
   CarpetTest
           Implements: CarpetTest
           0 Public, 0 Protected, 6 Private variable groups
   CarpetTracker
           Implements: CarpetTracker
           Inherits:   SphericalSurface CarpetRegrid2
           0 Public, 0 Protected, 0 Private variable groups
   CartGrid3D
           Implements: grid
           Inherits:   coordbase
           2 Public, 0 Protected, 0 Private variable groups
   CartesianCoordinates
           Implements: Coordinates
           Inherits:   Grid
           10 Public, 0 Protected, 0 Private variable groups
   Cartoon2D
           Implements: cartoon2d
           0 Public, 0 Protected, 1 Private variable groups
   CheapExcision
           Implements: CheapExcision
           Inherits:   GRHydro
           0 Public, 0 Protected, 0 Private variable groups
   CoMCheck
           Implements: CoMCheck
           Inherits:   grid
           0 Public, 0 Protected, 4 Private variable groups
   Constants
           Implements: Constants
           0 Public, 0 Protected, 0 Private variable groups
   CoordBase
           Implements: CoordBase
           0 Public, 0 Protected, 0 Private variable groups
   CoordGauge
           Implements: CoordGauge
           1 Public, 0 Protected, 0 Private variable groups
   Coordinates
           Implements: Coordinates
           Inherits:   grid
           10 Public, 0 Protected, 0 Private variable groups
   CoreCollapseControl
           Implements: CoreCollapseControl
           Inherits:   CarpetRegrid2 HydroBase grid SphericalSurface
           8 Public, 0 Protected, 6 Private variable groups
   CoreDoc
           Implements: CoreDoc
           0 Public, 0 Protected, 0 Private variable groups
   CycleClock
           Implements: CycleClock
           0 Public, 0 Protected, 0 Private variable groups
   Dissipation
           Implements: Dissipation
           Inherits:   grid SphericalSurface SpaceMask
           0 Public, 0 Protected, 1 Private variable groups
   DistortedBHIVP
           Implements: distortedbhivp
           Inherits:   ADMBase grid StaticConformal
           0 Public, 0 Protected, 2 Private variable groups
   DriftCorrectCoM
           Implements: DriftCorrectCoM
           Inherits:   ADMBase ZelmaniCoMShift
           0 Public, 0 Protected, 4 Private variable groups
   EHFinder
           Implements: ehfinder
           Inherits:   grid admbase coordgauge staticconformal spacemask boundary
           0 Public, 0 Protected, 54 Private variable groups
   EOS_Base
           Implements: EOS_Base
           0 Public, 0 Protected, 0 Private variable groups
   EOS_Hybrid
           Implements: EOS_Hybrid
           Inherits:   HydroBase EOS_2d_Polytrope
           0 Public, 0 Protected, 1 Private variable groups
   EOS_IdealFluid
           Implements: EOS_Ideal_Fluid
           Inherits:   EOS_Base
           0 Public, 0 Protected, 0 Private variable groups
   EOS_Omni
           Implements: EOS_Omni
           Inherits:   
           0 Public, 0 Protected, 0 Private variable groups
   EOS_Polytrope
           Implements: EOS_2d_Polytrope
           Inherits:   EOS_Base
           0 Public, 0 Protected, 0 Private variable groups
   EinsteinExact_Test
           Implements: EinsteinExact_Test
           0 Public, 0 Protected, 0 Private variable groups
   EllBase
           Implements: ellbase
           0 Public, 0 Protected, 0 Private variable groups
   EllSOR
           Implements: ellsor
           Inherits:   ellbase  boundary
           0 Public, 0 Protected, 0 Private variable groups
   Exact
           Implements: exact
           Inherits:   admbase grid coordgauge staticconformal
           Friend of:  ADMCoupling
           0 Public, 2 Protected, 3 Private variable groups
   Extract
           Implements: extract
           Inherits:   grid ADMBase staticconformal io
           0 Public, 0 Protected, 1 Private variable groups
   FFTW3
           Implements: FFTW3
           0 Public, 0 Protected, 0 Private variable groups
   Formaline
           Implements: Formaline
           0 Public, 0 Protected, 0 Private variable groups
   Fortran
           Implements: Fortran
           0 Public, 0 Protected, 0 Private variable groups
   GRHydro
           Implements: GRHydro
           Inherits:   ADMBase  Boundary  SpaceMask  ADMMacros  Tmunubase  HydroBase
           53 Public, 0 Protected, 41 Private variable groups
   GRHydro_IVP
           Implements: GRHydro_IVP
           Inherits:   ADMBase  ADMMacros  HydroBase  Tmunubase  Boundary  GRHydro  EOS_Omni
           Friend of:  GRHydro
           0 Public, 0 Protected, 1 Private variable groups
   GRHydro_InitData
           Implements: GRHydro_init_data
           Inherits:   GRHydro grid EOS_Omni
           0 Public, 3 Protected, 1 Private variable groups
   GSL
           Implements: GSL
           0 Public, 0 Protected, 0 Private variable groups
   GaugeWave
           Implements: GaugeWave
           Inherits:     admbase Grid GenericFD Boundary
           0 Public, 0 Protected, 0 Private variable groups
   GenericFD
           Implements: GenericFD
           0 Public, 0 Protected, 2 Private variable groups
   GlobalDerivative
           Implements: GlobalDerivative
           Inherits:    grid SummationByParts Coordinates
           0 Public, 0 Protected, 0 Private variable groups
   HDF5
           Implements: HDF5
           0 Public, 0 Protected, 0 Private variable groups
   HTTPD
           Implements: HTTPD
           Inherits:   Socket
           0 Public, 0 Protected, 0 Private variable groups
   HTTPDExtra
           Implements: http_utils
           0 Public, 0 Protected, 0 Private variable groups
   HydroAtmosphere
           Implements: hydroatmosphere
           Inherits:   GRHydro
           0 Public, 0 Protected, 0 Private variable groups
   HydroBase
           Implements: HydroBase
           Inherits:   InitBase
           12 Public, 0 Protected, 0 Private variable groups
   Hydro_Analysis
           Implements: Hydro_Analysis
           Inherits:   Grid  HydroBase
           9 Public, 0 Protected, 0 Private variable groups
   Hydro_InitExcision
           Implements: Hydro_InitExcision
           Inherits:   HydroBase  Grid  SpaceMask
           0 Public, 0 Protected, 0 Private variable groups
   IDAnalyticBH
           Implements: idanalyticbh
           Inherits:   ADMBase  StaticConformal  Grid
           0 Public, 0 Protected, 0 Private variable groups
   IDAxiBrillBH
           Implements: idaxibrillbh
           Inherits:   ADMBase grid StaticConformal
           0 Public, 0 Protected, 0 Private variable groups
   IDAxiOddBrillBH
           Implements: axiodd
           Inherits:   ADMBase grid StaticConformal
           0 Public, 0 Protected, 2 Private variable groups
   IDBrillData
           Implements: IDBrillData
           Inherits:   grid ADMBase StaticConformal ellbase
           0 Public, 0 Protected, 2 Private variable groups
   IDConstraintViolate
           Implements: idconstraintviolate
           Inherits:   admbase  grid
           0 Public, 0 Protected, 0 Private variable groups
   IDFileADM
           Implements: IDFileADM
           Inherits:   ADMBase StaticConformal IO
           0 Public, 0 Protected, 0 Private variable groups
   IDLinearWaves
           Implements: idlinearwaves
           Inherits:   ADMBase StaticConformal Grid
           0 Public, 0 Protected, 0 Private variable groups
   IDScalarWave
           Implements: idscalarwave
           Inherits:   wavetoy grid
           0 Public, 0 Protected, 0 Private variable groups
   IDScalarWaveC
           Implements: idscalarwave
           Inherits:   wavetoy grid
           0 Public, 0 Protected, 0 Private variable groups
   IDScalarWaveCXX
           Implements: idscalarwave
           Inherits:   wavetoy grid
           0 Public, 0 Protected, 0 Private variable groups
   IDScalarWaveElliptic
           Implements: IDScalarWaveElliptic
           Inherits:   Grid WaveToy EllBase IDScalarWave
           0 Public, 0 Protected, 2 Private variable groups
   IDScalarWaveMoL
           Implements: IDScalarWaveMoL
           Inherits:   Grid WaveToyMoL
           0 Public, 0 Protected, 1 Private variable groups
   IOASCII
           Implements: IOASCII
           0 Public, 0 Protected, 0 Private variable groups
   IOBasic
           Implements: IOBasic
           Inherits:     IO
           0 Public, 0 Protected, 2 Private variable groups
   IOHDF5
           Implements: IOHDF5
           0 Public, 0 Protected, 0 Private variable groups
   IOHDF5Util
           Implements: IOHDF5Util
           Inherits:     IO
           0 Public, 0 Protected, 0 Private variable groups
   IOUtil
           Implements: IO
           0 Public, 0 Protected, 0 Private variable groups
   InitBase
           Implements: InitBase
           0 Public, 0 Protected, 0 Private variable groups
   InnerCore
           Implements: InnerCore
           Inherits:   HydroBase ADMBase GRHydro Coordinates
           0 Public, 0 Protected, 6 Private variable groups
   InterpToArray
           Implements: InterpToArray
           7 Public, 0 Protected, 0 Private variable groups
   InterpToArrayOutput
           Implements: InterpToArrayOutput
           Inherits:   InterpToArray
           0 Public, 0 Protected, 0 Private variable groups
   Interpolate2
           Implements: Interpolate
           Inherits:   Coordinates grid
           1 Public, 0 Protected, 1 Private variable groups
   KerrSchild
           Implements: KerrSchild
           Inherits:     admbase Grid GenericFD Boundary
           0 Public, 0 Protected, 0 Private variable groups
   LAPACK
           Implements: LAPACK
           0 Public, 0 Protected, 0 Private variable groups
   LORENE
           Implements: LORENE
           0 Public, 0 Protected, 0 Private variable groups
   LegoExcision
           Implements: legoexcision
           Inherits:   spacemask  grid
           0 Public, 0 Protected, 0 Private variable groups
   LocalInterp
           Implements: LocalInterp
           0 Public, 0 Protected, 0 Private variable groups
   LocalReduce
           Implements: LocalReduce
           0 Public, 0 Protected, 0 Private variable groups
   LoopControl
           Implements: LoopControl
           Inherits:   CycleClock
           0 Public, 0 Protected, 0 Private variable groups
   ML_ADMConstraints
           Implements: ML_ADMConstraints
           Inherits:     ADMBase TmunuBase Grid GenericFD Boundary
           2 Public, 0 Protected, 0 Private variable groups
   ML_ADMQuantities
           Implements: ML_ADMQuantities
           Inherits:     ADMBase ML_BSSN TmunuBase Grid GenericFD Boundary
           2 Public, 0 Protected, 0 Private variable groups
   ML_BSSN
           Implements: ML_BSSN
           Inherits:     ADMBase TmunuBase Grid GenericFD Boundary
           23 Public, 0 Protected, 0 Private variable groups
   ML_BSSN_Helper
           Implements: ML_BSSN_Helper
           Inherits:   ADMBase CoordGauge ML_BSSN
           0 Public, 0 Protected, 0 Private variable groups
   ML_BSSN_Test
           Implements: ML_BSSN_Test
           0 Public, 0 Protected, 0 Private variable groups
   ML_CCZ4
           Implements: ML_CCZ4
           Inherits:     ADMBase TmunuBase Grid GenericFD Boundary
           25 Public, 0 Protected, 0 Private variable groups
   ML_CCZ4_Helper
           Implements: ML_CCZ4_Helper
           Inherits:   ADMBase CoordGauge ML_CCZ4
           0 Public, 0 Protected, 0 Private variable groups
   ML_CCZ4_Test
           Implements: ML_BSSN_Test
           0 Public, 0 Protected, 0 Private variable groups
   ML_WaveToy
           Implements: ML_WaveToy
           Inherits:     Grid GenericFD Boundary
           5 Public, 0 Protected, 0 Private variable groups
   ML_WaveToy_Test
           Implements: ML_WaveToy_Test
           0 Public, 0 Protected, 0 Private variable groups
   MPI
           Implements: MPI
           0 Public, 0 Protected, 0 Private variable groups
   Meudon_Bin_BH
           Implements: ID_Bin_BH
           Inherits:   grid SummationByParts ADMBase
           0 Public, 0 Protected, 0 Private variable groups
   Meudon_Bin_NS
           Implements: Meudon_Bin_NS
           Inherits:   grid SummationByParts ADMBase HydroBase
           0 Public, 0 Protected, 0 Private variable groups
   Meudon_Mag_NS
           Implements: ID_Mag_NS
           Inherits:   grid ADMBase HydroBase
           0 Public, 0 Protected, 0 Private variable groups
   Minkowski
           Implements: Minkowski
           Inherits:     admbase Grid GenericFD Boundary
           0 Public, 0 Protected, 0 Private variable groups
   MoL
           Implements: MethodOfLines
           0 Public, 0 Protected, 9 Private variable groups
   ModifiedSchwarzschildBL
           Implements: ModifiedSchwarzschildBL
           Inherits:     admbase Grid GenericFD Boundary
           0 Public, 0 Protected, 0 Private variable groups
   Multipole
           Implements: multipole
           Inherits:     Grid 
           1 Public, 0 Protected, 0 Private variable groups
   NPScalars
           Implements: NPScalars
           Inherits:   ADMBase 
           0 Public, 0 Protected, 2 Private variable groups
   NSTracker
           Implements: NSTracker
           Inherits:   Hydro_Analysis SphericalSurface
           0 Public, 0 Protected, 1 Private variable groups
   NaNChecker
           Implements: NaNChecker
           Inherits:   Reduce
           0 Public, 0 Protected, 2 Private variable groups
   NewRad
           Implements: NewRad
           0 Public, 0 Protected, 0 Private variable groups
   Nice
           Implements: nice
           0 Public, 0 Protected, 0 Private variable groups
   NoExcision
           Implements: NoExcision
           Inherits:   ADMBase StaticConformal grid SphericalSurface Boundary
           0 Public, 0 Protected, 16 Private variable groups
   NoMPI
           Implements: NoMPI
           0 Public, 0 Protected, 0 Private variable groups
   Noise
           Implements: Noise
           Inherits:   grid
           0 Public, 0 Protected, 0 Private variable groups
   Norms
           Implements: Norms
           0 Public, 0 Protected, 6 Private variable groups
   NullConstr
           Implements: NullConstr
           Inherits:   NullGrid NullVars NullInterp
           9 Public, 0 Protected, 0 Private variable groups
   NullDecomp
           Implements: NullDecomp
           Inherits:   NullGrid
           0 Public, 0 Protected, 2 Private variable groups
   NullEvolve
           Implements: NullEvolve
           Inherits:   NullInterp NullGrid NullVars Time 
           Friend of:  NullSHRExtract
           0 Public, 0 Protected, 7 Private variable groups
   NullExact
           Implements: NullExact
           Inherits:   NullVars NullGrid NullNews NullConstr NullInterp NullEvolve
           Friend of:  NullSHRExtract
           0 Public, 0 Protected, 37 Private variable groups
   NullGrid
           Implements: NullGrid
           10 Public, 0 Protected, 0 Private variable groups
   NullInterp
           Implements: NullInterp
           Inherits:   NullGrid
           4 Public, 0 Protected, 1 Private variable groups
   NullNews
           Implements: NullNews
           Inherits:   NullGrid NullVars NullInterp
           18 Public, 0 Protected, 8 Private variable groups
   NullPsiInt
           Implements: NullPsiInt
           Inherits:   NullVars NullGrid NullNews NullInterp NullEvolve
           3 Public, 0 Protected, 4 Private variable groups
   NullSHRExtract
           Implements: NullSHRExtract
           Inherits:   NullInterp  NullGrid  NullVars
           8 Public, 20 Protected, 27 Private variable groups
   NullVars
           Implements: NullVars
           4 Public, 0 Protected, 0 Private variable groups
   OpenSSL
           Implements: OpenSSL
           0 Public, 0 Protected, 0 Private variable groups
   Outflow
           Implements: outflow
           Inherits:   ADMBase HydroBase SphericalSurface
           0 Public, 0 Protected, 4 Private variable groups
   PAPI
           Implements: PAPI
           0 Public, 0 Protected, 0 Private variable groups
   PNSHelper
           Implements: PNSHelper
           Inherits:   TmunuBase HydroBase ADMBase grid
           0 Public, 0 Protected, 13 Private variable groups
   PNSMapper
           Implements: PNSMapper
           Inherits:   GRHydro  ADMBase  HydroBase  ZelmaniM1
           0 Public, 0 Protected, 3 Private variable groups
   PUGH
           Implements: Driver
           0 Public, 0 Protected, 0 Private variable groups
   PUGHInterp
           Implements: Interp
           0 Public, 0 Protected, 0 Private variable groups
   PUGHReduce
           Implements: Reduce
           0 Public, 0 Protected, 0 Private variable groups
   PUGHSlab
           Implements: Hyperslab
           0 Public, 0 Protected, 0 Private variable groups
   Periodic
           Implements: Periodic
           0 Public, 0 Protected, 0 Private variable groups
   PeriodicCarpet
           Implements: PeriodicCarpet
           Inherits:   grid
           0 Public, 0 Protected, 0 Private variable groups
   Psiclops
           Implements: Psiclops
           Inherits:   ADMBase CTGBase
           11 Public, 0 Protected, 0 Private variable groups
   PunctureStar
           Implements: PunctureStar
           Inherits:   ADMBase grid HydroBase GRHydro
           0 Public, 0 Protected, 1 Private variable groups
   PunctureTracker
           Implements: PunctureTracker
           Inherits:   ADMBase CarpetRegrid2 SphericalSurface
           0 Public, 0 Protected, 3 Private variable groups
   QuasiLocalMeasures
           Implements: QuasiLocalMeasures
           Inherits:   ADMBase SphericalSurface TmunuBase
           0 Public, 0 Protected, 23 Private variable groups
   RNSPerturb
           Implements: RNSPerturb
           Inherits:   HydroBase grid grhydro
           0 Public, 0 Protected, 0 Private variable groups
   ReadInterpolate
           Implements: ReadInterpolate
           Inherits:   grid
           0 Public, 0 Protected, 3 Private variable groups
   ReductionTest
           Implements: ReductionTest
           Inherits:   grid coordbase coordinates
           0 Public, 0 Protected, 4 Private variable groups
   ReflectionSymmetry
           Implements: ReflectionSymmetry
           0 Public, 0 Protected, 0 Private variable groups
   Refluxing
           Implements: Refluxing
           Inherits:   GRHydro
           0 Public, 0 Protected, 13 Private variable groups
   Replay
           Implements: Replay
           Inherits:   CarpetRegrid2 ADMBase HydroBase
           0 Public, 0 Protected, 29 Private variable groups
   Requirements
           Implements: Requirements
           0 Public, 0 Protected, 0 Private variable groups
   RotatingDBHIVP
           Implements: rotatingdbhivp
           Inherits:   ADMBase grid StaticConformal
           0 Public, 0 Protected, 2 Private variable groups
   RotatingSymmetry180
           Implements: RotatingSymmetry180
           0 Public, 0 Protected, 0 Private variable groups
   RotatingSymmetry90
           Implements: RotatingSymmetry90
           0 Public, 0 Protected, 0 Private variable groups
   SOPP
           Implements: SOPP
           0 Public, 0 Protected, 0 Private variable groups
   SXSReadRNS
           Implements: SXSReadRNS
           Inherits:   HydroBase GRHydro ADMBase TGRTensor 
           Friend of:  GRHydro
           0 Public, 0 Protected, 0 Private variable groups
   SetMask_SphericalSurface
           Implements: SetMask_SphericalSurface
           Inherits:   HydroBase SphericalSurface
           0 Public, 0 Protected, 0 Private variable groups
   ShearingBox
           Implements: ShearingBox
           Inherits:   GRHydro grid EOS_Omni
           14 Public, 0 Protected, 0 Private variable groups
   ShiftedGaugeWave
           Implements: ShiftedGaugeWave
           Inherits:     admbase Grid GenericFD Boundary
           0 Public, 0 Protected, 0 Private variable groups
   Slab
           Implements: Slab
           0 Public, 0 Protected, 0 Private variable groups
   SlabTest
           Implements: SlabTest
           Inherits:   Slab
           0 Public, 0 Protected, 6 Private variable groups
   SmoothedPuncture
           Implements: smoothedpuncture
           Inherits:   ADMBase  StaticConformal  Grid
           0 Public, 0 Protected, 0 Private variable groups
   Socket
           Implements: Socket
           0 Public, 0 Protected, 0 Private variable groups
   SpaceMask
           Implements: SpaceMask
           Inherits:   grid
           2 Public, 0 Protected, 0 Private variable groups
   Sphere
           Implements: Sphere
           0 Public, 0 Protected, 0 Private variable groups
   SphericalHarmonicDecomp
           Implements: SphericalHarmonicDecomp
           0 Public, 0 Protected, 0 Private variable groups
   SphericalHarmonicRecon
           Implements: SphericalHarmonicRecon
           0 Public, 0 Protected, 0 Private variable groups
   SphericalHarmonicReconGen
           Implements: SphericalHarmonicReconGen
           0 Public, 0 Protected, 0 Private variable groups
   SphericalSlice
           Implements: SphericalSlice
           Inherits:   grid
           5 Public, 0 Protected, 2 Private variable groups
   SphericalSurface
           Implements: SphericalSurface
           Inherits:   grid
           9 Public, 0 Protected, 1 Private variable groups
   StaticConformal
           Implements: StaticConformal
           Inherits:   grid
           4 Public, 0 Protected, 0 Private variable groups
   SummationByParts
           Implements: SummationByParts
           2 Public, 0 Protected, 0 Private variable groups
   SymBase
           Implements: SymBase
           0 Public, 0 Protected, 0 Private variable groups
   SystemStatistics
           Implements: SystemStatistics
           0 Public, 0 Protected, 3 Private variable groups
   TATelliptic
           Implements: TATelliptic
           0 Public, 0 Protected, 0 Private variable groups
   TGRtensor
           Implements: TGRtensor
           0 Public, 0 Protected, 0 Private variable groups
   TOVSolver
           Implements: TOVSolver
           Inherits:   ADMBase  HydroBase  Constants  StaticConformal
           0 Public, 0 Protected, 0 Private variable groups
   TOVSolverHot
           Implements: TOVSolverHot
           Inherits:   GRHydro  Constants
           0 Public, 0 Protected, 0 Private variable groups
   TensorTypes
           Implements: TensorTypes
           0 Public, 0 Protected, 0 Private variable groups
   TerminationTrigger
           Implements: TerminationTrigger
           0 Public, 0 Protected, 1 Private variable groups
   TestArrays
           Implements: Arrays
           0 Public, 0 Protected, 35 Private variable groups
   TestComplex
           Implements: testcomplex
           0 Public, 0 Protected, 6 Private variable groups
   TestCoordinates
           Implements: testgrid
           0 Public, 0 Protected, 2 Private variable groups
   TestFortranCrayPointers
           Implements: TestFortranCrayPointers
           0 Public, 0 Protected, 0 Private variable groups
   TestFortranDependencies1
           Implements: TestFortranDependencies1
           0 Public, 0 Protected, 0 Private variable groups
   TestFortranDependencies2
           Implements: TestFortranDependencies2
           0 Public, 0 Protected, 0 Private variable groups
   TestFpointerNULL
           Implements: TestFpointerNULL
           0 Public, 0 Protected, 2 Private variable groups
   TestFreeF90
           Implements: TestFreeF90
           0 Public, 0 Protected, 0 Private variable groups
   TestGlobalReduce
           Implements: testglobalreduce
           Inherits:   grid
           10 Public, 0 Protected, 0 Private variable groups
   TestInclude1
           Implements: include1
           0 Public, 0 Protected, 0 Private variable groups
   TestInclude2
           Implements: include2
           0 Public, 0 Protected, 0 Private variable groups
   TestLocalReduce
           Implements: TestLocalReduce
           2 Public, 0 Protected, 0 Private variable groups
   TestLoop
           Implements: TestLoop
           Inherits:   grid
           0 Public, 0 Protected, 3 Private variable groups
   TestMath
           Implements: TestMath
           0 Public, 0 Protected, 0 Private variable groups
   TestPar
           Implements: TestPar
           0 Public, 0 Protected, 0 Private variable groups
   TestReduce
           Implements: testreduce
           0 Public, 0 Protected, 8 Private variable groups
   TestSchedule
           Implements: TestSchedule
           0 Public, 0 Protected, 0 Private variable groups
   TestStrings
           Implements: teststrings
           0 Public, 0 Protected, 0 Private variable groups
   TestTable
           Implements: TestTable
           0 Public, 0 Protected, 0 Private variable groups
   TestTimers
           Implements: testtimers
           0 Public, 0 Protected, 0 Private variable groups
   TestTypes
           Implements: TestTypes
           0 Public, 0 Protected, 11 Private variable groups
   Time
           Implements: time
           1 Public, 0 Protected, 1 Private variable groups
   TimerReport
           Implements: timerreport
           0 Public, 0 Protected, 0 Private variable groups
   Timers
           Implements: Timers
           0 Public, 0 Protected, 0 Private variable groups
   TmunuBase
           Implements: TmunuBase
           Inherits:   ADMBase StaticConformal
           Friend of:  ADMCoupling
           4 Public, 4 Protected, 0 Private variable groups
   Trigger
           Implements: trigger
           Inherits:   IO
           0 Public, 0 Protected, 1 Private variable groups
   TriggerTerminationManual
           Implements: TriggerTerminationManual
           0 Public, 0 Protected, 1 Private variable groups
   TwoPunctures
           Implements: TwoPunctures
           Inherits:   ADMBase StaticConformal grid
           2 Public, 0 Protected, 3 Private variable groups
   Vaidya2
           Implements: Vaidya2
           Inherits:     admbase Grid GenericFD Boundary
           0 Public, 0 Protected, 0 Private variable groups
   Vectors
           Implements: Vectors
           0 Public, 0 Protected, 0 Private variable groups
   WaveBinarySource
           Implements: binarysource
           Inherits:   wavetoy grid
           0 Public, 0 Protected, 0 Private variable groups
   WaveExtractL
           Implements: WaveExtractL
           Inherits:   grid admbase staticconformal io sphericalsurface
           0 Public, 0 Protected, 15 Private variable groups
   WaveToyC
           Implements: wavetoy
           Inherits:   grid
           1 Public, 0 Protected, 0 Private variable groups
   WaveToyCXX
           Implements: wavetoy
           Inherits:   grid
           1 Public, 0 Protected, 0 Private variable groups
   WaveToyExtra
           Implements: wavetoyextra
           Inherits:   wavetoy
           0 Public, 0 Protected, 0 Private variable groups
   WaveToyF77
           Implements: wavetoy
           Inherits:   grid
           1 Public, 0 Protected, 0 Private variable groups
   WaveToyF90
           Implements: wavetoy
           Inherits:   grid
           1 Public, 0 Protected, 0 Private variable groups
   WaveToyFreeF90
           Implements: wavetoy
           Inherits:   grid
           1 Public, 0 Protected, 0 Private variable groups
   WaveToyMoL
           Implements: WaveToyMoL
           Inherits:   grid
           1 Public, 0 Protected, 2 Private variable groups
   WeylScal4
           Implements: WeylScal4
           Inherits:     admbase methodoflines Grid GenericFD Boundary
           18 Public, 0 Protected, 0 Private variable groups
   Whisky_RNSID
           Implements: rnsid
           Inherits:   ADMBase  GRHydro  EOS_Omni
           0 Public, 0 Protected, 1 Private variable groups
   WorldTube
           Implements: WorldTube
           Inherits:   SphericalSlice ADMBase
           1 Public, 0 Protected, 0 Private variable groups
   ZelmaniAnalysis
           Implements: ZelmaniAnalysis
           Inherits:   GRHydro ADMBase TGRtensor Coordinates EOS_Omni
           Friend of:  GRHydro
           0 Public, 0 Protected, 29 Private variable groups
   ZelmaniCoMShift
           Implements: ZelmaniCoMShift
           Inherits:   GRHydro Grid ADMBase
           Friend of:  GRHydro
           3 Public, 0 Protected, 0 Private variable groups
   ZelmaniEOS_Ideal_Fluid
           Implements: EOS_Ideal_Fluid
           Inherits:   EOS_Base
           0 Public, 0 Protected, 0 Private variable groups
   ZelmaniHybridCool
           Implements: ZelmaniHybridCool
           Inherits:   ADMBase HydroBase CoreCollapseControl GRHydro EOS_Omni
           0 Public, 0 Protected, 2 Private variable groups
   ZelmaniLeak
           Implements: ZelmaniLeak
           Inherits:   HydroBase ADMBase TmunuBase GRHydro CoreCollapseControl
           0 Public, 0 Protected, 14 Private variable groups
   ZelmaniM1
           Implements: ZelmaniM1
           Inherits:   TmunuBase HydroBase ADMBase Boundary EOS_Omni GRHydro Coordinates
           0 Public, 0 Protected, 27 Private variable groups
   ZelmaniProfiling
           Implements: ZelmaniProfiling
           0 Public, 0 Protected, 0 Private variable groups
   ZelmaniQuadWaveExtract
           Implements: ZelmaniQuadWaveExtract
           Inherits:   HydroBase Reduce Grid Driver ADMBase Coordinates
           1 Public, 0 Protected, 5 Private variable groups
   ZelmaniSGRPerturb
           Implements: ZelmaniSGRPerturb
           Inherits:   GRHydro EOS_Ideal_Fluid ADMBase
           Friend of:  GRHydro
           0 Public, 0 Protected, 5 Private variable groups
   ZelmaniShockTracker
           Implements: ZelmaniShockTracker
           Inherits:   HydroBase CarpetRegrid2 CoreCollapseControl
           0 Public, 0 Protected, 5 Private variable groups
   ZelmaniShockTracker2
           Implements: ZelmaniShockTracker2
           Inherits:   HydroBase CarpetRegrid2 CoreCollapseControl
           0 Public, 0 Protected, 10 Private variable groups
   ZelmaniStarMapper
           Implements: ZelmaniStarMapper
           Inherits:   GRHydro  ADMBase  HydroBase
           Friend of:  ADMCoupling
           0 Public, 0 Protected, 1 Private variable groups
   ZelmaniTOV
           Implements: ZelmaniTOV
           Inherits:   ADMBase  StaticConformal  GRHydro  Constants
           Friend of:  ADMCoupling
           0 Public, 0 Protected, 0 Private variable groups
   ZelmaniTracers
           Implements: ZelmaniTracers
           Inherits:   HydroBase
           0 Public, 0 Protected, 1 Private variable groups
   ZelmaniWizard
           Implements: ZelmaniWizard
           0 Public, 0 Protected, 0 Private variable groups
   ZerilliIEF
           Implements: ZerilliIEF
           Inherits:   ADMBase  Sphere
           0 Public, 0 Protected, 1 Private variable groups
   hwloc
           Implements: hwloc
           0 Public, 0 Protected, 0 Private variable groups
   libjpeg
           Implements: libjpeg
           0 Public, 0 Protected, 0 Private variable groups
   zlib
           Implements: zlib
           0 Public, 0 Protected, 0 Private variable groups
Parsing parameter files...
   ADM
          0 Global, 4 Restricted, 18 Private parameters
   ADMAnalysis
          0 Global, 0 Restricted, 4 Private parameters
   ADMBase
          0 Global, 18 Restricted, 0 Private parameters
   ADMConstraints
          0 Global, 0 Restricted, 11 Private parameters
   ADMCoupling
          0 Global, 0 Restricted, 0 Private parameters
   ADMDerivatives
          0 Global, 0 Restricted, 6 Private parameters
   ADMMacros
          0 Global, 1 Restricted, 0 Private parameters
   ADMMass
          0 Global, 0 Restricted, 17 Private parameters
   AEILocalInterp
          0 Global, 0 Restricted, 1 Private parameters
   AHFinder
          0 Global, 2 Restricted, 87 Private parameters
   AHFinderDirect
          0 Global, 0 Restricted, 154 Private parameters
   AMRToy
          0 Global, 0 Restricted, 3 Private parameters
   BLAS
          0 Global, 0 Restricted, 0 Private parameters
   Boundary
          0 Global, 8 Restricted, 0 Private parameters
   CCCCGlobalModes
          0 Global, 0 Restricted, 17 Private parameters
   CCCCImportCoCoNuT1D
          0 Global, 0 Restricted, 4 Private parameters
   CTGBase
          0 Global, 6 Restricted, 6 Private parameters
   CTGConstraints
          0 Global, 0 Restricted, 3 Private parameters
   CTGEvolution
          0 Global, 1 Restricted, 10 Private parameters
   CTGGauge
          0 Global, 16 Restricted, 0 Private parameters
   CTGMatter
          0 Global, 0 Restricted, 1 Private parameters
   CTGRadiativeBC
          0 Global, 2 Restricted, 0 Private parameters
   Cactus
          0 Global, 6 Restricted, 16 Private parameters
   CalcK
          0 Global, 0 Restricted, 6 Private parameters
   CarbuncleTest
          0 Global, 0 Restricted, 11 Private parameters
   Carpet
          0 Global, 4 Restricted, 93 Private parameters
   CarpetBoxRefine
          0 Global, 0 Restricted, 14 Private parameters
   CarpetEvolutionMask
          0 Global, 0 Restricted, 6 Private parameters
   CarpetIOASCII
          0 Global, 0 Restricted, 64 Private parameters
   CarpetIOBasic
          0 Global, 0 Restricted, 15 Private parameters
   CarpetIOHDF5
          0 Global, 0 Restricted, 76 Private parameters
   CarpetIOScalar
          0 Global, 0 Restricted, 9 Private parameters
   CarpetInterp
          0 Global, 0 Restricted, 5 Private parameters
   CarpetInterp2
          0 Global, 0 Restricted, 2 Private parameters
   CarpetLib
          0 Global, 5 Restricted, 30 Private parameters
   CarpetMask
          0 Global, 0 Restricted, 8 Private parameters
   CarpetProlongateTest
          0 Global, 0 Restricted, 16 Private parameters
   CarpetReduce
          0 Global, 0 Restricted, 2 Private parameters
   CarpetRegrid
          0 Global, 5 Restricted, 65 Private parameters
   CarpetRegrid2
          0 Global, 0 Restricted, 133 Private parameters
   CarpetRegridOnce
          0 Global, 0 Restricted, 5 Private parameters
   CarpetRhoRegrid
          0 Global, 0 Restricted, 3 Private parameters
   CarpetSlab
          0 Global, 0 Restricted, 0 Private parameters
   CarpetTest
          0 Global, 0 Restricted, 7 Private parameters
   CarpetTracker
          0 Global, 0 Restricted, 3 Private parameters
   CartGrid3D
          0 Global, 23 Restricted, 10 Private parameters
   CartesianCoordinates
          0 Global, 1 Restricted, 4 Private parameters
   Cartoon2D
          0 Global, 0 Restricted, 12 Private parameters
   CheapExcision
          0 Global, 1 Restricted, 0 Private parameters
   CoMCheck
          0 Global, 0 Restricted, 12 Private parameters
   Constants
          0 Global, 0 Restricted, 0 Private parameters
   CoordBase
          0 Global, 0 Restricted, 44 Private parameters
   CoordGauge
          0 Global, 2 Restricted, 1 Private parameters
   Coordinates
          0 Global, 1 Restricted, 67 Private parameters
   CoreCollapseControl
          0 Global, 0 Restricted, 47 Private parameters
   CoreDoc
          0 Global, 0 Restricted, 0 Private parameters
   CycleClock
          0 Global, 0 Restricted, 1 Private parameters
   Dissipation
          0 Global, 18 Restricted, 0 Private parameters
   DistortedBHIVP
          0 Global, 0 Restricted, 11 Private parameters
   DriftCorrectCoM
          0 Global, 0 Restricted, 17 Private parameters
   EHFinder
          0 Global, 3 Restricted, 56 Private parameters
   EOS_Base
          0 Global, 0 Restricted, 0 Private parameters
   EOS_Hybrid
          0 Global, 3 Restricted, 0 Private parameters
   EOS_IdealFluid
          0 Global, 1 Restricted, 0 Private parameters
   EOS_Omni
          0 Global, 24 Restricted, 0 Private parameters
   EOS_Polytrope
          0 Global, 4 Restricted, 0 Private parameters
   EinsteinExact_Test
          0 Global, 0 Restricted, 0 Private parameters
   EllBase
          0 Global, 1 Restricted, 0 Private parameters
   EllSOR
          0 Global, 0 Restricted, 0 Private parameters
   Exact
          0 Global, 93 Restricted, 19 Private parameters
   Extract
          0 Global, 0 Restricted, 30 Private parameters
   FFTW3
          0 Global, 0 Restricted, 0 Private parameters
   Formaline
          0 Global, 0 Restricted, 26 Private parameters
   Fortran
          0 Global, 0 Restricted, 1 Private parameters
   GRHydro
          0 Global, 127 Restricted, 2 Private parameters
   GRHydro_IVP
          0 Global, 0 Restricted, 9 Private parameters
   GRHydro_InitData
          0 Global, 0 Restricted, 98 Private parameters
   GSL
          0 Global, 0 Restricted, 0 Private parameters
   GaugeWave
          0 Global, 26 Restricted, 0 Private parameters
   GenericFD
          0 Global, 9 Restricted, 0 Private parameters
   GlobalDerivative
          0 Global, 4 Restricted, 0 Private parameters
   HDF5
          0 Global, 0 Restricted, 0 Private parameters
   HTTPD
          0 Global, 0 Restricted, 22 Private parameters
   HTTPDExtra
          0 Global, 0 Restricted, 1 Private parameters
   HydroAtmosphere
          0 Global, 0 Restricted, 1 Private parameters
   HydroBase
          0 Global, 15 Restricted, 0 Private parameters
   Hydro_Analysis
          0 Global, 0 Restricted, 15 Private parameters
   Hydro_InitExcision
          0 Global, 11 Restricted, 0 Private parameters
   IDAnalyticBH
          0 Global, 0 Restricted, 23 Private parameters
   IDAxiBrillBH
          0 Global, 0 Restricted, 20 Private parameters
   IDAxiOddBrillBH
          0 Global, 0 Restricted, 17 Private parameters
   IDBrillData
          0 Global, 0 Restricted, 31 Private parameters
   IDConstraintViolate
          0 Global, 0 Restricted, 3 Private parameters
   IDFileADM
          0 Global, 0 Restricted, 0 Private parameters
   IDLinearWaves
          0 Global, 0 Restricted, 11 Private parameters
   IDScalarWave
          0 Global, 1 Restricted, 6 Private parameters
   IDScalarWaveC
          0 Global, 1 Restricted, 6 Private parameters
   IDScalarWaveCXX
          0 Global, 1 Restricted, 6 Private parameters
   IDScalarWaveElliptic
          0 Global, 0 Restricted, 5 Private parameters
   IDScalarWaveMoL
          0 Global, 0 Restricted, 10 Private parameters
   IOASCII
          0 Global, 0 Restricted, 35 Private parameters
   IOBasic
          0 Global, 0 Restricted, 13 Private parameters
   IOHDF5
          0 Global, 0 Restricted, 5 Private parameters
   IOHDF5Util
          0 Global, 0 Restricted, 1 Private parameters
   IOUtil
          0 Global, 57 Restricted, 2 Private parameters
   InitBase
          0 Global, 1 Restricted, 0 Private parameters
   InnerCore
          0 Global, 0 Restricted, 6 Private parameters
   InterpToArray
          0 Global, 93 Restricted, 0 Private parameters
   InterpToArrayOutput
          0 Global, 0 Restricted, 0 Private parameters
   Interpolate2
          0 Global, 0 Restricted, 10 Private parameters
   KerrSchild
          0 Global, 26 Restricted, 0 Private parameters
   LAPACK
          0 Global, 0 Restricted, 0 Private parameters
   LORENE
          0 Global, 0 Restricted, 0 Private parameters
   LegoExcision
          0 Global, 0 Restricted, 11 Private parameters
   LocalInterp
          0 Global, 0 Restricted, 0 Private parameters
   LocalReduce
          0 Global, 0 Restricted, 0 Private parameters
   LoopControl
          0 Global, 0 Restricted, 20 Private parameters
   ML_ADMConstraints
          0 Global, 8 Restricted, 0 Private parameters
   ML_ADMQuantities
          0 Global, 9 Restricted, 0 Private parameters
   ML_BSSN
          0 Global, 63 Restricted, 140 Private parameters
   ML_BSSN_Helper
          0 Global, 0 Restricted, 1 Private parameters
   ML_BSSN_Test
          0 Global, 0 Restricted, 0 Private parameters
   ML_CCZ4
          0 Global, 66 Restricted, 148 Private parameters
   ML_CCZ4_Helper
          0 Global, 0 Restricted, 1 Private parameters
   ML_CCZ4_Test
          0 Global, 0 Restricted, 0 Private parameters
   ML_WaveToy
          0 Global, 20 Restricted, 17 Private parameters
   ML_WaveToy_Test
          0 Global, 0 Restricted, 0 Private parameters
   MPI
          0 Global, 0 Restricted, 0 Private parameters
   Meudon_Bin_BH
          0 Global, 0 Restricted, 1 Private parameters
   Meudon_Bin_NS
          0 Global, 0 Restricted, 1 Private parameters
   Meudon_Mag_NS
          0 Global, 0 Restricted, 1 Private parameters
   Minkowski
          0 Global, 24 Restricted, 0 Private parameters
   MoL
          0 Global, 19 Restricted, 27 Private parameters
   ModifiedSchwarzschildBL
          0 Global, 26 Restricted, 0 Private parameters
   Multipole
          0 Global, 25 Restricted, 0 Private parameters
   NPScalars
          0 Global, 0 Restricted, 17 Private parameters
   NSTracker
          0 Global, 0 Restricted, 8 Private parameters
   NaNChecker
          0 Global, 0 Restricted, 10 Private parameters
   NewRad
          0 Global, 0 Restricted, 0 Private parameters
   Nice
          0 Global, 0 Restricted, 1 Private parameters
   NoExcision
          0 Global, 0 Restricted, 27 Private parameters
   NoMPI
          0 Global, 0 Restricted, 0 Private parameters
   Noise
          0 Global, 0 Restricted, 7 Private parameters
   Norms
          0 Global, 0 Restricted, 4 Private parameters
   NullConstr
          0 Global, 1 Restricted, 0 Private parameters
   NullDecomp
          0 Global, 1 Restricted, 2 Private parameters
   NullEvolve
          0 Global, 15 Restricted, 31 Private parameters
   NullExact
          0 Global, 4 Restricted, 14 Private parameters
   NullGrid
          0 Global, 8 Restricted, 0 Private parameters
   NullInterp
          0 Global, 3 Restricted, 7 Private parameters
   NullNews
          0 Global, 1 Restricted, 21 Private parameters
   NullPsiInt
          0 Global, 2 Restricted, 1 Private parameters
   NullSHRExtract
          0 Global, 4 Restricted, 14 Private parameters
   NullVars
          0 Global, 0 Restricted, 0 Private parameters
   OpenSSL
          0 Global, 0 Restricted, 0 Private parameters
   Outflow
          0 Global, 0 Restricted, 18 Private parameters
   PAPI
          0 Global, 0 Restricted, 10 Private parameters
   PNSHelper
          0 Global, 1 Restricted, 17 Private parameters
   PNSMapper
          0 Global, 0 Restricted, 8 Private parameters
   PUGH
          0 Global, 4 Restricted, 55 Private parameters
   PUGHInterp
          0 Global, 0 Restricted, 0 Private parameters
   PUGHReduce
          0 Global, 0 Restricted, 0 Private parameters
   PUGHSlab
          0 Global, 0 Restricted, 0 Private parameters
   Periodic
          0 Global, 0 Restricted, 8 Private parameters
   PeriodicCarpet
          0 Global, 0 Restricted, 5 Private parameters
   Psiclops
          0 Global, 0 Restricted, 17 Private parameters
   PunctureStar
          0 Global, 18 Restricted, 0 Private parameters
   PunctureTracker
          0 Global, 0 Restricted, 10 Private parameters
   QuasiLocalMeasures
          0 Global, 0 Restricted, 13 Private parameters
   RNSPerturb
          0 Global, 0 Restricted, 6 Private parameters
   ReadInterpolate
          0 Global, 0 Restricted, 10 Private parameters
   ReductionTest
          0 Global, 0 Restricted, 8 Private parameters
   ReflectionSymmetry
          0 Global, 0 Restricted, 13 Private parameters
   Refluxing
          0 Global, 0 Restricted, 19 Private parameters
   Replay
          0 Global, 0 Restricted, 16 Private parameters
   Requirements
          0 Global, 0 Restricted, 5 Private parameters
   RotatingDBHIVP
          0 Global, 0 Restricted, 13 Private parameters
   RotatingSymmetry180
          0 Global, 0 Restricted, 8 Private parameters
   RotatingSymmetry90
          0 Global, 0 Restricted, 4 Private parameters
   SOPP
          0 Global, 0 Restricted, 5 Private parameters
   SXSReadRNS
          0 Global, 0 Restricted, 9 Private parameters
   SetMask_SphericalSurface
          0 Global, 0 Restricted, 4 Private parameters
   ShearingBox
          0 Global, 0 Restricted, 1 Private parameters
   ShiftedGaugeWave
          0 Global, 26 Restricted, 0 Private parameters
   Slab
          0 Global, 0 Restricted, 2 Private parameters
   SlabTest
          0 Global, 0 Restricted, 0 Private parameters
   SmoothedPuncture
          0 Global, 0 Restricted, 3 Private parameters
   Socket
          0 Global, 0 Restricted, 0 Private parameters
   SpaceMask
          0 Global, 2 Restricted, 0 Private parameters
   Sphere
          0 Global, 8 Restricted, 0 Private parameters
   SphericalHarmonicDecomp
          0 Global, 0 Restricted, 18 Private parameters
   SphericalHarmonicRecon
          0 Global, 0 Restricted, 10 Private parameters
   SphericalHarmonicReconGen
          0 Global, 0 Restricted, 38 Private parameters
   SphericalSlice
          0 Global, 22 Restricted, 0 Private parameters
   SphericalSurface
          0 Global, 15 Restricted, 9 Private parameters
   StaticConformal
          0 Global, 1 Restricted, 0 Private parameters
   SummationByParts
          0 Global, 23 Restricted, 0 Private parameters
   SymBase
          0 Global, 0 Restricted, 1 Private parameters
   SystemStatistics
          0 Global, 0 Restricted, 0 Private parameters
   TATelliptic
          0 Global, 0 Restricted, 0 Private parameters
   TGRtensor
          0 Global, 0 Restricted, 0 Private parameters
   TOVSolver
          0 Global, 0 Restricted, 27 Private parameters
   TOVSolverHot
          0 Global, 0 Restricted, 38 Private parameters
   TensorTypes
          0 Global, 0 Restricted, 0 Private parameters
   TerminationTrigger
          0 Global, 0 Restricted, 7 Private parameters
   TestArrays
          0 Global, 0 Restricted, 20 Private parameters
   TestComplex
          0 Global, 0 Restricted, 3 Private parameters
   TestCoordinates
          0 Global, 2 Restricted, 0 Private parameters
   TestFortranCrayPointers
          0 Global, 0 Restricted, 0 Private parameters
   TestFortranDependencies1
          0 Global, 0 Restricted, 0 Private parameters
   TestFortranDependencies2
          0 Global, 0 Restricted, 0 Private parameters
   TestFpointerNULL
          0 Global, 0 Restricted, 0 Private parameters
   TestFreeF90
          0 Global, 0 Restricted, 0 Private parameters
   TestGlobalReduce
          0 Global, 0 Restricted, 11 Private parameters
   TestInclude1
          0 Global, 0 Restricted, 0 Private parameters
   TestInclude2
          0 Global, 0 Restricted, 0 Private parameters
   TestLocalReduce
          0 Global, 0 Restricted, 3 Private parameters
   TestLoop
          0 Global, 0 Restricted, 0 Private parameters
   TestMath
          0 Global, 0 Restricted, 0 Private parameters
   TestPar
          0 Global, 0 Restricted, 16 Private parameters
   TestReduce
          0 Global, 0 Restricted, 0 Private parameters
   TestSchedule
          0 Global, 0 Restricted, 0 Private parameters
   TestStrings
          0 Global, 0 Restricted, 0 Private parameters
   TestTable
          0 Global, 0 Restricted, 0 Private parameters
   TestTimers
          0 Global, 0 Restricted, 1 Private parameters
   TestTypes
          0 Global, 0 Restricted, 4 Private parameters
   Time
          0 Global, 2 Restricted, 5 Private parameters
   TimerReport
          0 Global, 0 Restricted, 11 Private parameters
   Timers
          0 Global, 0 Restricted, 6 Private parameters
   TmunuBase
          0 Global, 2 Restricted, 3 Private parameters
   Trigger
          0 Global, 0 Restricted, 17 Private parameters
   TriggerTerminationManual
          0 Global, 0 Restricted, 6 Private parameters
   TwoPunctures
          0 Global, 33 Restricted, 0 Private parameters
   Vaidya2
          0 Global, 26 Restricted, 0 Private parameters
   Vectors
          0 Global, 0 Restricted, 1 Private parameters
   WaveBinarySource
          0 Global, 0 Restricted, 5 Private parameters
   WaveExtractL
          0 Global, 0 Restricted, 53 Private parameters
   WaveToyC
          0 Global, 1 Restricted, 0 Private parameters
   WaveToyCXX
          0 Global, 1 Restricted, 0 Private parameters
   WaveToyExtra
          0 Global, 0 Restricted, 2 Private parameters
   WaveToyF77
          0 Global, 1 Restricted, 0 Private parameters
   WaveToyF90
          0 Global, 1 Restricted, 0 Private parameters
   WaveToyFreeF90
          0 Global, 1 Restricted, 0 Private parameters
   WaveToyMoL
          0 Global, 1 Restricted, 3 Private parameters
   WeylScal4
          0 Global, 29 Restricted, 3 Private parameters
   Whisky_RNSID
          0 Global, 0 Restricted, 25 Private parameters
   WorldTube
          0 Global, 0 Restricted, 8 Private parameters
   ZelmaniAnalysis
          0 Global, 0 Restricted, 6 Private parameters
   ZelmaniCoMShift
          0 Global, 0 Restricted, 7 Private parameters
   ZelmaniEOS_Ideal_Fluid
          0 Global, 1 Restricted, 0 Private parameters
   ZelmaniHybridCool
          0 Global, 0 Restricted, 4 Private parameters
   ZelmaniLeak
          0 Global, 1 Restricted, 33 Private parameters
   ZelmaniM1
          0 Global, 42 Restricted, 0 Private parameters
   ZelmaniProfiling
          0 Global, 0 Restricted, 0 Private parameters
   ZelmaniQuadWaveExtract
          0 Global, 0 Restricted, 7 Private parameters
   ZelmaniSGRPerturb
          0 Global, 0 Restricted, 12 Private parameters
   ZelmaniShockTracker
          0 Global, 0 Restricted, 24 Private parameters
   ZelmaniShockTracker2
          0 Global, 0 Restricted, 33 Private parameters
   ZelmaniStarMapper
          0 Global, 0 Restricted, 24 Private parameters
   ZelmaniTOV
          0 Global, 0 Restricted, 36 Private parameters
   ZelmaniTracers
          0 Global, 0 Restricted, 18 Private parameters
   ZelmaniWizard
          0 Global, 0 Restricted, 2 Private parameters
   ZerilliIEF
          0 Global, 0 Restricted, 13 Private parameters
   hwloc
          0 Global, 0 Restricted, 1 Private parameters
   libjpeg
          0 Global, 0 Restricted, 0 Private parameters
   zlib
          0 Global, 0 Restricted, 0 Private parameters
Parsing schedule files...
   ADM
          16 schedule blocks.
   ADMAnalysis
          15 schedule blocks.
   ADMBase
          25 schedule blocks.
   ADMConstraints
          13 schedule blocks.
   ADMCoupling
          0 schedule blocks.
   ADMDerivatives
          7 schedule blocks.
   ADMMacros
          1 schedule blocks.
   ADMMass
          10 schedule blocks.
   AEILocalInterp
          1 schedule blocks.
   AHFinder
          7 schedule blocks.
   AHFinderDirect
          34 schedule blocks.
   AMRToy
          2 schedule blocks.
   BLAS
          0 schedule blocks.
   Boundary
          6 schedule blocks.
   CCCCGlobalModes
          10 schedule blocks.
   CCCCImportCoCoNuT1D
          1 schedule blocks.
   CTGBase
          19 schedule blocks.
   CTGConstraints
          13 schedule blocks.
   CTGEvolution
          15 schedule blocks.
   CTGGauge
          40 schedule blocks.
   CTGMatter
          3 schedule blocks.
   CTGRadiativeBC
          1 schedule blocks.
   Cactus
          0 schedule blocks.
   CalcK
          5 schedule blocks.
   CarbuncleTest
          2 schedule blocks.
   Carpet
          6 schedule blocks.
   CarpetBoxRefine
          3 schedule blocks.
   CarpetEvolutionMask
          7 schedule blocks.
   CarpetIOASCII
          2 schedule blocks.
   CarpetIOBasic
          2 schedule blocks.
   CarpetIOHDF5
          10 schedule blocks.
   CarpetIOScalar
          2 schedule blocks.
   CarpetInterp
          1 schedule blocks.
   CarpetInterp2
          0 schedule blocks.
   CarpetLib
          4 schedule blocks.
   CarpetMask
          4 schedule blocks.
   CarpetProlongateTest
          9 schedule blocks.
   CarpetReduce
          15 schedule blocks.
   CarpetRegrid
          1 schedule blocks.
   CarpetRegrid2
          2 schedule blocks.
   CarpetRegridOnce
          3 schedule blocks.
   CarpetRhoRegrid
          3 schedule blocks.
   CarpetSlab
          0 schedule blocks.
   CarpetTest
          3 schedule blocks.
   CarpetTracker
          1 schedule blocks.
   CartGrid3D
          11 schedule blocks.
   CartesianCoordinates
          4 schedule blocks.
   Cartoon2D
          6 schedule blocks.
   CheapExcision
          1 schedule blocks.
   CoMCheck
          3 schedule blocks.
   Constants
          0 schedule blocks.
   CoordBase
          1 schedule blocks.
   CoordGauge
          8 schedule blocks.
   Coordinates
          26 schedule blocks.
   CoreCollapseControl
          12 schedule blocks.
   CoreDoc
          0 schedule blocks.
   CycleClock
          1 schedule blocks.
   Dissipation
          6 schedule blocks.
   DistortedBHIVP
          2 schedule blocks.
   DriftCorrectCoM
          4 schedule blocks.
   EHFinder
          86 schedule blocks.
   EOS_Base
          0 schedule blocks.
   EOS_Hybrid
          2 schedule blocks.
   EOS_IdealFluid
          1 schedule blocks.
   EOS_Omni
          5 schedule blocks.
   EOS_Polytrope
          1 schedule blocks.
   EinsteinExact_Test
          0 schedule blocks.
   EllBase
          1 schedule blocks.
   EllSOR
          1 schedule blocks.
   Exact
          13 schedule blocks.
   Extract
          2 schedule blocks.
   FFTW3
          0 schedule blocks.
   Formaline
          10 schedule blocks.
   Fortran
          1 schedule blocks.
   GRHydro
          143 schedule blocks.
   GRHydro_IVP
          0 schedule blocks.
   GRHydro_InitData
          36 schedule blocks.
   GSL
          0 schedule blocks.
   GaugeWave
          9 schedule blocks.
   GenericFD
          0 schedule blocks.
   GlobalDerivative
          2 schedule blocks.
   HDF5
          0 schedule blocks.
   HTTPD
          7 schedule blocks.
   HTTPDExtra
          1 schedule blocks.
   HydroAtmosphere
          5 schedule blocks.
   HydroBase
          22 schedule blocks.
   Hydro_Analysis
          14 schedule blocks.
   Hydro_InitExcision
          4 schedule blocks.
   IDAnalyticBH
          6 schedule blocks.
   IDAxiBrillBH
          2 schedule blocks.
   IDAxiOddBrillBH
          2 schedule blocks.
   IDBrillData
          3 schedule blocks.
   IDConstraintViolate
          2 schedule blocks.
   IDFileADM
          2 schedule blocks.
   IDLinearWaves
          8 schedule blocks.
   IDScalarWave
          3 schedule blocks.
   IDScalarWaveC
          2 schedule blocks.
   IDScalarWaveCXX
          2 schedule blocks.
   IDScalarWaveElliptic
          1 schedule blocks.
   IDScalarWaveMoL
          2 schedule blocks.
   IOASCII
          3 schedule blocks.
   IOBasic
          2 schedule blocks.
   IOHDF5
          5 schedule blocks.
   IOHDF5Util
          2 schedule blocks.
   IOUtil
          4 schedule blocks.
   InitBase
          0 schedule blocks.
   InnerCore
          13 schedule blocks.
   InterpToArray
          1 schedule blocks.
   InterpToArrayOutput
          1 schedule blocks.
   Interpolate2
          7 schedule blocks.
   KerrSchild
          9 schedule blocks.
   LAPACK
          0 schedule blocks.
   LORENE
          0 schedule blocks.
   LegoExcision
          4 schedule blocks.
   LocalInterp
          1 schedule blocks.
   LocalReduce
          1 schedule blocks.
   LoopControl
          4 schedule blocks.
   ML_ADMConstraints
          12 schedule blocks.
   ML_ADMQuantities
          12 schedule blocks.
   ML_BSSN
          34 schedule blocks.
   ML_BSSN_Helper
          14 schedule blocks.
   ML_BSSN_Test
          0 schedule blocks.
   ML_CCZ4
          34 schedule blocks.
   ML_CCZ4_Helper
          14 schedule blocks.
   ML_CCZ4_Test
          0 schedule blocks.
   ML_WaveToy
          13 schedule blocks.
   ML_WaveToy_Test
          0 schedule blocks.
   MPI
          0 schedule blocks.
   Meudon_Bin_BH
          2 schedule blocks.
   Meudon_Bin_NS
          1 schedule blocks.
   Meudon_Mag_NS
          2 schedule blocks.
   Minkowski
          9 schedule blocks.
   MoL
          79 schedule blocks.
   ModifiedSchwarzschildBL
          9 schedule blocks.
   Multipole
          3 schedule blocks.
   NPScalars
          4 schedule blocks.
   NSTracker
          1 schedule blocks.
   NaNChecker
          9 schedule blocks.
   NewRad
          0 schedule blocks.
   Nice
          1 schedule blocks.
   NoExcision
          23 schedule blocks.
   NoMPI
          0 schedule blocks.
   Noise
          3 schedule blocks.
   Norms
          2 schedule blocks.
   NullConstr
          2 schedule blocks.
   NullDecomp
          1 schedule blocks.
   NullEvolve
          16 schedule blocks.
   NullExact
          14 schedule blocks.
   NullGrid
          4 schedule blocks.
   NullInterp
          3 schedule blocks.
   NullNews
          9 schedule blocks.
   NullPsiInt
          3 schedule blocks.
   NullSHRExtract
          25 schedule blocks.
   NullVars
          0 schedule blocks.
   OpenSSL
          0 schedule blocks.
   Outflow
          2 schedule blocks.
   PAPI
          5 schedule blocks.
   PNSHelper
          18 schedule blocks.
   PNSMapper
          4 schedule blocks.
   PUGH
          8 schedule blocks.
   PUGHInterp
          1 schedule blocks.
   PUGHReduce
          1 schedule blocks.
   PUGHSlab
          0 schedule blocks.
   Periodic
          2 schedule blocks.
   PeriodicCarpet
          3 schedule blocks.
   Psiclops
          9 schedule blocks.
   PunctureStar
          3 schedule blocks.
   PunctureTracker
          3 schedule blocks.
   QuasiLocalMeasures
          3 schedule blocks.
   RNSPerturb
          2 schedule blocks.
   ReadInterpolate
          1 schedule blocks.
   ReductionTest
          2 schedule blocks.
   ReflectionSymmetry
          2 schedule blocks.
   Refluxing
          15 schedule blocks.
   Replay
          16 schedule blocks.
   Requirements
          2 schedule blocks.
   RotatingDBHIVP
          2 schedule blocks.
   RotatingSymmetry180
          4 schedule blocks.
   RotatingSymmetry90
          4 schedule blocks.
   SOPP
          1 schedule blocks.
   SXSReadRNS
          6 schedule blocks.
   SetMask_SphericalSurface
          2 schedule blocks.
   ShearingBox
          12 schedule blocks.
   ShiftedGaugeWave
          9 schedule blocks.
   Slab
          3 schedule blocks.
   SlabTest
          1 schedule blocks.
   SmoothedPuncture
          1 schedule blocks.
   Socket
          0 schedule blocks.
   SpaceMask
          10 schedule blocks.
   Sphere
          2 schedule blocks.
   SphericalHarmonicDecomp
          2 schedule blocks.
   SphericalHarmonicRecon
          4 schedule blocks.
   SphericalHarmonicReconGen
          6 schedule blocks.
   SphericalSlice
          8 schedule blocks.
   SphericalSurface
          7 schedule blocks.
   StaticConformal
          1 schedule blocks.
   SummationByParts
          4 schedule blocks.
   SymBase
          5 schedule blocks.
   SystemStatistics
          1 schedule blocks.
   TATelliptic
          1 schedule blocks.
   TGRtensor
          0 schedule blocks.
   TOVSolver
          10 schedule blocks.
   TOVSolverHot
          10 schedule blocks.
   TensorTypes
          0 schedule blocks.
   TerminationTrigger
          5 schedule blocks.
   TestArrays
          2 schedule blocks.
   TestComplex
          3 schedule blocks.
   TestCoordinates
          3 schedule blocks.
   TestFortranCrayPointers
          1 schedule blocks.
   TestFortranDependencies1
          0 schedule blocks.
   TestFortranDependencies2
          0 schedule blocks.
   TestFpointerNULL
          1 schedule blocks.
   TestFreeF90
          0 schedule blocks.
   TestGlobalReduce
          12 schedule blocks.
   TestInclude1
          1 schedule blocks.
   TestInclude2
          1 schedule blocks.
   TestLocalReduce
          3 schedule blocks.
   TestLoop
          3 schedule blocks.
   TestMath
          2 schedule blocks.
   TestPar
          2 schedule blocks.
   TestReduce
          5 schedule blocks.
   TestSchedule
          19 schedule blocks.
   TestStrings
          1 schedule blocks.
   TestTable
          1 schedule blocks.
   TestTimers
          3 schedule blocks.
   TestTypes
          2 schedule blocks.
   Time
          7 schedule blocks.
   TimerReport
          3 schedule blocks.
   Timers
          2 schedule blocks.
   TmunuBase
          7 schedule blocks.
   Trigger
          3 schedule blocks.
   TriggerTerminationManual
          5 schedule blocks.
   TwoPunctures
          5 schedule blocks.
   Vaidya2
          9 schedule blocks.
   Vectors
          2 schedule blocks.
   WaveBinarySource
          1 schedule blocks.
   WaveExtractL
          17 schedule blocks.
   WaveToyC
          7 schedule blocks.
   WaveToyCXX
          7 schedule blocks.
   WaveToyExtra
          3 schedule blocks.
   WaveToyF77
          7 schedule blocks.
   WaveToyF90
          7 schedule blocks.
   WaveToyFreeF90
          7 schedule blocks.
   WaveToyMoL
          9 schedule blocks.
   WeylScal4
          48 schedule blocks.
   Whisky_RNSID
          3 schedule blocks.
   WorldTube
          5 schedule blocks.
   ZelmaniAnalysis
          5 schedule blocks.
   ZelmaniCoMShift
          10 schedule blocks.
   ZelmaniEOS_Ideal_Fluid
          1 schedule blocks.
   ZelmaniHybridCool
          4 schedule blocks.
   ZelmaniLeak
          26 schedule blocks.
   ZelmaniM1
          50 schedule blocks.
   ZelmaniProfiling
          0 schedule blocks.
   ZelmaniQuadWaveExtract
          11 schedule blocks.
   ZelmaniSGRPerturb
          5 schedule blocks.
   ZelmaniShockTracker
          4 schedule blocks.
   ZelmaniShockTracker2
          10 schedule blocks.
   ZelmaniStarMapper
          13 schedule blocks.
   ZelmaniTOV
          7 schedule blocks.
   ZelmaniTracers
          4 schedule blocks.
   ZelmaniWizard
          1 schedule blocks.
   ZerilliIEF
          5 schedule blocks.
   hwloc
          1 schedule blocks.
   libjpeg
          0 schedule blocks.
   zlib
          0 schedule blocks.
Running any thorn-provided configuration scripts...

********************************************************************************
Running configuration script for thorn BLAS:
BLAS selected, but BLAS_DIR not set. Checking some places...
Found BLAS in /usr/lib
Finished running configuration script for thorn BLAS.

********************************************************************************
Running configuration script for thorn FFTW3:
FFTW3 selected, but FFTW3_DIR not set. Checking some places...
Found FFTW3 in /usr
Finished running configuration script for thorn FFTW3.

********************************************************************************
Running configuration script for thorn FORTRAN:
Found a traditional Fortran cpp
Finished running configuration script for thorn FORTRAN.

********************************************************************************
Running configuration script for thorn GSL:
GSL selected, but GSL_DIR not set. Checking some places...
Found GSL in /usr
Finished running configuration script for thorn GSL.

********************************************************************************
Running configuration script for thorn LAPACK:
LAPACK selected, but LAPACK_DIR not set. Checking some places...
Found LAPACK in /usr/lib
Finished running configuration script for thorn LAPACK.

********************************************************************************
Running configuration script for thorn LIBJPEG:
LIBJPEG selected, but LIBJPEG_DIR not set. Checking some places...
Found LIBJPEG in /usr
Finished running configuration script for thorn LIBJPEG.

********************************************************************************
Running configuration script for thorn LORENE:
LORENE selected, but LORENE_DIR not set.
Using bundled LORENE...
LORENE has already been built; doing nothing
Finished running configuration script for thorn LORENE.

********************************************************************************
Running configuration script for thorn MPI:
MPI selected, but MPI_DIR not set. Checking some places...
Found MPI in /usr/lib/openmpi
Finished running configuration script for thorn MPI.

********************************************************************************
Running configuration script for thorn OPENSSL:
OpenSSL selected, but OPENSSL_DIR not set. Checking some places...
Found OpenSSL in /usr
Finished running configuration script for thorn OPENSSL.

********************************************************************************
Running configuration script for thorn PAPI:
PAPI: Preparing directory structure...
PAPI: Unpacking archive...
/mnt/data/rhaas/postdoc/gr/Zelmani/configs/bns_all/scratch/build/PAPI /mnt/data/rhaas/postdoc/gr/Zelmani/configs/bns_all/scratch
PAPI: Configuring...
checking for architecture... x86_64
checking for OS... linux
checking for OS version... 3.10-3-amd64
checking for user events... checking for static user events build... 
checking for perf_event workaround level... autodetect
checking for C compiler default output file name... a.out
checking whether the C compiler works... yes
checking whether we are cross compiling... no
checking for suffix of executables... 
checking for suffix of object files... o
checking whether we are using the GNU C compiler... yes
checking whether gcc accepts -g... yes
checking for gcc option to accept ANSI C... none needed
checking whether we are using the GNU Fortran 77 compiler... yes
checking whether gfortran accepts -g... yes
I think the compiler, gcc, is gcc.
checking for gawk... gawk
checking how to run the C preprocessor... /lib/cpp
checking whether ln -s works... yes
checking whether make sets $(MAKE)... yes
checking for ranlib... ranlib
checking for egrep... grep -E
checking for ANSI C header files... yes
checking for inline... inline
checking whether time.h and sys/time.h may both be included... yes
checking for sys/types.h... yes
checking for sys/stat.h... yes
checking for stdlib.h... yes
checking for string.h... yes
checking for memory.h... yes
checking for strings.h... yes
checking for inttypes.h... yes
checking for stdint.h... yes
checking for unistd.h... yes
checking sys/time.h usability... yes
checking sys/time.h presence... yes
checking for sys/time.h... yes
checking c_asm.h usability... no
checking c_asm.h presence... no
checking for c_asm.h... no
checking intrinsics.h usability... no
checking intrinsics.h presence... no
checking for intrinsics.h... no
checking mach/mach_time.h usability... no
checking mach/mach_time.h presence... no
checking for mach/mach_time.h... no
checking for gethrtime... no
checking for read_real_time... no
checking for time_base_to_time... no
checking for clock_gettime... yes
checking for mach_absolute_time... no
checking for dlopen and dlerror symbols in base system... not found
checking for dlopen and dlerror symbols in -ldl... found
checking for if MIC should be used... no
checking for debug build... 
checking for -Wno-override-init... 1
checking for CPU type... x86
checking for ffsll... yes
checking for working gettid... no
checking for working syscall(SYS_gettid)... yes
checking for working MMTIMER... no
checking for working CLOCK_REALTIME_HR POSIX 1b timer... no
checking for working CLOCK_REALTIME POSIX 1b timer... yes
checking for real time clock or cycle counter... clock_realtime
checking for working __thread... yes
checking for high performance thread local storage... __thread
checking for working CLOCK_THREAD_CPUTIME_ID POSIX 1b timer... yes
checking for thread virtual clock or cycle counter... clock_thread_cputime_id
checking for which libraries to build...  static
checking for link test cases with shared library... 
checking for /sys/class/perfctr... no
checking for /dev/perfctr... no
checking for /sys/kernel/perfmon/version... no
checking for /proc/perfmon... no
checking for /proc/sys/kernel/perf_event_paranoid... yes
checking for libpfm4/include/perfmon/perf_event.h... yes
checking platform... linux-pe
checking for components to build... 
configure: Compiling genpapifdef with gcc
configure: Generating fpapi.h
configure: Generating f77papi.h
configure: Generating f90papi.h
configure: Rules.pfm4_pe will be included in the generated Makefile
configure: creating ./config.status
config.status: creating Makefile
config.status: creating config.h
PAPI: Building...
pfmlib_common.c: In function 'pfmlib_parse_event_attr':
pfmlib_common.c:760:10: error: declaration of 'endptr' shadows a previous local [-Werror=shadow]
    char *endptr = NULL;
          ^
pfmlib_common.c:737:20: error: shadowed declaration is here [-Werror=shadow]
  char *s, *p, *q, *endptr;
                    ^
cc1: all warnings being treated as errors
/mnt/data/rhaas/postdoc/gr/Zelmani/configs/bns_all/scratch/build/PAPI/papi-5.1.0/src/libpfm4/lib/../rules.mk:30: recipe for target 'pfmlib_common.o' failed
make[4]: *** [pfmlib_common.o] Error 1
Makefile:52: recipe for target 'lib' failed
make[3]: *** [lib] Error 2
Rules.pfm4_pe:41: recipe for target '/mnt/data/rhaas/postdoc/gr/Zelmani/configs/bns_all/scratch/build/PAPI/papi-5.1.0/src/libpfm4/lib/libpfm.a' failed
make[2]: *** [/mnt/data/rhaas/postdoc/gr/Zelmani/configs/bns_all/scratch/build/PAPI/papi-5.1.0/src/libpfm4/lib/libpfm.a] Error 2

CST error 1:
  -> Configuration script for thorn PAPI returned exit code 1
     (no error message)

PAPI selected, but PAPI_DIR not set. Checking some places...
PAPI not found
Using bundled PAPI...
Building PAPI
Finished running configuration script for thorn PAPI.

********************************************************************************
Running configuration script for thorn VECTORS:
Finished running configuration script for thorn VECTORS.

********************************************************************************
Running configuration script for thorn ZLIB:
zlib selected, but ZLIB_DIR not set. Checking some places...
Found zlib in /usr
Finished running configuration script for thorn ZLIB.

********************************************************************************
Running configuration script for thorn HDF5:
Finished running configuration script for thorn HDF5.

********************************************************************************
Running configuration script for thorn HWLOC:
grep: /usr/lib/libhwloc.la: No such file or directory
hwloc selected, but HWLOC_DIR not set. Checking some places...
Found hwloc in /usr
Finished running configuration script for thorn HWLOC.
Checking consistency...
Creating Thorn-Flesh bindings...
   Creating implementation bindings...
   Creating parameter bindings...
   Creating variable bindings...
   Creating schedule bindings...
   Creating function bindings...


------------------------------------------------------
There was 1 error during execution of the CST
This must be corrected before compilation can proceed
------------------------------------------------------



------------------------------------------------------
Warnings were generated during execution of the CST
------------------------------------------------------


CST error 1:
  -> Configuration script for thorn PAPI returned exit code 1
     (no error message)

------------------------------------------------------

make[1]: *** [/mnt/data/rhaas/postdoc/gr/Zelmani/configs/bns_all/config-data/make.thornlist] Error 1
/mnt/data/rhaas/postdoc/gr/Zelmani/lib/make/make.configuration:235: recipe for target '/mnt/data/rhaas/postdoc/gr/Zelmani/configs/bns_all/config-data/make.thornlist' failed
make: *** [bns_all] Error 2
Makefile:254: recipe for target 'bns_all' failed
