/hppfs/scratch/0C/*****/new_THC/Cactus/arrangements/Carpet/CarpetLib/src/data.cc:322:1: error: reference to ‘data’ is ambiguous
 data<T>::data(const int varindex_, const centering cent_,
 ^~~~
In file included from /hppfs/scratch/0C/*****/new_THC/Cactus/arrangements/Carpet/CarpetLib/src/data.cc:27:0:
/hppfs/scratch/0C/*****/new_THC/Cactus/arrangements/Carpet/CarpetLib/src/data.hh:20:29: note: candidates are: template<class T> class data
 template <typename T> class data;
                             ^~~~
In file included from /dss/dsshome1/lrz/sys/compilers/gcc/7.3.0/include/c++/7.3.0/string:51:0,
                 from /dss/dsshome1/lrz/sys/compilers/gcc/7.3.0/include/c++/7.3.0/bits/locale_classes.h:40,
                 from /dss/dsshome1/lrz/sys/compilers/gcc/7.3.0/include/c++/7.3.0/bits/ios_base.h:41,
                 from /dss/dsshome1/lrz/sys/compilers/gcc/7.3.0/include/c++/7.3.0/ios:42,
                 from /dss/dsshome1/lrz/sys/compilers/gcc/7.3.0/include/c++/7.3.0/istream:38,
                 from /dss/dsshome1/lrz/sys/compilers/gcc/7.3.0/include/c++/7.3.0/sstream:38,
                 from /dss/dsshome1/lrz/sys/compilers/gcc/7.3.0/include/c++/7.3.0/complex:45,
                 from /hppfs/scratch/0C/*****/new_THC/Cactus/src/include/cctk_Types.h:50,
                 from /hppfs/scratch/0C/*****/new_THC/Cactus/configs/thc/bindings/include/CarpetLib/cctk_Arguments.h:14,
                 from /hppfs/scratch/0C/*****/new_THC/Cactus/configs/thc/bindings/include/CarpetLib/cctk_ScheduleFunctions.h:1,
                 from /hppfs/scratch/0C/*****/new_THC/Cactus/configs/thc/bindings/include/CarpetLib/cctk.h:6,
                 from /hppfs/scratch/0C/*****/new_THC/Cactus/arrangements/Carpet/CarpetLib/src/data.cc:1:
/dss/dsshome1/lrz/sys/compilers/gcc/7.3.0/include/c++/7.3.0/bits/range_access.h:318:5: note:                 template<class _Tp> constexpr const _Tp* std::data(std::initializer_list<_Tp>)
     data(initializer_list<_Tp> __il) noexcept
     ^~~~
/dss/dsshome1/lrz/sys/compilers/gcc/7.3.0/include/c++/7.3.0/bits/range_access.h:309:5: note:                 template<class _Tp, long unsigned int _Nm> constexpr _Tp* std::data(_Tp (&)[_Nm])
     data(_Tp (&__array)[_Nm]) noexcept
     ^~~~
/dss/dsshome1/lrz/sys/compilers/gcc/7.3.0/include/c++/7.3.0/bits/range_access.h:299:5: note:                 template<class _Container> constexpr decltype (__cont.data()) std::data(const _Container&)
     data(const _Container& __cont) noexcept(noexcept(__cont.data()))
     ^~~~
/dss/dsshome1/lrz/sys/compilers/gcc/7.3.0/include/c++/7.3.0/bits/range_access.h:289:5: note:                 template<class _Container> constexpr decltype (__cont.data()) std::data(_Container&)
     data(_Container& __cont) noexcept(noexcept(__cont.data()))
     ^~~~
/hppfs/scratch/0C/*****/new_THC/Cactus/arrangements/Carpet/CarpetLib/src/data.cc:335:1: error: reference to ‘data’ is ambiguous
 data<T>::data(const int varindex_, const centering cent_,
 ^~~~
In file included from /hppfs/scratch/0C/*****/new_THC/Cactus/arrangements/Carpet/CarpetLib/src/data.cc:27:0:
/hppfs/scratch/0C/*****/new_THC/Cactus/arrangements/Carpet/CarpetLib/src/data.hh:20:29: note: candidates are: template<class T> class data
 template <typename T> class data;
                             ^~~~
In file included from /dss/dsshome1/lrz/sys/compilers/gcc/7.3.0/include/c++/7.3.0/string:51:0,
                 from /dss/dsshome1/lrz/sys/compilers/gcc/7.3.0/include/c++/7.3.0/bits/locale_classes.h:40,
                 from /dss/dsshome1/lrz/sys/compilers/gcc/7.3.0/include/c++/7.3.0/bits/ios_base.h:41,
                 from /dss/dsshome1/lrz/sys/compilers/gcc/7.3.0/include/c++/7.3.0/ios:42,
                 from /dss/dsshome1/lrz/sys/compilers/gcc/7.3.0/include/c++/7.3.0/istream:38,
                 from /dss/dsshome1/lrz/sys/compilers/gcc/7.3.0/include/c++/7.3.0/sstream:38,
                 from /dss/dsshome1/lrz/sys/compilers/gcc/7.3.0/include/c++/7.3.0/complex:45,
                 from /hppfs/scratch/0C/*****/new_THC/Cactus/src/include/cctk_Types.h:50,
                 from /hppfs/scratch/0C/*****/new_THC/Cactus/configs/thc/bindings/include/CarpetLib/cctk_Arguments.h:14,
                 from /hppfs/scratch/0C/*****/new_THC/Cactus/configs/thc/bindings/include/CarpetLib/cctk_ScheduleFunctions.h:1,
                 from /hppfs/scratch/0C/*****/new_THC/Cactus/configs/thc/bindings/include/CarpetLib/cctk.h:6,
                 from /hppfs/scratch/0C/*****/new_THC/Cactus/arrangements/Carpet/CarpetLib/src/data.cc:1:
/dss/dsshome1/lrz/sys/compilers/gcc/7.3.0/include/c++/7.3.0/bits/range_access.h:318:5: note:                 template<class _Tp> constexpr const _Tp* std::data(std::initializer_list<_Tp>)
     data(initializer_list<_Tp> __il) noexcept
     ^~~~
/dss/dsshome1/lrz/sys/compilers/gcc/7.3.0/include/c++/7.3.0/bits/range_access.h:309:5: note:                 template<class _Tp, long unsigned int _Nm> constexpr _Tp* std::data(_Tp (&)[_Nm])
     data(_Tp (&__array)[_Nm]) noexcept
     ^~~~
/dss/dsshome1/lrz/sys/compilers/gcc/7.3.0/include/c++/7.3.0/bits/range_access.h:299:5: note:                 template<class _Container> constexpr decltype (__cont.data()) std::data(const _Container&)
     data(const _Container& __cont) noexcept(noexcept(__cont.data()))
     ^~~~
/dss/dsshome1/lrz/sys/compilers/gcc/7.3.0/include/c++/7.3.0/bits/range_access.h:289:5: note:                 template<class _Container> constexpr decltype (__cont.data()) std::data(_Container&)
     data(_Container& __cont) noexcept(noexcept(__cont.data()))
     ^~~~
/hppfs/scratch/0C/*****/new_THC/Cactus/arrangements/Carpet/CarpetLib/src/data.cc:350:23: error: reference to ‘data’ is ambiguous
 template <typename T> data<T>::~data() {
                       ^~~~
In file included from /hppfs/scratch/0C/*****/new_THC/Cactus/arrangements/Carpet/CarpetLib/src/data.cc:27:0:
/hppfs/scratch/0C/*****/new_THC/Cactus/arrangements/Carpet/CarpetLib/src/data.hh:20:29: note: candidates are: template<class T> class data
 template <typename T> class data;
                             ^~~~
In file included from /dss/dsshome1/lrz/sys/compilers/gcc/7.3.0/include/c++/7.3.0/string:51:0,
                 from /dss/dsshome1/lrz/sys/compilers/gcc/7.3.0/include/c++/7.3.0/bits/locale_classes.h:40,
                 from /dss/dsshome1/lrz/sys/compilers/gcc/7.3.0/include/c++/7.3.0/bits/ios_base.h:41,
                 from /dss/dsshome1/lrz/sys/compilers/gcc/7.3.0/include/c++/7.3.0/ios:42,
                 from /dss/dsshome1/lrz/sys/compilers/gcc/7.3.0/include/c++/7.3.0/istream:38,
                 from /dss/dsshome1/lrz/sys/compilers/gcc/7.3.0/include/c++/7.3.0/sstream:38,
                 from /dss/dsshome1/lrz/sys/compilers/gcc/7.3.0/include/c++/7.3.0/complex:45,
                 from /hppfs/scratch/0C/*****/new_THC/Cactus/src/include/cctk_Types.h:50,
                 from /hppfs/scratch/0C/*****/new_THC/Cactus/configs/thc/bindings/include/CarpetLib/cctk_Arguments.h:14,
                 from /hppfs/scratch/0C/*****/new_THC/Cactus/configs/thc/bindings/include/CarpetLib/cctk_ScheduleFunctions.h:1,
                 from /hppfs/scratch/0C/*****/new_THC/Cactus/configs/thc/bindings/include/CarpetLib/cctk.h:6,
                 from /hppfs/scratch/0C/*****/new_THC/Cactus/arrangements/Carpet/CarpetLib/src/data.cc:1:
/dss/dsshome1/lrz/sys/compilers/gcc/7.3.0/include/c++/7.3.0/bits/range_access.h:318:5: note:                 template<class _Tp> constexpr const _Tp* std::data(std::initializer_list<_Tp>)
     data(initializer_list<_Tp> __il) noexcept
     ^~~~
/dss/dsshome1/lrz/sys/compilers/gcc/7.3.0/include/c++/7.3.0/bits/range_access.h:309:5: note:                 template<class _Tp, long unsigned int _Nm> constexpr _Tp* std::data(_Tp (&)[_Nm])
     data(_Tp (&__array)[_Nm]) noexcept
     ^~~~
/dss/dsshome1/lrz/sys/compilers/gcc/7.3.0/include/c++/7.3.0/bits/range_access.h:299:5: note:                 template<class _Container> constexpr decltype (__cont.data()) std::data(const _Container&)
     data(const _Container& __cont) noexcept(noexcept(__cont.data()))
     ^~~~
/dss/dsshome1/lrz/sys/compilers/gcc/7.3.0/include/c++/7.3.0/bits/range_access.h:289:5: note:                 template<class _Container> constexpr decltype (__cont.data()) std::data(_Container&)
     data(_Container& __cont) noexcept(noexcept(__cont.data()))
     ^~~~
/hppfs/scratch/0C/*****/new_THC/Cactus/arrangements/Carpet/CarpetLib/src/data.cc:357:1: error: reference to ‘data’ is ambiguous
 data<T> *data<T>::make_typed(const int varindex_, const centering cent_,
 ^~~~
In file included from /hppfs/scratch/0C/*****/new_THC/Cactus/arrangements/Carpet/CarpetLib/src/data.cc:27:0:
/hppfs/scratch/0C/*****/new_THC/Cactus/arrangements/Carpet/CarpetLib/src/data.hh:20:29: note: candidates are: template<class T> class data
 template <typename T> class data;
                             ^~~~
In file included from /dss/dsshome1/lrz/sys/compilers/gcc/7.3.0/include/c++/7.3.0/string:51:0,
                 from /dss/dsshome1/lrz/sys/compilers/gcc/7.3.0/include/c++/7.3.0/bits/locale_classes.h:40,
                 from /dss/dsshome1/lrz/sys/compilers/gcc/7.3.0/include/c++/7.3.0/bits/ios_base.h:41,
                 from /dss/dsshome1/lrz/sys/compilers/gcc/7.3.0/include/c++/7.3.0/ios:42,
                 from /dss/dsshome1/lrz/sys/compilers/gcc/7.3.0/include/c++/7.3.0/istream:38,
                 from /dss/dsshome1/lrz/sys/compilers/gcc/7.3.0/include/c++/7.3.0/sstream:38,
                 from /dss/dsshome1/lrz/sys/compilers/gcc/7.3.0/include/c++/7.3.0/complex:45,
                 from /hppfs/scratch/0C/*****/new_THC/Cactus/src/include/cctk_Types.h:50,
                 from /hppfs/scratch/0C/*****/new_THC/Cactus/configs/thc/bindings/include/CarpetLib/cctk_Arguments.h:14,
                 from /hppfs/scratch/0C/*****/new_THC/Cactus/configs/thc/bindings/include/CarpetLib/cctk_ScheduleFunctions.h:1,
                 from /hppfs/scratch/0C/*****/new_THC/Cactus/configs/thc/bindings/include/CarpetLib/cctk.h:6,
                 from /hppfs/scratch/0C/*****/new_THC/Cactus/arrangements/Carpet/CarpetLib/src/data.cc:1:
/dss/dsshome1/lrz/sys/compilers/gcc/7.3.0/include/c++/7.3.0/bits/range_access.h:318:5: note:                 template<class _Tp> constexpr const _Tp* std::data(std::initializer_list<_Tp>)
     data(initializer_list<_Tp> __il) noexcept
     ^~~~
/dss/dsshome1/lrz/sys/compilers/gcc/7.3.0/include/c++/7.3.0/bits/range_access.h:309:5: note:                 template<class _Tp, long unsigned int _Nm> constexpr _Tp* std::data(_Tp (&)[_Nm])
     data(_Tp (&__array)[_Nm]) noexcept
     ^~~~
/dss/dsshome1/lrz/sys/compilers/gcc/7.3.0/include/c++/7.3.0/bits/range_access.h:299:5: note:                 template<class _Container> constexpr decltype (__cont.data()) std::data(const _Container&)
     data(const _Container& __cont) noexcept(noexcept(__cont.data()))
     ^~~~
/dss/dsshome1/lrz/sys/compilers/gcc/7.3.0/include/c++/7.3.0/bits/range_access.h:289:5: note:                 template<class _Container> constexpr decltype (__cont.data()) std::data(_Container&)
     data(_Container& __cont) noexcept(noexcept(__cont.data()))
     ^~~~
/hppfs/scratch/0C/*****/new_THC/Cactus/arrangements/Carpet/CarpetLib/src/data.cc:364:10: error: expected initializer before ‘<’ token
 void data<T>::allocate(const ibbox &extent_, const int proc_,
          ^
/hppfs/scratch/0C/*****/new_THC/Cactus/arrangements/Carpet/CarpetLib/src/data.cc:401:32: error: expected initializer before ‘<’ token
 template <typename T> void data<T>::free() {
                                ^
/hppfs/scratch/0C/*****/new_THC/Cactus/arrangements/Carpet/CarpetLib/src/data.cc:413:12: error: expected initializer before ‘<’ token
 size_t data<T>::allocsize(const ibbox &extent_, const int proc_) const {
            ^
/hppfs/scratch/0C/*****/new_THC/Cactus/arrangements/Carpet/CarpetLib/src/data.cc:422:32: error: expected initializer before ‘<’ token
 template <typename T> bool data<T>::check_fence(const int upperlower) const {
                                ^
/hppfs/scratch/0C/*****/new_THC/Cactus/arrangements/Carpet/CarpetLib/src/data.cc:436:10: error: expected initializer before ‘<’ token
 void data<T>::copy_from_innerloop(gdata const *const gsrc,
          ^
/hppfs/scratch/0C/*****/new_THC/Cactus/arrangements/Carpet/CarpetLib/src/data.cc:468:10: error: expected initializer before ‘<’ token
 void data<T>::transfer_from_innerloop(vector<gdata const *> const &gsrcs,
          ^
/hppfs/scratch/0C/*****/new_THC/Cactus/arrangements/Carpet/CarpetLib/src/data.cc:489:10: error: expected initializer before ‘<’ token
 void data<T>::transfer_time(vector<gdata const *> const &gsrcs,
          ^
/hppfs/scratch/0C/*****/new_THC/Cactus/arrangements/Carpet/CarpetLib/src/data.cc:541:10: error: expected initializer before ‘<’ token
 void data<T>::transfer_p_r(data const *const src, ibbox const &dstbox,
          ^
/hppfs/scratch/0C/*****/new_THC/Cactus/arrangements/Carpet/CarpetLib/src/data.cc:563:10: error: expected initializer before ‘<’ token
 void data<T>::transfer_p_vc_cc(data const *const src, ibbox const &dstbox,
          ^
/hppfs/scratch/0C/*****/new_THC/Cactus/arrangements/Carpet/CarpetLib/src/data.cc:569:10: error: expected initializer before ‘<’ token
 void data<CCTK_INT>::transfer_p_vc_cc(data const *const /*src*/,
          ^
/hppfs/scratch/0C/*****/new_THC/Cactus/arrangements/Carpet/CarpetLib/src/data.cc:577:10: error: expected initializer before ‘<’ token
 void data<T>::transfer_prolongate(data const *const src, ibbox const &dstbox,
          ^
/hppfs/scratch/0C/*****/new_THC/Cactus/arrangements/Carpet/CarpetLib/src/data.cc:973:10: error: expected initializer before ‘<’ token
 void data<CCTK_INT>::transfer_prolongate(data const *const /*src*/,
          ^
/hppfs/scratch/0C/*****/new_THC/Cactus/arrangements/Carpet/CarpetLib/src/data.cc:981:10: error: expected initializer before ‘<’ token
 void data<T>::transfer_restrict(data const *const src, ibbox const &dstregbox,
          ^
/hppfs/scratch/0C/*****/new_THC/Cactus/arrangements/Carpet/CarpetLib/src/data.cc:1174:10: error: expected initializer before ‘<’ token
 void data<CCTK_INT>::transfer_restrict(data const *const /*src*/,
          ^
/hppfs/scratch/0C/*****/new_THC/Cactus/arrangements/Carpet/CarpetLib/src/data.cc:1183:10: error: expected initializer before ‘<’ token
 void data<T>::time_interpolate(vector<data *> const &srcs, ibbox const &dstbox,
          ^
/hppfs/scratch/0C/*****/new_THC/Cactus/arrangements/Carpet/CarpetLib/src/data.cc:1317:10: error: expected initializer before ‘<’ token
 void data<CCTK_INT>::time_interpolate(vector<data *> const & /*srcs*/,
          ^
/hppfs/scratch/0C/*****/new_THC/Cactus/arrangements/Carpet/CarpetLib/src/data.cc:1327:34: error: expected initializer before ‘<’ token
 template <typename T> size_t data<T>::memory() const {
                                  ^
/hppfs/scratch/0C/*****/new_THC/Cactus/arrangements/Carpet/CarpetLib/src/data.cc:1333:36: error: expected initializer before ‘<’ token
 template <typename T> ostream &data<T>::output(ostream &os) const {
                                    ^
make[3]: *** [data.cc.o] Error 1
make[2]: *** [make.checked] Error 2
make[1]: *** [/hppfs/scratch/0C/*****/new_THC/Cactus/configs/thc/lib/libthorn_CarpetLib.a] Error 2
make: *** [thc] Error 2
