+ cd /work/00945/rhaas/ET_trunk
+ /work/00945/rhaas/ET_trunk/simfactory/bin/sim run --verbose qc0_cuda4 --machine=lonestar --restart-id=0
Using your spider cache file

----------------- /opt/apps/intel11_1/mvapich2_1_6/modulefiles -----------------
   abyss/1.3.3                      (D)
   abyss/1.3.4
   amber/11.0
   amber/12.0                       (D)
   apbs/1.3
   arpack/2.1
   arpack/3.0.2                     (D)
   elemental/0.66-HybridDebug
   elemental/0.66-HybridRelease
   elemental/0.66-PureDebug
   elemental/0.66-PureRelease
   elemental/0.73-HybridDebug
   elemental/0.73-HybridRelease
   elemental/0.73-PureDebug
   elemental/0.73-PureRelease       (D)
   espresso/4.2.1
   espresso/4.3                     (D)
   fftw2/2.1.5
   fftw3_3/3.3
   fftw3_3/3.3alpha1                (D)
   gamess/08_2011
   hmmer/3.0
   hypre/2.7.0b-LargeScale
   hypre/2.7.0b-SmallScale          (D)
   ipm/0.922
   lammps/18Jan11
   meep/1.2
   mpiP/3.2.1
   mpiblast/1.6.0
   mrbayes_mpi/3.2.1
   namd/2.7                         (D)
   namd/2.7b2
   namd/2.9
   nwchem/6.0
   pdtoolkit/3.16
   petsc/3.1
   petsc/3.1-complex
   petsc/3.1-complexdebug
   petsc/3.1-complexshared
   petsc/3.1-complexshareddebug
   petsc/3.1-cxx
   petsc/3.1-cxxcomplex
   petsc/3.1-cxxcomplexdebug
   petsc/3.1-cxxcomplexshared
   petsc/3.1-cxxcomplexshareddebug
   petsc/3.1-cxxdebug
   petsc/3.1-cxxshared
   petsc/3.1-cxxshareddebug
   petsc/3.1-debug
   petsc/3.1-shared
   petsc/3.1-shareddebug
   petsc/3.1-uni
   petsc/3.1-unidebug
   petsc/3.2                        (D)
   petsc/3.2-complex
   petsc/3.2-complexdebug
   petsc/3.2-complexshared
   petsc/3.2-complexshareddebug
   petsc/3.2-cxx
   petsc/3.2-cxxcomplex
   petsc/3.2-cxxcomplexdebug
   petsc/3.2-cxxcomplexshared
   petsc/3.2-cxxcomplexshareddebug
   petsc/3.2-cxxdebug
   petsc/3.2-cxxshared
   petsc/3.2-cxxshareddebug
   petsc/3.2-debug
   petsc/3.2-shared
   petsc/3.2-shareddebug
   phdf5/1.8.5
   pmetis/3.1.1
   raxml-light/1.0.6
   raxml/7.2.8
   scalapack/1.8.0
   siesta/3.1
   slepc/3.2                        (D)
   slepc/3.2-complex
   slepc/3.2-complexdebug
   slepc/3.2-cxx
   slepc/3.2-cxxdebug
   slepc/3.2-debug
   sprng/2.0
   t3pio/1.1.1
   tao/1.10.1
   tao/1.10.1-debug                 (D)
   tau/2.20.1
   trilinos/10.6.2
   trilinos/10.6.2-shared
   trilinos/10.8.4
   trilinos/10.8.4-shared           (D)
   vasp/4.6
   vasp/5.2
   vasp/5.2.11                      (D)

----------------------- /opt/apps/intel11_1/modulefiles ------------------------
   beast/1.7      (D)     gsl/1.14               netcdf/4.1.1        (D)
   beast/1.7.2            gsl/1.15       (D)     openmpi/1.4.3
   boost/1.45.0           hdf5/1.6.10            parsimonator/1.0.1  (D)
   boost/1.49.0   (D)     hdf5/1.8.5     (D)     parsimonator/1.0.2
   clustalw2/2.1          metis/4.0              phylip/3.69
   fftw3/3.1.2            mrbayes/3.2.1          phyml/20120412
   glpk/4.45              muscle/3.8.31          phyutility/2.2.4
   gmp/5.0.2              mvapich2/1.6   (D)     quicktree/1.1
   gromacs/4.5.3          mvapich2/1.8           sparsehash/1.10
   grvy/0.30.0            nco/4.0.7              sqlite/3.7.6.3
   grvy/0.32.0    (D)     netcdf/3.6.3

---------------------- /share1/apps/teragrid/modulefiles -----------------------
   CTSSV4                    cue-math                mycluster/2.1.0
   GLOBUS-4.0                cue-tg                  pacman/3.26
   GLOBUS-5.0                globus-4.0              pacman/3.29       (D)
   TERAGRID-BASIC            globus-5.0              srb-client/3.4.1
   TERAGRID-DEV              globus/4.0.8            teragrid-basic
   TERAGRID-paths            globus/5.0.2            teragrid-dev
   apache-ant/1.6.5  (D)     globus/5.0.4    (D)     tg-policy/0.2
   citcoms/3.1.1     (D)     gsissh/4.1              tginfo/1.0.1      (D)
   condor-g/7.4.4    (D)     gsissh/4.3      (D)     tgproxy/0.9.1     (D)
   condor/7.4.4      (D)     gx-map/0.5.3.3  (D)     tgresid/2.3.4     (D)
   ctssv4                    java/1.4.2              tgusage/3.0       (D)
   cue-build                 java/1.6.0      (D)     uberftp/2.6       (D)
   cue-comm                  java/1.7.0
   cue-login-env             java64/1.6.0    (D)

---------------------------- /opt/apps/modulefiles -----------------------------
   R/2.14.0              (D)     libxslt_tacc/1.1.26
   R/2.15.1                      lmod/4.0.3
   abaqus/6.11                   lua/5.1.4
   allpathslg/42179              mafft/6.864              (D)
   amos/3.1.0                    mafft/6.903
   autodock/4.2.3                maq/0.7.1
   autodock_vina/1_1_2           mkl/10.3
   bedtools/2.16.2               mummer/3.23
   bioperl/1.6.901               ncl_ncarg/5.2.1
   bismark/0.7.2         (D)     newbler/2.6
   bismark/0.7.4                 oases/0.2.06             (D)
   blast/2.2.25                  oases/0.2.08
   blast/2.2.26          (D)     papi/4.1.2.1
   blat/34                       pedcheck/1.00
   boost/1.45.0                  perfexpert/2.1.2
   bowtie/0.12.8         (D)     perl/5.14
   bowtie/2.0.0b6                pgi/12.5
   bwa/0.6.1             (D)     phyutility/2.2
   bwa/0.6.2                     picard/1.65              (D)
   cufflinks/1.3.0       (D)     picard/1.71
   cufflinks/2.0.2               plink/1.07
   ddt/2.6.1                     povray/3.7.0.RC6
   ddt/3.0                       pylauncher/1.4
   ddt/3.2               (D)     pylauncher/1.5           (D)
   dizzy/1.11.4                  python/2.7.1
   express/1.1.1                 python/2.7.1-epd         (D)
   fastx_toolkit/0.0.13          sabre/1.00
   gatk/1.5.20           (D)     samtools/0.1.18
   gatk/1.6.9                    scripture/07092012
   gcc/4.4.3                     scythe/0.95
   gcc/4.4.5             (D)     shrimp/2.2.0
   geant4/9.6.b01                shrimp/2.2.2             (D)
   gnuplot/4.4.3                 sickle/1.2
   gotoblas/1.30                 soap/1.05
   gsnap/20120320        (D)     sratoolkit/2.1.10
   gsnap/20120620                ssake/3.8
   gzip/1.3.12                   tabix/0.2.6
   ibwrapper/1.5.1               tar/1.22
   idev/0.91                     tophat/1.4.1             (D)
   igvtools/2.1.7                tophat/2.0.4
   intel/11.1                    trinityrnaseq/r20120317  (D)
   irods/2.5                     trinityrnaseq/r20120608
   jdk64/1.6.0                   valgrind/3.6.0
   launcher/1.4                  velvet/1.2.03            (D)
   libgtextutils/0.6             velvet/1.2.07
   libxml2_tacc/2.7.8            vmd/1.9

------------------------------- /opt/modulefiles -------------------------------
   Linux       TACC       TACC-paths       cluster       cluster-paths

  Where:
   (D):  Default Module

Use "module spider" to find all possible modules. 
Use "module keyword key1 key2 ..." to search for all possible modules matching 
any of the "keys". 

Inactive Modules:
  1) cuda     2) cuda_SDK

Lmod Warning: Did not find: cuda cuda_SDK

Try: "module spider cuda cuda_SDK"
