Testing 2 order interpolation
GRhydro-WENO:
0 1 3 : 0 =?= 2.7075  0 =?= 3.3075
1 1.1 3.63 : 0 =?= 3.3075  0 =?= 3.9675
2 1.2 4.32 : 3.9675 =?= 3.9675  4.6875 =?= 4.6875
3 1.3 5.07 : 4.6875 =?= 4.6875  5.4675 =?= 5.4675
4 1.4 5.88 : 5.4675 =?= 5.4675  6.3075 =?= 6.3075
5 1.5 6.75 : 6.3075 =?= 6.3075  7.2075 =?= 7.2075
6 1.6 7.68 : 7.2075 =?= 7.2075  8.1675 =?= 8.1675
7 1.7 8.67 : 8.1675 =?= 8.1675  9.1875 =?= 9.1875
8 1.8 9.72 : 0 =?= 9.1875  0 =?= 10.2675
9 1.9 10.83 : 0 =?= 10.2675  0 =?= 11.4075
GRhydro-WENOZ:
0 1 3 : 0 =?= 2.7075  0 =?= 3.3075
1 1.1 3.63 : 0 =?= 3.3075  0 =?= 3.9675
2 1.2 4.32 : 3.965 =?= 3.9675  4.685 =?= 4.6875
3 1.3 5.07 : 4.685 =?= 4.6875  5.465 =?= 5.4675
4 1.4 5.88 : 5.465 =?= 5.4675  6.305 =?= 6.3075
5 1.5 6.75 : 6.305 =?= 6.3075  7.205 =?= 7.2075
6 1.6 7.68 : 7.205 =?= 7.2075  8.165 =?= 8.1675
7 1.7 8.67 : 8.165 =?= 8.1675  9.185 =?= 9.1875
8 1.8 9.72 : 0 =?= 9.1875  0 =?= 10.2675
9 1.9 10.83 : 0 =?= 10.2675  0 =?= 11.4075
WHAM-WENO:
0 1 3 : 0 =?= 2.7075  0 =?= 3.3075
1 1.1 3.63 : 0 =?= 3.3075  0 =?= 3.9675
2 1.2 4.32 : 3.965 =?= 3.9675  4.685 =?= 4.6875
3 1.3 5.07 : 4.685 =?= 4.6875  5.465 =?= 5.4675
4 1.4 5.88 : 5.465 =?= 5.4675  6.305 =?= 6.3075
5 1.5 6.75 : 6.305 =?= 6.3075  7.205 =?= 7.2075
6 1.6 7.68 : 7.205 =?= 7.2075  8.165 =?= 8.1675
7 1.7 8.67 : 8.165 =?= 8.1675  9.185 =?= 9.1875
8 1.8 9.72 : 0 =?= 9.1875  0 =?= 10.2675
9 1.9 10.83 : 0 =?= 10.2675  0 =?= 11.4075
PPM:
0 1 3 : 0 =?= 2.7075  0 =?= 3.3075
1 1.1 3.63 : 0 =?= 3.3075  3.965 =?= 3.9675
2 1.2 4.32 : 3.965 =?= 3.9675  4.685 =?= 4.6875
3 1.3 5.07 : 4.685 =?= 4.6875  5.465 =?= 5.4675
4 1.4 5.88 : 5.465 =?= 5.4675  6.305 =?= 6.3075
5 1.5 6.75 : 6.305 =?= 6.3075  7.205 =?= 7.2075
6 1.6 7.68 : 7.205 =?= 7.2075  8.165 =?= 8.1675
7 1.7 8.67 : 8.165 =?= 8.1675  9.185 =?= 9.1875
8 1.8 9.72 : 9.185 =?= 9.1875  0 =?= 10.2675
9 1.9 10.83 : 0 =?= 10.2675  0 =?= 11.4075

Testing 2 order reconstruction
GRhydro-WENO:
0 1 3.0025 : 0 =?= 2.7075  0 =?= 3.3075
1 1.1 3.6325 : 0 =?= 3.3075  0 =?= 3.9675
2 1.2 4.3225 : 3.97 =?= 3.9675  4.69 =?= 4.6875
3 1.3 5.0725 : 4.69 =?= 4.6875  5.47 =?= 5.4675
4 1.4 5.8825 : 5.47 =?= 5.4675  6.31 =?= 6.3075
5 1.5 6.7525 : 6.31 =?= 6.3075  7.21 =?= 7.2075
6 1.6 7.6825 : 7.21 =?= 7.2075  8.17 =?= 8.1675
7 1.7 8.6725 : 8.17 =?= 8.1675  9.19 =?= 9.1875
8 1.8 9.7225 : 0 =?= 9.1875  0 =?= 10.2675
9 1.9 10.8325 : 0 =?= 10.2675  0 =?= 11.4075
GRhydro-WENOZ:
0 1 3.0025 : 0 =?= 2.7075  0 =?= 3.3075
1 1.1 3.6325 : 0 =?= 3.3075  0 =?= 3.9675
2 1.2 4.3225 : 3.9675 =?= 3.9675  4.6875 =?= 4.6875
3 1.3 5.0725 : 4.6875 =?= 4.6875  5.4675 =?= 5.4675
4 1.4 5.8825 : 5.4675 =?= 5.4675  6.3075 =?= 6.3075
5 1.5 6.7525 : 6.3075 =?= 6.3075  7.2075 =?= 7.2075
6 1.6 7.6825 : 7.2075 =?= 7.2075  8.1675 =?= 8.1675
7 1.7 8.6725 : 8.1675 =?= 8.1675  9.1875 =?= 9.1875
8 1.8 9.7225 : 0 =?= 9.1875  0 =?= 10.2675
9 1.9 10.8325 : 0 =?= 10.2675  0 =?= 11.4075
WHAM-WENO:
0 1 3.0025 : 0 =?= 2.7075  0 =?= 3.3075
1 1.1 3.6325 : 0 =?= 3.3075  0 =?= 3.9675
2 1.2 4.3225 : 3.9675 =?= 3.9675  4.6875 =?= 4.6875
3 1.3 5.0725 : 4.6875 =?= 4.6875  5.4675 =?= 5.4675
4 1.4 5.8825 : 5.4675 =?= 5.4675  6.3075 =?= 6.3075
5 1.5 6.7525 : 6.3075 =?= 6.3075  7.2075 =?= 7.2075
6 1.6 7.6825 : 7.2075 =?= 7.2075  8.1675 =?= 8.1675
7 1.7 8.6725 : 8.1675 =?= 8.1675  9.1875 =?= 9.1875
8 1.8 9.7225 : 0 =?= 9.1875  0 =?= 10.2675
9 1.9 10.8325 : 0 =?= 10.2675  0 =?= 11.4075
PPM:
0 1 3.0025 : 0 =?= 2.7075  0 =?= 3.3075
1 1.1 3.6325 : 0 =?= 3.3075  3.9675 =?= 3.9675
2 1.2 4.3225 : 3.9675 =?= 3.9675  4.6875 =?= 4.6875
3 1.3 5.0725 : 4.6875 =?= 4.6875  5.4675 =?= 5.4675
4 1.4 5.8825 : 5.4675 =?= 5.4675  6.3075 =?= 6.3075
5 1.5 6.7525 : 6.3075 =?= 6.3075  7.2075 =?= 7.2075
6 1.6 7.6825 : 7.2075 =?= 7.2075  8.1675 =?= 8.1675
7 1.7 8.6725 : 8.1675 =?= 8.1675  9.1875 =?= 9.1875
8 1.8 9.7225 : 9.1875 =?= 9.1875  0 =?= 10.2675
9 1.9 10.8325 : 0 =?= 10.2675  0 =?= 11.4075

