TACC: Setting memory limits for job 842460 to unlimited KB
TACC: Dumping job script:
--------------------------------------------------------------------------------
#! /bin/bash
#$ -A TG-PHY100033
#$ -q normal
#$ -r n
#$ -l h_rt=0:15:00
#$ -pe 2way 12
#$ 
#$ -V
#$ -N qc0_cuda4-0000
#$ -M rhaas
#$ -m abe
#$ -o /scratch/00945/rhaas/simulations/qc0_cuda4/output-0000/qc0_cuda4.out
#$ -e /scratch/00945/rhaas/simulations/qc0_cuda4/output-0000/qc0_cuda4.err
set -x
cd /work/00945/rhaas/ET_trunk
/work/00945/rhaas/ET_trunk/simfactory/bin/sim run --verbose qc0_cuda4 --machine=lonestar --restart-id=0 
--------------------------------------------------------------------------------
TACC: Done.
Info: Simfactory command: /work/00945/rhaas/ET_trunk/simfactory/bin/../lib/sim.py "run" "--verbose" "qc0_cuda4" "--machine=lonestar" "--restart-id=0"
Info: Version exported
Info: The Simulation Factory: Manage Cactus simulations

Info: defs: /work/00945/rhaas/ET_trunk/simfactory/etc/defs.ini
Info: defs.local: /work/00945/rhaas/ET_trunk/simfactory/etc/defs.local.ini
Info: Cactus Directory: /work/00945/rhaas/ET_trunk
Info: simenv.COMMAND: run
Info: Executing command: run
Simulation name: qc0_cuda4
Running simulation qc0_cuda4
Info: max_restart_id is < 0, returning False
Info: Executing: /scratch/00945/rhaas/simulations/qc0_cuda4/output-0000/SIMFACTORY/RunScript

Tue Nov  6 00:21:29 CST 2012
Simfactory Done at date: 0
TACC: Cleaning up after job: 842460
TACC: Done.
