+ set -e
+ cd /root/simulations/tov_gallery_polytrop/output-0000-active
+ echo Checking:
+ pwd
+ hostname
+ date
+ echo Environment:
+ export CACTUS_NUM_PROCS=1
+ CACTUS_NUM_PROCS=1
+ export CACTUS_NUM_THREADS=1
+ CACTUS_NUM_THREADS=1
+ export GMON_OUT_PREFIX=gmon.out
+ GMON_OUT_PREFIX=gmon.out
+ export OMP_NUM_THREADS=1
+ OMP_NUM_THREADS=1
+ sort
+ env
+ echo Starting:
++ date +%s
+ export CACTUS_STARTTIME=1774447641
+ CACTUS_STARTTIME=1774447641
+ '[' 1 = 1 ']'
+ '[' 0 -eq 0 ']'
+ /root/simulations/tov_gallery_polytrop/SIMFACTORY/exe/cactus_sim -L 3 /root/simulations/tov_gallery_polytrop/output-0000/tov_gallery_polytrop.par
cactus_sim: /opt/Cactus/configs/sim/build/SystemTopology/system_topology.cc:471: void {anonymous}::set_bindings(hwloc_topology_t, const mpi_host_mapping_t&): Assertion `num_pus % num_cores == 0' failed.
Rank 0 with PID 1993402 received signal 6
Writing backtrace to tov_gallery_polytrop/backtrace.0.txt
/root/simulations/tov_gallery_polytrop/output-0000/SIMFACTORY/RunScript: line 36: 1993402 Aborted                 (core dumped) /root/simulations/tov_gallery_polytrop/SIMFACTORY/exe/cactus_sim -L 3 /root/simulations/tov_gallery_polytrop/output-0000/tov_gallery_polytrop.par
