CONNECTED(00000003)
---
Certificate chain
 0 s:/C=US/postalCode=70803/ST=Louisiana/L=Baton Rouge/street=110 Thomas Boyd/O=Louisiana State University/OU=LSU A & M/CN=svn.cct.lsu.edu
   i:/C=US/ST=MI/L=Ann Arbor/O=Internet2/OU=InCommon/CN=InCommon RSA Server CA
 1 s:/C=SE/O=AddTrust AB/OU=AddTrust External TTP Network/CN=AddTrust External CA Root
   i:/C=SE/O=AddTrust AB/OU=AddTrust External TTP Network/CN=AddTrust External CA Root
 2 s:/C=US/ST=New Jersey/L=Jersey City/O=The USERTRUST Network/CN=USERTrust RSA Certification Authority
   i:/C=SE/O=AddTrust AB/OU=AddTrust External TTP Network/CN=AddTrust External CA Root
 3 s:/C=US/ST=MI/L=Ann Arbor/O=Internet2/OU=InCommon/CN=InCommon RSA Server CA
   i:/C=US/ST=New Jersey/L=Jersey City/O=The USERTRUST Network/CN=USERTrust RSA Certification Authority
---
Server certificate
-----BEGIN CERTIFICATE-----
MIIGezCCBWOgAwIBAgIRAJMak4/cvvLqoIwOhGVpLSQwDQYJKoZIhvcNAQELBQAw
djELMAkGA1UEBhMCVVMxCzAJBgNVBAgTAk1JMRIwEAYDVQQHEwlBbm4gQXJib3Ix
EjAQBgNVBAoTCUludGVybmV0MjERMA8GA1UECxMISW5Db21tb24xHzAdBgNVBAMT
FkluQ29tbW9uIFJTQSBTZXJ2ZXIgQ0EwHhcNMTUwNjA5MDAwMDAwWhcNMTgwNjI1
MjM1OTU5WjCBtDELMAkGA1UEBhMCVVMxDjAMBgNVBBETBTcwODAzMRIwEAYDVQQI
EwlMb3Vpc2lhbmExFDASBgNVBAcTC0JhdG9uIFJvdWdlMRgwFgYDVQQJEw8xMTAg
VGhvbWFzIEJveWQxIzAhBgNVBAoTGkxvdWlzaWFuYSBTdGF0ZSBVbml2ZXJzaXR5
MRIwEAYDVQQLDAlMU1UgQSAmIE0xGDAWBgNVBAMTD3N2bi5jY3QubHN1LmVkdTCC
AiIwDQYJKoZIhvcNAQEBBQADggIPADCCAgoCggIBANFnkaT5JngRJ6IZhiwTqR87
JKbSHgK0GtbCZqLj1wD1mSYwctGtncrpNDI/x+wLQxJJ8iNQyBPGXzS4yAQTB0rg
9pYitDP8MYGtqkJ8b2QNNLlr6nMiRfAAKbDlARGj9gywqYH+wZO5x+H3Y8zR5pRQ
INiMepwWzYg2BV7H6zHxCcigvvwgRPgWxvzzjubGpH4qMRutdGnnTBEAZKfqL31Z
KbESFCvaUAugxtRSJ13J7AYIMwwTaL5jGpSah8lbPeU81R/TIW44s18kR3Gn7p62
1vLrk0iwcvXggAztV2IWjOnkkYtiqiT7ERSjPMV9Ol1N8UcSoD3JsySx9VH2+B3i
YCxQQc6usijfX6ld5v8rtCZG5pLi8qZUPZ7JmhdPd95nugEgIYtWRe8oaOytljd3
1SmUJnRcb1qY3sAPKoDSxvLa+ZY5s14tVcsAycJg1rx4HPAnY21abiZZgdPN28KV
leqaabdxAFKU9/X1Uk1HhUr6dvhvHPZAU3KksGggqPb7HCF8wEffpEeKO7aMN88y
aXvT0nHPmpyqT4mPQeoWjT3Xdl1oKFvuEIjubQ1F7TMtBKz5qdJgHiojE3KYwP9d
7lBA2MKjrmVsKx6boLgmXfXnZjK3Y2LCffpLYgEtm255SJ95HSQEGF8ePLjuElh2
xafrF8fDwFA3v2glePoJAgMBAAGjggHDMIIBvzAfBgNVHSMEGDAWgBQeBaN3j2yW
4luHS6a0hqxxAAznODAdBgNVHQ4EFgQUVvsvJpMnqcAQsrGqPZdkrNR4SoowDgYD
VR0PAQH/BAQDAgWgMAwGA1UdEwEB/wQCMAAwHQYDVR0lBBYwFAYIKwYBBQUHAwEG
CCsGAQUFBwMCMGcGA1UdIARgMF4wUgYMKwYBBAGuIwEEAwEBMEIwQAYIKwYBBQUH
AgEWNGh0dHBzOi8vd3d3LmluY29tbW9uLm9yZy9jZXJ0L3JlcG9zaXRvcnkvY3Bz
X3NzbC5wZGYwCAYGZ4EMAQICMEQGA1UdHwQ9MDswOaA3oDWGM2h0dHA6Ly9jcmwu
aW5jb21tb24tcnNhLm9yZy9JbkNvbW1vblJTQVNlcnZlckNBLmNybDB1BggrBgEF
BQcBAQRpMGcwPgYIKwYBBQUHMAKGMmh0dHA6Ly9jcnQudXNlcnRydXN0LmNvbS9J
bkNvbW1vblJTQVNlcnZlckNBXzIuY3J0MCUGCCsGAQUFBzABhhlodHRwOi8vb2Nz
cC51c2VydHJ1c3QuY29tMBoGA1UdEQQTMBGCD3N2bi5jY3QubHN1LmVkdTANBgkq
hkiG9w0BAQsFAAOCAQEAmy0H1GJ4o/8EJf/r9K53SySwgCNiXAFkWEMxwzDif01q
QoLuNEGw9Wl8qLYIaLkVZSWL9iuqLfCUxk0Kyn6O+M6IkHXmIaQ+29yWAD00u+5n
T6b1kln6bDOm0lQsiHqg8YXRbg8rAqe7u0VC7x1WGF/ib+BA+rqCfTOtbd5tXy1w
OFCljplQGdJEgpCidMNxBPjOzadiE6GdTo4/jHvndERtm8sSAF7r8MVxVRwqOHkz
NHvB72hkna51ChwOm4dOHOEC+wTm1OxNyqCLJ0L++YrHD77IECaIJz3KV+kRNMuW
tWLY8FU4KGko0oGGRYTmcTYjae7E2vObo1KNjRPvvw==
-----END CERTIFICATE-----
subject=/C=US/postalCode=70803/ST=Louisiana/L=Baton Rouge/street=110 Thomas Boyd/O=Louisiana State University/OU=LSU A & M/CN=svn.cct.lsu.edu
issuer=/C=US/ST=MI/L=Ann Arbor/O=Internet2/OU=InCommon/CN=InCommon RSA Server CA
---
No client certificate CA names sent
---
SSL handshake has read 5847 bytes and written 700 bytes
---
New, TLSv1/SSLv3, Cipher is RC4-SHA
Server public key is 4096 bit
Secure Renegotiation IS supported
Compression: NONE
Expansion: NONE
SSL-Session:
    Protocol  : TLSv1
    Cipher    : RC4-SHA
    Session-ID: 598B765F6570B3C778773045948F5ED031B47ADD46997DE5568429FF6B92B1D2
    Session-ID-ctx: 
    Master-Key: 312A3444B4A73BA2805B8B721810324C0212E0645DF50F8E731B851868AE8BC17D0861B6CFE7C5948E74E0E297967152
    Key-Arg   : None
    Start Time: 1439193262
    Timeout   : 300 (sec)
    Verify return code: 0 (ok)
---
