This file contains any messages produced by compilers while
running configure, to aid debugging if configure makes a mistake.

configure:922: checking host system type
configure:948: checking for mawk
configure:1017: checking whether make sets ${MAKE}
configure:1082: checking whether the C compiler (/home/eschnetter/src/CarpetX/Cactus/view-compilers-llvm/bin/clang -pipe -g -march=native -std=gnu11 ) works
configure:1099: /home/eschnetter/src/CarpetX/Cactus/view-compilers-llvm/bin/clang -o conftest -pipe -g -march=native -std=gnu11   conftest.c  1>&5
configure:1096:1: warning: type specifier missing, defaults to 'int' [-Wimplicit-int]
main(){return(0);} int PilotMain(){return(0);}
^
1 warning generated.
configure:1128: checking whether the C compiler (/home/eschnetter/src/CarpetX/Cactus/view-compilers-llvm/bin/clang -pipe -g -march=native -std=gnu11 ) is a cross-compiler
configure:1136: checking whether we are using GNU C
configure:1145: /home/eschnetter/src/CarpetX/Cactus/view-compilers-llvm/bin/clang -E conftest.c
configure:1192: checking whether the C++ compiler (/home/eschnetter/src/CarpetX/Cactus/view-compilers-llvm/bin/clang++ -pipe -g -march=native -std=gnu++17 ) works
configure:1209: /home/eschnetter/src/CarpetX/Cactus/view-compilers-llvm/bin/clang++ -o conftest -pipe -g -march=native -std=gnu++17   conftest.C  1>&5
configure:1235: checking whether the C++ compiler (/home/eschnetter/src/CarpetX/Cactus/view-compilers-llvm/bin/clang++ -pipe -g -march=native -std=gnu++17 ) is a cross-compiler
configure:1243: checking whether we are using GNU C++
configure:1252: /home/eschnetter/src/CarpetX/Cactus/view-compilers-llvm/bin/clang++ -E conftest.C
configure:1304: checking for nvcc
configure:1339: checking for ranlib
configure:1465: checking for perl
configure:1502: checking for gtar
configure:1502: checking for tar
configure:1539: checking for xargs
configure:1576: checking for gzip
configure:1613: checking for gpatch
configure:1613: checking for patch
configure:1650: checking for git
configure:1687: checking for ar
configure:1724: checking for mkdir
configure:1763: checking for bash
configure:2053: checking whether the Fortran compiler (/home/eschnetter/src/CarpetX/Cactus/view-compilers-llvm/bin/flang  ) works
configure:2068: /home/eschnetter/src/CarpetX/Cactus/view-compilers-llvm/bin/flang -o conftest -pipe -g -march=native -fcray-pointer -ffixed-line-length-none  conftest.f  1>&5
configure:2097: checking whether the Fortran compiler (/home/eschnetter/src/CarpetX/Cactus/view-compilers-llvm/bin/flang  ) is a cross-compiler
configure:2105: checking whether the Fortran compiler (/home/eschnetter/src/CarpetX/Cactus/view-compilers-llvm/bin/flang  ) supports TYPE(*) for CCTK_PointerTo
configure:2130: /home/eschnetter/src/CarpetX/Cactus/view-compilers-llvm/bin/flang -c -pipe -g -march=native -fcray-pointer -ffixed-line-length-none conftest.f 1>&5
conftest.f:7:22: error: Assumed type argument requires an explicit interface
          b = transfer(c_loc(a), b)
                       ^^^^^^^^
/home/eschnetter/src/CarpetX/Cactus/view-compilers-llvm/bin/f18: Semantic errors in conftest.f
flang: in /home/eschnetter/src/CarpetX/Cactus/configs/sim-llvm-debug/config-data, f18 failed with exit status 0: /home/eschnetter/src/CarpetX/Cactus/view-compilers-llvm/bin/f18 -module-suffix .f18.mod -intrinsic-module-directory /home/eschnetter/src/CarpetX/Cactus/view-compilers-llvm/include/flang -c -pipe -g -march=native -fcray-pointer -ffixed-line-length-none conftest.f
configure:2170: checking how to run the C preprocessor
configure:2250: checking for ANSI C header files
configure:2263: cpp  conftest.c >/dev/null 2>conftest.out
configure:2330: /home/eschnetter/src/CarpetX/Cactus/view-compilers-llvm/bin/clang -o conftest -pipe -g -march=native -std=gnu11   conftest.c  1>&5
configure:2325:67: warning: implicitly declaring library function 'exit' with type 'void (int) __attribute__((noreturn))' [-Wimplicit-function-declaration]
if (XOR (islower (i), ISLOWER (i)) || toupper (i) != TOUPPER (i)) exit(2);
                                                                  ^
configure:2325:67: note: include the header <stdlib.h> or explicitly provide a declaration for 'exit'
1 warning generated.
configure:2357: checking for C99 features
configure:2375: /home/eschnetter/src/CarpetX/Cactus/view-compilers-llvm/bin/clang -c -pipe -g -march=native -std=gnu11  conftest.c 1>&5
configure:2368:1: warning: expression result unused [-Wunused-value]
0;
^
1 warning generated.
configure:2404: checking for M_PI
configure:2419: /home/eschnetter/src/CarpetX/Cactus/view-compilers-llvm/bin/clang -c -pipe -g -march=native -std=gnu11  conftest.c 1>&5
configure:2444: checking for C strdup
configure:2457: /home/eschnetter/src/CarpetX/Cactus/view-compilers-llvm/bin/clang -c -pipe -g -march=native -std=gnu11  conftest.c 1>&5
configure:2492: checking for C++ strdup
configure:2505: /home/eschnetter/src/CarpetX/Cactus/view-compilers-llvm/bin/clang++ -c -pipe -g -march=native -std=gnu++17  conftest.C 1>&5
configure:2545: checking whether byte ordering is bigendian
configure:2563: /home/eschnetter/src/CarpetX/Cactus/view-compilers-llvm/bin/clang -c -pipe -g -march=native -std=gnu11  conftest.c 1>&5
configure:2578: /home/eschnetter/src/CarpetX/Cactus/view-compilers-llvm/bin/clang -c -pipe -g -march=native -std=gnu11  conftest.c 1>&5
configure:2573:2: error: use of undeclared identifier 'not'
 not big endian
 ^
1 error generated.
configure: failed program was:
#line 2567 "configure"
#include "confdefs.h"
#include <sys/types.h>
#include <sys/param.h>
int main() {

#if BYTE_ORDER != BIG_ENDIAN
 not big endian
#endif
; return 0; }
configure:2639: checking size of long long
configure:2708: /home/eschnetter/src/CarpetX/Cactus/view-compilers-llvm/bin/clang -o conftest -pipe -g -march=native -std=gnu11   conftest.c  1>&5
configure:2729: checking size of long int
configure:2798: /home/eschnetter/src/CarpetX/Cactus/view-compilers-llvm/bin/clang -o conftest -pipe -g -march=native -std=gnu11   conftest.c  1>&5
configure:2819: checking size of int
configure:2888: /home/eschnetter/src/CarpetX/Cactus/view-compilers-llvm/bin/clang -o conftest -pipe -g -march=native -std=gnu11   conftest.c  1>&5
configure:2909: checking size of short int
configure:2978: /home/eschnetter/src/CarpetX/Cactus/view-compilers-llvm/bin/clang -o conftest -pipe -g -march=native -std=gnu11   conftest.c  1>&5
configure:3001: checking size of long double
configure:3070: /home/eschnetter/src/CarpetX/Cactus/view-compilers-llvm/bin/clang -o conftest -pipe -g -march=native -std=gnu11   conftest.c  1>&5
configure:3091: checking size of double
configure:3160: /home/eschnetter/src/CarpetX/Cactus/view-compilers-llvm/bin/clang -o conftest -pipe -g -march=native -std=gnu11   conftest.c  1>&5
configure:3181: checking size of float
configure:3250: /home/eschnetter/src/CarpetX/Cactus/view-compilers-llvm/bin/clang -o conftest -pipe -g -march=native -std=gnu11   conftest.c  1>&5
configure:3273: checking size of char *
configure:3342: /home/eschnetter/src/CarpetX/Cactus/view-compilers-llvm/bin/clang -o conftest -pipe -g -march=native -std=gnu11   conftest.c  1>&5
configure:3377: checking for the null device
configure:3441: checking for gethostbyname
configure:3469: /home/eschnetter/src/CarpetX/Cactus/view-compilers-llvm/bin/clang -o conftest -pipe -g -march=native -std=gnu11   conftest.c   >&5
configure:3542: checking whether mode_t is defined
configure:3557: /home/eschnetter/src/CarpetX/Cactus/view-compilers-llvm/bin/clang -c -pipe -g -march=native -std=gnu11  conftest.c 1>&5
configure:3583: checking for availability of gettimeofday timing
configure:3596: /home/eschnetter/src/CarpetX/Cactus/view-compilers-llvm/bin/clang -o conftest -pipe -g -march=native -std=gnu11   conftest.c   >&5
configure:3591:1: warning: implicit declaration of function 'gettimeofday' is invalid in C99 [-Wimplicit-function-declaration]
gettimeofday(0, 0);
^
1 warning generated.
configure:3618: checking if gettimeofday needs timezone
configure:3636: /home/eschnetter/src/CarpetX/Cactus/view-compilers-llvm/bin/clang -o conftest -pipe -g -march=native -std=gnu11   conftest.c   >&5
configure:3659: checking for availability of getrusage timing
configure:3677: /home/eschnetter/src/CarpetX/Cactus/view-compilers-llvm/bin/clang -o conftest -pipe -g -march=native -std=gnu11   conftest.c   >&5
configure:3699: checking for availability of _ftime timing
configure:3717: /home/eschnetter/src/CarpetX/Cactus/view-compilers-llvm/bin/clang -o conftest -pipe -g -march=native -std=gnu11   conftest.c   >&5
configure:3710:17: error: variable has incomplete type 'struct _timeb'
  struct _timeb timebs;
                ^
configure:3710:10: note: forward declaration of 'struct _timeb'
  struct _timeb timebs;
         ^
configure:3711:3: warning: implicit declaration of function '_ftime' is invalid in C99 [-Wimplicit-function-declaration]
  _ftime(&timebs);
  ^
1 warning and 1 error generated.
configure: failed program was:
#line 3704 "configure"
#include "confdefs.h"
#include <stdio.h>
#include <time.h>
#include <sys/types.h>
#include <sys/timeb.h>
int main() {
  struct _timeb timebs;
  _ftime(&timebs);
  printf("%f\n",(double)(timebs.time + timebs.millitm/1000.0));
  return 0;
; return 0; }
configure:3744: checking for time.h
configure:3757: /home/eschnetter/src/CarpetX/Cactus/view-compilers-llvm/bin/clang -c -pipe -g -march=native -std=gnu11  conftest.c 1>&5
configure:3784: checking for sys/time.h
configure:3797: /home/eschnetter/src/CarpetX/Cactus/view-compilers-llvm/bin/clang -c -pipe -g -march=native -std=gnu11  conftest.c 1>&5
configure:3824: checking for sys/types.h
configure:3837: /home/eschnetter/src/CarpetX/Cactus/view-compilers-llvm/bin/clang -c -pipe -g -march=native -std=gnu11  conftest.c 1>&5
configure:3864: checking for unistd.h
configure:3877: /home/eschnetter/src/CarpetX/Cactus/view-compilers-llvm/bin/clang -c -pipe -g -march=native -std=gnu11  conftest.c 1>&5
configure:3904: checking for string.h
configure:3917: /home/eschnetter/src/CarpetX/Cactus/view-compilers-llvm/bin/clang -c -pipe -g -march=native -std=gnu11  conftest.c 1>&5
configure:3944: checking for assert.h
configure:3957: /home/eschnetter/src/CarpetX/Cactus/view-compilers-llvm/bin/clang -c -pipe -g -march=native -std=gnu11  conftest.c 1>&5
configure:3984: checking for tgmath.h
configure:3997: /home/eschnetter/src/CarpetX/Cactus/view-compilers-llvm/bin/clang -c -pipe -g -march=native -std=gnu11  conftest.c 1>&5
configure:4024: checking for sys/stat.h
configure:4037: /home/eschnetter/src/CarpetX/Cactus/view-compilers-llvm/bin/clang -c -pipe -g -march=native -std=gnu11  conftest.c 1>&5
configure:4064: checking for getopt.h
configure:4077: /home/eschnetter/src/CarpetX/Cactus/view-compilers-llvm/bin/clang -c -pipe -g -march=native -std=gnu11  conftest.c 1>&5
configure:4104: checking for dirent.h
configure:4117: /home/eschnetter/src/CarpetX/Cactus/view-compilers-llvm/bin/clang -c -pipe -g -march=native -std=gnu11  conftest.c 1>&5
configure:4144: checking for c_asm.h
configure:4157: /home/eschnetter/src/CarpetX/Cactus/view-compilers-llvm/bin/clang -c -pipe -g -march=native -std=gnu11  conftest.c 1>&5
configure:4151:10: fatal error: 'c_asm.h' file not found
#include <c_asm.h>
         ^~~~~~~~~
1 error generated.
configure: failed program was:
#line 4149 "configure"
#include "confdefs.h"
 
#include <c_asm.h>
int main() {
 
; return 0; }
configure:4184: checking for intrinsics.h
configure:4197: /home/eschnetter/src/CarpetX/Cactus/view-compilers-llvm/bin/clang -c -pipe -g -march=native -std=gnu11  conftest.c 1>&5
configure:4191:10: fatal error: 'intrinsics.h' file not found
#include <intrinsics.h>
         ^~~~~~~~~~~~~~
1 error generated.
configure: failed program was:
#line 4189 "configure"
#include "confdefs.h"
 
#include <intrinsics.h>
int main() {
 
; return 0; }
configure:4224: checking for mach/mach_time.h
configure:4237: /home/eschnetter/src/CarpetX/Cactus/view-compilers-llvm/bin/clang -c -pipe -g -march=native -std=gnu11  conftest.c 1>&5
configure:4231:10: fatal error: 'mach/mach_time.h' file not found
#include <mach/mach_time.h>
         ^~~~~~~~~~~~~~~~~~
1 error generated.
configure: failed program was:
#line 4229 "configure"
#include "confdefs.h"
 
#include <mach/mach_time.h>
int main() {
 
; return 0; }
configure:4261: checking for regex.h
configure:4274: /home/eschnetter/src/CarpetX/Cactus/view-compilers-llvm/bin/clang -c -pipe -g -march=native -std=gnu11  conftest.c 1>&5
configure:4299: checking for sys/filio.h
configure:4314: /home/eschnetter/src/CarpetX/Cactus/view-compilers-llvm/bin/clang -c -pipe -g -march=native -std=gnu11  conftest.c 1>&5
configure:4308:10: fatal error: 'sys/filio.h' file not found
#include <sys/filio.h>
         ^~~~~~~~~~~~~
1 error generated.
configure: failed program was:
#line 4304 "configure"
#include "confdefs.h"
#ifdef HAVE_SYS_TYPES_H
#include <sys/types.h>
#endif 
#include <sys/filio.h>
int main() {
 
; return 0; }
configure:4341: checking for sys/ioctl.h
configure:4356: /home/eschnetter/src/CarpetX/Cactus/view-compilers-llvm/bin/clang -c -pipe -g -march=native -std=gnu11  conftest.c 1>&5
configure:4383: checking for sys/socket.h
configure:4398: /home/eschnetter/src/CarpetX/Cactus/view-compilers-llvm/bin/clang -c -pipe -g -march=native -std=gnu11  conftest.c 1>&5
configure:4425: checking for netinet/in.h
configure:4440: /home/eschnetter/src/CarpetX/Cactus/view-compilers-llvm/bin/clang -c -pipe -g -march=native -std=gnu11  conftest.c 1>&5
configure:4467: checking for netdb.h
configure:4482: /home/eschnetter/src/CarpetX/Cactus/view-compilers-llvm/bin/clang -c -pipe -g -march=native -std=gnu11  conftest.c 1>&5
configure:4509: checking for arpa/inet.h
configure:4524: /home/eschnetter/src/CarpetX/Cactus/view-compilers-llvm/bin/clang -c -pipe -g -march=native -std=gnu11  conftest.c 1>&5
configure:4551: checking for winsock2.h
configure:4564: /home/eschnetter/src/CarpetX/Cactus/view-compilers-llvm/bin/clang -c -pipe -g -march=native -std=gnu11  conftest.c 1>&5
configure:4558:10: fatal error: 'winsock2.h' file not found
#include <winsock2.h>
         ^~~~~~~~~~~~
1 error generated.
configure: failed program was:
#line 4556 "configure"
#include "confdefs.h"
 
#include <winsock2.h>
int main() {
 
; return 0; }
configure:4591: checking for crypt.h
configure:4606: /home/eschnetter/src/CarpetX/Cactus/view-compilers-llvm/bin/clang -c -pipe -g -march=native -std=gnu11  conftest.c 1>&5
configure:4633: checking for signal.h
configure:4646: /home/eschnetter/src/CarpetX/Cactus/view-compilers-llvm/bin/clang -c -pipe -g -march=native -std=gnu11  conftest.c 1>&5
configure:4673: checking for malloc.h
configure:4686: /home/eschnetter/src/CarpetX/Cactus/view-compilers-llvm/bin/clang -c -pipe -g -march=native -std=gnu11  conftest.c 1>&5
configure:4713: checking for sched.h
configure:4726: /home/eschnetter/src/CarpetX/Cactus/view-compilers-llvm/bin/clang -c -pipe -g -march=native -std=gnu11  conftest.c 1>&5
configure:4753: checking for execinfo.h
configure:4766: /home/eschnetter/src/CarpetX/Cactus/view-compilers-llvm/bin/clang -c -pipe -g -march=native -std=gnu11  conftest.c 1>&5
configure:4791: checking whether time.h and sys/time.h may both be included
configure:4805: /home/eschnetter/src/CarpetX/Cactus/view-compilers-llvm/bin/clang -c -pipe -g -march=native -std=gnu11  conftest.c 1>&5
configure:4830: checking whether socklen_t is defined
configure:4855: /home/eschnetter/src/CarpetX/Cactus/view-compilers-llvm/bin/clang -c -pipe -g -march=native -std=gnu11  conftest.c 1>&5
configure:4880: checking whether SOCKET is defined
configure:4905: /home/eschnetter/src/CarpetX/Cactus/view-compilers-llvm/bin/clang -c -pipe -g -march=native -std=gnu11  conftest.c 1>&5
configure:4901:1: error: use of undeclared identifier 'SOCKET'
SOCKET foo; return 0
^
1 error generated.
configure: failed program was:
#line 4885 "configure"
#include "confdefs.h"
#include <stdio.h>
#include <stdlib.h>
#ifdef HAVE_UNISTD_H
#include <unistd.h>
#endif
#ifdef HAVE_SYS_TYPES_H
#include <sys/types.h>
#endif
#ifdef HAVE_SYS_SOCKET_H
#include <sys/socket.h>
#endif
#ifdef HAVE_WINSOCK2_H
#include <winsock2.h>
#endif
int main() {
SOCKET foo; return 0
; return 0; }
configure:4931: checking for hrtime_t
configure:4967: checking for gethrtime
configure:4995: /home/eschnetter/src/CarpetX/Cactus/view-compilers-llvm/bin/clang -o conftest -pipe -g -march=native -std=gnu11   conftest.c   >&5
/home/eschnetter/src/CarpetX/Cactus/view-compilers-llvm/bin/ld: /tmp/conftest-dc87f4.o: in function `main':
/home/eschnetter/src/CarpetX/Cactus/configs/sim-llvm-debug/config-data/configure:4989: undefined reference to `gethrtime'
clang-12: error: linker command failed with exit code 1 (use -v to see invocation)
configure: failed program was:
#line 4972 "configure"
#include "confdefs.h"
/* System header to define __stub macros and hopefully few prototypes,
    which can conflict with char gethrtime(); below.  */
#include <assert.h>
/* Override any gcc2 internal prototype to avoid an error.  */
/* We use char because int might match the return type of a gcc2
    builtin and then its argument prototype would still apply.  */
char gethrtime();

int main() {

/* The GNU C library defines this for functions which it implements
    to always fail with ENOSYS.  Some functions are actually named
    something starting with __ and the normal name is an alias.  */
#if defined (__stub_gethrtime) || defined (__stub___gethrtime)
choke me
#else
gethrtime();
#endif

; return 0; }
configure:4967: checking for read_real_time
configure:4995: /home/eschnetter/src/CarpetX/Cactus/view-compilers-llvm/bin/clang -o conftest -pipe -g -march=native -std=gnu11   conftest.c   >&5
/home/eschnetter/src/CarpetX/Cactus/view-compilers-llvm/bin/ld: /tmp/conftest-e40466.o: in function `main':
/home/eschnetter/src/CarpetX/Cactus/configs/sim-llvm-debug/config-data/configure:4989: undefined reference to `read_real_time'
clang-12: error: linker command failed with exit code 1 (use -v to see invocation)
configure: failed program was:
#line 4972 "configure"
#include "confdefs.h"
/* System header to define __stub macros and hopefully few prototypes,
    which can conflict with char read_real_time(); below.  */
#include <assert.h>
/* Override any gcc2 internal prototype to avoid an error.  */
/* We use char because int might match the return type of a gcc2
    builtin and then its argument prototype would still apply.  */
char read_real_time();

int main() {

/* The GNU C library defines this for functions which it implements
    to always fail with ENOSYS.  Some functions are actually named
    something starting with __ and the normal name is an alias.  */
#if defined (__stub_read_real_time) || defined (__stub___read_real_time)
choke me
#else
read_real_time();
#endif

; return 0; }
configure:4967: checking for time_base_to_time
configure:4995: /home/eschnetter/src/CarpetX/Cactus/view-compilers-llvm/bin/clang -o conftest -pipe -g -march=native -std=gnu11   conftest.c   >&5
/home/eschnetter/src/CarpetX/Cactus/view-compilers-llvm/bin/ld: /tmp/conftest-77dbb2.o: in function `main':
/home/eschnetter/src/CarpetX/Cactus/configs/sim-llvm-debug/config-data/configure:4989: undefined reference to `time_base_to_time'
clang-12: error: linker command failed with exit code 1 (use -v to see invocation)
configure: failed program was:
#line 4972 "configure"
#include "confdefs.h"
/* System header to define __stub macros and hopefully few prototypes,
    which can conflict with char time_base_to_time(); below.  */
#include <assert.h>
/* Override any gcc2 internal prototype to avoid an error.  */
/* We use char because int might match the return type of a gcc2
    builtin and then its argument prototype would still apply.  */
char time_base_to_time();

int main() {

/* The GNU C library defines this for functions which it implements
    to always fail with ENOSYS.  Some functions are actually named
    something starting with __ and the normal name is an alias.  */
#if defined (__stub_time_base_to_time) || defined (__stub___time_base_to_time)
choke me
#else
time_base_to_time();
#endif

; return 0; }
configure:4967: checking for clock_gettime
configure:4995: /home/eschnetter/src/CarpetX/Cactus/view-compilers-llvm/bin/clang -o conftest -pipe -g -march=native -std=gnu11   conftest.c   >&5
configure:4967: checking for mach_absolute_time
configure:4995: /home/eschnetter/src/CarpetX/Cactus/view-compilers-llvm/bin/clang -o conftest -pipe -g -march=native -std=gnu11   conftest.c   >&5
/home/eschnetter/src/CarpetX/Cactus/view-compilers-llvm/bin/ld: /tmp/conftest-3e8ef8.o: in function `main':
/home/eschnetter/src/CarpetX/Cactus/configs/sim-llvm-debug/config-data/configure:4989: undefined reference to `mach_absolute_time'
clang-12: error: linker command failed with exit code 1 (use -v to see invocation)
configure: failed program was:
#line 4972 "configure"
#include "confdefs.h"
/* System header to define __stub macros and hopefully few prototypes,
    which can conflict with char mach_absolute_time(); below.  */
#include <assert.h>
/* Override any gcc2 internal prototype to avoid an error.  */
/* We use char because int might match the return type of a gcc2
    builtin and then its argument prototype would still apply.  */
char mach_absolute_time();

int main() {

/* The GNU C library defines this for functions which it implements
    to always fail with ENOSYS.  Some functions are actually named
    something starting with __ and the normal name is an alias.  */
#if defined (__stub_mach_absolute_time) || defined (__stub___mach_absolute_time)
choke me
#else
mach_absolute_time();
#endif

; return 0; }
configure:5021: checking for _rtc intrinsic
configure:5033: /home/eschnetter/src/CarpetX/Cactus/view-compilers-llvm/bin/clang -o conftest -pipe -g -march=native -std=gnu11   conftest.c   >&5
configure:5029:1: warning: implicit declaration of function '_rtc' is invalid in C99 [-Wimplicit-function-declaration]
_rtc()
^
1 warning generated.
/home/eschnetter/src/CarpetX/Cactus/view-compilers-llvm/bin/ld: /tmp/conftest-8dfcc3.o: in function `main':
/home/eschnetter/src/CarpetX/Cactus/configs/sim-llvm-debug/config-data/configure:5029: undefined reference to `_rtc'
clang-12: error: linker command failed with exit code 1 (use -v to see invocation)
configure: failed program was:
#line 5024 "configure"
#include "confdefs.h"
#ifdef HAVE_INTRINSICS_H
#include <intrinsics.h>
#endif
int main() {
_rtc()
; return 0; }
configure:5054: checking for mallinfo
configure:5082: /home/eschnetter/src/CarpetX/Cactus/view-compilers-llvm/bin/clang -o conftest -pipe -g -march=native -std=gnu11   conftest.c   >&5
configure:5111: checking for mallopt
configure:5139: /home/eschnetter/src/CarpetX/Cactus/view-compilers-llvm/bin/clang -o conftest -pipe -g -march=native -std=gnu11   conftest.c   >&5
configure:5166: checking for malloc_info
configure:5194: /home/eschnetter/src/CarpetX/Cactus/view-compilers-llvm/bin/clang -o conftest -pipe -g -march=native -std=gnu11   conftest.c   >&5
configure:5217: checking whether M_MMAP_THRESHOLD is defined
configure:5232: /home/eschnetter/src/CarpetX/Cactus/view-compilers-llvm/bin/clang -c -pipe -g -march=native -std=gnu11  conftest.c 1>&5
configure:5259: checking for sched_getaffinity
configure:5287: /home/eschnetter/src/CarpetX/Cactus/view-compilers-llvm/bin/clang -o conftest -pipe -g -march=native -std=gnu11   conftest.c   >&5
configure:5316: checking for getpid
configure:5344: /home/eschnetter/src/CarpetX/Cactus/view-compilers-llvm/bin/clang -o conftest -pipe -g -march=native -std=gnu11   conftest.c   >&5
configure:5373: checking if __int64 is defined
configure:5385: /home/eschnetter/src/CarpetX/Cactus/view-compilers-llvm/bin/clang -c -pipe -g -march=native -std=gnu11  conftest.c 1>&5
configure:5381:1: error: use of undeclared identifier '__int64'
__int64 foo; return 0
^
1 error generated.
configure: failed program was:
#line 5378 "configure"
#include "confdefs.h"

int main() {
__int64 foo; return 0
; return 0; }
configure:5407: checking if __int128 is defined
configure:5419: /home/eschnetter/src/CarpetX/Cactus/view-compilers-llvm/bin/clang -c -pipe -g -march=native -std=gnu11  conftest.c 1>&5
configure:5454: checking for vector
configure:5467: /home/eschnetter/src/CarpetX/Cactus/view-compilers-llvm/bin/clang++ -c -pipe -g -march=native -std=gnu++17  conftest.C 1>&5
configure:5454: checking for vector.h
configure:5467: /home/eschnetter/src/CarpetX/Cactus/view-compilers-llvm/bin/clang++ -c -pipe -g -march=native -std=gnu++17  conftest.C 1>&5
configure:5461:10: fatal error: 'vector.h' file not found
#include <vector.h>
         ^~~~~~~~~~
1 error generated.
configure: failed program was:
#line 5459 "configure"
#include "confdefs.h"
 
#include <vector.h>
int main() {
 
; return 0; }
configure:5501: checking if Intel compiler has broken restrict
configure:5519: /home/eschnetter/src/CarpetX/Cactus/view-compilers-llvm/bin/clang -c -pipe -g -march=native -std=gnu11  conftest.c 1>&5
configure:5547: /home/eschnetter/src/CarpetX/Cactus/view-compilers-llvm/bin/clang++ -c -pipe -g -march=native -std=gnu++17  conftest.C 1>&5
configure:5577: checking if compiler has broken omp collapse
configure:5595: /home/eschnetter/src/CarpetX/Cactus/view-compilers-llvm/bin/clang -c -pipe -g -march=native -std=gnu11  conftest.c 1>&5
configure:5622: /home/eschnetter/src/CarpetX/Cactus/view-compilers-llvm/bin/clang++ -c -pipe -g -march=native -std=gnu++17  conftest.C 1>&5
configure:5667: checking for getopt_long_only
configure:5695: /home/eschnetter/src/CarpetX/Cactus/view-compilers-llvm/bin/clang -o conftest -pipe -g -march=native -std=gnu11   conftest.c   >&5
configure:5738: checking for working const
configure:5792: /home/eschnetter/src/CarpetX/Cactus/view-compilers-llvm/bin/clang -c -pipe -g -march=native -std=gnu11  conftest.c 1>&5
configure:5814: checking for C inline
configure:5828: /home/eschnetter/src/CarpetX/Cactus/view-compilers-llvm/bin/clang -c -pipe -g -march=native -std=gnu11  conftest.c 1>&5
configure:5874: checking for C static inline
configure:5896: /home/eschnetter/src/CarpetX/Cactus/view-compilers-llvm/bin/clang -o conftest -pipe -g -march=native -std=gnu11   conftest.c   >&5 conftest2.c
configure:5884:18: warning: type specifier missing, defaults to 'int' [-Wimplicit-int]
;} static inline ifoo(){} foo(){ifoo();
   ~~~~~~~~~~~~~ ^
configure:5884:25: warning: non-void function does not return a value [-Wreturn-type]
;} static inline ifoo(){} foo(){ifoo();
                        ^
configure:5884:27: warning: type specifier missing, defaults to 'int' [-Wimplicit-int]
;} static inline ifoo(){} foo(){ifoo();
                          ^
3 warnings generated.
configure:5892:2: warning: non-void function does not return a value [-Wreturn-type]
;} static inline ifoo(){} foo2(){ifoo();
 ^
configure:5892:18: warning: type specifier missing, defaults to 'int' [-Wimplicit-int]
;} static inline ifoo(){} foo2(){ifoo();
   ~~~~~~~~~~~~~ ^
configure:5892:25: warning: non-void function does not return a value [-Wreturn-type]
;} static inline ifoo(){} foo2(){ifoo();
                        ^
configure:5892:27: warning: type specifier missing, defaults to 'int' [-Wimplicit-int]
;} static inline ifoo(){} foo2(){ifoo();
                          ^
4 warnings generated.
configure:5922: checking for C restrict
configure:5954: /home/eschnetter/src/CarpetX/Cactus/view-compilers-llvm/bin/clang -c -pipe -g -march=native -std=gnu11  conftest.c 1>&5
configure:5984: checking for C++ restrict
configure:6024: /home/eschnetter/src/CarpetX/Cactus/view-compilers-llvm/bin/clang++ -c -pipe -g -march=native -std=gnu++17  conftest.C 1>&5
configure:6001:18: error: expected ';' after top level declarator
double * restrict p1;
                 ^
                 ;
configure:6002:10: error: redefinition of 'restrict'
double * restrict p2[3];
         ^
configure:6001:10: note: previous definition is here
double * restrict p1;
         ^
configure:6002:18: error: expected ';' after top level declarator
double * restrict p2[3];
                 ^
                 ;
configure:6003:28: error: expected ';' at end of declaration list
struct s1 { char * restrict arr; };
                           ^
                           ;
configure:6004:28: error: expected ';' at end of declaration list
struct s2 { char * restrict arr[3]; };
                           ^
                           ;
configure:6005:26: error: expected ')'
void f1 (void * restrict p);
                         ^
configure:6005:9: note: to match this '('
void f1 (void * restrict p);
        ^
configure:6006:26: error: expected ')'
void f2 (void * restrict p[]);
                         ^
configure:6006:9: note: to match this '('
void f2 (void * restrict p[]);
        ^
configure:6007:26: error: expected ')'
void f3 (void * restrict p[3]);
                         ^
configure:6007:9: note: to match this '('
void f3 (void * restrict p[3]);
        ^
configure:6010:26: error: expected ')'
void f1 (void * restrict p) { }
                         ^
configure:6010:9: note: to match this '('
void f1 (void * restrict p) { }
        ^
configure:6011:26: error: expected ')'
void f2 (void * restrict p[]) { }
                         ^
configure:6011:9: note: to match this '('
void f2 (void * restrict p[]) { }
        ^
configure:6012:26: error: expected ')'
void f3 (void * restrict p[3]) { }
                         ^
configure:6012:9: note: to match this '('
void f3 (void * restrict p[3]) { }
        ^
configure:6018:18: error: expected ';' at end of declaration
double * restrict v1;
                 ^
                 ;
configure:6019:10: error: redefinition of 'restrict'
double * restrict v2[3];
         ^
configure:6018:10: note: previous definition is here
double * restrict v1;
         ^
configure:6019:18: error: expected ';' at end of declaration
double * restrict v2[3];
                 ^
                 ;
14 errors generated.
configure: failed program was:
#line 5999 "configure"
#include "confdefs.h"

double * restrict p1;
double * restrict p2[3];
struct s1 { char * restrict arr; };
struct s2 { char * restrict arr[3]; };
void f1 (void * restrict p);
void f2 (void * restrict p[]);
void f3 (void * restrict p[3]);
// void f4 (void * restrict p[restrict]);
// void f5 (void * restrict p[restrict 3]);
void f1 (void * restrict p) { }
void f2 (void * restrict p[]) { }
void f3 (void * restrict p[3]) { }
// void f4 (void * restrict p[restrict]) { }
// void f5 (void * restrict p[restrict 3]) { }

int main() {

double * restrict v1;
double * restrict v2[3];

; return 0; }
configure:6024: /home/eschnetter/src/CarpetX/Cactus/view-compilers-llvm/bin/clang++ -c -pipe -g -march=native -std=gnu++17  conftest.C 1>&5
configure:6065: checking for C++ copysign
configure:6106: /home/eschnetter/src/CarpetX/Cactus/view-compilers-llvm/bin/clang++ -c -pipe -g -march=native -std=gnu++17  conftest.C 1>&5
configure:6094:3: error: no matching function for call to 'copysign'
  std::copysign (1.0f);
  ^~~~~~~~~~~~~
/usr/include/x86_64-linux-gnu/bits/mathcalls.h:196:14: note: candidate function not viable: requires 2 arguments, but 1 was provided
__MATHCALLX (copysign,, (_Mdouble_ __x, _Mdouble_ __y), (__const__));
             ^
/usr/lib/gcc/x86_64-linux-gnu/10/../../../../include/c++/10/cmath:1286:3: note: candidate function not viable: requires 2 arguments, but 1 was provided
  copysign(float __x, float __y)
  ^
/usr/lib/gcc/x86_64-linux-gnu/10/../../../../include/c++/10/cmath:1290:3: note: candidate function not viable: requires 2 arguments, but 1 was provided
  copysign(long double __x, long double __y)
  ^
/usr/lib/gcc/x86_64-linux-gnu/10/../../../../include/c++/10/cmath:1297:5: note: candidate function template not viable: requires 2 arguments, but 1 was provided
    copysign(_Tp __x, _Up __y)
    ^
configure:6095:3: error: no matching function for call to 'copysign'
  std::copysign (1.0);
  ^~~~~~~~~~~~~
/usr/include/x86_64-linux-gnu/bits/mathcalls.h:196:14: note: candidate function not viable: requires 2 arguments, but 1 was provided
__MATHCALLX (copysign,, (_Mdouble_ __x, _Mdouble_ __y), (__const__));
             ^
/usr/lib/gcc/x86_64-linux-gnu/10/../../../../include/c++/10/cmath:1286:3: note: candidate function not viable: requires 2 arguments, but 1 was provided
  copysign(float __x, float __y)
  ^
/usr/lib/gcc/x86_64-linux-gnu/10/../../../../include/c++/10/cmath:1290:3: note: candidate function not viable: requires 2 arguments, but 1 was provided
  copysign(long double __x, long double __y)
  ^
/usr/lib/gcc/x86_64-linux-gnu/10/../../../../include/c++/10/cmath:1297:5: note: candidate function template not viable: requires 2 arguments, but 1 was provided
    copysign(_Tp __x, _Up __y)
    ^
configure:6099:3: error: no matching function for call to 'copysign'
  std::copysign (1.0f);
  ^~~~~~~~~~~~~
/usr/include/x86_64-linux-gnu/bits/mathcalls.h:196:14: note: candidate function not viable: requires 2 arguments, but 1 was provided
__MATHCALLX (copysign,, (_Mdouble_ __x, _Mdouble_ __y), (__const__));
             ^
/usr/lib/gcc/x86_64-linux-gnu/10/../../../../include/c++/10/cmath:1286:3: note: candidate function not viable: requires 2 arguments, but 1 was provided
  copysign(float __x, float __y)
  ^
/usr/lib/gcc/x86_64-linux-gnu/10/../../../../include/c++/10/cmath:1290:3: note: candidate function not viable: requires 2 arguments, but 1 was provided
  copysign(long double __x, long double __y)
  ^
/usr/lib/gcc/x86_64-linux-gnu/10/../../../../include/c++/10/cmath:1297:5: note: candidate function template not viable: requires 2 arguments, but 1 was provided
    copysign(_Tp __x, _Up __y)
    ^
configure:6100:3: error: no matching function for call to 'copysign'
  std::copysign (1.0);
  ^~~~~~~~~~~~~
/usr/include/x86_64-linux-gnu/bits/mathcalls.h:196:14: note: candidate function not viable: requires 2 arguments, but 1 was provided
__MATHCALLX (copysign,, (_Mdouble_ __x, _Mdouble_ __y), (__const__));
             ^
/usr/lib/gcc/x86_64-linux-gnu/10/../../../../include/c++/10/cmath:1286:3: note: candidate function not viable: requires 2 arguments, but 1 was provided
  copysign(float __x, float __y)
  ^
/usr/lib/gcc/x86_64-linux-gnu/10/../../../../include/c++/10/cmath:1290:3: note: candidate function not viable: requires 2 arguments, but 1 was provided
  copysign(long double __x, long double __y)
  ^
/usr/lib/gcc/x86_64-linux-gnu/10/../../../../include/c++/10/cmath:1297:5: note: candidate function template not viable: requires 2 arguments, but 1 was provided
    copysign(_Tp __x, _Up __y)
    ^
4 errors generated.
configure: failed program was:
#line 6085 "configure"
#include "confdefs.h"

/* See note in cctk_Math.h regarding these include statements */
#include <cmath>
#include <math.h>

int main() {

{
  std::copysign (1.0f);
  std::copysign (1.0);
}
using namespace std;
{
  std::copysign (1.0f);
  std::copysign (1.0);
}

; return 0; }
configure:6106: /home/eschnetter/src/CarpetX/Cactus/view-compilers-llvm/bin/clang++ -c -pipe -g -march=native -std=gnu++17  conftest.C 1>&5
configure:6095:3: warning: ignoring return value of function declared with const attribute [-Wunused-value]
  std::copysign (1.0, 1.0);
  ^~~~~~~~~~~~~  ~~~~~~~~
configure:6100:3: warning: ignoring return value of function declared with const attribute [-Wunused-value]
  std::copysign (1.0, 1.0);
  ^~~~~~~~~~~~~  ~~~~~~~~
2 warnings generated.
configure:6144: checking for C++ fpclassify
configure:6185: /home/eschnetter/src/CarpetX/Cactus/view-compilers-llvm/bin/clang++ -c -pipe -g -march=native -std=gnu++17  conftest.C 1>&5
configure:6223: checking for C++ isfinite
configure:6264: /home/eschnetter/src/CarpetX/Cactus/view-compilers-llvm/bin/clang++ -c -pipe -g -march=native -std=gnu++17  conftest.C 1>&5
configure:6302: checking for C++ isinf
configure:6343: /home/eschnetter/src/CarpetX/Cactus/view-compilers-llvm/bin/clang++ -c -pipe -g -march=native -std=gnu++17  conftest.C 1>&5
configure:6381: checking for C++ isnan
configure:6422: /home/eschnetter/src/CarpetX/Cactus/view-compilers-llvm/bin/clang++ -c -pipe -g -march=native -std=gnu++17  conftest.C 1>&5
configure:6460: checking for C++ isnormal
configure:6501: /home/eschnetter/src/CarpetX/Cactus/view-compilers-llvm/bin/clang++ -c -pipe -g -march=native -std=gnu++17  conftest.C 1>&5
configure:6539: checking for C++ signbit
configure:6580: /home/eschnetter/src/CarpetX/Cactus/view-compilers-llvm/bin/clang++ -c -pipe -g -march=native -std=gnu++17  conftest.C 1>&5
configure:6616: checking for C _Pragma
configure:6637: /home/eschnetter/src/CarpetX/Cactus/view-compilers-llvm/bin/clang -c -pipe -g -march=native -std=gnu11  conftest.c 1>&5
configure:6670: checking for C function __attribute__((__pure__))
configure:6683: /home/eschnetter/src/CarpetX/Cactus/view-compilers-llvm/bin/clang -c -pipe -g -march=native -std=gnu11  conftest.c 1>&5
configure:6705: checking for C++ function __attribute__((__pure__))
configure:6726: /home/eschnetter/src/CarpetX/Cactus/view-compilers-llvm/bin/clang++ -c -pipe -g -march=native -std=gnu++17  conftest.C 1>&5
configure:6755: checking for C++ member function __attribute__((__pure__))
configure:6776: /home/eschnetter/src/CarpetX/Cactus/view-compilers-llvm/bin/clang++ -c -pipe -g -march=native -std=gnu++17  conftest.C 1>&5
configure:6807: checking for C data __attribute__((__common__))
configure:6820: /home/eschnetter/src/CarpetX/Cactus/view-compilers-llvm/bin/clang -c -pipe -g -march=native -std=gnu11  conftest.c 1>&5
configure:6842: checking for C+ data __attribute__((__common__))
configure:6863: /home/eschnetter/src/CarpetX/Cactus/view-compilers-llvm/bin/clang++ -c -pipe -g -march=native -std=gnu++17  conftest.C 1>&5
configure:6859:47: error: '__common__' attribute is not supported in C++
struct foo_t {int bar;} foo_s  __attribute__((__common__));
                                              ^
1 error generated.
configure: failed program was:
#line 6856 "configure"
#include "confdefs.h"

int main() {
struct foo_t {int bar;} foo_s  __attribute__((__common__));
; return 0; }
configure:6894: checking for C function __attribute__((__noinline__))
configure:6907: /home/eschnetter/src/CarpetX/Cactus/view-compilers-llvm/bin/clang -c -pipe -g -march=native -std=gnu11  conftest.c 1>&5
configure:6929: checking for C++ function __attribute__((__noinline__))
configure:6950: /home/eschnetter/src/CarpetX/Cactus/view-compilers-llvm/bin/clang++ -c -pipe -g -march=native -std=gnu++17  conftest.C 1>&5
configure:6979: checking for C++ member function __attribute__((__noinline__))
configure:7000: /home/eschnetter/src/CarpetX/Cactus/view-compilers-llvm/bin/clang++ -c -pipe -g -march=native -std=gnu++17  conftest.C 1>&5
configure:7031: checking for C function __attribute__((__always_inline__))
configure:7044: /home/eschnetter/src/CarpetX/Cactus/view-compilers-llvm/bin/clang -c -pipe -g -march=native -std=gnu11  conftest.c 1>&5
configure:7066: checking for C++ function __attribute__((__always_inline__))
configure:7087: /home/eschnetter/src/CarpetX/Cactus/view-compilers-llvm/bin/clang++ -c -pipe -g -march=native -std=gnu++17  conftest.C 1>&5
configure:7116: checking for C++ member function __attribute__((__always_inline__))
configure:7137: /home/eschnetter/src/CarpetX/Cactus/view-compilers-llvm/bin/clang++ -c -pipe -g -march=native -std=gnu++17  conftest.C 1>&5
configure:7168: checking for C __attribute__((__unused__))
configure:7181: /home/eschnetter/src/CarpetX/Cactus/view-compilers-llvm/bin/clang -c -pipe -g -march=native -std=gnu11  conftest.c 1>&5
configure:7203: checking for C++ __attribute__((__unused__))
configure:7224: /home/eschnetter/src/CarpetX/Cactus/view-compilers-llvm/bin/clang++ -c -pipe -g -march=native -std=gnu++17  conftest.C 1>&5
configure:7255: checking for C __attribute__((__aligned__(...)))
configure:7268: /home/eschnetter/src/CarpetX/Cactus/view-compilers-llvm/bin/clang -c -pipe -g -march=native -std=gnu11  conftest.c 1>&5
configure:7290: checking for C++ __attribute__((__aligned__(...)))
configure:7311: /home/eschnetter/src/CarpetX/Cactus/view-compilers-llvm/bin/clang++ -c -pipe -g -march=native -std=gnu++17  conftest.C 1>&5
configure:7342: checking for C __attribute__((__cold__))
configure:7355: /home/eschnetter/src/CarpetX/Cactus/view-compilers-llvm/bin/clang -c -pipe -g -march=native -std=gnu11  conftest.c 1>&5
configure:7351:29: warning: '__cold__' attribute only applies to functions [-Wignored-attributes]
double * foo __attribute__((__cold__));
                            ^
1 warning generated.
configure:7377: checking for C++ __attribute__((__cold__))
configure:7398: /home/eschnetter/src/CarpetX/Cactus/view-compilers-llvm/bin/clang++ -c -pipe -g -march=native -std=gnu++17  conftest.C 1>&5
configure:7394:29: warning: '__cold__' attribute only applies to functions [-Wignored-attributes]
double * foo __attribute__((__cold__));
                            ^
1 warning generated.
configure:7429: checking for C __attribute__((__hot__))
configure:7442: /home/eschnetter/src/CarpetX/Cactus/view-compilers-llvm/bin/clang -c -pipe -g -march=native -std=gnu11  conftest.c 1>&5
configure:7438:29: warning: '__hot__' attribute only applies to functions [-Wignored-attributes]
double * foo __attribute__((__hot__));
                            ^
1 warning generated.
configure:7464: checking for C++ __attribute__((__hot__))
configure:7485: /home/eschnetter/src/CarpetX/Cactus/view-compilers-llvm/bin/clang++ -c -pipe -g -march=native -std=gnu++17  conftest.C 1>&5
configure:7481:29: warning: '__hot__' attribute only applies to functions [-Wignored-attributes]
double * foo __attribute__((__hot__));
                            ^
1 warning generated.
configure:7516: checking for C __attribute__((__format__(printf, 1, 2)))
configure:7529: /home/eschnetter/src/CarpetX/Cactus/view-compilers-llvm/bin/clang -c -pipe -g -march=native -std=gnu11  conftest.c 1>&5
configure:7551: checking for C++ __attribute__((__format__(printf, 1, 2)))
configure:7572: /home/eschnetter/src/CarpetX/Cactus/view-compilers-llvm/bin/clang++ -c -pipe -g -march=native -std=gnu++17  conftest.C 1>&5
configure:7603: checking for C __attribute__((__noreturn__))
configure:7616: /home/eschnetter/src/CarpetX/Cactus/view-compilers-llvm/bin/clang -c -pipe -g -march=native -std=gnu11  conftest.c 1>&5
configure:7638: checking for C++ __attribute__((__noreturn__))
configure:7659: /home/eschnetter/src/CarpetX/Cactus/view-compilers-llvm/bin/clang++ -c -pipe -g -march=native -std=gnu++17  conftest.C 1>&5
configure:7690: checking for C __attribute__((__nonnull__))
configure:7718: /home/eschnetter/src/CarpetX/Cactus/view-compilers-llvm/bin/clang -c -pipe -g -march=native -std=gnu11  conftest.c 1>&5
configure:7740: checking for C++ __attribute__((__nonnull__))
configure:7776: /home/eschnetter/src/CarpetX/Cactus/view-compilers-llvm/bin/clang++ -c -pipe -g -march=native -std=gnu++17  conftest.C 1>&5
configure:7807: checking for C __attribute__((__returns_nonnull__))
configure:7829: /home/eschnetter/src/CarpetX/Cactus/view-compilers-llvm/bin/clang -c -pipe -g -march=native -std=gnu11  conftest.c 1>&5
configure:7851: checking for C++ __attribute__((__returns_nonnull__))
configure:7881: /home/eschnetter/src/CarpetX/Cactus/view-compilers-llvm/bin/clang++ -c -pipe -g -march=native -std=gnu++17  conftest.C 1>&5
configure:7912: checking for C __builtin_expect
configure:7925: /home/eschnetter/src/CarpetX/Cactus/view-compilers-llvm/bin/clang -o conftest -pipe -g -march=native -std=gnu11   conftest.c  1>&5
configure:7921:1: warning: ignoring return value of function declared with const attribute [-Wunused-value]
__builtin_expect(0,0);
^~~~~~~~~~~~~~~~ ~~~
1 warning generated.
configure:7947: checking for C++ __builtin_expect
configure:7968: /home/eschnetter/src/CarpetX/Cactus/view-compilers-llvm/bin/clang++ -o conftest -pipe -g -march=native -std=gnu++17   conftest.C  1>&5
configure:7964:1: warning: ignoring return value of function declared with const attribute [-Wunused-value]
__builtin_expect(0,0);
^~~~~~~~~~~~~~~~ ~~~
1 warning generated.
configure:7999: checking for C __builtin_trap
configure:8012: /home/eschnetter/src/CarpetX/Cactus/view-compilers-llvm/bin/clang -o conftest -pipe -g -march=native -std=gnu11   conftest.c  1>&5
configure:8034: checking for C++ __builtin_trap
configure:8055: /home/eschnetter/src/CarpetX/Cactus/view-compilers-llvm/bin/clang++ -o conftest -pipe -g -march=native -std=gnu++17   conftest.C  1>&5
configure:8086: checking for C __builtin_unreachable
configure:8099: /home/eschnetter/src/CarpetX/Cactus/view-compilers-llvm/bin/clang -o conftest -pipe -g -march=native -std=gnu11   conftest.c  1>&5
configure:8121: checking for C++ __builtin_unreachable
configure:8142: /home/eschnetter/src/CarpetX/Cactus/view-compilers-llvm/bin/clang++ -o conftest -pipe -g -march=native -std=gnu++17   conftest.C  1>&5
configure:8173: checking for C __builtin_assume_aligned
configure:8188: /home/eschnetter/src/CarpetX/Cactus/view-compilers-llvm/bin/clang -o conftest -pipe -g -march=native -std=gnu11   conftest.c  1>&5
configure:8182:1: error: requested alignment is not a power of 2
__builtin_assume_aligned((void*)1000, 10);
^                                     ~~
configure:8183:1: error: requested alignment is not a power of 2
__builtin_assume_aligned((void*)1001, 10, 1);
^                                     ~~
2 errors generated.
configure: failed program was:
#line 8179 "configure"
#include "confdefs.h"

int main() {
__builtin_assume_aligned((void*)1000, 10);
__builtin_assume_aligned((void*)1001, 10, 1);

; return 0; }
configure:8210: checking for C++ __builtin_assume_aligned
configure:8233: /home/eschnetter/src/CarpetX/Cactus/view-compilers-llvm/bin/clang++ -o conftest -pipe -g -march=native -std=gnu++17   conftest.C  1>&5
configure:8227:1: error: requested alignment is not a power of 2
__builtin_assume_aligned((void*)1000, 10);
^                                     ~~
configure:8228:1: error: requested alignment is not a power of 2
__builtin_assume_aligned((void*)1001, 10, 1);
^                                     ~~
2 errors generated.
configure: failed program was:
#line 8224 "configure"
#include "confdefs.h"

int main() {
__builtin_assume_aligned((void*)1000, 10);
__builtin_assume_aligned((void*)1001, 10, 1);

; return 0; }
configure:8264: checking for C++ static_assert
configure:8285: /home/eschnetter/src/CarpetX/Cactus/view-compilers-llvm/bin/clang++ -o conftest -pipe -g -march=native -std=gnu++17   conftest.C  1>&5
configure:8316: checking for C++ auto specifier
configure:8337: /home/eschnetter/src/CarpetX/Cactus/view-compilers-llvm/bin/clang++ -o conftest -pipe -g -march=native -std=gnu++17   conftest.C  1>&5
configure:8366: checking for C++ lambda expressions
configure:8387: /home/eschnetter/src/CarpetX/Cactus/view-compilers-llvm/bin/clang++ -o conftest -pipe -g -march=native -std=gnu++17   conftest.C  1>&5
configure:8383:8: warning: expression result unused [-Wunused-value]
int x; [x](int y) { return x+y; };
       ^~~~~~~~~~~~~~~~~~~~~~~~~~
1 warning generated.
configure:8416: checking for C++ range-based for statements
configure:8438: /home/eschnetter/src/CarpetX/Cactus/view-compilers-llvm/bin/clang++ -o conftest -pipe -g -march=native -std=gnu++17   conftest.C  1>&5
configure:8480: checking for Fortran REAL*4
configure:8497: /home/eschnetter/src/CarpetX/Cactus/view-compilers-llvm/bin/flang -c  conftest.f 1>&5
configure:8526: checking for Fortran REAL*8
configure:8543: /home/eschnetter/src/CarpetX/Cactus/view-compilers-llvm/bin/flang -c  conftest.f 1>&5
configure:8572: checking for Fortran REAL*16
configure:8589: /home/eschnetter/src/CarpetX/Cactus/view-compilers-llvm/bin/flang -c  conftest.f 1>&5
configure:8619: checking for Fortran COMPLEX*8
configure:8636: /home/eschnetter/src/CarpetX/Cactus/view-compilers-llvm/bin/flang -c  conftest.f 1>&5
configure:8665: checking for Fortran COMPLEX*16
configure:8682: /home/eschnetter/src/CarpetX/Cactus/view-compilers-llvm/bin/flang -c  conftest.f 1>&5
configure:8711: checking for Fortran COMPLEX*32
configure:8728: /home/eschnetter/src/CarpetX/Cactus/view-compilers-llvm/bin/flang -c  conftest.f 1>&5
configure:8775: checking for cxxabi.h
configure:8788: /home/eschnetter/src/CarpetX/Cactus/view-compilers-llvm/bin/clang++ -c -pipe -g -march=native -std=gnu++17  conftest.C 1>&5
configure:8812: checking for __cxa_demangle
configure:8824: /home/eschnetter/src/CarpetX/Cactus/view-compilers-llvm/bin/clang++ -c -pipe -g -march=native -std=gnu++17  conftest.C 1>&5
configure:8856: checking for Dl_info.dli_sname
configure:8871: /home/eschnetter/src/CarpetX/Cactus/view-compilers-llvm/bin/clang -c -pipe -g -march=native -std=gnu11  conftest.c 1>&5
configure:8911: checking for dladdr
configure:8939: /home/eschnetter/src/CarpetX/Cactus/view-compilers-llvm/bin/clang -o conftest -pipe -g -march=native -std=gnu11   conftest.c   >&5
/home/eschnetter/src/CarpetX/Cactus/view-compilers-llvm/bin/ld: /tmp/conftest-ff2c7b.o: in function `main':
/home/eschnetter/src/CarpetX/Cactus/configs/sim-llvm-debug/config-data/configure:8933: undefined reference to `dladdr'
clang-12: error: linker command failed with exit code 1 (use -v to see invocation)
configure: failed program was:
#line 8916 "configure"
#include "confdefs.h"
/* System header to define __stub macros and hopefully few prototypes,
    which can conflict with char dladdr(); below.  */
#include <assert.h>
/* Override any gcc2 internal prototype to avoid an error.  */
/* We use char because int might match the return type of a gcc2
    builtin and then its argument prototype would still apply.  */
char dladdr();

int main() {

/* The GNU C library defines this for functions which it implements
    to always fail with ENOSYS.  Some functions are actually named
    something starting with __ and the normal name is an alias.  */
#if defined (__stub_dladdr) || defined (__stub___dladdr)
choke me
#else
dladdr();
#endif

; return 0; }
configure:8961: checking for dladdr in library dl
configure:8981: /home/eschnetter/src/CarpetX/Cactus/view-compilers-llvm/bin/clang -o conftest -pipe -g -march=native -std=gnu11   conftest.c   -ldl >&5
configure:9029: checking for backtrace
configure:9057: /home/eschnetter/src/CarpetX/Cactus/view-compilers-llvm/bin/clang -o conftest -pipe -g -march=native -std=gnu11   conftest.c   -ldl >&5
configure:9087: checking for backtrace_symbols
configure:9115: /home/eschnetter/src/CarpetX/Cactus/view-compilers-llvm/bin/clang -o conftest -pipe -g -march=native -std=gnu11   conftest.c   -ldl >&5
configure:9145: checking for crypt
configure:9173: /home/eschnetter/src/CarpetX/Cactus/view-compilers-llvm/bin/clang -o conftest -pipe -g -march=native -std=gnu11   conftest.c   -ldl >&5
/home/eschnetter/src/CarpetX/Cactus/view-compilers-llvm/bin/ld: /tmp/conftest-5866b3.o: in function `main':
/home/eschnetter/src/CarpetX/Cactus/configs/sim-llvm-debug/config-data/configure:9167: undefined reference to `crypt'
clang-12: error: linker command failed with exit code 1 (use -v to see invocation)
configure: failed program was:
#line 9150 "configure"
#include "confdefs.h"
/* System header to define __stub macros and hopefully few prototypes,
    which can conflict with char crypt(); below.  */
#include <assert.h>
/* Override any gcc2 internal prototype to avoid an error.  */
/* We use char because int might match the return type of a gcc2
    builtin and then its argument prototype would still apply.  */
char crypt();

int main() {

/* The GNU C library defines this for functions which it implements
    to always fail with ENOSYS.  Some functions are actually named
    something starting with __ and the normal name is an alias.  */
#if defined (__stub_crypt) || defined (__stub___crypt)
choke me
#else
crypt();
#endif

; return 0; }
configure:9195: checking for crypt in library crypt
configure:9215: /home/eschnetter/src/CarpetX/Cactus/view-compilers-llvm/bin/clang -o conftest -pipe -g -march=native -std=gnu11   conftest.c   -lcrypt -ldl >&5
configure:9255: checking for finite in header math.h and library m
configure:9272: /home/eschnetter/src/CarpetX/Cactus/view-compilers-llvm/bin/clang -o conftest -pipe -g -march=native -std=gnu11   conftest.c   -lm -lcrypt -ldl >&5
configure:9268:1: warning: ignoring return value of function declared with const attribute [-Wunused-value]
finite (1.0)
^~~~~~  ~~~
1 warning generated.
configure:9313: checking for copysign in header math.h and library m
configure:9330: /home/eschnetter/src/CarpetX/Cactus/view-compilers-llvm/bin/clang -o conftest -pipe -g -march=native -std=gnu11   conftest.c   -lm -lm -lcrypt -ldl >&5
configure:9326:1: warning: ignoring return value of function declared with const attribute [-Wunused-value]
copysign (1.0, 1.0)
^~~~~~~~  ~~~~~~~~
1 warning generated.
configure:9371: checking for fpclassify in header math.h and library m
configure:9388: /home/eschnetter/src/CarpetX/Cactus/view-compilers-llvm/bin/clang -o conftest -pipe -g -march=native -std=gnu11   conftest.c   -lm -lm -lm -lcrypt -ldl >&5
configure:9429: checking for isfinite in header math.h and library m
configure:9446: /home/eschnetter/src/CarpetX/Cactus/view-compilers-llvm/bin/clang -o conftest -pipe -g -march=native -std=gnu11   conftest.c   -lm -lm -lm -lm -lcrypt -ldl >&5
configure:9487: checking for isinf in header math.h and library m
configure:9504: /home/eschnetter/src/CarpetX/Cactus/view-compilers-llvm/bin/clang -o conftest -pipe -g -march=native -std=gnu11   conftest.c   -lm -lm -lm -lm -lm -lcrypt -ldl >&5
configure:9545: checking for isnan in header math.h and library m
configure:9562: /home/eschnetter/src/CarpetX/Cactus/view-compilers-llvm/bin/clang -o conftest -pipe -g -march=native -std=gnu11   conftest.c   -lm -lm -lm -lm -lm -lm -lcrypt -ldl >&5
configure:9603: checking for isnormal in header math.h and library m
configure:9620: /home/eschnetter/src/CarpetX/Cactus/view-compilers-llvm/bin/clang -o conftest -pipe -g -march=native -std=gnu11   conftest.c   -lm -lm -lm -lm -lm -lm -lm -lcrypt -ldl >&5
configure:9661: checking for signbit in header math.h and library m
configure:9678: /home/eschnetter/src/CarpetX/Cactus/view-compilers-llvm/bin/clang -o conftest -pipe -g -march=native -std=gnu11   conftest.c   -lm -lm -lm -lm -lm -lm -lm -lm -lcrypt -ldl >&5
configure:9723: checking for mkstemp
configure:9751: /home/eschnetter/src/CarpetX/Cactus/view-compilers-llvm/bin/clang -o conftest -pipe -g -march=native -std=gnu11   conftest.c   -lm -lm -lm -lm -lm -lm -lm -lm -lcrypt -ldl >&5
configure:9833: checking for va_copy
configure:9845: /home/eschnetter/src/CarpetX/Cactus/view-compilers-llvm/bin/clang -o conftest -pipe -g -march=native -std=gnu11   conftest.c   -lm -lm -lm -lm -lm -lm -lm -lm -lcrypt -ldl >&5
configure:10370: checking whether linker supports --whole-archive
configure:10384: /home/eschnetter/src/CarpetX/Cactus/view-compilers-llvm/bin/clang -o conftest -pipe -g -march=native -std=gnu11  -Wl,--whole-archive -Wl,--no-whole-archive conftest.c   -lm -lm -lm -lm -lm -lm -lm -lm -lcrypt -ldl -lgfortran >&5
configure:10413: checking whether linker supports -filelist
configure:10427: /home/eschnetter/src/CarpetX/Cactus/view-compilers-llvm/bin/clang -o conftest -pipe -g -march=native -std=gnu11  -filelist /dev/null,/ conftest.c   -lm -lm -lm -lm -lm -lm -lm -lm -lcrypt -ldl -lgfortran >&5
/home/eschnetter/src/CarpetX/Cactus/view-compilers-llvm/bin/ld: -f may not be used without -shared
clang-12: error: linker command failed with exit code 1 (use -v to see invocation)
configure: failed program was:
#line 10420 "configure"
#include "confdefs.h"

int main() {
return 0
; return 0; }
