Done creating cactus_simO3.
All done !
Building utilities for simO3
Building utilities for simO3
Compiling /mnt/a/u/sciteam/rhaas/ET_trunk/arrangements/Carpet/CarpetIOASCII/src/util/carpet2xgraph.c
Compiling /mnt/a/u/sciteam/rhaas/ET_trunk/arrangements/Carpet/CarpetIOHDF5/src/util/hdf5toascii_slicer.cc
Compiling /mnt/a/u/sciteam/rhaas/ET_trunk/arrangements/Carpet/CarpetIOHDF5/src/util/hdf5tobinary_slicer.cc
Compiling /mnt/a/u/sciteam/rhaas/ET_trunk/arrangements/Carpet/CarpetIOHDF5/src/util/hdf5_slicer.cc
Compiling /mnt/a/u/sciteam/rhaas/ET_trunk/arrangements/Carpet/CarpetIOHDF5/src/util/hdf5_recombiner.cc
Compiling /mnt/a/u/sciteam/rhaas/ET_trunk/arrangements/EinsteinEvolve/GRHydro/src/util/Riemann1d.f90
Compiling /mnt/a/u/sciteam/rhaas/ET_trunk/arrangements/ExternalLibraries/HDF5/src/util/hdf5_merge.c
Compiling /mnt/a/u/sciteam/rhaas/ET_trunk/arrangements/ExternalLibraries/HDF5/src/util/hdf5_extract.c
Compiling /mnt/a/u/sciteam/rhaas/ET_trunk/arrangements/ExternalLibraries/HDF5/src/util/hdf5_double_to_single.c
Compiling /mnt/a/u/sciteam/rhaas/ET_trunk/arrangements/CactusPUGHIO/IOHDF5/src/util/hdf5_convert_from_carpetiohdf5.c
Compiling /mnt/a/u/sciteam/rhaas/ET_trunk/arrangements/PITTNullCode/SphericalHarmonicRecon/src/util/ascii_output.c
Compiling /mnt/a/u/sciteam/rhaas/ET_trunk/arrangements/PITTNullCode/SphericalHarmonicRecon/src/util/fftwfilter.c
Compiling /mnt/a/u/sciteam/rhaas/ET_trunk/arrangements/PITTNullCode/SphericalHarmonicRecon/src/util/setmeta.c
Compiling /mnt/a/u/sciteam/rhaas/ET_trunk/arrangements/PITTNullCode/SphericalHarmonicRecon/src/util/findlast.c
Compiling /mnt/a/u/sciteam/rhaas/ET_trunk/arrangements/PITTNullCode/SphericalHarmonicRecon/src/util/printtime.c
Compiling /mnt/a/u/sciteam/rhaas/ET_trunk/arrangements/PITTNullCode/SphericalHarmonicRecon/src/util/readmeta.c
Warning: Nonexistent include directory "/opt/cray/petsc/3.4.3.0/real/GNU/48/include"
Warning: Nonexistent include directory "/opt/cray/tpsl/1.3.04/GNU/48/interlagos/sundials-/include"
Copying hwloc-assembler from /mnt/a/u/sciteam/rhaas/ET_trunk/configs/simO3/scratch/external/hwloc/bin/hwloc-assembler to /mnt/a/u/sciteam/rhaas/ET_trunk/exe/simO3
Copying hwloc-assembler-remote from /mnt/a/u/sciteam/rhaas/ET_trunk/configs/simO3/scratch/external/hwloc/bin/hwloc-assembler-remote to /mnt/a/u/sciteam/rhaas/ET_trunk/exe/simO3
In file included from /opt/cray/hdf5/1.8.11/GNU/48/include/hdf5.h:24:0,
                 from /mnt/a/u/sciteam/rhaas/ET_trunk/arrangements/Carpet/CarpetIOHDF5/src/util/hdf5toascii_slicer.cc:22:
/opt/cray/hdf5/1.8.11/GNU/48/include/H5public.h:198:33: warning: invalid suffix on literal; C++11 requires a space between literal and identifier [-Wliteral-suffix]
 #   define H5_PRINTF_HADDR_FMT  "%"H5_PRINTF_LL_WIDTH"u"
                                 ^
In file included from /opt/cray/hdf5/1.8.11/GNU/48/include/hdf5.h:24:0,
                 from /mnt/a/u/sciteam/rhaas/ET_trunk/arrangements/Carpet/CarpetIOHDF5/src/util/hdf5_recombiner.cc:12:
/opt/cray/hdf5/1.8.11/GNU/48/include/H5public.h:198:33: warning: invalid suffix on literal; C++11 requires a space between literal and identifier [-Wliteral-suffix]
 #   define H5_PRINTF_HADDR_FMT  "%"H5_PRINTF_LL_WIDTH"u"
                                 ^
Copying hwloc-bind from /mnt/a/u/sciteam/rhaas/ET_trunk/configs/simO3/scratch/external/hwloc/bin/hwloc-bind to /mnt/a/u/sciteam/rhaas/ET_trunk/exe/simO3
In file included from /opt/cray/hdf5/1.8.11/GNU/48/include/hdf5.h:24:0,
                 from /mnt/a/u/sciteam/rhaas/ET_trunk/arrangements/Carpet/CarpetIOHDF5/src/util/hdf5tobinary_slicer.cc:26:
/opt/cray/hdf5/1.8.11/GNU/48/include/H5public.h:198:33: warning: invalid suffix on literal; C++11 requires a space between literal and identifier [-Wliteral-suffix]
 #   define H5_PRINTF_HADDR_FMT  "%"H5_PRINTF_LL_WIDTH"u"
                                 ^
In file included from /opt/cray/hdf5/1.8.11/GNU/48/include/hdf5.h:24:0,
                 from /mnt/a/u/sciteam/rhaas/ET_trunk/arrangements/Carpet/CarpetIOHDF5/src/util/hdf5_slicer.cc:22:
/opt/cray/hdf5/1.8.11/GNU/48/include/H5public.h:198:33: warning: invalid suffix on literal; C++11 requires a space between literal and identifier [-Wliteral-suffix]
 #   define H5_PRINTF_HADDR_FMT  "%"H5_PRINTF_LL_WIDTH"u"
                                 ^
Copying hwloc-calc from /mnt/a/u/sciteam/rhaas/ET_trunk/configs/simO3/scratch/external/hwloc/bin/hwloc-calc to /mnt/a/u/sciteam/rhaas/ET_trunk/exe/simO3
/mnt/a/u/sciteam/rhaas/ET_trunk/arrangements/PITTNullCode/SphericalHarmonicRecon/src/util/ascii_output.c: In function 'read_meta':
/mnt/a/u/sciteam/rhaas/ET_trunk/arrangements/PITTNullCode/SphericalHarmonicRecon/src/util/ascii_output.c:213:11: warning: variable 'status' set but not used [-Wunused-but-set-variable]
   herr_t  status;
           ^
/mnt/a/u/sciteam/rhaas/ET_trunk/arrangements/PITTNullCode/SphericalHarmonicRecon/src/util/fftwfilter.c: In function 'write_meta':
/mnt/a/u/sciteam/rhaas/ET_trunk/arrangements/PITTNullCode/SphericalHarmonicRecon/src/util/fftwfilter.c:439:11: warning: variable 'status' set but not used [-Wunused-but-set-variable]
   herr_t  status;
           ^
/mnt/a/u/sciteam/rhaas/ET_trunk/arrangements/PITTNullCode/SphericalHarmonicRecon/src/util/fftwfilter.c: In function 'write_out_data_for_component':
/mnt/a/u/sciteam/rhaas/ET_trunk/arrangements/PITTNullCode/SphericalHarmonicRecon/src/util/fftwfilter.c:492:11: warning: variable 'status' set but not used [-Wunused-but-set-variable]
   herr_t  status;
           ^
/mnt/a/u/sciteam/rhaas/ET_trunk/arrangements/PITTNullCode/SphericalHarmonicRecon/src/util/fftwfilter.c: In function 'read_meta':
/mnt/a/u/sciteam/rhaas/ET_trunk/arrangements/PITTNullCode/SphericalHarmonicRecon/src/util/fftwfilter.c:599:11: warning: variable 'status' set but not used [-Wunused-but-set-variable]
   herr_t  status;
           ^
/mnt/a/u/sciteam/rhaas/ET_trunk/arrangements/PITTNullCode/SphericalHarmonicRecon/src/util/setmeta.c: In function 'write_meta':
/mnt/a/u/sciteam/rhaas/ET_trunk/arrangements/PITTNullCode/SphericalHarmonicRecon/src/util/setmeta.c:72:11: warning: variable 'status' set but not used [-Wunused-but-set-variable]
   herr_t  status;
           ^
/mnt/a/u/sciteam/rhaas/ET_trunk/arrangements/PITTNullCode/SphericalHarmonicRecon/src/util/printtime.c: In function 'main':
/mnt/a/u/sciteam/rhaas/ET_trunk/arrangements/PITTNullCode/SphericalHarmonicRecon/src/util/printtime.c:36:15: warning: variable 'status' set but not used [-Wunused-but-set-variable]
   herr_t      status;
               ^
Copying hwloc-distances from /mnt/a/u/sciteam/rhaas/ET_trunk/configs/simO3/scratch/external/hwloc/bin/hwloc-distances to /mnt/a/u/sciteam/rhaas/ET_trunk/exe/simO3
/mnt/a/u/sciteam/rhaas/ET_trunk/arrangements/PITTNullCode/SphericalHarmonicRecon/src/util/readmeta.c: In function 'read_meta':
/mnt/a/u/sciteam/rhaas/ET_trunk/arrangements/PITTNullCode/SphericalHarmonicRecon/src/util/readmeta.c:27:11: warning: variable 'status' set but not used [-Wunused-but-set-variable]
   herr_t  status;
           ^
Copying hwloc-distrib from /mnt/a/u/sciteam/rhaas/ET_trunk/configs/simO3/scratch/external/hwloc/bin/hwloc-distrib to /mnt/a/u/sciteam/rhaas/ET_trunk/exe/simO3
Copying hwloc-info from /mnt/a/u/sciteam/rhaas/ET_trunk/configs/simO3/scratch/external/hwloc/bin/hwloc-info to /mnt/a/u/sciteam/rhaas/ET_trunk/exe/simO3
Copying hwloc-ls from /mnt/a/u/sciteam/rhaas/ET_trunk/configs/simO3/scratch/external/hwloc/bin/hwloc-ls to /mnt/a/u/sciteam/rhaas/ET_trunk/exe/simO3
Copying hwloc-ps from /mnt/a/u/sciteam/rhaas/ET_trunk/configs/simO3/scratch/external/hwloc/bin/hwloc-ps to /mnt/a/u/sciteam/rhaas/ET_trunk/exe/simO3
Copying lstopo from /mnt/a/u/sciteam/rhaas/ET_trunk/configs/simO3/scratch/external/hwloc/bin/lstopo to /mnt/a/u/sciteam/rhaas/ET_trunk/exe/simO3
Copying lstopo-no-graphics from /mnt/a/u/sciteam/rhaas/ET_trunk/configs/simO3/scratch/external/hwloc/bin/lstopo-no-graphics to /mnt/a/u/sciteam/rhaas/ET_trunk/exe/simO3
Creating carpet2xgraph in /mnt/a/u/sciteam/rhaas/ET_trunk/exe/simO3 from /mnt/a/u/sciteam/rhaas/ET_trunk/configs/simO3/build/CarpetIOASCII/carpet2xgraph.o
Creating Riemann1d in /mnt/a/u/sciteam/rhaas/ET_trunk/exe/simO3 from /mnt/a/u/sciteam/rhaas/ET_trunk/configs/simO3/build/GRHydro/Riemann1d.o
Creating hdf5_merge in /mnt/a/u/sciteam/rhaas/ET_trunk/exe/simO3 from /mnt/a/u/sciteam/rhaas/ET_trunk/configs/simO3/build/HDF5/hdf5_merge.o
Creating hdf5_extract in /mnt/a/u/sciteam/rhaas/ET_trunk/exe/simO3 from /mnt/a/u/sciteam/rhaas/ET_trunk/configs/simO3/build/HDF5/hdf5_extract.o
Creating hdf5_double_to_single in /mnt/a/u/sciteam/rhaas/ET_trunk/exe/simO3 from /mnt/a/u/sciteam/rhaas/ET_trunk/configs/simO3/build/HDF5/hdf5_double_to_single.o
Creating hdf5_convert_from_carpetiohdf5 in /mnt/a/u/sciteam/rhaas/ET_trunk/exe/simO3 from /mnt/a/u/sciteam/rhaas/ET_trunk/configs/simO3/build/IOHDF5/hdf5_convert_from_carpetiohdf5.o
Creating ascii_output in /mnt/a/u/sciteam/rhaas/ET_trunk/exe/simO3 from /mnt/a/u/sciteam/rhaas/ET_trunk/configs/simO3/build/SphericalHarmonicRecon/ascii_output.o
Creating setmeta in /mnt/a/u/sciteam/rhaas/ET_trunk/exe/simO3 from /mnt/a/u/sciteam/rhaas/ET_trunk/configs/simO3/build/SphericalHarmonicRecon/setmeta.o
Creating findlast in /mnt/a/u/sciteam/rhaas/ET_trunk/exe/simO3 from /mnt/a/u/sciteam/rhaas/ET_trunk/configs/simO3/build/SphericalHarmonicRecon/findlast.o
Creating printtime in /mnt/a/u/sciteam/rhaas/ET_trunk/exe/simO3 from /mnt/a/u/sciteam/rhaas/ET_trunk/configs/simO3/build/SphericalHarmonicRecon/printtime.o
Creating readmeta in /mnt/a/u/sciteam/rhaas/ET_trunk/exe/simO3 from /mnt/a/u/sciteam/rhaas/ET_trunk/configs/simO3/build/SphericalHarmonicRecon/readmeta.o
Creating fftwfilter in /mnt/a/u/sciteam/rhaas/ET_trunk/exe/simO3 from /mnt/a/u/sciteam/rhaas/ET_trunk/configs/simO3/build/SphericalHarmonicRecon/fftwfilter.o
mkdir: cannot create directory `/tmp/1399318629': File exists
Creating hdf5_recombiner in /mnt/a/u/sciteam/rhaas/ET_trunk/exe/simO3 from /mnt/a/u/sciteam/rhaas/ET_trunk/configs/simO3/build/CarpetIOHDF5/hdf5_recombiner.o
mkdir: cannot create directory `/tmp/1399318629': File exists
mkdir: cannot create directory `/tmp/1399318629': File exists
mkdir: cannot create directory `/tmp/1399318629': File exists
mkdir: cannot create directory `/tmp/1399318629': File exists
mkdir: cannot create directory `/tmp/1399318629': File exists
mkdir: cannot create directory `/tmp/1399318629': File exists
mkdir: cannot create directory `/tmp/1399318629': File exists
mkdir: cannot create directory `/tmp/1399318629': File exists
mkdir: cannot create directory `/tmp/1399318629': File exists
mkdir: cannot create directory `/tmp/1399318629': File exists
mkdir: cannot create directory `/tmp/1399318629': File exists
Creating hdf5_slicer in /mnt/a/u/sciteam/rhaas/ET_trunk/exe/simO3 from /mnt/a/u/sciteam/rhaas/ET_trunk/configs/simO3/build/CarpetIOHDF5/hdf5_slicer.o
