if test ! -f "/home/rhaas/ET/configs/et/config-data/cctk_Config.h" ; then \
	  	echo ________________________________________________________________________;\
	  echo "Cactus - version: 4.0.1";\
          if test "x"yes"" = 'xno'; then\
            if (!  perl -s lib/make/setup_configuration.pl  et) ; then \
              echo "" ;                                                        \
              echo "Error reconfiguring configuration et" ;                    \
              rm -f "/home/rhaas/ET/configs/et/config-data/cctk_Config.h" ;            \
              exit 2 ;                                                         \
            fi                                                                 \
          else                                                                 \
	    echo "Error: Configuration et is incomplete.";\
	    echo "Please check the files in /home/rhaas/ET/configs/et/config-data for error messages.";\
	    echo "You can try again to configure using make et-config";\
	    echo "or delete this configuration with make et-delete.";\
	    	echo ________________________________________________________________________;\
	    exit 1; \
          fi                                                                 \
	fi
if (perl -e 'exit ((stat shift)[9] > (stat shift)[9])' /home/rhaas/ET/configs/et/config-info /home/rhaas/ET/lib/make/force-reconfigure); then    \
	  	echo ________________________________________________________________________;\
	  echo "Cactus - version: 4.0.1";\
	  echo "Error: Configuration et is out of date.";\
	  echo "  Please reconfigure your configuration by running the command"; \
          echo ;\
          echo "    make et-reconfig"; \
          echo ;\
	  echo "  (It is likely that recent changes to the flesh require this.)";\
	  	echo ________________________________________________________________________;\
	  exit 1;\
	fi
if test "x0" = "x0" ; then \
	  	echo ________________________________________________________________________;\
	  echo "Cactus - version: 4.0.1"; \
	  echo "Building configuration et"; \
	  	echo ________________________________________________________________________;\
	fi
________________________________________________________________________
Cactus - version: 4.0.1
Building configuration et
________________________________________________________________________
make -f /home/rhaas/ET/lib/make/make.configuration TOP=/home/rhaas/ET/configs/et CCTK_HOME=/home/rhaas/ET  rebuild
make[1]: Entering directory `/home/rhaas/ET'
make[1]: Nothing to be done for `rebuild'.
make[1]: Leaving directory `/home/rhaas/ET'
make -f /home/rhaas/ET/lib/make/make.configuration TOP=/home/rhaas/ET/configs/et CCTK_HOME=/home/rhaas/ET 
make[1]: Entering directory `/home/rhaas/ET'
Checking status of thorn Boundary
________________________________________________________________________
make[2]: Entering directory `/home/rhaas/ET/configs/et/build/Boundary'
if [ ! -d ./ ] ; then mkdir -p ./ ; fi
cd ./ ; make CCTK_TARGET=make.checked TOP=/home/rhaas/ET/configs/et CONFIG=/home/rhaas/ET/configs/et/config-data SRCDIR=/home/rhaas/ET/arrangements/CactusBase/Boundary/src THORN=Boundary USESTHORNS="" -f /home/rhaas/ET/lib/make/make.subdir
make[3]: Entering directory `/home/rhaas/ET/configs/et/build/Boundary'
make[3]: `make.checked' is up to date.
make[3]: Leaving directory `/home/rhaas/ET/configs/et/build/Boundary'
cd cctk_Bindings; make CCTK_TARGET=make.checked TOP=/home/rhaas/ET/configs/et CONFIG=/home/rhaas/ET/configs/et/config-data SRCDIR=/home/rhaas/ET/configs/et/bindings/build/Boundary THORN=Boundary USESTHORNS="" -f /home/rhaas/ET/lib/make/make.subdir
make[3]: Entering directory `/home/rhaas/ET/configs/et/build/Boundary/cctk_Bindings'
make[3]: `make.checked' is up to date.
make[3]: Leaving directory `/home/rhaas/ET/configs/et/build/Boundary/cctk_Bindings'
make[2]: Leaving directory `/home/rhaas/ET/configs/et/build/Boundary'
echo ________________________________________________________________________
________________________________________________________________________
Checking status of thorn CoordBase
________________________________________________________________________
make[2]: Entering directory `/home/rhaas/ET/configs/et/build/CoordBase'
if [ ! -d ./ ] ; then mkdir -p ./ ; fi
cd ./ ; make CCTK_TARGET=make.checked TOP=/home/rhaas/ET/configs/et CONFIG=/home/rhaas/ET/configs/et/config-data SRCDIR=/home/rhaas/ET/arrangements/CactusBase/CoordBase/src THORN=CoordBase USESTHORNS="" -f /home/rhaas/ET/lib/make/make.subdir
make[3]: Entering directory `/home/rhaas/ET/configs/et/build/CoordBase'
make[3]: `make.checked' is up to date.
make[3]: Leaving directory `/home/rhaas/ET/configs/et/build/CoordBase'
cd cctk_Bindings; make CCTK_TARGET=make.checked TOP=/home/rhaas/ET/configs/et CONFIG=/home/rhaas/ET/configs/et/config-data SRCDIR=/home/rhaas/ET/configs/et/bindings/build/CoordBase THORN=CoordBase USESTHORNS="" -f /home/rhaas/ET/lib/make/make.subdir
make[3]: Entering directory `/home/rhaas/ET/configs/et/build/CoordBase/cctk_Bindings'
make[3]: `make.checked' is up to date.
make[3]: Leaving directory `/home/rhaas/ET/configs/et/build/CoordBase/cctk_Bindings'
make[2]: Leaving directory `/home/rhaas/ET/configs/et/build/CoordBase'
echo ________________________________________________________________________
________________________________________________________________________
Checking status of thorn CartGrid3D
________________________________________________________________________
make[2]: Entering directory `/home/rhaas/ET/configs/et/build/CartGrid3D'
if [ ! -d ./ ] ; then mkdir -p ./ ; fi
cd ./ ; make CCTK_TARGET=make.checked TOP=/home/rhaas/ET/configs/et CONFIG=/home/rhaas/ET/configs/et/config-data SRCDIR=/home/rhaas/ET/arrangements/CactusBase/CartGrid3D/src THORN=CartGrid3D USESTHORNS="CoordBase" -f /home/rhaas/ET/lib/make/make.subdir
make[3]: Entering directory `/home/rhaas/ET/configs/et/build/CartGrid3D'
make[3]: `make.checked' is up to date.
make[3]: Leaving directory `/home/rhaas/ET/configs/et/build/CartGrid3D'
cd cctk_Bindings; make CCTK_TARGET=make.checked TOP=/home/rhaas/ET/configs/et CONFIG=/home/rhaas/ET/configs/et/config-data SRCDIR=/home/rhaas/ET/configs/et/bindings/build/CartGrid3D THORN=CartGrid3D USESTHORNS="CoordBase" -f /home/rhaas/ET/lib/make/make.subdir
make[3]: Entering directory `/home/rhaas/ET/configs/et/build/CartGrid3D/cctk_Bindings'
make[3]: `make.checked' is up to date.
make[3]: Leaving directory `/home/rhaas/ET/configs/et/build/CartGrid3D/cctk_Bindings'
make[2]: Leaving directory `/home/rhaas/ET/configs/et/build/CartGrid3D'
echo ________________________________________________________________________
________________________________________________________________________
Checking status of thorn ADM
________________________________________________________________________
make[2]: Entering directory `/home/rhaas/ET/configs/et/build/ADM'
if [ ! -d ./ ] ; then mkdir -p ./ ; fi
cd ./ ; make CCTK_TARGET=make.checked TOP=/home/rhaas/ET/configs/et CONFIG=/home/rhaas/ET/configs/et/config-data SRCDIR=/home/rhaas/ET/arrangements/CactusArchive/ADM/src THORN=ADM USESTHORNS="Boundary CartGrid3D" -f /home/rhaas/ET/lib/make/make.subdir
make[3]: Entering directory `/home/rhaas/ET/configs/et/build/ADM'
make[3]: `make.checked' is up to date.
make[3]: Leaving directory `/home/rhaas/ET/configs/et/build/ADM'
cd cctk_Bindings; make CCTK_TARGET=make.checked TOP=/home/rhaas/ET/configs/et CONFIG=/home/rhaas/ET/configs/et/config-data SRCDIR=/home/rhaas/ET/configs/et/bindings/build/ADM THORN=ADM USESTHORNS="Boundary CartGrid3D" -f /home/rhaas/ET/lib/make/make.subdir
make[3]: Entering directory `/home/rhaas/ET/configs/et/build/ADM/cctk_Bindings'
make[3]: `make.checked' is up to date.
make[3]: Leaving directory `/home/rhaas/ET/configs/et/build/ADM/cctk_Bindings'
make[2]: Leaving directory `/home/rhaas/ET/configs/et/build/ADM'
echo ________________________________________________________________________
________________________________________________________________________
Checking status of thorn ADMAnalysis
________________________________________________________________________
make[2]: Entering directory `/home/rhaas/ET/configs/et/build/ADMAnalysis'
if [ ! -d ./ ] ; then mkdir -p ./ ; fi
cd ./ ; make CCTK_TARGET=make.checked TOP=/home/rhaas/ET/configs/et CONFIG=/home/rhaas/ET/configs/et/config-data SRCDIR=/home/rhaas/ET/arrangements/EinsteinAnalysis/ADMAnalysis/src THORN=ADMAnalysis USESTHORNS="CartGrid3D" -f /home/rhaas/ET/lib/make/make.subdir
make[3]: Entering directory `/home/rhaas/ET/configs/et/build/ADMAnalysis'
make[3]: `make.checked' is up to date.
make[3]: Leaving directory `/home/rhaas/ET/configs/et/build/ADMAnalysis'
cd cctk_Bindings; make CCTK_TARGET=make.checked TOP=/home/rhaas/ET/configs/et CONFIG=/home/rhaas/ET/configs/et/config-data SRCDIR=/home/rhaas/ET/configs/et/bindings/build/ADMAnalysis THORN=ADMAnalysis USESTHORNS="CartGrid3D" -f /home/rhaas/ET/lib/make/make.subdir
make[3]: Entering directory `/home/rhaas/ET/configs/et/build/ADMAnalysis/cctk_Bindings'
make[3]: `make.checked' is up to date.
make[3]: Leaving directory `/home/rhaas/ET/configs/et/build/ADMAnalysis/cctk_Bindings'
make[2]: Leaving directory `/home/rhaas/ET/configs/et/build/ADMAnalysis'
echo ________________________________________________________________________
________________________________________________________________________
Checking status of thorn ADMBase
________________________________________________________________________
make[2]: Entering directory `/home/rhaas/ET/configs/et/build/ADMBase'
if [ ! -d ./ ] ; then mkdir -p ./ ; fi
cd ./ ; make CCTK_TARGET=make.checked TOP=/home/rhaas/ET/configs/et CONFIG=/home/rhaas/ET/configs/et/config-data SRCDIR=/home/rhaas/ET/arrangements/EinsteinBase/ADMBase/src THORN=ADMBase USESTHORNS="Boundary CartGrid3D" -f /home/rhaas/ET/lib/make/make.subdir
make[3]: Entering directory `/home/rhaas/ET/configs/et/build/ADMBase'
make[3]: `make.checked' is up to date.
make[3]: Leaving directory `/home/rhaas/ET/configs/et/build/ADMBase'
cd cctk_Bindings; make CCTK_TARGET=make.checked TOP=/home/rhaas/ET/configs/et CONFIG=/home/rhaas/ET/configs/et/config-data SRCDIR=/home/rhaas/ET/configs/et/bindings/build/ADMBase THORN=ADMBase USESTHORNS="Boundary CartGrid3D" -f /home/rhaas/ET/lib/make/make.subdir
make[3]: Entering directory `/home/rhaas/ET/configs/et/build/ADMBase/cctk_Bindings'
make[3]: `make.checked' is up to date.
make[3]: Leaving directory `/home/rhaas/ET/configs/et/build/ADMBase/cctk_Bindings'
make[2]: Leaving directory `/home/rhaas/ET/configs/et/build/ADMBase'
echo ________________________________________________________________________
________________________________________________________________________
Checking status of thorn SpaceMask
________________________________________________________________________
make[2]: Entering directory `/home/rhaas/ET/configs/et/build/SpaceMask'
if [ ! -d ./ ] ; then mkdir -p ./ ; fi
cd ./ ; make CCTK_TARGET=make.checked TOP=/home/rhaas/ET/configs/et CONFIG=/home/rhaas/ET/configs/et/config-data SRCDIR=/home/rhaas/ET/arrangements/CactusNumerical/SpaceMask/src THORN=SpaceMask USESTHORNS="CartGrid3D" -f /home/rhaas/ET/lib/make/make.subdir
make[3]: Entering directory `/home/rhaas/ET/configs/et/build/SpaceMask'
make[3]: `make.checked' is up to date.
make[3]: Leaving directory `/home/rhaas/ET/configs/et/build/SpaceMask'
cd cctk_Bindings; make CCTK_TARGET=make.checked TOP=/home/rhaas/ET/configs/et CONFIG=/home/rhaas/ET/configs/et/config-data SRCDIR=/home/rhaas/ET/configs/et/bindings/build/SpaceMask THORN=SpaceMask USESTHORNS="CartGrid3D" -f /home/rhaas/ET/lib/make/make.subdir
make[3]: Entering directory `/home/rhaas/ET/configs/et/build/SpaceMask/cctk_Bindings'
make[3]: `make.checked' is up to date.
make[3]: Leaving directory `/home/rhaas/ET/configs/et/build/SpaceMask/cctk_Bindings'
make[2]: Leaving directory `/home/rhaas/ET/configs/et/build/SpaceMask'
echo ________________________________________________________________________
________________________________________________________________________
Checking status of thorn ADMConstraints
________________________________________________________________________
make[2]: Entering directory `/home/rhaas/ET/configs/et/build/ADMConstraints'
if [ ! -d ./ ] ; then mkdir -p ./ ; fi
cd ./ ; make CCTK_TARGET=make.checked TOP=/home/rhaas/ET/configs/et CONFIG=/home/rhaas/ET/configs/et/config-data SRCDIR=/home/rhaas/ET/arrangements/EinsteinAnalysis/ADMConstraints/src THORN=ADMConstraints USESTHORNS="Boundary CartGrid3D SpaceMask" -f /home/rhaas/ET/lib/make/make.subdir
make[3]: Entering directory `/home/rhaas/ET/configs/et/build/ADMConstraints'
make[3]: `make.checked' is up to date.
make[3]: Leaving directory `/home/rhaas/ET/configs/et/build/ADMConstraints'
cd cctk_Bindings; make CCTK_TARGET=make.checked TOP=/home/rhaas/ET/configs/et CONFIG=/home/rhaas/ET/configs/et/config-data SRCDIR=/home/rhaas/ET/configs/et/bindings/build/ADMConstraints THORN=ADMConstraints USESTHORNS="Boundary CartGrid3D SpaceMask" -f /home/rhaas/ET/lib/make/make.subdir
make[3]: Entering directory `/home/rhaas/ET/configs/et/build/ADMConstraints/cctk_Bindings'
make[3]: `make.checked' is up to date.
make[3]: Leaving directory `/home/rhaas/ET/configs/et/build/ADMConstraints/cctk_Bindings'
make[2]: Leaving directory `/home/rhaas/ET/configs/et/build/ADMConstraints'
echo ________________________________________________________________________
________________________________________________________________________
Checking status of thorn ADMCoupling
________________________________________________________________________
make[2]: Entering directory `/home/rhaas/ET/configs/et/build/ADMCoupling'
if [ ! -d ./ ] ; then mkdir -p ./ ; fi
cd ./ ; make CCTK_TARGET=make.checked TOP=/home/rhaas/ET/configs/et CONFIG=/home/rhaas/ET/configs/et/config-data SRCDIR=/home/rhaas/ET/arrangements/EinsteinBase/ADMCoupling/src THORN=ADMCoupling USESTHORNS="" -f /home/rhaas/ET/lib/make/make.subdir
make[3]: Entering directory `/home/rhaas/ET/configs/et/build/ADMCoupling'
make[3]: `make.checked' is up to date.
make[3]: Leaving directory `/home/rhaas/ET/configs/et/build/ADMCoupling'
cd cctk_Bindings; make CCTK_TARGET=make.checked TOP=/home/rhaas/ET/configs/et CONFIG=/home/rhaas/ET/configs/et/config-data SRCDIR=/home/rhaas/ET/configs/et/bindings/build/ADMCoupling THORN=ADMCoupling USESTHORNS="" -f /home/rhaas/ET/lib/make/make.subdir
make[3]: Entering directory `/home/rhaas/ET/configs/et/build/ADMCoupling/cctk_Bindings'
make[3]: `make.checked' is up to date.
make[3]: Leaving directory `/home/rhaas/ET/configs/et/build/ADMCoupling/cctk_Bindings'
make[2]: Leaving directory `/home/rhaas/ET/configs/et/build/ADMCoupling'
echo ________________________________________________________________________
________________________________________________________________________
Checking status of thorn ADMMacros
________________________________________________________________________
make[2]: Entering directory `/home/rhaas/ET/configs/et/build/ADMMacros'
if [ ! -d ./ ] ; then mkdir -p ./ ; fi
cd ./ ; make CCTK_TARGET=make.checked TOP=/home/rhaas/ET/configs/et CONFIG=/home/rhaas/ET/configs/et/config-data SRCDIR=/home/rhaas/ET/arrangements/EinsteinBase/ADMMacros/src THORN=ADMMacros USESTHORNS="" -f /home/rhaas/ET/lib/make/make.subdir
make[3]: Entering directory `/home/rhaas/ET/configs/et/build/ADMMacros'
make[3]: `make.checked' is up to date.
make[3]: Leaving directory `/home/rhaas/ET/configs/et/build/ADMMacros'
cd cctk_Bindings; make CCTK_TARGET=make.checked TOP=/home/rhaas/ET/configs/et CONFIG=/home/rhaas/ET/configs/et/config-data SRCDIR=/home/rhaas/ET/configs/et/bindings/build/ADMMacros THORN=ADMMacros USESTHORNS="" -f /home/rhaas/ET/lib/make/make.subdir
make[3]: Entering directory `/home/rhaas/ET/configs/et/build/ADMMacros/cctk_Bindings'
make[3]: `make.checked' is up to date.
make[3]: Leaving directory `/home/rhaas/ET/configs/et/build/ADMMacros/cctk_Bindings'
make[2]: Leaving directory `/home/rhaas/ET/configs/et/build/ADMMacros'
echo ________________________________________________________________________
________________________________________________________________________
Checking status of thorn AEILocalInterp
________________________________________________________________________
make[2]: Entering directory `/home/rhaas/ET/configs/et/build/AEILocalInterp'
if [ ! -d ./ ] ; then mkdir -p ./ ; fi
cd ./ ; make CCTK_TARGET=make.checked TOP=/home/rhaas/ET/configs/et CONFIG=/home/rhaas/ET/configs/et/config-data SRCDIR=/home/rhaas/ET/arrangements/AEIThorns/AEILocalInterp/src THORN=AEILocalInterp USESTHORNS="" -f /home/rhaas/ET/lib/make/make.subdir
make[3]: Entering directory `/home/rhaas/ET/configs/et/build/AEILocalInterp'
make[3]: `make.checked' is up to date.
make[3]: Leaving directory `/home/rhaas/ET/configs/et/build/AEILocalInterp'
if [ ! -d common/ ] ; then mkdir -p common/ ; fi
cd common/ ; make CCTK_TARGET=make.checked TOP=/home/rhaas/ET/configs/et CONFIG=/home/rhaas/ET/configs/et/config-data SRCDIR=/home/rhaas/ET/arrangements/AEIThorns/AEILocalInterp/src/common THORN=AEILocalInterp USESTHORNS="" -f /home/rhaas/ET/lib/make/make.subdir
make[3]: Entering directory `/home/rhaas/ET/configs/et/build/AEILocalInterp/common'
make[3]: `make.checked' is up to date.
make[3]: Leaving directory `/home/rhaas/ET/configs/et/build/AEILocalInterp/common'
if [ ! -d Lagrange-tensor-product/ ] ; then mkdir -p Lagrange-tensor-product/ ; fi
cd Lagrange-tensor-product/ ; make CCTK_TARGET=make.checked TOP=/home/rhaas/ET/configs/et CONFIG=/home/rhaas/ET/configs/et/config-data SRCDIR=/home/rhaas/ET/arrangements/AEIThorns/AEILocalInterp/src/Lagrange-tensor-product THORN=AEILocalInterp USESTHORNS="" -f /home/rhaas/ET/lib/make/make.subdir
make[3]: Entering directory `/home/rhaas/ET/configs/et/build/AEILocalInterp/Lagrange-tensor-product'
make[3]: `make.checked' is up to date.
make[3]: Leaving directory `/home/rhaas/ET/configs/et/build/AEILocalInterp/Lagrange-tensor-product'
if [ ! -d Lagrange-maximum-degree/ ] ; then mkdir -p Lagrange-maximum-degree/ ; fi
cd Lagrange-maximum-degree/ ; make CCTK_TARGET=make.checked TOP=/home/rhaas/ET/configs/et CONFIG=/home/rhaas/ET/configs/et/config-data SRCDIR=/home/rhaas/ET/arrangements/AEIThorns/AEILocalInterp/src/Lagrange-maximum-degree THORN=AEILocalInterp USESTHORNS="" -f /home/rhaas/ET/lib/make/make.subdir
make[3]: Entering directory `/home/rhaas/ET/configs/et/build/AEILocalInterp/Lagrange-maximum-degree'
make[3]: `make.checked' is up to date.
make[3]: Leaving directory `/home/rhaas/ET/configs/et/build/AEILocalInterp/Lagrange-maximum-degree'
if [ ! -d Hermite/ ] ; then mkdir -p Hermite/ ; fi
cd Hermite/ ; make CCTK_TARGET=make.checked TOP=/home/rhaas/ET/configs/et CONFIG=/home/rhaas/ET/configs/et/config-data SRCDIR=/home/rhaas/ET/arrangements/AEIThorns/AEILocalInterp/src/Hermite THORN=AEILocalInterp USESTHORNS="" -f /home/rhaas/ET/lib/make/make.subdir
make[3]: Entering directory `/home/rhaas/ET/configs/et/build/AEILocalInterp/Hermite'
make[3]: `make.checked' is up to date.
make[3]: Leaving directory `/home/rhaas/ET/configs/et/build/AEILocalInterp/Hermite'
cd cctk_Bindings; make CCTK_TARGET=make.checked TOP=/home/rhaas/ET/configs/et CONFIG=/home/rhaas/ET/configs/et/config-data SRCDIR=/home/rhaas/ET/configs/et/bindings/build/AEILocalInterp THORN=AEILocalInterp USESTHORNS="" -f /home/rhaas/ET/lib/make/make.subdir
make[3]: Entering directory `/home/rhaas/ET/configs/et/build/AEILocalInterp/cctk_Bindings'
make[3]: `make.checked' is up to date.
make[3]: Leaving directory `/home/rhaas/ET/configs/et/build/AEILocalInterp/cctk_Bindings'
make[2]: Leaving directory `/home/rhaas/ET/configs/et/build/AEILocalInterp'
echo ________________________________________________________________________
________________________________________________________________________
Checking status of thorn AHFinder
________________________________________________________________________
make[2]: Entering directory `/home/rhaas/ET/configs/et/build/AHFinder'
if [ ! -d ./ ] ; then mkdir -p ./ ; fi
cd ./ ; make CCTK_TARGET=make.checked TOP=/home/rhaas/ET/configs/et CONFIG=/home/rhaas/ET/configs/et/config-data SRCDIR=/home/rhaas/ET/arrangements/EinsteinAnalysis/AHFinder/src THORN=AHFinder USESTHORNS="CartGrid3D" -f /home/rhaas/ET/lib/make/make.subdir
make[3]: Entering directory `/home/rhaas/ET/configs/et/build/AHFinder'
make[3]: `make.checked' is up to date.
make[3]: Leaving directory `/home/rhaas/ET/configs/et/build/AHFinder'
cd cctk_Bindings; make CCTK_TARGET=make.checked TOP=/home/rhaas/ET/configs/et CONFIG=/home/rhaas/ET/configs/et/config-data SRCDIR=/home/rhaas/ET/configs/et/bindings/build/AHFinder THORN=AHFinder USESTHORNS="CartGrid3D" -f /home/rhaas/ET/lib/make/make.subdir
make[3]: Entering directory `/home/rhaas/ET/configs/et/build/AHFinder/cctk_Bindings'
make[3]: `make.checked' is up to date.
make[3]: Leaving directory `/home/rhaas/ET/configs/et/build/AHFinder/cctk_Bindings'
make[2]: Leaving directory `/home/rhaas/ET/configs/et/build/AHFinder'
echo ________________________________________________________________________
________________________________________________________________________
Checking status of thorn AHFinderDirect
________________________________________________________________________
make[2]: Entering directory `/home/rhaas/ET/configs/et/build/AHFinderDirect'
if [ ! -d ./ ] ; then mkdir -p ./ ; fi
cd ./ ; make CCTK_TARGET=make.checked TOP=/home/rhaas/ET/configs/et CONFIG=/home/rhaas/ET/configs/et/config-data SRCDIR=/home/rhaas/ET/arrangements/EinsteinAnalysis/AHFinderDirect/src THORN=AHFinderDirect USESTHORNS="SpaceMask" -f /home/rhaas/ET/lib/make/make.subdir
make[3]: Entering directory `/home/rhaas/ET/configs/et/build/AHFinderDirect'
make[3]: `make.checked' is up to date.
make[3]: Leaving directory `/home/rhaas/ET/configs/et/build/AHFinderDirect'
if [ ! -d jtutil/ ] ; then mkdir -p jtutil/ ; fi
cd jtutil/ ; make CCTK_TARGET=make.checked TOP=/home/rhaas/ET/configs/et CONFIG=/home/rhaas/ET/configs/et/config-data SRCDIR=/home/rhaas/ET/arrangements/EinsteinAnalysis/AHFinderDirect/src/jtutil THORN=AHFinderDirect USESTHORNS="SpaceMask" -f /home/rhaas/ET/lib/make/make.subdir
make[3]: Entering directory `/home/rhaas/ET/configs/et/build/AHFinderDirect/jtutil'
make[3]: `make.checked' is up to date.
make[3]: Leaving directory `/home/rhaas/ET/configs/et/build/AHFinderDirect/jtutil'
if [ ! -d patch/ ] ; then mkdir -p patch/ ; fi
cd patch/ ; make CCTK_TARGET=make.checked TOP=/home/rhaas/ET/configs/et CONFIG=/home/rhaas/ET/configs/et/config-data SRCDIR=/home/rhaas/ET/arrangements/EinsteinAnalysis/AHFinderDirect/src/patch THORN=AHFinderDirect USESTHORNS="SpaceMask" -f /home/rhaas/ET/lib/make/make.subdir
make[3]: Entering directory `/home/rhaas/ET/configs/et/build/AHFinderDirect/patch'
make[3]: `make.checked' is up to date.
make[3]: Leaving directory `/home/rhaas/ET/configs/et/build/AHFinderDirect/patch'
if [ ! -d sparse-matrix/ilucg/ ] ; then mkdir -p sparse-matrix/ilucg/ ; fi
cd sparse-matrix/ilucg/ ; make CCTK_TARGET=make.checked TOP=/home/rhaas/ET/configs/et CONFIG=/home/rhaas/ET/configs/et/config-data SRCDIR=/home/rhaas/ET/arrangements/EinsteinAnalysis/AHFinderDirect/src/sparse-matrix/ilucg THORN=AHFinderDirect USESTHORNS="SpaceMask" -f /home/rhaas/ET/lib/make/make.subdir
make[3]: Entering directory `/home/rhaas/ET/configs/et/build/AHFinderDirect/sparse-matrix/ilucg'
make[3]: `make.checked' is up to date.
make[3]: Leaving directory `/home/rhaas/ET/configs/et/build/AHFinderDirect/sparse-matrix/ilucg'
if [ ! -d sparse-matrix/umfpack/ ] ; then mkdir -p sparse-matrix/umfpack/ ; fi
cd sparse-matrix/umfpack/ ; make CCTK_TARGET=make.checked TOP=/home/rhaas/ET/configs/et CONFIG=/home/rhaas/ET/configs/et/config-data SRCDIR=/home/rhaas/ET/arrangements/EinsteinAnalysis/AHFinderDirect/src/sparse-matrix/umfpack THORN=AHFinderDirect USESTHORNS="SpaceMask" -f /home/rhaas/ET/lib/make/make.subdir
make[3]: Entering directory `/home/rhaas/ET/configs/et/build/AHFinderDirect/sparse-matrix/umfpack'
make[3]: `make.checked' is up to date.
make[3]: Leaving directory `/home/rhaas/ET/configs/et/build/AHFinderDirect/sparse-matrix/umfpack'
if [ ! -d elliptic/ ] ; then mkdir -p elliptic/ ; fi
cd elliptic/ ; make CCTK_TARGET=make.checked TOP=/home/rhaas/ET/configs/et CONFIG=/home/rhaas/ET/configs/et/config-data SRCDIR=/home/rhaas/ET/arrangements/EinsteinAnalysis/AHFinderDirect/src/elliptic THORN=AHFinderDirect USESTHORNS="SpaceMask" -f /home/rhaas/ET/lib/make/make.subdir
make[3]: Entering directory `/home/rhaas/ET/configs/et/build/AHFinderDirect/elliptic'
make[3]: `make.checked' is up to date.
make[3]: Leaving directory `/home/rhaas/ET/configs/et/build/AHFinderDirect/elliptic'
if [ ! -d gr/ ] ; then mkdir -p gr/ ; fi
cd gr/ ; make CCTK_TARGET=make.checked TOP=/home/rhaas/ET/configs/et CONFIG=/home/rhaas/ET/configs/et/config-data SRCDIR=/home/rhaas/ET/arrangements/EinsteinAnalysis/AHFinderDirect/src/gr THORN=AHFinderDirect USESTHORNS="SpaceMask" -f /home/rhaas/ET/lib/make/make.subdir
make[3]: Entering directory `/home/rhaas/ET/configs/et/build/AHFinderDirect/gr'
make[3]: `make.checked' is up to date.
make[3]: Leaving directory `/home/rhaas/ET/configs/et/build/AHFinderDirect/gr'
if [ ! -d driver/ ] ; then mkdir -p driver/ ; fi
cd driver/ ; make CCTK_TARGET=make.checked TOP=/home/rhaas/ET/configs/et CONFIG=/home/rhaas/ET/configs/et/config-data SRCDIR=/home/rhaas/ET/arrangements/EinsteinAnalysis/AHFinderDirect/src/driver THORN=AHFinderDirect USESTHORNS="SpaceMask" -f /home/rhaas/ET/lib/make/make.subdir
make[3]: Entering directory `/home/rhaas/ET/configs/et/build/AHFinderDirect/driver'
make[3]: `make.checked' is up to date.
make[3]: Leaving directory `/home/rhaas/ET/configs/et/build/AHFinderDirect/driver'
cd cctk_Bindings; make CCTK_TARGET=make.checked TOP=/home/rhaas/ET/configs/et CONFIG=/home/rhaas/ET/configs/et/config-data SRCDIR=/home/rhaas/ET/configs/et/bindings/build/AHFinderDirect THORN=AHFinderDirect USESTHORNS="SpaceMask" -f /home/rhaas/ET/lib/make/make.subdir
make[3]: Entering directory `/home/rhaas/ET/configs/et/build/AHFinderDirect/cctk_Bindings'
make[3]: `make.checked' is up to date.
make[3]: Leaving directory `/home/rhaas/ET/configs/et/build/AHFinderDirect/cctk_Bindings'
make[2]: Leaving directory `/home/rhaas/ET/configs/et/build/AHFinderDirect'
echo ________________________________________________________________________
________________________________________________________________________
Checking status of thorn BLAS
________________________________________________________________________
make[2]: Entering directory `/home/rhaas/ET/configs/et/build/BLAS'
if [ ! -d ./ ] ; then mkdir -p ./ ; fi
cd ./ ; make CCTK_TARGET=make.checked TOP=/home/rhaas/ET/configs/et CONFIG=/home/rhaas/ET/configs/et/config-data SRCDIR=/home/rhaas/ET/arrangements/ExternalLibraries/BLAS/src THORN=BLAS USESTHORNS="" -f /home/rhaas/ET/lib/make/make.subdir
make[3]: Entering directory `/home/rhaas/ET/configs/et/build/BLAS'
make[3]: `make.checked' is up to date.
make[3]: Leaving directory `/home/rhaas/ET/configs/et/build/BLAS'
cd cctk_Bindings; make CCTK_TARGET=make.checked TOP=/home/rhaas/ET/configs/et CONFIG=/home/rhaas/ET/configs/et/config-data SRCDIR=/home/rhaas/ET/configs/et/bindings/build/BLAS THORN=BLAS USESTHORNS="" -f /home/rhaas/ET/lib/make/make.subdir
make[3]: Entering directory `/home/rhaas/ET/configs/et/build/BLAS/cctk_Bindings'
make[3]: `make.checked' is up to date.
make[3]: Leaving directory `/home/rhaas/ET/configs/et/build/BLAS/cctk_Bindings'
make[2]: Leaving directory `/home/rhaas/ET/configs/et/build/BLAS'
echo ________________________________________________________________________
________________________________________________________________________
Checking status of thorn Fortran
________________________________________________________________________
make[2]: Entering directory `/home/rhaas/ET/configs/et/build/Fortran'
if [ ! -d ./ ] ; then mkdir -p ./ ; fi
cd ./ ; make CCTK_TARGET=make.checked TOP=/home/rhaas/ET/configs/et CONFIG=/home/rhaas/ET/configs/et/config-data SRCDIR=/home/rhaas/ET/arrangements/CactusBase/Fortran/src THORN=Fortran USESTHORNS="" -f /home/rhaas/ET/lib/make/make.subdir
make[3]: Entering directory `/home/rhaas/ET/configs/et/build/Fortran'
make[3]: `make.checked' is up to date.
make[3]: Leaving directory `/home/rhaas/ET/configs/et/build/Fortran'
cd cctk_Bindings; make CCTK_TARGET=make.checked TOP=/home/rhaas/ET/configs/et CONFIG=/home/rhaas/ET/configs/et/config-data SRCDIR=/home/rhaas/ET/configs/et/bindings/build/Fortran THORN=Fortran USESTHORNS="" -f /home/rhaas/ET/lib/make/make.subdir
make[3]: Entering directory `/home/rhaas/ET/configs/et/build/Fortran/cctk_Bindings'
make[3]: `make.checked' is up to date.
make[3]: Leaving directory `/home/rhaas/ET/configs/et/build/Fortran/cctk_Bindings'
make[2]: Leaving directory `/home/rhaas/ET/configs/et/build/Fortran'
echo ________________________________________________________________________
________________________________________________________________________
Checking status of thorn CalcK
________________________________________________________________________
make[2]: Entering directory `/home/rhaas/ET/configs/et/build/CalcK'
if [ ! -d ./ ] ; then mkdir -p ./ ; fi
cd ./ ; make CCTK_TARGET=make.checked TOP=/home/rhaas/ET/configs/et CONFIG=/home/rhaas/ET/configs/et/config-data SRCDIR=/home/rhaas/ET/arrangements/EinsteinAnalysis/CalcK/src THORN=CalcK USESTHORNS="CartGrid3D Fortran" -f /home/rhaas/ET/lib/make/make.subdir
make[3]: Entering directory `/home/rhaas/ET/configs/et/build/CalcK'
make[3]: `make.checked' is up to date.
make[3]: Leaving directory `/home/rhaas/ET/configs/et/build/CalcK'
cd cctk_Bindings; make CCTK_TARGET=make.checked TOP=/home/rhaas/ET/configs/et CONFIG=/home/rhaas/ET/configs/et/config-data SRCDIR=/home/rhaas/ET/configs/et/bindings/build/CalcK THORN=CalcK USESTHORNS="CartGrid3D Fortran" -f /home/rhaas/ET/lib/make/make.subdir
make[3]: Entering directory `/home/rhaas/ET/configs/et/build/CalcK/cctk_Bindings'
make[3]: `make.checked' is up to date.
make[3]: Leaving directory `/home/rhaas/ET/configs/et/build/CalcK/cctk_Bindings'
make[2]: Leaving directory `/home/rhaas/ET/configs/et/build/CalcK'
echo ________________________________________________________________________
________________________________________________________________________
Checking status of thorn Vectors
________________________________________________________________________
make[2]: Entering directory `/home/rhaas/ET/configs/et/build/Vectors'
if [ ! -d ./ ] ; then mkdir -p ./ ; fi
cd ./ ; make CCTK_TARGET=make.checked TOP=/home/rhaas/ET/configs/et CONFIG=/home/rhaas/ET/configs/et/config-data SRCDIR=/home/rhaas/ET/arrangements/LSUThorns/Vectors/src THORN=Vectors USESTHORNS="" -f /home/rhaas/ET/lib/make/make.subdir
make[3]: Entering directory `/home/rhaas/ET/configs/et/build/Vectors'
make[3]: `make.checked' is up to date.
make[3]: Leaving directory `/home/rhaas/ET/configs/et/build/Vectors'
cd cctk_Bindings; make CCTK_TARGET=make.checked TOP=/home/rhaas/ET/configs/et CONFIG=/home/rhaas/ET/configs/et/config-data SRCDIR=/home/rhaas/ET/configs/et/bindings/build/Vectors THORN=Vectors USESTHORNS="" -f /home/rhaas/ET/lib/make/make.subdir
make[3]: Entering directory `/home/rhaas/ET/configs/et/build/Vectors/cctk_Bindings'
make[3]: `make.checked' is up to date.
make[3]: Leaving directory `/home/rhaas/ET/configs/et/build/Vectors/cctk_Bindings'
make[2]: Leaving directory `/home/rhaas/ET/configs/et/build/Vectors'
echo ________________________________________________________________________
________________________________________________________________________
Checking status of thorn CarpetLib
________________________________________________________________________
make[2]: Entering directory `/home/rhaas/ET/configs/et/build/CarpetLib'
if [ ! -d ./ ] ; then mkdir -p ./ ; fi
cd ./ ; make CCTK_TARGET=make.checked TOP=/home/rhaas/ET/configs/et CONFIG=/home/rhaas/ET/configs/et/config-data SRCDIR=/home/rhaas/ET/arrangements/Carpet/CarpetLib/src THORN=CarpetLib USESTHORNS="Vectors" -f /home/rhaas/ET/lib/make/make.subdir
make[3]: Entering directory `/home/rhaas/ET/configs/et/build/CarpetLib'
make[3]: `make.checked' is up to date.
make[3]: Leaving directory `/home/rhaas/ET/configs/et/build/CarpetLib'
cd cctk_Bindings; make CCTK_TARGET=make.checked TOP=/home/rhaas/ET/configs/et CONFIG=/home/rhaas/ET/configs/et/config-data SRCDIR=/home/rhaas/ET/configs/et/bindings/build/CarpetLib THORN=CarpetLib USESTHORNS="Vectors" -f /home/rhaas/ET/lib/make/make.subdir
make[3]: Entering directory `/home/rhaas/ET/configs/et/build/CarpetLib/cctk_Bindings'
make[3]: `make.checked' is up to date.
make[3]: Leaving directory `/home/rhaas/ET/configs/et/build/CarpetLib/cctk_Bindings'
make[2]: Leaving directory `/home/rhaas/ET/configs/et/build/CarpetLib'
echo ________________________________________________________________________
________________________________________________________________________
Checking status of thorn IOUtil
________________________________________________________________________
make[2]: Entering directory `/home/rhaas/ET/configs/et/build/IOUtil'
if [ ! -d ./ ] ; then mkdir -p ./ ; fi
cd ./ ; make CCTK_TARGET=make.checked TOP=/home/rhaas/ET/configs/et CONFIG=/home/rhaas/ET/configs/et/config-data SRCDIR=/home/rhaas/ET/arrangements/CactusBase/IOUtil/src THORN=IOUtil USESTHORNS="" -f /home/rhaas/ET/lib/make/make.subdir
make[3]: Entering directory `/home/rhaas/ET/configs/et/build/IOUtil'
make[3]: `make.checked' is up to date.
make[3]: Leaving directory `/home/rhaas/ET/configs/et/build/IOUtil'
cd cctk_Bindings; make CCTK_TARGET=make.checked TOP=/home/rhaas/ET/configs/et CONFIG=/home/rhaas/ET/configs/et/config-data SRCDIR=/home/rhaas/ET/configs/et/bindings/build/IOUtil THORN=IOUtil USESTHORNS="" -f /home/rhaas/ET/lib/make/make.subdir
make[3]: Entering directory `/home/rhaas/ET/configs/et/build/IOUtil/cctk_Bindings'
make[3]: `make.checked' is up to date.
make[3]: Leaving directory `/home/rhaas/ET/configs/et/build/IOUtil/cctk_Bindings'
make[2]: Leaving directory `/home/rhaas/ET/configs/et/build/IOUtil'
echo ________________________________________________________________________
________________________________________________________________________
Checking status of thorn Carpet
________________________________________________________________________
make[2]: Entering directory `/home/rhaas/ET/configs/et/build/Carpet'
if [ ! -d ./ ] ; then mkdir -p ./ ; fi
cd ./ ; make CCTK_TARGET=make.checked TOP=/home/rhaas/ET/configs/et CONFIG=/home/rhaas/ET/configs/et/config-data SRCDIR=/home/rhaas/ET/arrangements/Carpet/Carpet/src THORN=Carpet USESTHORNS="CarpetLib CarpetLib IOUtil IOUtil" -f /home/rhaas/ET/lib/make/make.subdir
make[3]: Entering directory `/home/rhaas/ET/configs/et/build/Carpet'
make[3]: `make.checked' is up to date.
make[3]: Leaving directory `/home/rhaas/ET/configs/et/build/Carpet'
if [ ! -d LoadBalanceReal/ ] ; then mkdir -p LoadBalanceReal/ ; fi
cd LoadBalanceReal/ ; make CCTK_TARGET=make.checked TOP=/home/rhaas/ET/configs/et CONFIG=/home/rhaas/ET/configs/et/config-data SRCDIR=/home/rhaas/ET/arrangements/Carpet/Carpet/src/LoadBalanceReal THORN=Carpet USESTHORNS="CarpetLib CarpetLib IOUtil IOUtil" -f /home/rhaas/ET/lib/make/make.subdir
make[3]: Entering directory `/home/rhaas/ET/configs/et/build/Carpet/LoadBalanceReal'
echo Copying /home/rhaas/ET/arrangements/Carpet/Carpet/src/LoadBalanceReal/carpet_region.f90
Copying /home/rhaas/ET/arrangements/Carpet/Carpet/src/LoadBalanceReal/carpet_region.f90
cat /home/rhaas/ET/arrangements/Carpet/Carpet/src/LoadBalanceReal/carpet_region.f90 > carpet_region.f90
echo Compiling /home/rhaas/ET/arrangements/Carpet/Carpet/src/LoadBalanceReal/carpet_region.f90
Compiling /home/rhaas/ET/arrangements/Carpet/Carpet/src/LoadBalanceReal/carpet_region.f90
if test "gfortran" = "none" ; then echo "There is no Fortran 90 compiler available.  Aborting." ; exit 1 ; fi ; current_wd=`pwd` ; cd /home/rhaas/ET/configs/et/scratch ; gfortran -g  -Wall -Wswitch-default -Wswitch-enum -Wextra -Wshadow -Wno-unused-parameter -Wno-unused-variable -std=f2003 -O3 -funroll-loops -I"/newman/user2/rhaas/include" -I"/newman/user2/rhaas/include" -I"/home/rhaas/ET/arrangements/Carpet/Carpet/src" -I"/home/rhaas/ET/arrangements/Carpet/Carpet/src/include" -I"/home/rhaas/ET/configs/et/config-data" -I"/home/rhaas/ET/configs/et/bindings/include" -I"/home/rhaas/ET/src/include" -I"/home/rhaas/ET/arrangements" -I"/home/rhaas/ET/configs/et/bindings/Configuration/Thorns" -I"/home/rhaas/ET/arrangements/Carpet/Carpet/src/LoadBalanceReal" -I"/home/rhaas/ET/arrangements/Carpet/Carpet/src/LoadBalanceReal/include" -c -o $current_wd/carpet_region.f90.o $current_wd/carpet_region.f90
 In file /home/rhaas/ET/configs/et/build/Carpet/LoadBalanceReal/carpet_region.f90:59

      type(superregion2), pointer, intent(out) :: sregion
                                1
Error: POINTER attribute conflicts with INTENT attribute at (1)
 In file /home/rhaas/ET/configs/et/build/Carpet/LoadBalanceReal/carpet_region.f90:64

      sregion%extent = box
     1
Error: Unclassifiable statement at (1)
 In file /home/rhaas/ET/configs/et/build/Carpet/LoadBalanceReal/carpet_region.f90:65

      sregion%outer_boundaries = outerbound
     1
Error: Unclassifiable statement at (1)
 In file /home/rhaas/ET/configs/et/build/Carpet/LoadBalanceReal/carpet_region.f90:66

      sregion%map = map
     1
Error: Unclassifiable statement at (1)
 In file /home/rhaas/ET/configs/et/build/Carpet/LoadBalanceReal/carpet_region.f90:67

      sregion%processor = -1
     1
Error: Unclassifiable statement at (1)
 In file /home/rhaas/ET/configs/et/build/Carpet/LoadBalanceReal/carpet_region.f90:68

      sregion%frac = 0.0_wp
     1
Error: Unclassifiable statement at (1)
 In file /home/rhaas/ET/configs/et/build/Carpet/LoadBalanceReal/carpet_region.f90:69

      nullify(sregion%children)
                    1
Error: Syntax error in NULLIFY statement at (1)
 In file /home/rhaas/ET/configs/et/build/Carpet/LoadBalanceReal/carpet_region.f90:97

      type(superregion2), pointer, intent(inout) :: sregion1
                                1
Error: POINTER attribute conflicts with INTENT attribute at (1)
 In file /home/rhaas/ET/configs/et/build/Carpet/LoadBalanceReal/carpet_region.f90:98

      type(superregion2), pointer, intent(in) :: sregion2
                                1
Error: POINTER attribute conflicts with INTENT attribute at (1)
 In file /home/rhaas/ET/configs/et/build/Carpet/LoadBalanceReal/carpet_region.f90:102

      if ( associated(sregion2%children) ) then
                             1
Error: Syntax error in argument list at (1)
 In file /home/rhaas/ET/configs/et/build/Carpet/LoadBalanceReal/carpet_region.f90:103

        n2 = size(sregion2%children)
                         1
Error: Syntax error in argument list at (1)
 In file /home/rhaas/ET/configs/et/build/Carpet/LoadBalanceReal/carpet_region.f90:107

        if ( associated(sregion1%children) ) then
                               1
Error: Syntax error in argument list at (1)
 In file /home/rhaas/ET/configs/et/build/Carpet/LoadBalanceReal/carpet_region.f90:108

          n1 = size(sregion1%children)
                           1
Error: Syntax error in argument list at (1)
 In file /home/rhaas/ET/configs/et/build/Carpet/LoadBalanceReal/carpet_region.f90:110

            call destroy_sregion ( sregion1%children(i)%point )
                                          1
Error: Syntax error in argument list at (1)
 In file /home/rhaas/ET/configs/et/build/Carpet/LoadBalanceReal/carpet_region.f90:112

        end if
          1
Error: Expecting END SUBROUTINE statement at (1)
 In file /home/rhaas/ET/configs/et/build/Carpet/LoadBalanceReal/carpet_region.f90:115

        allocate ( sregion1%children(n2) )
                          1
Error: Syntax error in ALLOCATE statement at (1)
 In file /home/rhaas/ET/configs/et/build/Carpet/LoadBalanceReal/carpet_region.f90:117

          sregion1%children(i)%point => sregion2%children(i)%point
         1
Error: Unclassifiable statement at (1)
 In file /home/rhaas/ET/configs/et/build/Carpet/LoadBalanceReal/carpet_region.f90:121

      else
         1
Error: Unexpected ELSE statement at (1)
 In file /home/rhaas/ET/configs/et/build/Carpet/LoadBalanceReal/carpet_region.f90:123

      end if  
        1
Error: Expecting END SUBROUTINE statement at (1)
 In file /home/rhaas/ET/configs/et/build/Carpet/LoadBalanceReal/carpet_region.f90:129

      type(superregion2), pointer, intent(inout) :: sregion
                                1
Error: POINTER attribute conflicts with INTENT attribute at (1)
 In file /home/rhaas/ET/configs/et/build/Carpet/LoadBalanceReal/carpet_region.f90:133

      if ( associated(sregion%children) ) then
                            1
Error: Syntax error in argument list at (1)
 In file /home/rhaas/ET/configs/et/build/Carpet/LoadBalanceReal/carpet_region.f90:136

        n = size(sregion%children)
                       1
Error: Syntax error in argument list at (1)
 In file /home/rhaas/ET/configs/et/build/Carpet/LoadBalanceReal/carpet_region.f90:142

          if ( associated ( sregion%children(i)%point ) ) then
                                  1
Error: Syntax error in argument list at (1)
 In file /home/rhaas/ET/configs/et/build/Carpet/LoadBalanceReal/carpet_region.f90:143

            call destroy_sregion ( sregion%children(i)%point )
                                         1
Error: Syntax error in argument list at (1)
 In file /home/rhaas/ET/configs/et/build/Carpet/LoadBalanceReal/carpet_region.f90:144

          end if
            1
Error: Expecting END DO statement at (1)
 In file /home/rhaas/ET/configs/et/build/Carpet/LoadBalanceReal/carpet_region.f90:149

          deallocate ( sregion%children )
                             1
Error: Syntax error in DEALLOCATE statement at (1)
 In file /home/rhaas/ET/configs/et/build/Carpet/LoadBalanceReal/carpet_region.f90:151

      end if
        1
Error: Expecting END SUBROUTINE statement at (1)
 In file /home/rhaas/ET/configs/et/build/Carpet/LoadBalanceReal/carpet_region.f90:162

      type(superregion2), pointer, intent(in) :: sregion
                                1
Error: POINTER attribute conflicts with INTENT attribute at (1)
 In file /home/rhaas/ET/configs/et/build/Carpet/LoadBalanceReal/carpet_region.f90:168

        print*, 'bbox = ', sregion%extent
                                 1
Error: Syntax error in PRINT statement at (1)
 In file /home/rhaas/ET/configs/et/build/Carpet/LoadBalanceReal/carpet_region.f90:169

        print*, 'outer_boundaries = ', sregion%outer_boundaries
                                             1
Error: Syntax error in PRINT statement at (1)
 In file /home/rhaas/ET/configs/et/build/Carpet/LoadBalanceReal/carpet_region.f90:170

        print*, 'map = ', sregion%map
                                1
Error: Syntax error in PRINT statement at (1)
 In file /home/rhaas/ET/configs/et/build/Carpet/LoadBalanceReal/carpet_region.f90:171

        print*, 'processor = ', sregion%processor
                                      1
Error: Syntax error in PRINT statement at (1)
 In file /home/rhaas/ET/configs/et/build/Carpet/LoadBalanceReal/carpet_region.f90:172

        print*, 'fraction = ', sregion%frac
                                     1
Error: Syntax error in PRINT statement at (1)
 In file /home/rhaas/ET/configs/et/build/Carpet/LoadBalanceReal/carpet_region.f90:175

        if ( .not. associated(sregion%children) ) then
                                    1
Error: Syntax error in argument list at (1)
 In file /home/rhaas/ET/configs/et/build/Carpet/LoadBalanceReal/carpet_region.f90:181

          n = size(sregion%children)
                         1
Error: Syntax error in argument list at (1)
 In file /home/rhaas/ET/configs/et/build/Carpet/LoadBalanceReal/carpet_region.f90:186

            call print_tree ( sregion%children(i)%point )
                                    1
Error: Syntax error in argument list at (1)
 In file /home/rhaas/ET/configs/et/build/Carpet/LoadBalanceReal/carpet_region.f90:190

      else
         1
Error: Unexpected ELSE statement at (1)
 In file /home/rhaas/ET/configs/et/build/Carpet/LoadBalanceReal/carpet_region.f90:193

      end if
        1
Error: Expecting END SUBROUTINE statement at (1)
 In file /home/rhaas/ET/configs/et/build/Carpet/LoadBalanceReal/carpet_region.f90:167

      if ( associated(sregion) ) then
                     1
Error: 'pointer' argument of 'associated' intrinsic at (1) must be a POINTER
 In file /home/rhaas/ET/configs/et/build/Carpet/LoadBalanceReal/carpet_region.f90:154

      deallocate (sregion)
                        1
Error: Expression in DEALLOCATE statement at (1) must be ALLOCATABLE or a POINTER
 In file /home/rhaas/ET/configs/et/build/Carpet/LoadBalanceReal/carpet_region.f90:63

      allocate ( sregion )
                       1
Error: Expression in ALLOCATE statement at (1) must be ALLOCATABLE or a POINTER
make[3]: *** [carpet_region.f90.o] Error 1
make[3]: Leaving directory `/home/rhaas/ET/configs/et/build/Carpet/LoadBalanceReal'
make[2]: *** [LoadBalanceReal/make.checked] Error 2
make[2]: Leaving directory `/home/rhaas/ET/configs/et/build/Carpet'
make[1]: *** [/home/rhaas/ET/configs/et/lib/libthorn_Carpet.a] Error 2
make[1]: Leaving directory `/home/rhaas/ET'
make: *** [et] Error 2
