Simulation name: test_13
Running simulation test_13
Simulation name: test_13
Running simulation test_13
Simulation name: test_13
Running simulation test_13
Simulation name: test_13
Running simulation test_13
Simulation name: test_13
Running simulation test_13
Preparing:
Checking:
/home/himanshu/simulations/test_13/output-0000-active
cn06
Simulation name: test_13
Running simulation test_13
Simulation name: test_13
Running simulation test_13
Simulation name: test_13
Running simulation test_13
Simulation name: test_13
Running simulation test_13
Simulation name: test_13
Running simulation test_13
Simulation name: test_13
Running simulation test_13
Simulation name: test_13
Running simulation test_13
Simulation name: test_13
Running simulation test_13
Simulation name: test_13
Running simulation test_13
Simulation name: test_13
Running simulation test_13
Simulation name: test_13
Running simulation test_13
Simulation name: test_13
Running simulation test_13
Simulation name: test_13
Running simulation test_13
Tue Mar  1 18:29:54 IST 2016
Simulation name: test_13
Running simulation test_13
Preparing:
Checking:
/home/himanshu/simulations/test_13/output-0000-active
cn02
Simulation name: test_13
Running simulation test_13
Simulation name: test_13
Running simulation test_13
Tue Mar  1 18:29:55 IST 2016
Tue Mar  1 18:29:55 IST 2016
Tue Mar  1 18:29:55 IST 2016
Simulation name: test_13
Running simulation test_13
Simulation name: test_13
Running simulation test_13
Simulation name: test_13
Running simulation test_13
Simulation name: test_13
Running simulation test_13
Simulation name: test_13
Running simulation test_13
Tue Mar  1 18:29:55 IST 2016
Preparing:
Checking:
/home/himanshu/simulations/test_13/output-0000-active
cn01
Simulation name: test_13
Running simulation test_13
Simulation name: test_13
Running simulation test_13
Tue Mar  1 18:29:55 IST 2016
Simulation name: test_13
Running simulation test_13
Simulation name: test_13
Running simulation test_13
Preparing:
Checking:
/home/himanshu/simulations/test_13/output-0000-active
cn01
Simulation name: test_13
Running simulation test_13
Simulation name: test_13
Running simulation test_13
Simulation name: test_13
Running simulation test_13
Simulation name: test_13
Running simulation test_13
Simulation name: test_13
Running simulation test_13
Simulation name: test_13
Running simulation test_13
Preparing:
Checking:
/home/himanshu/simulations/test_13/output-0000-active
cn03
Simulation name: test_13
Running simulation test_13
Simulation name: test_13
Running simulation test_13
Simulation name: test_13
Running simulation test_13
Tue Mar  1 18:29:56 IST 2016
Tue Mar  1 18:29:56 IST 2016
Simulation name: test_13
Running simulation test_13
Tue Mar  1 18:29:57 IST 2016
Simfactory Done at date: 0
Simulation name: test_13
Running simulation test_13
Simulation name: test_13
Running simulation test_13
Tue Mar  1 18:29:57 IST 2016
Simulation name: test_13
Running simulation test_13
Simulation name: test_13
Running simulation test_13
Simfactory Done at date: 0
Preparing:
Checking:
/home/himanshu/simulations/test_13/output-0000-active
cn05
Tue Mar  1 18:29:57 IST 2016
Tue Mar  1 18:29:57 IST 2016
Simfactory Done at date: 0
Simulation name: test_13
Running simulation test_13
Simfactory Done at date: 0
Tue Mar  1 18:29:57 IST 2016
Preparing:
Checking:
/home/himanshu/simulations/test_13/output-0000-active
Preparing:
Checking:
/home/himanshu/simulations/test_13/output-0000-active
cn01
cn04
Tue Mar  1 18:29:57 IST 2016
Simfactory Done at date: 0
Environment:
Tue Mar  1 18:29:58 IST 2016
Tue Mar  1 18:29:58 IST 2016
Simulation name: test_13
Running simulation test_13
Simfactory Done at date: 0
Tue Mar  1 18:29:58 IST 2016
Simulation name: test_13
Running simulation test_13
Simulation name: test_13
Running simulation test_13
Preparing:
Checking:
/home/himanshu/simulations/test_13/output-0000-active
cn01
Preparing:
Checking:
/home/himanshu/simulations/test_13/output-0000-active
cn04
Simulation name: test_13
Running simulation test_13
Simfactory Done at date: 0
Preparing:
Checking:
/home/himanshu/simulations/test_13/output-0000-active
cn04
Environment:
Tue Mar  1 18:29:58 IST 2016
Tue Mar  1 18:29:58 IST 2016
Simulation name: test_13
Running simulation test_13
Simfactory Done at date: 0
Preparing:
Checking:
/home/himanshu/simulations/test_13/output-0000-active
cn03
Tue Mar  1 18:29:59 IST 2016
Preparing:
Checking:
/home/himanshu/simulations/test_13/output-0000-active
cn04
Simulation name: test_13
Running simulation test_13
Starting: ModernFamily
Tue Mar  1 18:29:59 IST 2016
Tue Mar  1 18:29:59 IST 2016
Simulation name: test_13
Running simulation test_13
Environment:
Simfactory Done at date: 0
Tue Mar  1 18:29:59 IST 2016
Tue Mar  1 18:29:59 IST 2016
Simfactory Done at date: 0
Tue Mar  1 18:29:59 IST 2016
Tue Mar  1 18:29:59 IST 2016
Simulation name: test_13
Running simulation test_13
Simfactory Done at date: 0
Tue Mar  1 18:29:59 IST 2016
Preparing:
Checking:
/home/himanshu/simulations/test_13/output-0000-active
cn02
Environment:
Simfactory Done at date: 0
Simulation name: test_13
Running simulation test_13
Starting: ModernFamily
Environment:
Simfactory Done at date: 0
Environment:
Starting: ModernFamily
Environment:
Tue Mar  1 18:29:59 IST 2016
Tue Mar  1 18:29:59 IST 2016
Tue Mar  1 18:29:59 IST 2016
Preparing:
Checking:
/home/himanshu/simulations/test_13/output-0000-active
Preparing:
Checking:
/home/himanshu/simulations/test_13/output-0000-active
cn05
cn03
Tue Mar  1 18:29:59 IST 2016
Simulation name: test_13
Running simulation test_13
Simulation name: test_13
Running simulation test_13
Simfactory Done at date: 0
Simfactory Done at date: 0
Tue Mar  1 18:29:59 IST 2016
Simulation name: test_13
Running simulation test_13
Starting: ModernFamily
Simfactory Done at date: 0
Simfactory Done at date: 0
Tue Mar  1 18:29:59 IST 2016
Tue Mar  1 18:29:59 IST 2016
Environment:
Simfactory Done at date: 0
Simfactory Done at date: 0
Tue Mar  1 18:30:00 IST 2016
Starting: ModernFamily
Simfactory Done at date: 0
Tue Mar  1 18:30:00 IST 2016
Starting: ModernFamily
Simfactory Done at date: 0
Simfactory Done at date: 0
Tue Mar  1 18:30:00 IST 2016
Tue Mar  1 18:30:00 IST 2016
Tue Mar  1 18:30:00 IST 2016
Tue Mar  1 18:30:00 IST 2016
Tue Mar  1 18:30:00 IST 2016
Simulation name: test_13
Running simulation test_13
Simfactory Done at date: 0
Simfactory Done at date: 0
Simfactory Done at date: 0
Starting: ModernFamily
Simulation name: test_13
Running simulation test_13
Environment:
Environment:
Environment:
Simfactory Done at date: 0
Tue Mar  1 18:30:00 IST 2016
Tue Mar  1 18:30:00 IST 2016
Simulation name: test_13
Running simulation test_13
Simfactory Done at date: 0
Simfactory Done at date: 0
Tue Mar  1 18:30:00 IST 2016
Preparing:
Checking:
/home/himanshu/simulations/test_13/output-0000-active
cn04
Tue Mar  1 18:30:00 IST 2016
Tue Mar  1 18:30:00 IST 2016
Tue Mar  1 18:30:00 IST 2016
Simfactory Done at date: 0
Tue Mar  1 18:30:00 IST 2016
Tue Mar  1 18:30:00 IST 2016
Simulation name: test_13
Running simulation test_13
Simfactory Done at date: 0
Simfactory Done at date: 0
Simfactory Done at date: 0
Simfactory Done at date: 0
Starting: ModernFamily
Starting: ModernFamily
Simfactory Done at date: 0
Starting: ModernFamily
Environment:
Tue Mar  1 18:30:01 IST 2016
Simfactory Done at date: 0
Tue Mar  1 18:30:01 IST 2016
Tue Mar  1 18:30:01 IST 2016
Starting: ModernFamily
Simfactory Done at date: 0
Simfactory Done at date: 0
Simulation name: test_13
Running simulation test_13
Tue Mar  1 18:30:01 IST 2016
Simfactory Done at date: 0
Preparing:
Checking:
/home/himanshu/simulations/test_13/output-0000-active
cn03
Tue Mar  1 18:30:01 IST 2016
Tue Mar  1 18:30:01 IST 2016
Environment:
Simfactory Done at date: 0
Starting: ModernFamily
Tue Mar  1 18:30:01 IST 2016
Simfactory Done at date: 0
Simulation name: test_13
Running simulation test_13
Preparing:
Checking:
/home/himanshu/simulations/test_13/output-0000-active
cn04
Tue Mar  1 18:30:02 IST 2016
Simulation name: test_13
Running simulation test_13
Preparing:
Checking:
/home/himanshu/simulations/test_13/output-0000-active
cn03
Environment:
Tue Mar  1 18:30:02 IST 2016
Starting: ModernFamily
Environment:
Tue Mar  1 18:30:02 IST 2016
Simfactory Done at date: 0
Tue Mar  1 18:30:02 IST 2016
Simfactory Done at date: 0
Simulation name: test_13
Running simulation test_13
Tue Mar  1 18:30:03 IST 2016
Simfactory Done at date: 0
Simulation name: test_13
Running simulation test_13
Preparing:
Checking:
/home/himanshu/simulations/test_13/output-0000-active
cn06
Simulation name: test_13
Running simulation test_13
Tue Mar  1 18:30:04 IST 2016
Simulation name: test_13
Running simulation test_13
Environment:
Simulation name: test_13
Running simulation test_13
Tue Mar  1 18:30:04 IST 2016
Tue Mar  1 18:30:04 IST 2016
Starting: ModernFamily
Preparing:
Checking:
/home/himanshu/simulations/test_13/output-0000-active
cn03
Tue Mar  1 18:30:04 IST 2016
Tue Mar  1 18:30:04 IST 2016
Simulation name: test_13
Running simulation test_13
Simfactory Done at date: 0
Simfactory Done at date: 0
Simulation name: test_13
Running simulation test_13
Simulation name: test_13
Running simulation test_13
Simulation name: test_13
Running simulation test_13
Simfactory Done at date: 0
Preparing:
Checking:
/home/himanshu/simulations/test_13/output-0000-active
cn03
Simulation name: test_13
Running simulation test_13
Tue Mar  1 18:30:04 IST 2016
Simulation name: test_13
Running simulation test_13
Preparing:
Checking:
/home/himanshu/simulations/test_13/output-0000-active
cn04
Tue Mar  1 18:30:04 IST 2016
Preparing:
Checking:
/home/himanshu/simulations/test_13/output-0000-active
cn03
Tue Mar  1 18:30:05 IST 2016
Simulation name: test_13
Running simulation test_13
Environment:
Simfactory Done at date: 0
Tue Mar  1 18:30:05 IST 2016
Simulation name: test_13
Running simulation test_13
Preparing:
Checking:
/home/himanshu/simulations/test_13/output-0000-active
cn03
Environment:
Tue Mar  1 18:30:05 IST 2016
Tue Mar  1 18:30:05 IST 2016
Tue Mar  1 18:30:05 IST 2016
Preparing:
Checking:
/home/himanshu/simulations/test_13/output-0000-active
cn04
Simulation name: test_13
Running simulation test_13
Simfactory Done at date: 0
Simulation name: test_13
Running simulation test_13
Simulation name: test_13
Running simulation test_13
Starting: ModernFamily
Simfactory Done at date: 0
Tue Mar  1 18:30:05 IST 2016
Preparing:
Checking:
/home/himanshu/simulations/test_13/output-0000-active
cn01
Environment:
Preparing:
Checking:
/home/himanshu/simulations/test_13/output-0000-active
cn04
Tue Mar  1 18:30:05 IST 2016
Environment:
Preparing:
Checking:
/home/himanshu/simulations/test_13/output-0000-active
cn04
Starting: ModernFamily
Simfactory Done at date: 0
Tue Mar  1 18:30:05 IST 2016
Tue Mar  1 18:30:05 IST 2016
Tue Mar  1 18:30:05 IST 2016
Preparing:
Checking:
/home/himanshu/simulations/test_13/output-0000-active
cn04
Starting: ModernFamily
Tue Mar  1 18:30:05 IST 2016
Starting: ModernFamily
Tue Mar  1 18:30:05 IST 2016
Environment:
Simfactory Done at date: 0
Tue Mar  1 18:30:05 IST 2016
Tue Mar  1 18:30:05 IST 2016
Simfactory Done at date: 0
Simfactory Done at date: 0
Environment:
Starting: ModernFamily
Tue Mar  1 18:30:05 IST 2016
Environment:
Environment:
Simfactory Done at date: 0
Environment:
Starting: ModernFamily
Starting: ModernFamily
Starting: ModernFamily
Tue Mar  1 18:30:06 IST 2016
Starting: ModernFamily
Simfactory Done at date: 0
Tue Mar  1 18:30:06 IST 2016
Simulation name: test_13
Running simulation test_13
Simfactory Done at date: 0
Tue Mar  1 18:30:06 IST 2016
Tue Mar  1 18:30:06 IST 2016
Simfactory Done at date: 0
Simfactory Done at date: 0
Tue Mar  1 18:30:06 IST 2016
Simfactory Done at date: 0
Simulation name: test_13
Running simulation test_13
Tue Mar  1 18:30:06 IST 2016
Simfactory Done at date: 0
Simulation name: test_13
Running simulation test_13
Tue Mar  1 18:30:07 IST 2016
Simfactory Done at date: 0
Simulation name: test_13
Running simulation test_13
Preparing:
Checking:
/home/himanshu/simulations/test_13/output-0000-active
cn01
Tue Mar  1 18:30:07 IST 2016
Environment:
Starting: ModernFamily
Tue Mar  1 18:30:07 IST 2016
Simfactory Done at date: 0
Simulation name: test_13
Running simulation test_13
Simulation name: test_13
Running simulation test_13
Preparing:
Checking:
/home/himanshu/simulations/test_13/output-0000-active
cn01
Preparing:
Checking:
/home/himanshu/simulations/test_13/output-0000-active
cn06
Simulation name: test_13
Running simulation test_13
Tue Mar  1 18:30:08 IST 2016
Simulation name: test_13
Running simulation test_13
Tue Mar  1 18:30:08 IST 2016
Simulation name: test_13
Running simulation test_13
Preparing:
Checking:
/home/himanshu/simulations/test_13/output-0000-active
cn06
Preparing:
Checking:
/home/himanshu/simulations/test_13/output-0000-active
cn01
Simulation name: test_13
Running simulation test_13
Simulation name: test_13
Running simulation test_13
Tue Mar  1 18:30:08 IST 2016
Environment:
Tue Mar  1 18:30:08 IST 2016
Tue Mar  1 18:30:08 IST 2016
Preparing:
Checking:
/home/himanshu/simulations/test_13/output-0000-active
cn06
Simulation name: test_13
Running simulation test_13
Simfactory Done at date: 0
Starting: ModernFamily
Tue Mar  1 18:30:08 IST 2016
Simulation name: test_13
Running simulation test_13
Tue Mar  1 18:30:08 IST 2016
Preparing:
Checking:
/home/himanshu/simulations/test_13/output-0000-active
cn06
Simulation name: test_13
Running simulation test_13
Simulation name: test_13
Running simulation test_13
Simfactory Done at date: 0
Environment:
Simulation name: test_13
Running simulation test_13
Tue Mar  1 18:30:08 IST 2016
Preparing:
Checking:
/home/himanshu/simulations/test_13/output-0000-active
cn01
Environment:
Environment:
Tue Mar  1 18:30:08 IST 2016
Preparing:
Checking:
/home/himanshu/simulations/test_13/output-0000-active
cn06
Simulation name: test_13
Running simulation test_13
Tue Mar  1 18:30:08 IST 2016
Tue Mar  1 18:30:08 IST 2016
Simulation name: test_13
Running simulation test_13
Tue Mar  1 18:30:08 IST 2016
Preparing:
Checking:
/home/himanshu/simulations/test_13/output-0000-active
cn01
Starting: ModernFamily
Simulation name: test_13
Running simulation test_13
Simfactory Done at date: 0
Tue Mar  1 18:30:09 IST 2016
Tue Mar  1 18:30:09 IST 2016
Tue Mar  1 18:30:09 IST 2016
Simulation name: test_13
Running simulation test_13
Simfactory Done at date: 0
Starting: ModernFamily
Starting: ModernFamily
Preparing:
Checking:
/home/himanshu/simulations/test_13/output-0000-active
cn06
Simulation name: test_13
Running simulation test_13
Simfactory Done at date: 0
Environment:
Tue Mar  1 18:30:09 IST 2016
Simulation name: test_13
Running simulation test_13
Simulation name: test_13
Running simulation test_13
Simfactory Done at date: 0
Environment:
Preparing:
Checking:
/home/himanshu/simulations/test_13/output-0000-active
cn01
Environment:
Environment:
Environment:
Tue Mar  1 18:30:09 IST 2016
Simulation name: test_13
Running simulation test_13
Starting: ModernFamily
Preparing:
Checking:
/home/himanshu/simulations/test_13/output-0000-active
cn06
Tue Mar  1 18:30:09 IST 2016
Tue Mar  1 18:30:09 IST 2016
Simulation name: test_13
Running simulation test_13
Simulation name: test_13
Running simulation test_13
Simulation name: test_13
Running simulation test_13
Environment:
Environment:
Starting: ModernFamily
Simfactory Done at date: 0
Tue Mar  1 18:30:09 IST 2016
Tue Mar  1 18:30:10 IST 2016
Starting: ModernFamily
Simulation name: test_13
Running simulation test_13
Starting: ModernFamily
Starting: ModernFamily
Preparing:
Checking:
/home/himanshu/simulations/test_13/output-0000-active
cn06
Starting: ModernFamily
Simfactory Done at date: 0
Tue Mar  1 18:30:10 IST 2016
Simulation name: test_13
Running simulation test_13
Simulation name: test_13
Running simulation test_13
Tue Mar  1 18:30:10 IST 2016
Tue Mar  1 18:30:10 IST 2016
Preparing:
Checking:
/home/himanshu/simulations/test_13/output-0000-active
cn02
Tue Mar  1 18:30:10 IST 2016
Simfactory Done at date: 0
Preparing:
Checking:
/home/himanshu/simulations/test_13/output-0000-active
Preparing:
Checking:
/home/himanshu/simulations/test_13/output-0000-active
cn02
cn06
Starting: ModernFamily
Simulation name: test_13
Running simulation test_13
Simulation name: test_13
Running simulation test_13
Tue Mar  1 18:30:10 IST 2016
Tue Mar  1 18:30:10 IST 2016
Preparing:
Checking:
/home/himanshu/simulations/test_13/output-0000-active
cn05
Simulation name: test_13
Running simulation test_13
Simulation name: test_13
Running simulation test_13
Preparing:
Checking:
/home/himanshu/simulations/test_13/output-0000-active
cn06
Simulation name: test_13
Running simulation test_13
Simulation name: test_13
Running simulation test_13
Tue Mar  1 18:30:10 IST 2016
Tue Mar  1 18:30:10 IST 2016
Tue Mar  1 18:30:10 IST 2016
Tue Mar  1 18:30:10 IST 2016
Tue Mar  1 18:30:10 IST 2016
Tue Mar  1 18:30:10 IST 2016
Simulation name: test_13
Running simulation test_13
Simfactory Done at date: 0
Tue Mar  1 18:30:10 IST 2016
Preparing:
Checking:
/home/himanshu/simulations/test_13/output-0000-active
cn02
Simulation name: test_13
Running simulation test_13
Simfactory Done at date: 0
Simulation name: test_13
Running simulation test_13
Simfactory Done at date: 0
Tue Mar  1 18:30:10 IST 2016
Tue Mar  1 18:30:10 IST 2016
Preparing:
Checking:
/home/himanshu/simulations/test_13/output-0000-active
cn05
Simulation name: test_13
Running simulation test_13
Environment:
Environment:
Simfactory Done at date: 0
Simfactory Done at date: 0
Preparing:
Checking:
/home/himanshu/simulations/test_13/output-0000-active
cn02
Tue Mar  1 18:30:10 IST 2016
Environment:
Environment:
Simfactory Done at date: 0
Preparing:
Checking:
/home/himanshu/simulations/test_13/output-0000-active
Tue Mar  1 18:30:10 IST 2016
cn02
Simfactory Done at date: 0
Tue Mar  1 18:30:10 IST 2016
Tue Mar  1 18:30:10 IST 2016
Tue Mar  1 18:30:10 IST 2016
Preparing:
Checking:
/home/himanshu/simulations/test_13/output-0000-active
Preparing:
Checking:
/home/himanshu/simulations/test_13/output-0000-active
cn05
cn02
Simfactory Done at date: 0
Tue Mar  1 18:30:11 IST 2016
Tue Mar  1 18:30:11 IST 2016
Preparing:
Checking:
/home/himanshu/simulations/test_13/output-0000-active
cn05
Preparing:
Checking:
/home/himanshu/simulations/test_13/output-0000-active
cn05
Preparing:
Checking:
/home/himanshu/simulations/test_13/output-0000-active
cn05
Environment:
Tue Mar  1 18:30:11 IST 2016
Preparing:
Checking:
/home/himanshu/simulations/test_13/output-0000-active
cn05
Starting: ModernFamily
Environment:
Simfactory Done at date: 0
Tue Mar  1 18:30:11 IST 2016
Tue Mar  1 18:30:11 IST 2016
Tue Mar  1 18:30:11 IST 2016
Tue Mar  1 18:30:11 IST 2016
Simfactory Done at date: 0
Starting: ModernFamily
Starting: ModernFamily
Starting: ModernFamily
Simfactory Done at date: 0
Starting: ModernFamily
Tue Mar  1 18:30:11 IST 2016
Tue Mar  1 18:30:11 IST 2016
Tue Mar  1 18:30:11 IST 2016
Starting: ModernFamily
Simfactory Done at date: 0
Simfactory Done at date: 0
Environment:
Simfactory Done at date: 0
Tue Mar  1 18:30:11 IST 2016
Tue Mar  1 18:30:11 IST 2016
Environment:
Simfactory Done at date: 0
Simfactory Done at date: 0
Environment:
Starting: ModernFamily
Environment:
Environment:
Environment:
Environment:
Tue Mar  1 18:30:11 IST 2016
Simfactory Done at date: 0
Environment:
Environment:
Environment:
Starting: ModernFamily
Environment:
Starting: ModernFamily
Starting: ModernFamily
Tue Mar  1 18:30:12 IST 2016
Starting: ModernFamily
Simfactory Done at date: 0
Tue Mar  1 18:30:12 IST 2016
Tue Mar  1 18:30:12 IST 2016
Starting: ModernFamily
Starting: ModernFamily
Starting: ModernFamily
Simfactory Done at date: 0
Simfactory Done at date: 0
Starting: ModernFamily
Tue Mar  1 18:30:12 IST 2016
Starting: ModernFamily
Starting: ModernFamily
Simfactory Done at date: 0
Tue Mar  1 18:30:12 IST 2016
Tue Mar  1 18:30:12 IST 2016
Simfactory Done at date: 0
Tue Mar  1 18:30:12 IST 2016
Tue Mar  1 18:30:12 IST 2016
Tue Mar  1 18:30:12 IST 2016
Tue Mar  1 18:30:12 IST 2016
Simfactory Done at date: 0
Simfactory Done at date: 0
Simfactory Done at date: 0
Simfactory Done at date: 0
Simfactory Done at date: 0
