/panfs/ds08/sxs/rhaas/simulations/testsuite-wheeler-ET_vanilla-sim-procs000001/output-0000/TEST/sim/WaveMoL
Preparing:
+ set -e
+ cd output-0000-active
+ echo Checking:
Checking:
+ pwd
/panfs/ds08/sxs/rhaas/simulations/testsuite-wheeler-ET_vanilla-sim-procs000001/output-0000/TEST/sim/WaveMoL/output-0000-active
+ hostname
wheeler010
+ date
Fri Aug 10 19:16:41 PDT 2018
+ export SPACK_DIR=/home/eschnett/src/spack-view
+ SPACK_DIR=/home/eschnett/src/spack-view
+ echo '[BEGIN NODES]'
[BEGIN NODES]
+ echo wheeler010
wheeler010
+ hostfile=SIMFACTORY/NODES
+ sort
++ seq 1 12
+ for i in '$(seq 1 $SLURM_JOB_CPUS_PER_NODE)'
+ scontrol show hostnames wheeler010
+ for i in '$(seq 1 $SLURM_JOB_CPUS_PER_NODE)'
+ scontrol show hostnames wheeler010
+ for i in '$(seq 1 $SLURM_JOB_CPUS_PER_NODE)'
+ scontrol show hostnames wheeler010
+ for i in '$(seq 1 $SLURM_JOB_CPUS_PER_NODE)'
+ scontrol show hostnames wheeler010
+ for i in '$(seq 1 $SLURM_JOB_CPUS_PER_NODE)'
+ scontrol show hostnames wheeler010
+ for i in '$(seq 1 $SLURM_JOB_CPUS_PER_NODE)'
+ scontrol show hostnames wheeler010
+ for i in '$(seq 1 $SLURM_JOB_CPUS_PER_NODE)'
+ scontrol show hostnames wheeler010
+ for i in '$(seq 1 $SLURM_JOB_CPUS_PER_NODE)'
+ scontrol show hostnames wheeler010
+ for i in '$(seq 1 $SLURM_JOB_CPUS_PER_NODE)'
+ scontrol show hostnames wheeler010
+ for i in '$(seq 1 $SLURM_JOB_CPUS_PER_NODE)'
+ scontrol show hostnames wheeler010
+ for i in '$(seq 1 $SLURM_JOB_CPUS_PER_NODE)'
+ scontrol show hostnames wheeler010
+ for i in '$(seq 1 $SLURM_JOB_CPUS_PER_NODE)'
+ scontrol show hostnames wheeler010
+ echo '[END NODES]'
[END NODES]
+ echo '[BEGIN IFCONFIG]'
[BEGIN IFCONFIG]
+ /sbin/ifconfig
Infiniband hardware address can be incorrect! Please read BUGS section in ifconfig(8).
eno1: flags=4163<UP,BROADCAST,RUNNING,MULTICAST>  mtu 1500
        inet 172.18.20.10  netmask 255.240.0.0  broadcast 172.31.255.255
        inet6 fe80::42f2:e9ff:fec7:7080  prefixlen 64  scopeid 0x20<link>
        ether 40:f2:e9:c7:70:80  txqueuelen 1000  (Ethernet)
        RX packets 41667208828  bytes 50823516388474 (46.2 TiB)
        RX errors 0  dropped 11  overruns 0  frame 0
        TX packets 41566086397  bytes 50898382854112 (46.2 TiB)
        TX errors 0  dropped 0 overruns 0  carrier 0  collisions 0
        device interrupt 16  

eno2: flags=4099<UP,BROADCAST,MULTICAST>  mtu 1500
        ether 40:f2:e9:c7:70:81  txqueuelen 1000  (Ethernet)
        RX packets 0  bytes 0 (0.0 B)
        RX errors 0  dropped 0  overruns 0  frame 0
        TX packets 0  bytes 0 (0.0 B)
        TX errors 0  dropped 0 overruns 0  carrier 0  collisions 0
        device interrupt 17  

ib0: flags=4163<UP,BROADCAST,RUNNING,MULTICAST>  mtu 2044
        inet 192.168.132.10  netmask 255.255.255.0  broadcast 192.168.132.255
        inet6 fe80::7efe:9003:a9:2041  prefixlen 64  scopeid 0x20<link>
        infiniband 80:00:02:08:FE:80:00:00:00:00:00:00:00:00:00:00:00:00:00:00  txqueuelen 256  (InfiniBand)
        RX packets 3442037683  bytes 4326667983457 (3.9 TiB)
        RX errors 0  dropped 3768  overruns 0  frame 0
        TX packets 1809791920  bytes 8703316378987 (7.9 TiB)
        TX errors 0  dropped 0 overruns 0  carrier 0  collisions 0

lo: flags=73<UP,LOOPBACK,RUNNING>  mtu 65536
        inet 127.0.0.1  netmask 255.0.0.0
        inet6 ::1  prefixlen 128  scopeid 0x10<host>
        loop  txqueuelen 0  (Local Loopback)
        RX packets 13734132  bytes 1910950079 (1.7 GiB)
        RX errors 0  dropped 0  overruns 0  frame 0
        TX packets 13734132  bytes 1910950079 (1.7 GiB)
        TX errors 0  dropped 0 overruns 0  carrier 0  collisions 0

virbr0: flags=4099<UP,BROADCAST,MULTICAST>  mtu 1500
        inet 192.168.122.1  netmask 255.255.255.0  broadcast 192.168.122.255
        ether 52:54:00:d5:eb:a4  txqueuelen 0  (Ethernet)
        RX packets 0  bytes 0 (0.0 B)
        RX errors 0  dropped 0  overruns 0  frame 0
        TX packets 0  bytes 0 (0.0 B)
        TX errors 0  dropped 0 overruns 0  carrier 0  collisions 0

+ echo '[END IFCONFIG]'
[END IFCONFIG]
+ echo 'Job setup:'
Job setup:
+ echo '   Allocated:'
   Allocated:
+ echo '      Nodes:                      1'
      Nodes:                      1
+ echo '      Cores per node:             24'
      Cores per node:             24
+ echo '   Running:'
   Running:
+ echo '      MPI processes:              1'
      MPI processes:              1
+ echo '      OpenMP threads per process: 12'
      OpenMP threads per process: 12
+ echo '      MPI processes per node:     1'
      MPI processes per node:     1
+ echo '      OpenMP threads per core:    1'
      OpenMP threads per core:    1
+ echo '      OpenMP threads per node:    12'
      OpenMP threads per node:    12
+ case 12 in
+ bind_to=socket
+ map_by=ppr:1:socket
+ nshep=1
+ nwork=12
+ echo Environment:
Environment:
+ export GMON_OUT_PREFIX=gmon.out
+ GMON_OUT_PREFIX=gmon.out
+ export OMP_NUM_THREADS=12
+ OMP_NUM_THREADS=12
+ export OMP_STACKSIZE=8192
+ OMP_STACKSIZE=8192
+ export OMP_MAX_TASKS=500
+ OMP_MAX_TASKS=500
+ export CXX_MAX_TASKS=500
+ CXX_MAX_TASKS=500
+ export PTHREAD_MAX_TASKS=500
+ PTHREAD_MAX_TASKS=500
+ export QTHREAD_NUM_SHEPHERDS=1
+ QTHREAD_NUM_SHEPHERDS=1
+ export QTHREAD_NUM_WORKERS_PER_SHEPHERD=12
+ QTHREAD_NUM_WORKERS_PER_SHEPHERD=12
+ export QTHREAD_STACK_SIZE=65536
+ QTHREAD_STACK_SIZE=65536
+ export QTHREAD_GUARD_PAGES=1
+ QTHREAD_GUARD_PAGES=1
+ export QTHREAD_INFO=1
+ QTHREAD_INFO=1
+ export FUNHPC_MAIN_EVERYWHERE=1
+ FUNHPC_MAIN_EVERYWHERE=1
+ export CACTUS_NUM_PROCS=1
+ CACTUS_NUM_PROCS=1
+ export CACTUS_NUM_THREADS=12
+ CACTUS_NUM_THREADS=12
+ export CACTUS_SET_THREAD_BINDINGS=1
+ CACTUS_SET_THREAD_BINDINGS=1
+ env
+ sort
+ /home/eschnett/src/spack-view/bin/ompi_info
                 Package: Open MPI eschnett@wheeler Distribution
                Open MPI: 3.0.1
  Open MPI repo revision: v3.0.1
   Open MPI release date: Mar 29, 2018
                Open RTE: 3.0.1
  Open RTE repo revision: v3.0.1
   Open RTE release date: Mar 29, 2018
                    OPAL: 3.0.1
      OPAL repo revision: v3.0.1
       OPAL release date: Mar 29, 2018
                 MPI API: 3.1.0
            Ident string: 3.0.1
                  Prefix: /home/eschnett/src/spack/opt/spack/linux-rhel7-x86_64/gcc-7.3.0-spack/openmpi-3.0.1-6lcorydh3sxme5eu3pculmgzo2nefolv
 Configured architecture: x86_64-unknown-linux-gnu
          Configure host: wheeler
           Configured by: eschnett
           Configured on: Thu Apr 26 14:04:25 PDT 2018
          Configure host: wheeler
  Configure command line: '--prefix=/home/eschnett/src/spack/opt/spack/linux-rhel7-x86_64/gcc-7.3.0-spack/openmpi-3.0.1-6lcorydh3sxme5eu3pculmgzo2nefolv' '--enable-shared' '--enable-static' '--enable-mpi-cxx' '--with-zlib=/home/eschnett/src/spack/opt/spack/linux-rhel7-x86_64/gcc-7.3.0-spack/zlib-1.2.11-nj6peug264gh574vki4v2us7d7csutqr' '--without-mxm' '--without-psm' '--without-psm2' '--without-pmi' '--with-pmix' '--with-rdma' '--without-verbs' '--without-ugni' '--without-alps' '--without-lsf' '--without-tm' '--without-slurm' '--without-sge' '--without-loadleveler' '--without-pmi' '--disable-memchecker' '--with-hwloc=/home/eschnett/src/spack/opt/spack/linux-rhel7-x86_64/gcc-7.3.0-spack/hwloc-1.11.9-zi2wymk5qt2ssxnwttzwmoarbv7ojrxb' '--disable-java' '--disable-mpi-java' '--enable-mpi-thread-multiple' '--without-cuda' '--without-ucx'
                Built by: eschnett
                Built on: Thu Apr 26 14:12:34 PDT 2018
              Built host: wheeler
              C bindings: yes
            C++ bindings: yes
             Fort mpif.h: yes (all)
            Fort use mpi: yes (full: ignore TKR)
       Fort use mpi size: deprecated-ompi-info-value
        Fort use mpi_f08: yes
 Fort mpi_f08 compliance: The mpi_f08 module is available, but due to limitations in the /home/eschnett/src/spack/lib/spack/env/gcc/gfortran compiler and/or Open MPI, does not support the following: array subsections, direct passthru (where possible) to underlying Open MPI's C functionality
  Fort mpi_f08 subarrays: no
           Java bindings: no
  Wrapper compiler rpath: runpath
              C compiler: /home/eschnett/src/spack/lib/spack/env/gcc/gcc
     C compiler absolute: 
  C compiler family name: GNU
      C compiler version: 7.3.0
            C++ compiler: /home/eschnett/src/spack/lib/spack/env/gcc/g++
   C++ compiler absolute: none
           Fort compiler: /home/eschnett/src/spack/lib/spack/env/gcc/gfortran
       Fort compiler abs: 
         Fort ignore TKR: yes (!GCC$ ATTRIBUTES NO_ARG_CHECK ::)
   Fort 08 assumed shape: yes
      Fort optional args: yes
          Fort INTERFACE: yes
    Fort ISO_FORTRAN_ENV: yes
       Fort STORAGE_SIZE: yes
      Fort BIND(C) (all): yes
      Fort ISO_C_BINDING: yes
 Fort SUBROUTINE BIND(C): yes
       Fort TYPE,BIND(C): yes
 Fort T,BIND(C,name="a"): yes
            Fort PRIVATE: yes
          Fort PROTECTED: yes
           Fort ABSTRACT: yes
       Fort ASYNCHRONOUS: yes
          Fort PROCEDURE: yes
         Fort USE...ONLY: yes
           Fort C_FUNLOC: yes
 Fort f08 using wrappers: yes
         Fort MPI_SIZEOF: yes
             C profiling: yes
           C++ profiling: yes
   Fort mpif.h profiling: yes
  Fort use mpi profiling: yes
   Fort use mpi_f08 prof: yes
          C++ exceptions: no
          Thread support: posix (MPI_THREAD_MULTIPLE: yes, OPAL support: yes, OMPI progress: no, ORTE progress: yes, Event lib: yes)
           Sparse Groups: no
  Internal debug support: no
  MPI interface warnings: yes
     MPI parameter check: runtime
Memory profiling support: no
Memory debugging support: no
              dl support: yes
   Heterogeneous support: no
 mpirun default --prefix: no
         MPI I/O support: yes
       MPI_WTIME support: native
     Symbol vis. support: yes
   Host topology support: yes
          MPI extensions: affinity, cuda
   FT Checkpoint support: no (checkpoint thread: no)
   C/R Enabled Debugging: no
  MPI_MAX_PROCESSOR_NAME: 256
    MPI_MAX_ERROR_STRING: 256
     MPI_MAX_OBJECT_NAME: 64
        MPI_MAX_INFO_KEY: 36
        MPI_MAX_INFO_VAL: 256
       MPI_MAX_PORT_NAME: 1024
  MPI_MAX_DATAREP_STRING: 128
           MCA allocator: basic (MCA v2.1.0, API v2.0.0, Component v3.0.1)
           MCA allocator: bucket (MCA v2.1.0, API v2.0.0, Component v3.0.1)
           MCA backtrace: execinfo (MCA v2.1.0, API v2.0.0, Component v3.0.1)
                 MCA btl: self (MCA v2.1.0, API v3.0.0, Component v3.0.1)
                 MCA btl: tcp (MCA v2.1.0, API v3.0.0, Component v3.0.1)
                 MCA btl: vader (MCA v2.1.0, API v3.0.0, Component v3.0.1)
            MCA compress: bzip (MCA v2.1.0, API v2.0.0, Component v3.0.1)
            MCA compress: gzip (MCA v2.1.0, API v2.0.0, Component v3.0.1)
                 MCA crs: none (MCA v2.1.0, API v2.0.0, Component v3.0.1)
                  MCA dl: dlopen (MCA v2.1.0, API v1.0.0, Component v3.0.1)
               MCA event: libevent2022 (MCA v2.1.0, API v2.0.0, Component v3.0.1)
               MCA hwloc: external (MCA v2.1.0, API v2.0.0, Component v3.0.1)
                  MCA if: linux_ipv6 (MCA v2.1.0, API v2.0.0, Component v3.0.1)
                  MCA if: posix_ipv4 (MCA v2.1.0, API v2.0.0, Component v3.0.1)
         MCA installdirs: env (MCA v2.1.0, API v2.0.0, Component v3.0.1)
         MCA installdirs: config (MCA v2.1.0, API v2.0.0, Component v3.0.1)
              MCA memory: patcher (MCA v2.1.0, API v2.0.0, Component v3.0.1)
               MCA mpool: hugepage (MCA v2.1.0, API v3.0.0, Component v3.0.1)
             MCA patcher: overwrite (MCA v2.1.0, API v1.0.0, Component v3.0.1)
                MCA pmix: isolated (MCA v2.1.0, API v2.0.0, Component v3.0.1)
                MCA pmix: pmix2x (MCA v2.1.0, API v2.0.0, Component v3.0.1)
               MCA pstat: linux (MCA v2.1.0, API v2.0.0, Component v3.0.1)
              MCA rcache: grdma (MCA v2.1.0, API v3.3.0, Component v3.0.1)
               MCA shmem: mmap (MCA v2.1.0, API v2.0.0, Component v3.0.1)
               MCA shmem: posix (MCA v2.1.0, API v2.0.0, Component v3.0.1)
               MCA shmem: sysv (MCA v2.1.0, API v2.0.0, Component v3.0.1)
               MCA timer: linux (MCA v2.1.0, API v2.0.0, Component v3.0.1)
                 MCA dfs: app (MCA v2.1.0, API v1.0.0, Component v3.0.1)
                 MCA dfs: orted (MCA v2.1.0, API v1.0.0, Component v3.0.1)
                 MCA dfs: test (MCA v2.1.0, API v1.0.0, Component v3.0.1)
              MCA errmgr: default_app (MCA v2.1.0, API v3.0.0, Component v3.0.1)
              MCA errmgr: default_hnp (MCA v2.1.0, API v3.0.0, Component v3.0.1)
              MCA errmgr: default_orted (MCA v2.1.0, API v3.0.0, Component v3.0.1)
              MCA errmgr: default_tool (MCA v2.1.0, API v3.0.0, Component v3.0.1)
              MCA errmgr: dvm (MCA v2.1.0, API v3.0.0, Component v3.0.1)
                 MCA ess: env (MCA v2.1.0, API v3.0.0, Component v3.0.1)
                 MCA ess: hnp (MCA v2.1.0, API v3.0.0, Component v3.0.1)
                 MCA ess: pmi (MCA v2.1.0, API v3.0.0, Component v3.0.1)
                 MCA ess: singleton (MCA v2.1.0, API v3.0.0, Component v3.0.1)
                 MCA ess: tool (MCA v2.1.0, API v3.0.0, Component v3.0.1)
               MCA filem: raw (MCA v2.1.0, API v2.0.0, Component v3.0.1)
             MCA grpcomm: direct (MCA v2.1.0, API v3.0.0, Component v3.0.1)
                 MCA iof: hnp (MCA v2.1.0, API v2.0.0, Component v3.0.1)
                 MCA iof: orted (MCA v2.1.0, API v2.0.0, Component v3.0.1)
                 MCA iof: tool (MCA v2.1.0, API v2.0.0, Component v3.0.1)
            MCA notifier: syslog (MCA v2.1.0, API v1.0.0, Component v3.0.1)
                MCA odls: default (MCA v2.1.0, API v2.0.0, Component v3.0.1)
                 MCA oob: tcp (MCA v2.1.0, API v2.0.0, Component v3.0.1)
                 MCA plm: isolated (MCA v2.1.0, API v2.0.0, Component v3.0.1)
                 MCA plm: rsh (MCA v2.1.0, API v2.0.0, Component v3.0.1)
                 MCA ras: simulator (MCA v2.1.0, API v2.0.0, Component v3.0.1)
               MCA rmaps: mindist (MCA v2.1.0, API v2.0.0, Component v3.0.1)
               MCA rmaps: ppr (MCA v2.1.0, API v2.0.0, Component v3.0.1)
               MCA rmaps: rank_file (MCA v2.1.0, API v2.0.0, Component v3.0.1)
               MCA rmaps: resilient (MCA v2.1.0, API v2.0.0, Component v3.0.1)
               MCA rmaps: round_robin (MCA v2.1.0, API v2.0.0, Component v3.0.1)
               MCA rmaps: seq (MCA v2.1.0, API v2.0.0, Component v3.0.1)
                 MCA rml: oob (MCA v2.1.0, API v3.0.0, Component v3.0.1)
              MCA routed: binomial (MCA v2.1.0, API v3.0.0, Component v3.0.1)
              MCA routed: debruijn (MCA v2.1.0, API v3.0.0, Component v3.0.1)
              MCA routed: direct (MCA v2.1.0, API v3.0.0, Component v3.0.1)
              MCA routed: radix (MCA v2.1.0, API v3.0.0, Component v3.0.1)
                 MCA rtc: hwloc (MCA v2.1.0, API v1.0.0, Component v3.0.1)
              MCA schizo: flux (MCA v2.1.0, API v1.0.0, Component v3.0.1)
              MCA schizo: ompi (MCA v2.1.0, API v1.0.0, Component v3.0.1)
              MCA schizo: orte (MCA v2.1.0, API v1.0.0, Component v3.0.1)
               MCA state: app (MCA v2.1.0, API v1.0.0, Component v3.0.1)
               MCA state: dvm (MCA v2.1.0, API v1.0.0, Component v3.0.1)
               MCA state: hnp (MCA v2.1.0, API v1.0.0, Component v3.0.1)
               MCA state: novm (MCA v2.1.0, API v1.0.0, Component v3.0.1)
               MCA state: orted (MCA v2.1.0, API v1.0.0, Component v3.0.1)
               MCA state: tool (MCA v2.1.0, API v1.0.0, Component v3.0.1)
                 MCA bml: r2 (MCA v2.1.0, API v2.0.0, Component v3.0.1)
                MCA coll: basic (MCA v2.1.0, API v2.0.0, Component v3.0.1)
                MCA coll: inter (MCA v2.1.0, API v2.0.0, Component v3.0.1)
                MCA coll: libnbc (MCA v2.1.0, API v2.0.0, Component v3.0.1)
                MCA coll: self (MCA v2.1.0, API v2.0.0, Component v3.0.1)
                MCA coll: sm (MCA v2.1.0, API v2.0.0, Component v3.0.1)
                MCA coll: sync (MCA v2.1.0, API v2.0.0, Component v3.0.1)
                MCA coll: tuned (MCA v2.1.0, API v2.0.0, Component v3.0.1)
                MCA fbtl: posix (MCA v2.1.0, API v2.0.0, Component v3.0.1)
               MCA fcoll: dynamic (MCA v2.1.0, API v2.0.0, Component v3.0.1)
               MCA fcoll: dynamic_gen2 (MCA v2.1.0, API v2.0.0, Component v3.0.1)
               MCA fcoll: individual (MCA v2.1.0, API v2.0.0, Component v3.0.1)
               MCA fcoll: static (MCA v2.1.0, API v2.0.0, Component v3.0.1)
               MCA fcoll: two_phase (MCA v2.1.0, API v2.0.0, Component v3.0.1)
                  MCA fs: ufs (MCA v2.1.0, API v2.0.0, Component v3.0.1)
                  MCA io: ompio (MCA v2.1.0, API v2.0.0, Component v3.0.1)
                  MCA io: romio314 (MCA v2.1.0, API v2.0.0, Component v3.0.1)
                 MCA osc: sm (MCA v2.1.0, API v3.0.0, Component v3.0.1)
                 MCA osc: pt2pt (MCA v2.1.0, API v3.0.0, Component v3.0.1)
                 MCA osc: rdma (MCA v2.1.0, API v3.0.0, Component v3.0.1)
                 MCA pml: cm (MCA v2.1.0, API v2.0.0, Component v3.0.1)
                 MCA pml: monitoring (MCA v2.1.0, API v2.0.0, Component v3.0.1)
                 MCA pml: ob1 (MCA v2.1.0, API v2.0.0, Component v3.0.1)
                 MCA pml: v (MCA v2.1.0, API v2.0.0, Component v3.0.1)
                 MCA rte: orte (MCA v2.1.0, API v2.0.0, Component v3.0.1)
            MCA sharedfp: individual (MCA v2.1.0, API v2.0.0, Component v3.0.1)
            MCA sharedfp: lockedfile (MCA v2.1.0, API v2.0.0, Component v3.0.1)
            MCA sharedfp: sm (MCA v2.1.0, API v2.0.0, Component v3.0.1)
                MCA topo: basic (MCA v2.1.0, API v2.2.0, Component v3.0.1)
                MCA topo: treematch (MCA v2.1.0, API v2.2.0, Component v3.0.1)
           MCA vprotocol: pessimist (MCA v2.1.0, API v2.0.0, Component v3.0.1)
+ echo Starting:
Starting:
++ date +%s
+ export CACTUS_STARTTIME=1533953801
+ CACTUS_STARTTIME=1533953801
+ /home/eschnett/src/spack-view/bin/mpirun -np 1 --hostfile SIMFACTORY/NODES --mca btl self,vader,openib --map-by ppr:1:socket --display-map --bind-to socket --report-bindings -x OMP_NUM_THREADS -x OMP_STACKSIZE -x OMP_MAX_TASKS -x CXX_MAX_TASKS -x PTHREAD_MAX_TASKS -x QTHREAD_NUM_SHEPHERDS -x QTHREAD_NUM_WORKERS_PER_SHEPHERD -x QTHREAD_STACK_SIZE -x QTHREAD_GUARD_PAGES -x QTHREAD_INFO -x FUNHPC_MAIN_EVERYWHERE -x CACTUS_NUM_PROCS -x CACTUS_NUM_THREADS -x CACTUS_SET_THREAD_BINDINGS -x CACTUS_STARTTIME /panfs/ds08/sxs/rhaas/simulations/testsuite-wheeler-ET_vanilla-sim-procs000001/SIMFACTORY/exe/cactus_sim -L 3 /panfs/ds08/sxs/rhaas/simulations/testsuite-wheeler-ET_vanilla-sim-procs000001/output-0000/arrangements/CactusExamples/WaveMoL/test/gaussian.par
 Data for JOB [58644,1] offset 0 Total slots allocated 12

 ========================   JOB MAP   ========================

 Data for node: wheeler010	Num slots: 12	Max slots: 0	Num procs: 1
 	Process OMPI jobid: [58644,1] App: 0 Process rank: 0 Bound: socket 0[core 0[hwt 0]], socket 0[core 1[hwt 0]], socket 0[core 2[hwt 0]], socket 0[core 3[hwt 0]], socket 0[core 4[hwt 0]], socket 0[core 5[hwt 0]]:[B/B/B/B/B/B/./././././.][./././././././././././.]

 =============================================================
[wheeler010:25237] MCW rank 0 bound to socket 0[core 0[hwt 0]], socket 0[core 1[hwt 0]], socket 0[core 2[hwt 0]], socket 0[core 3[hwt 0]], socket 0[core 4[hwt 0]], socket 0[core 5[hwt 0]]: [B/B/B/B/B/B/./././././.][./././././././././././.]
--------------------------------------------------------------------------
A requested component was not found, or was unable to be opened.  This
means that this component is either not installed or is unable to be
used on your system (e.g., sometimes this means that shared libraries
that the component requires are unable to be found/loaded).  Note that
Open MPI stopped checking at the first component that it did not find.

Host:      wheeler010
Framework: btl
Component: openib
--------------------------------------------------------------------------
--------------------------------------------------------------------------
It looks like MPI_INIT failed for some reason; your parallel process is
likely to abort.  There are many reasons that a parallel process can
fail during MPI_INIT; some of which are due to configuration or environment
problems.  This failure appears to be an internal failure; here's some
additional information (which may only be relevant to an Open MPI
developer):

  mca_bml_base_open() failed
  --> Returned "Not found" (-13) instead of "Success" (0)
--------------------------------------------------------------------------
[wheeler010:25250] *** An error occurred in MPI_Init_thread
[wheeler010:25250] *** reported by process [3843293185,0]
[wheeler010:25250] *** on a NULL communicator
[wheeler010:25250] *** Unknown error
[wheeler010:25250] *** MPI_ERRORS_ARE_FATAL (processes in this communicator will now abort,
[wheeler010:25250] ***    and potentially your MPI job)
