Configuration base does not exist.
Setup configuration base (yes)?
Setting up new configuration base
Completely new cactus build.  Creating config database
Creating new configuration base.
Using configuration options from configure line
  Setting THORNLIST to 'thornlists/einsteintoolkit.th'
End of options from configure line
Adding configuration options from '../arch.cfg'...
  Setting OPTIMISE to 'yes'
  Setting WARN to 'yes'
  Setting DEBUG to 'no'
  Setting PROFILE to 'no'
  Setting OPENMP to 'yes'
  Setting CPP to 'cpp'
  Setting FPP to 'cpp'
  Setting CC to 'gcc'
  Setting CXX to 'g++'
  Setting F77 to 'gfortran'
  Setting F90 to 'gfortran'
  Setting CPPFLAGS to '-DMPICH_IGNORE_CXX_SEEK'
  Setting FPPFLAGS to '-traditional'
  Setting CFLAGS to '-g3 -march=native -std=gnu99'
  Setting CXXFLAGS to '-g3 -march=native -std=gnu++0x'
  Setting F77FLAGS to '-g3 -march=native -fcray-pointer -m128bit-long-double -ffixed-line-length-none -fno-range-check'
  Setting F90FLAGS to '-g3 -march=native -fcray-pointer -m128bit-long-double -ffixed-line-length-none -fno-range-check'
  Setting LDFLAGS to '-rdynamic'
  Setting CPP_OPTIMISE_FLAGS to '-DKRANC_VECTORS'
  Setting FPP_OPTIMISE_FLAGS to ''
  Setting C_OPTIMISE_FLAGS to '-Ofast'
  Setting CXX_OPTIMISE_FLAGS to '-Ofast'
  Setting F77_OPTIMISE_FLAGS to '-Ofast'
  Setting F90_OPTIMISE_FLAGS to '-Ofast'
  Setting CPP_WARN_FLAGS to '-Wall'
  Setting FPP_WARN_FLAGS to '-Wall'
  Setting C_WARN_FLAGS to '-Wall'
  Setting CXX_WARN_FLAGS to '-Wall'
  Setting F77_WARN_FLAGS to '-Wall'
  Setting F90_WARN_FLAGS to '-Wall'
  Setting CPP_DEBUG_FLAGS to '-DCARPET_DEBUG -fsanitize=undefined -fsanitize=thread'
  Setting FPP_DEBUG_FLAGS to '-DCARPET_DEBUG -fsanitize=undefined -fsanitize=thread'
  Setting C_DEBUG_FLAGS to '-O0            -fsanitize=undefined -fsanitize=thread'
  Setting CXX_DEBUG_FLAGS to '-O0            -fsanitize=undefined -fsanitize=thread'
  Setting F77_DEBUG_FLAGS to '-O0            -fsanitize=undefined -fsanitize=thread'
  Setting F90_DEBUG_FLAGS to '-O0            -fsanitize=undefined -fsanitize=thread'
  Setting CPP_PROFILE_FLAGS to ''
  Setting FPP_PROFILE_FLAGS to ''
  Setting C_PROFILE_FLAGS to '-pg'
  Setting CXX_PROFILE_FLAGS to '-pg'
  Setting F77_PROFILE_FLAGS to '-pg'
  Setting F90_PROFILE_FLAGS to '-pg'
  Setting CPP_OPENMP_FLAGS to '-fopenmp'
  Setting FPP_OPENMP_FLAGS to '-fopenmp'
  Setting C_OPENMP_FLAGS to '-fopenmp'
  Setting CXX_OPENMP_FLAGS to '-fopenmp'
  Setting F77_OPENMP_FLAGS to '-fopenmp'
  Setting F90_OPENMP_FLAGS to '-fopenmp'
  Setting LIBDIRS to ''
  Setting MPI_DIR to '/usr'
  Setting HDF5_DIR to '/usr'
  Setting PTHREADS_DIR to 'NO_BUILD'
  Setting LIBS to 'gfortran open-pal z'
  Setting C_LINE_DIRECTIVES to 'yes'
  Setting F_LINE_DIRECTIVES to 'yes'
End of options from '../arch.cfg'.
creating cache ./config.cache
checking host system type... x86_64-pc-linux-gnu
checking for mawk... no
checking for gawk... gawk
checking whether make sets ${MAKE}... yes
checking whether the C compiler (gcc -g3 -march=native -std=gnu99 -rdynamic) works... yes
checking whether the C compiler (gcc -g3 -march=native -std=gnu99 -rdynamic) is a cross-compiler... no
checking whether we are using GNU C... yes
checking whether the C++ compiler (g++ -g3 -march=native -std=gnu++0x -rdynamic) works... yes
checking whether the C++ compiler (g++ -g3 -march=native -std=gnu++0x -rdynamic) is a cross-compiler... no
checking whether we are using GNU C++... yes
checking for nvcc... no
checking for ranlib... ranlib
checking for perl... perl
checking for gtar... no
checking for tar... tar
checking for xargs... xargs
checking for gzip... gzip
checking for gpatch... no
checking for patch... patch
checking for git... git
checking for ar... ar
checking for mkdir... mkdir
checking for bash... /bin/sh
checking whether the Fortran compiler (gfortran -g3 -march=native -fcray-pointer -m128bit-long-double -ffixed-line-length-none -fno-range-check ) works... yes
checking whether the Fortran compiler (gfortran -g3 -march=native -fcray-pointer -m128bit-long-double -ffixed-line-length-none -fno-range-check ) is a cross-compiler... no
checking whether the Fortran compiler (gfortran -g3 -march=native -fcray-pointer -m128bit-long-double -ffixed-line-length-none -fno-range-check ) supports TYPE(*) for CCTK_PointerTo... yes
checking how to run the C preprocessor... cpp
checking for ANSI C header files... yes
checking for C99 features... yes
checking for M_PI... yes
checking for C strdup... yes
checking for C++ strdup... yes
checking whether byte ordering is bigendian... no
checking size of long long... 8
checking size of long int... 8
checking size of int... 4
checking size of short int... 2
checking size of long double... 16
checking size of double... 8
checking size of float... 4
checking size of char *... 8
checking for the null device... /dev/null
checking for gethostbyname... yes
checking whether mode_t is defined... yes
checking for availability of gettimeofday timing... yes
checking if gettimeofday needs timezone... yes
checking for availability of getrusage timing... yes
checking for availability of _ftime timing... no
checking for time.h... yes
checking for sys/time.h... yes
checking for sys/types.h... yes
checking for unistd.h... yes
checking for string.h... yes
checking for assert.h... yes
checking for tgmath.h... yes
checking for sys/stat.h... yes
checking for getopt.h... yes
checking for dirent.h... yes
checking for c_asm.h... no
checking for intrinsics.h... no
checking for mach/mach_time.h... no
checking for regex.h... yes
checking for sys/filio.h... no
checking for sys/ioctl.h... yes
checking for sys/socket.h... yes
checking for netinet/in.h... yes
checking for netdb.h... yes
checking for arpa/inet.h... yes
checking for winsock2.h... no
checking for crypt.h... yes
checking for signal.h... yes
checking for malloc.h... yes
checking for sched.h... yes
checking for execinfo.h... yes
checking whether time.h and sys/time.h may both be included... yes
checking whether socklen_t is defined... yes
checking whether SOCKET is defined... no
checking for hrtime_t... no
checking for gethrtime... no
checking for read_real_time... no
checking for time_base_to_time... no
checking for clock_gettime... yes
checking for mach_absolute_time... no
checking for _rtc intrinsic... no
checking for mallinfo... yes
checking for mallopt... yes
checking for malloc_info... yes
checking whether M_MMAP_THRESHOLD is defined... yes
checking for sched_getaffinity... yes
checking for getpid... yes
checking if __int64 is defined... no
checking if __int128 is defined... yes
checking for vector... yes
checking for vector.h... no
checking if Intel compiler has broken restrict... no
checking if compiler has broken omp collapse... no
checking for getopt_long_only... yes
checking for working const... yes
checking for C inline... inline
checking for C static inline... static inline
checking for C restrict... restrict
checking for C++ restrict... __restrict__
checking for C++ copysign... std::copysign
checking for C++ fpclassify... std::fpclassify
checking for C++ isfinite... std::isfinite
checking for C++ isinf... std::isinf
checking for C++ isnan... std::isnan
checking for C++ isnormal... std::isnormal
checking for C++ signbit... std::signbit
checking for C _Pragma... yes
checking for C function __attribute__((__const__))... yes
checking for C++ function __attribute__((__const__))... yes
checking for C++ member function __attribute__((__const__))... yes
checking for C function __attribute__((__pure__))... yes
checking for C++ function __attribute__((__pure__))... yes
checking for C++ member function __attribute__((__pure__))... yes
checking for C data __attribute__((__common__))... yes
checking for C+ data __attribute__((__common__))... yes
checking for C function __attribute__((__noinline__))... yes
checking for C++ function __attribute__((__noinline__))... yes
checking for C++ member function __attribute__((__noinline__))... yes
checking for C function __attribute__((__always_inline__))... yes
checking for C++ function __attribute__((__always_inline__))... yes
checking for C++ member function __attribute__((__always_inline__))... yes
checking for C __attribute__((__unused__))... yes
checking for C++ __attribute__((__unused__))... yes
checking for C __attribute__((__aligned__(...)))... yes
checking for C++ __attribute__((__aligned__(...)))... yes
checking for C __attribute__((__cold__))... yes
checking for C++ __attribute__((__cold__))... yes
checking for C __attribute__((__hot__))... yes
checking for C++ __attribute__((__hot__))... yes
checking for C __attribute__((__format__(printf, 1, 2)))... yes
checking for C++ __attribute__((__format__(printf, 1, 2)))... yes
checking for C __attribute__((__noreturn__))... yes
checking for C++ __attribute__((__noreturn__))... yes
checking for C __attribute__((__nonnull__))... yes
checking for C++ __attribute__((__nonnull__))... yes
checking for C __attribute__((__returns_nonnull__))... yes
checking for C++ __attribute__((__returns_nonnull__))... yes
checking for C __builtin_expect... yes
checking for C++ __builtin_expect... yes
checking for C __builtin_trap... yes
checking for C++ __builtin_trap... yes
checking for C __builtin_unreachable... yes
checking for C++ __builtin_unreachable... yes
checking for C __builtin_assume_aligned... yes
checking for C++ __builtin_assume_aligned... yes
checking for C++ static_assert... yes
checking for C++ auto specifier... yes
checking for C++ lambda expressions... yes
checking for C++ range-based for statements... yes
checking for Fortran REAL*4... yes
checking for Fortran REAL*8... yes
checking for Fortran REAL*16... yes
checking for Fortran COMPLEX*8... yes
checking for Fortran COMPLEX*16... yes
checking for Fortran COMPLEX*32... yes
checking for cxxabi.h... yes
checking for __cxa_demangle... yes
checking for Dl_info.dli_sname... yes
checking for dladdr... yes
checking for backtrace... yes
checking for backtrace_symbols... yes
checking for crypt... no
checking for crypt in library crypt... yes
checking for finite in header math.h and library m... yes
checking for copysign in header math.h and library m... yes
checking for fpclassify in header math.h and library m... yes
checking for isfinite in header math.h and library m... yes
checking for isinf in header math.h and library m... yes
checking for isnan in header math.h and library m... yes
checking for isnormal in header math.h and library m... yes
checking for signbit in header math.h and library m... yes
checking for mkstemp... yes
checking for va_copy... yes
checking whether linker supports --whole-archive... yes
checking whether linker supports -filelist... no
creating cctk_Archdefs.h
creating make.arch.defn
creating cctk_Extradefs.h
creating make.extra.defn
updating cache ./config.cache
creating ./config.status
creating make.config.defn
creating make.config.deps
creating make.config.rules
creating cctk_Config.h
Determining number of fortran underscores...
Compiling test file with gfortran -g3 -march=native -fcray-pointer -m128bit-long-double -ffixed-line-length-none -fno-range-check ...
Lowercase - One trailing underscore
Compiling test file with gfortran -g3 -march=native -fcray-pointer -m128bit-long-double -ffixed-line-length-none -fno-range-check ...
Lowercase - One trailing underscore
Use make base to build the configuration.
