/anvil/scratch/x-mrizzo/ettests_2proc_a2/output-0000/TEST/etnextall/TestOutput
Preparing:
+ set -e
+ cd output-0000-active
+ module list
++ /opt/lmod/lmod/libexec/lmod bash list

Currently Loaded Modules:
  1) xalt/2.10.45     (S)   7) gcc/11.2.0      13) boost/1.74.0
  2) modtree/cpu            8) numactl/2.0.14  14) papi/6.0.0.1
  3) libfabric/1.12.0       9) libszip/2.1.1   15) fftw/3.3.8
  4) gmp/6.2.1             10) openmpi/4.0.6   16) hdf5/1.10.7
  5) mpfr/4.0.2            11) gsl/2.4         17) openblas/0.3.17
  6) mpc/1.1.0             12) zlib/1.2.11     18) python/3.9.5

  Where:
   S:  Module is Sticky, requires --force to unload or purge

 

+ eval 'MODULEPATH=/opt/spack/cpu-20211007/openmpi/4.0.6-3navcwb/gcc/11.2.0:/opt/spack/cpu-20211007/gcc/11.2.0:/opt/spack/cpu/Core;' export 'MODULEPATH;' '_ModuleTable001_=X01vZHVsZVRhYmxlXyA9IHsKTVR2ZXJzaW9uID0gMywKY19yZWJ1aWxkVGltZSA9IGZhbHNlLApjX3Nob3J0VGltZSA9IGZhbHNlLApkZXB0aFQgPSB7fSwKZmFtaWx5ID0gewpjb21waWxlciA9ICJnY2MiLAptcGkgPSAib3Blbm1waSIsCnB5dGhvbiA9ICJweXRob24iLAp9LAptVCA9IHsKYm9vc3QgPSB7CmZuID0gIi9vcHQvc3BhY2svY3B1LTIwMjExMDA3L29wZW5tcGkvNC4wLjYtM25hdmN3Yi9nY2MvMTEuMi4wL2Jvb3N0LzEuNzQuMC5sdWEiLApmdWxsTmFtZSA9ICJib29zdC8xLjc0LjAiLApsb2FkT3JkZXIgPSAxMywKcHJvcFQgPSB7fSwKc3RhY2tEZXB0aCA9IDAsCnN0YXR1cyA9ICJhY3RpdmUiLAp1c2VyTmFtZSA9ICJib29zdC8xLjc0LjAiLAp3ViA9ICJeMDAw;' export '_ModuleTable001_;' '_ModuleTable002_=MDAwMDEuMDAwMDAwMDc0Lip6ZmluYWwiLAp9LApmZnR3ID0gewpmbiA9ICIvb3B0L3NwYWNrL2NwdS0yMDIxMTAwNy9vcGVubXBpLzQuMC42LTNuYXZjd2IvZ2NjLzExLjIuMC9mZnR3LzMuMy44Lmx1YSIsCmZ1bGxOYW1lID0gImZmdHcvMy4zLjgiLApsb2FkT3JkZXIgPSAxNSwKcHJvcFQgPSB7fSwKc3RhY2tEZXB0aCA9IDAsCnN0YXR1cyA9ICJhY3RpdmUiLAp1c2VyTmFtZSA9ICJmZnR3LzMuMy44IiwKd1YgPSAiXjAwMDAwMDAzLjAwMDAwMDAwMy4wMDAwMDAwMDguKnpmaW5hbCIsCn0sCmdjYyA9IHsKZm4gPSAiL29wdC9zcGFjay9jcHUvQ29yZS9nY2MvMTEuMi4wLmx1YSIsCmZ1bGxOYW1lID0gImdjYy8xMS4yLjAiLApsb2FkT3JkZXIgPSA3LApwcm9wVCA9IHt9LApz;' export '_ModuleTable002_;' '_ModuleTable003_=dGFja0RlcHRoID0gMCwKc3RhdHVzID0gImFjdGl2ZSIsCnVzZXJOYW1lID0gImdjYy8xMS4yLjAiLAp3ViA9ICJeMDAwMDAwMTEuMDAwMDAwMDAyLip6ZmluYWwiLAp9LApnbXAgPSB7CmZuID0gIi9vcHQvc3BhY2svY3B1LTIwMjExMDA3L2djYy8xMS4yLjAvZ21wLzYuMi4xLmx1YSIsCmZ1bGxOYW1lID0gImdtcC82LjIuMSIsCmxvYWRPcmRlciA9IDQsCnByb3BUID0ge30sCnJlZl9jb3VudCA9IDMsCnN0YWNrRGVwdGggPSAxLApzdGF0dXMgPSAiYWN0aXZlIiwKdXNlck5hbWUgPSAiZ21wLzYuMi4xIiwKd1YgPSAiMDAwMDAwMDA2LjAwMDAwMDAwMi4wMDAwMDAwMDEuKnpmaW5hbCIsCn0sCmdzbCA9IHsKZm4gPSAiL29wdC9zcGFjay9jcHUvQ29yZS9nc2wvMi40Lmx1YSIs;' export '_ModuleTable003_;' '_ModuleTable004_=CmZ1bGxOYW1lID0gImdzbC8yLjQiLApsb2FkT3JkZXIgPSAxMSwKcHJvcFQgPSB7fSwKc3RhY2tEZXB0aCA9IDAsCnN0YXR1cyA9ICJhY3RpdmUiLAp1c2VyTmFtZSA9ICJnc2wvMi40IiwKd1YgPSAiMDAwMDAwMDAyLjAwMDAwMDAwNC4qemZpbmFsIiwKfSwKaGRmNSA9IHsKZm4gPSAiL29wdC9zcGFjay9jcHUtMjAyMTEwMDcvb3Blbm1waS80LjAuNi0zbmF2Y3diL2djYy8xMS4yLjAvaGRmNS8xLjEwLjcubHVhIiwKZnVsbE5hbWUgPSAiaGRmNS8xLjEwLjciLApsb2FkT3JkZXIgPSAxNiwKcHJvcFQgPSB7fSwKc3RhY2tEZXB0aCA9IDAsCnN0YXR1cyA9ICJhY3RpdmUiLAp1c2VyTmFtZSA9ICJoZGY1LzEuMTAuNyIsCndWID0gIl4wMDAwMDAwMS4wMDAwMDAwMTAuMDAwMDAw;' export '_ModuleTable004_;' '_ModuleTable005_=MDA3Lip6ZmluYWwiLAp9LApsaWJmYWJyaWMgPSB7CmZuID0gIi9vcHQvc3BhY2svY3B1L0NvcmUvbGliZmFicmljLzEuMTIuMC5sdWEiLApmdWxsTmFtZSA9ICJsaWJmYWJyaWMvMS4xMi4wIiwKbG9hZE9yZGVyID0gMywKcHJvcFQgPSB7fSwKc3RhY2tEZXB0aCA9IDAsCnN0YXR1cyA9ICJhY3RpdmUiLAp1c2VyTmFtZSA9ICJsaWJmYWJyaWMvMS4xMi4wIiwKd1YgPSAiMDAwMDAwMDAxLjAwMDAwMDAxMi4qemZpbmFsIiwKfSwKbGlic3ppcCA9IHsKZm4gPSAiL29wdC9zcGFjay9jcHUtMjAyMTEwMDcvZ2NjLzExLjIuMC9saWJzemlwLzIuMS4xLmx1YSIsCmZ1bGxOYW1lID0gImxpYnN6aXAvMi4xLjEiLApsb2FkT3JkZXIgPSA5LApwcm9wVCA9IHt9LApzdGFja0RlcHRoID0g;' export '_ModuleTable005_;' '_ModuleTable006_=MCwKc3RhdHVzID0gImFjdGl2ZSIsCnVzZXJOYW1lID0gImxpYnN6aXAvMi4xLjEiLAp3ViA9ICIwMDAwMDAwMDIuMDAwMDAwMDAxLjAwMDAwMDAwMS4qemZpbmFsIiwKfSwKbW9kdHJlZSA9IHsKZm4gPSAiL29wdC9zcGFjay9jcHUvQ29yZS9tb2R0cmVlL2NwdS5sdWEiLApmdWxsTmFtZSA9ICJtb2R0cmVlL2NwdSIsCmxvYWRPcmRlciA9IDIsCnByb3BUID0ge30sCnN0YWNrRGVwdGggPSAwLApzdGF0dXMgPSAiYWN0aXZlIiwKdXNlck5hbWUgPSAibW9kdHJlZS9jcHUiLAp3ViA9ICIqY3B1Lip6ZmluYWwiLAp9LAptcGMgPSB7CmZuID0gIi9vcHQvc3BhY2svY3B1L0NvcmUvbXBjLzEuMS4wLmx1YSIsCmZ1bGxOYW1lID0gIm1wYy8xLjEuMCIsCmxvYWRPcmRlciA9IDYsCnBy;' export '_ModuleTable006_;' '_ModuleTable007_=b3BUID0ge30sCnJlZl9jb3VudCA9IDEsCnN0YWNrRGVwdGggPSAxLApzdGF0dXMgPSAiYWN0aXZlIiwKdXNlck5hbWUgPSAibXBjLzEuMS4wIiwKd1YgPSAiMDAwMDAwMDAxLjAwMDAwMDAwMS4qemZpbmFsIiwKfSwKbXBmciA9IHsKZm4gPSAiL29wdC9zcGFjay9jcHUtMjAyMTEwMDcvZ2NjLzExLjIuMC9tcGZyLzQuMC4yLmx1YSIsCmZ1bGxOYW1lID0gIm1wZnIvNC4wLjIiLApsb2FkT3JkZXIgPSA1LApwcm9wVCA9IHt9LApyZWZfY291bnQgPSAyLApzdGFja0RlcHRoID0gMiwKc3RhdHVzID0gImFjdGl2ZSIsCnVzZXJOYW1lID0gIm1wZnIvNC4wLjIiLAp3ViA9ICIwMDAwMDAwMDQuMDAwMDAwMDAwLjAwMDAwMDAwMi4qemZpbmFsIiwKfSwKbnVtYWN0bCA9IHsKZm4gPSAi;' export '_ModuleTable007_;' '_ModuleTable008_=L29wdC9zcGFjay9jcHUtMjAyMTEwMDcvZ2NjLzExLjIuMC9udW1hY3RsLzIuMC4xNC5sdWEiLApmdWxsTmFtZSA9ICJudW1hY3RsLzIuMC4xNCIsCmxvYWRPcmRlciA9IDgsCnByb3BUID0ge30sCnN0YWNrRGVwdGggPSAwLApzdGF0dXMgPSAiYWN0aXZlIiwKdXNlck5hbWUgPSAibnVtYWN0bC8yLjAuMTQiLAp3ViA9ICIwMDAwMDAwMDIuMDAwMDAwMDAwLjAwMDAwMDAxNC4qemZpbmFsIiwKfSwKb3BlbmJsYXMgPSB7CmZuID0gIi9vcHQvc3BhY2svY3B1LTIwMjExMDA3L2djYy8xMS4yLjAvb3BlbmJsYXMvMC4zLjE3Lmx1YSIsCmZ1bGxOYW1lID0gIm9wZW5ibGFzLzAuMy4xNyIsCmxvYWRPcmRlciA9IDE3LApwcm9wVCA9IHt9LApzdGFja0RlcHRoID0gMCwKc3RhdHVzID0g;' export '_ModuleTable008_;' '_ModuleTable009_=ImFjdGl2ZSIsCnVzZXJOYW1lID0gIm9wZW5ibGFzLzAuMy4xNyIsCndWID0gIl4wMDAwMDAwMC4wMDAwMDAwMDMuMDAwMDAwMDE3Lip6ZmluYWwiLAp9LApvcGVubXBpID0gewpmbiA9ICIvb3B0L3NwYWNrL2NwdS0yMDIxMTAwNy9nY2MvMTEuMi4wL29wZW5tcGkvNC4wLjYubHVhIiwKZnVsbE5hbWUgPSAib3Blbm1waS80LjAuNiIsCmxvYWRPcmRlciA9IDEwLApwcm9wVCA9IHt9LApzdGFja0RlcHRoID0gMCwKc3RhdHVzID0gImFjdGl2ZSIsCnVzZXJOYW1lID0gIm9wZW5tcGkvNC4wLjYiLAp3ViA9ICJeMDAwMDAwMDQuMDAwMDAwMDAwLjAwMDAwMDAwNi4qemZpbmFsIiwKfSwKcGFwaSA9IHsKZm4gPSAiL29wdC9zcGFjay9jcHUvQ29yZS9wYXBpLzYuMC4wLjEubHVhIiwK;' export '_ModuleTable009_;' '_ModuleTable010_=ZnVsbE5hbWUgPSAicGFwaS82LjAuMC4xIiwKbG9hZE9yZGVyID0gMTQsCnByb3BUID0ge30sCnN0YWNrRGVwdGggPSAwLApzdGF0dXMgPSAiYWN0aXZlIiwKdXNlck5hbWUgPSAicGFwaS82LjAuMC4xIiwKd1YgPSAiMDAwMDAwMDA2LjAwMDAwMDAwMC4wMDAwMDAwMDAuMDAwMDAwMDAxLip6ZmluYWwiLAp9LApweXRob24gPSB7CmZuID0gIi9vcHQvc3BhY2svY3B1LTIwMjExMDA3L2djYy8xMS4yLjAvcHl0aG9uLzMuOS41Lmx1YSIsCmZ1bGxOYW1lID0gInB5dGhvbi8zLjkuNSIsCmxvYWRPcmRlciA9IDE4LApwcm9wVCA9IHt9LApzdGFja0RlcHRoID0gMCwKc3RhdHVzID0gImFjdGl2ZSIsCnVzZXJOYW1lID0gInB5dGhvbi8zLjkuNSIsCndWID0gIjAwMDAwMDAwMy4wMDAw;' export '_ModuleTable010_;' '_ModuleTable011_=MDAwMDkuMDAwMDAwMDA1Lip6ZmluYWwiLAp9LAp4YWx0ID0gewpmbiA9ICIvb3B0L3NwYWNrL2NwdS9Db3JlL3hhbHQvMi4xMC40NS5sdWEiLApmdWxsTmFtZSA9ICJ4YWx0LzIuMTAuNDUiLApsb2FkT3JkZXIgPSAxLApwcm9wVCA9IHsKbG1vZCA9IHsKc3RpY2t5ID0gMSwKfSwKfSwKc3RhY2tEZXB0aCA9IDEsCnN0YXR1cyA9ICJhY3RpdmUiLAp1c2VyTmFtZSA9ICJ4YWx0IiwKd1YgPSAiMDAwMDAwMDAyLjAwMDAwMDAxMC4wMDAwMDAwNDUuKnpmaW5hbCIsCn0sCnpsaWIgPSB7CmZuID0gIi9vcHQvc3BhY2svY3B1LTIwMjExMDA3L2djYy8xMS4yLjAvemxpYi8xLjIuMTEubHVhIiwKZnVsbE5hbWUgPSAiemxpYi8xLjIuMTEiLApsb2FkT3JkZXIgPSAxMiwKcHJvcFQgPSB7;' export '_ModuleTable011_;' '_ModuleTable012_=fSwKc3RhY2tEZXB0aCA9IDAsCnN0YXR1cyA9ICJhY3RpdmUiLAp1c2VyTmFtZSA9ICJ6bGliLzEuMi4xMSIsCndWID0gIjAwMDAwMDAwMS4wMDAwMDAwMDIuMDAwMDAwMDExLip6ZmluYWwiLAp9LAp9LAptcGF0aEEgPSB7CiIvb3B0L3NwYWNrL2NwdS0yMDIxMTAwNy9vcGVubXBpLzQuMC42LTNuYXZjd2IvZ2NjLzExLjIuMCIKLCAiL29wdC9zcGFjay9jcHUtMjAyMTEwMDcvZ2NjLzExLjIuMCIsICIvb3B0L3NwYWNrL2NwdS9Db3JlIiwKfSwKc3lzdGVtQmFzZU1QQVRIID0gIi9vcHQvc3BhY2svY3B1L0NvcmUiLAp9Cg==;' export '_ModuleTable012_;' '_ModuleTable_Sz_=12;' export '_ModuleTable_Sz_;'
++ MODULEPATH=/opt/spack/cpu-20211007/openmpi/4.0.6-3navcwb/gcc/11.2.0:/opt/spack/cpu-20211007/gcc/11.2.0:/opt/spack/cpu/Core
++ export MODULEPATH
++ _ModuleTable001_=X01vZHVsZVRhYmxlXyA9IHsKTVR2ZXJzaW9uID0gMywKY19yZWJ1aWxkVGltZSA9IGZhbHNlLApjX3Nob3J0VGltZSA9IGZhbHNlLApkZXB0aFQgPSB7fSwKZmFtaWx5ID0gewpjb21waWxlciA9ICJnY2MiLAptcGkgPSAib3Blbm1waSIsCnB5dGhvbiA9ICJweXRob24iLAp9LAptVCA9IHsKYm9vc3QgPSB7CmZuID0gIi9vcHQvc3BhY2svY3B1LTIwMjExMDA3L29wZW5tcGkvNC4wLjYtM25hdmN3Yi9nY2MvMTEuMi4wL2Jvb3N0LzEuNzQuMC5sdWEiLApmdWxsTmFtZSA9ICJib29zdC8xLjc0LjAiLApsb2FkT3JkZXIgPSAxMywKcHJvcFQgPSB7fSwKc3RhY2tEZXB0aCA9IDAsCnN0YXR1cyA9ICJhY3RpdmUiLAp1c2VyTmFtZSA9ICJib29zdC8xLjc0LjAiLAp3ViA9ICJeMDAw
++ export _ModuleTable001_
++ _ModuleTable002_=MDAwMDEuMDAwMDAwMDc0Lip6ZmluYWwiLAp9LApmZnR3ID0gewpmbiA9ICIvb3B0L3NwYWNrL2NwdS0yMDIxMTAwNy9vcGVubXBpLzQuMC42LTNuYXZjd2IvZ2NjLzExLjIuMC9mZnR3LzMuMy44Lmx1YSIsCmZ1bGxOYW1lID0gImZmdHcvMy4zLjgiLApsb2FkT3JkZXIgPSAxNSwKcHJvcFQgPSB7fSwKc3RhY2tEZXB0aCA9IDAsCnN0YXR1cyA9ICJhY3RpdmUiLAp1c2VyTmFtZSA9ICJmZnR3LzMuMy44IiwKd1YgPSAiXjAwMDAwMDAzLjAwMDAwMDAwMy4wMDAwMDAwMDguKnpmaW5hbCIsCn0sCmdjYyA9IHsKZm4gPSAiL29wdC9zcGFjay9jcHUvQ29yZS9nY2MvMTEuMi4wLmx1YSIsCmZ1bGxOYW1lID0gImdjYy8xMS4yLjAiLApsb2FkT3JkZXIgPSA3LApwcm9wVCA9IHt9LApz
++ export _ModuleTable002_
++ _ModuleTable003_=dGFja0RlcHRoID0gMCwKc3RhdHVzID0gImFjdGl2ZSIsCnVzZXJOYW1lID0gImdjYy8xMS4yLjAiLAp3ViA9ICJeMDAwMDAwMTEuMDAwMDAwMDAyLip6ZmluYWwiLAp9LApnbXAgPSB7CmZuID0gIi9vcHQvc3BhY2svY3B1LTIwMjExMDA3L2djYy8xMS4yLjAvZ21wLzYuMi4xLmx1YSIsCmZ1bGxOYW1lID0gImdtcC82LjIuMSIsCmxvYWRPcmRlciA9IDQsCnByb3BUID0ge30sCnJlZl9jb3VudCA9IDMsCnN0YWNrRGVwdGggPSAxLApzdGF0dXMgPSAiYWN0aXZlIiwKdXNlck5hbWUgPSAiZ21wLzYuMi4xIiwKd1YgPSAiMDAwMDAwMDA2LjAwMDAwMDAwMi4wMDAwMDAwMDEuKnpmaW5hbCIsCn0sCmdzbCA9IHsKZm4gPSAiL29wdC9zcGFjay9jcHUvQ29yZS9nc2wvMi40Lmx1YSIs
++ export _ModuleTable003_
++ _ModuleTable004_=CmZ1bGxOYW1lID0gImdzbC8yLjQiLApsb2FkT3JkZXIgPSAxMSwKcHJvcFQgPSB7fSwKc3RhY2tEZXB0aCA9IDAsCnN0YXR1cyA9ICJhY3RpdmUiLAp1c2VyTmFtZSA9ICJnc2wvMi40IiwKd1YgPSAiMDAwMDAwMDAyLjAwMDAwMDAwNC4qemZpbmFsIiwKfSwKaGRmNSA9IHsKZm4gPSAiL29wdC9zcGFjay9jcHUtMjAyMTEwMDcvb3Blbm1waS80LjAuNi0zbmF2Y3diL2djYy8xMS4yLjAvaGRmNS8xLjEwLjcubHVhIiwKZnVsbE5hbWUgPSAiaGRmNS8xLjEwLjciLApsb2FkT3JkZXIgPSAxNiwKcHJvcFQgPSB7fSwKc3RhY2tEZXB0aCA9IDAsCnN0YXR1cyA9ICJhY3RpdmUiLAp1c2VyTmFtZSA9ICJoZGY1LzEuMTAuNyIsCndWID0gIl4wMDAwMDAwMS4wMDAwMDAwMTAuMDAwMDAw
++ export _ModuleTable004_
++ _ModuleTable005_=MDA3Lip6ZmluYWwiLAp9LApsaWJmYWJyaWMgPSB7CmZuID0gIi9vcHQvc3BhY2svY3B1L0NvcmUvbGliZmFicmljLzEuMTIuMC5sdWEiLApmdWxsTmFtZSA9ICJsaWJmYWJyaWMvMS4xMi4wIiwKbG9hZE9yZGVyID0gMywKcHJvcFQgPSB7fSwKc3RhY2tEZXB0aCA9IDAsCnN0YXR1cyA9ICJhY3RpdmUiLAp1c2VyTmFtZSA9ICJsaWJmYWJyaWMvMS4xMi4wIiwKd1YgPSAiMDAwMDAwMDAxLjAwMDAwMDAxMi4qemZpbmFsIiwKfSwKbGlic3ppcCA9IHsKZm4gPSAiL29wdC9zcGFjay9jcHUtMjAyMTEwMDcvZ2NjLzExLjIuMC9saWJzemlwLzIuMS4xLmx1YSIsCmZ1bGxOYW1lID0gImxpYnN6aXAvMi4xLjEiLApsb2FkT3JkZXIgPSA5LApwcm9wVCA9IHt9LApzdGFja0RlcHRoID0g
++ export _ModuleTable005_
++ _ModuleTable006_=MCwKc3RhdHVzID0gImFjdGl2ZSIsCnVzZXJOYW1lID0gImxpYnN6aXAvMi4xLjEiLAp3ViA9ICIwMDAwMDAwMDIuMDAwMDAwMDAxLjAwMDAwMDAwMS4qemZpbmFsIiwKfSwKbW9kdHJlZSA9IHsKZm4gPSAiL29wdC9zcGFjay9jcHUvQ29yZS9tb2R0cmVlL2NwdS5sdWEiLApmdWxsTmFtZSA9ICJtb2R0cmVlL2NwdSIsCmxvYWRPcmRlciA9IDIsCnByb3BUID0ge30sCnN0YWNrRGVwdGggPSAwLApzdGF0dXMgPSAiYWN0aXZlIiwKdXNlck5hbWUgPSAibW9kdHJlZS9jcHUiLAp3ViA9ICIqY3B1Lip6ZmluYWwiLAp9LAptcGMgPSB7CmZuID0gIi9vcHQvc3BhY2svY3B1L0NvcmUvbXBjLzEuMS4wLmx1YSIsCmZ1bGxOYW1lID0gIm1wYy8xLjEuMCIsCmxvYWRPcmRlciA9IDYsCnBy
++ export _ModuleTable006_
++ _ModuleTable007_=b3BUID0ge30sCnJlZl9jb3VudCA9IDEsCnN0YWNrRGVwdGggPSAxLApzdGF0dXMgPSAiYWN0aXZlIiwKdXNlck5hbWUgPSAibXBjLzEuMS4wIiwKd1YgPSAiMDAwMDAwMDAxLjAwMDAwMDAwMS4qemZpbmFsIiwKfSwKbXBmciA9IHsKZm4gPSAiL29wdC9zcGFjay9jcHUtMjAyMTEwMDcvZ2NjLzExLjIuMC9tcGZyLzQuMC4yLmx1YSIsCmZ1bGxOYW1lID0gIm1wZnIvNC4wLjIiLApsb2FkT3JkZXIgPSA1LApwcm9wVCA9IHt9LApyZWZfY291bnQgPSAyLApzdGFja0RlcHRoID0gMiwKc3RhdHVzID0gImFjdGl2ZSIsCnVzZXJOYW1lID0gIm1wZnIvNC4wLjIiLAp3ViA9ICIwMDAwMDAwMDQuMDAwMDAwMDAwLjAwMDAwMDAwMi4qemZpbmFsIiwKfSwKbnVtYWN0bCA9IHsKZm4gPSAi
++ export _ModuleTable007_
++ _ModuleTable008_=L29wdC9zcGFjay9jcHUtMjAyMTEwMDcvZ2NjLzExLjIuMC9udW1hY3RsLzIuMC4xNC5sdWEiLApmdWxsTmFtZSA9ICJudW1hY3RsLzIuMC4xNCIsCmxvYWRPcmRlciA9IDgsCnByb3BUID0ge30sCnN0YWNrRGVwdGggPSAwLApzdGF0dXMgPSAiYWN0aXZlIiwKdXNlck5hbWUgPSAibnVtYWN0bC8yLjAuMTQiLAp3ViA9ICIwMDAwMDAwMDIuMDAwMDAwMDAwLjAwMDAwMDAxNC4qemZpbmFsIiwKfSwKb3BlbmJsYXMgPSB7CmZuID0gIi9vcHQvc3BhY2svY3B1LTIwMjExMDA3L2djYy8xMS4yLjAvb3BlbmJsYXMvMC4zLjE3Lmx1YSIsCmZ1bGxOYW1lID0gIm9wZW5ibGFzLzAuMy4xNyIsCmxvYWRPcmRlciA9IDE3LApwcm9wVCA9IHt9LApzdGFja0RlcHRoID0gMCwKc3RhdHVzID0g
++ export _ModuleTable008_
++ _ModuleTable009_=ImFjdGl2ZSIsCnVzZXJOYW1lID0gIm9wZW5ibGFzLzAuMy4xNyIsCndWID0gIl4wMDAwMDAwMC4wMDAwMDAwMDMuMDAwMDAwMDE3Lip6ZmluYWwiLAp9LApvcGVubXBpID0gewpmbiA9ICIvb3B0L3NwYWNrL2NwdS0yMDIxMTAwNy9nY2MvMTEuMi4wL29wZW5tcGkvNC4wLjYubHVhIiwKZnVsbE5hbWUgPSAib3Blbm1waS80LjAuNiIsCmxvYWRPcmRlciA9IDEwLApwcm9wVCA9IHt9LApzdGFja0RlcHRoID0gMCwKc3RhdHVzID0gImFjdGl2ZSIsCnVzZXJOYW1lID0gIm9wZW5tcGkvNC4wLjYiLAp3ViA9ICJeMDAwMDAwMDQuMDAwMDAwMDAwLjAwMDAwMDAwNi4qemZpbmFsIiwKfSwKcGFwaSA9IHsKZm4gPSAiL29wdC9zcGFjay9jcHUvQ29yZS9wYXBpLzYuMC4wLjEubHVhIiwK
++ export _ModuleTable009_
++ _ModuleTable010_=ZnVsbE5hbWUgPSAicGFwaS82LjAuMC4xIiwKbG9hZE9yZGVyID0gMTQsCnByb3BUID0ge30sCnN0YWNrRGVwdGggPSAwLApzdGF0dXMgPSAiYWN0aXZlIiwKdXNlck5hbWUgPSAicGFwaS82LjAuMC4xIiwKd1YgPSAiMDAwMDAwMDA2LjAwMDAwMDAwMC4wMDAwMDAwMDAuMDAwMDAwMDAxLip6ZmluYWwiLAp9LApweXRob24gPSB7CmZuID0gIi9vcHQvc3BhY2svY3B1LTIwMjExMDA3L2djYy8xMS4yLjAvcHl0aG9uLzMuOS41Lmx1YSIsCmZ1bGxOYW1lID0gInB5dGhvbi8zLjkuNSIsCmxvYWRPcmRlciA9IDE4LApwcm9wVCA9IHt9LApzdGFja0RlcHRoID0gMCwKc3RhdHVzID0gImFjdGl2ZSIsCnVzZXJOYW1lID0gInB5dGhvbi8zLjkuNSIsCndWID0gIjAwMDAwMDAwMy4wMDAw
++ export _ModuleTable010_
++ _ModuleTable011_=MDAwMDkuMDAwMDAwMDA1Lip6ZmluYWwiLAp9LAp4YWx0ID0gewpmbiA9ICIvb3B0L3NwYWNrL2NwdS9Db3JlL3hhbHQvMi4xMC40NS5sdWEiLApmdWxsTmFtZSA9ICJ4YWx0LzIuMTAuNDUiLApsb2FkT3JkZXIgPSAxLApwcm9wVCA9IHsKbG1vZCA9IHsKc3RpY2t5ID0gMSwKfSwKfSwKc3RhY2tEZXB0aCA9IDEsCnN0YXR1cyA9ICJhY3RpdmUiLAp1c2VyTmFtZSA9ICJ4YWx0IiwKd1YgPSAiMDAwMDAwMDAyLjAwMDAwMDAxMC4wMDAwMDAwNDUuKnpmaW5hbCIsCn0sCnpsaWIgPSB7CmZuID0gIi9vcHQvc3BhY2svY3B1LTIwMjExMDA3L2djYy8xMS4yLjAvemxpYi8xLjIuMTEubHVhIiwKZnVsbE5hbWUgPSAiemxpYi8xLjIuMTEiLApsb2FkT3JkZXIgPSAxMiwKcHJvcFQgPSB7
++ export _ModuleTable011_
++ _ModuleTable012_=fSwKc3RhY2tEZXB0aCA9IDAsCnN0YXR1cyA9ICJhY3RpdmUiLAp1c2VyTmFtZSA9ICJ6bGliLzEuMi4xMSIsCndWID0gIjAwMDAwMDAwMS4wMDAwMDAwMDIuMDAwMDAwMDExLip6ZmluYWwiLAp9LAp9LAptcGF0aEEgPSB7CiIvb3B0L3NwYWNrL2NwdS0yMDIxMTAwNy9vcGVubXBpLzQuMC42LTNuYXZjd2IvZ2NjLzExLjIuMCIKLCAiL29wdC9zcGFjay9jcHUtMjAyMTEwMDcvZ2NjLzExLjIuMCIsICIvb3B0L3NwYWNrL2NwdS9Db3JlIiwKfSwKc3lzdGVtQmFzZU1QQVRIID0gIi9vcHQvc3BhY2svY3B1L0NvcmUiLAp9Cg==
++ export _ModuleTable012_
++ _ModuleTable_Sz_=12
++ export _ModuleTable_Sz_
++ : -s sh
+ eval
+ echo Checking:
Checking:
+ pwd
/anvil/scratch/x-mrizzo/ettests_2proc_a2/output-0000/TEST/etnextall/TestOutput/output-0000-active
+ hostname
a566.anvil.rcac.purdue.edu
+ date
Fri Nov  8 21:18:08 EST 2024
+ echo Environment:
Environment:
+ export CACTUS_NUM_PROCS=2
+ CACTUS_NUM_PROCS=2
+ export CACTUS_NUM_THREADS=64
+ CACTUS_NUM_THREADS=64
+ export CXX_MAX_TASKS=500
+ CXX_MAX_TASKS=500
+ export GMON_OUT_PREFIX=gmon.out
+ GMON_OUT_PREFIX=gmon.out
+ export OMP_MAX_TASKS=500
+ OMP_MAX_TASKS=500
+ export OMP_NUM_THREADS=64
+ OMP_NUM_THREADS=64
+ export OMP_STACKSIZE=8192
+ OMP_STACKSIZE=8192
+ export PTHREAD_MAX_TASKS=500
+ PTHREAD_MAX_TASKS=500
+ env
+ sort
+ echo a566
+ echo Starting:
Starting:
++ date +%s
+ export CACTUS_STARTTIME=1731118688
+ CACTUS_STARTTIME=1731118688
+ srun -n 2 /anvil/scratch/x-mrizzo/ettests_2proc_a2/SIMFACTORY/exe/cactus_etnextall -L 3 /anvil/scratch/x-mrizzo/ettests_2proc_a2/output-0000/arrangements/CarpetX/TestOutput/test/checkpoint-openpmd.par
INFO (Cactus): Increased logging level from 0 to 3
--------------------------------------------------------------------------------

       10                                  
  1   0101       ************************  
  01  1010 10      The Cactus Code V4.16.0    
 1010 1101 011      www.cactuscode.org     
  1001 100101    ************************  
    00010101                               
     100011     (c) Copyright The Authors  
      0100      GNU Licensed. No Warranty  
      0101                                 
--------------------------------------------------------------------------------

Cactus version:    4.16.0
Compile date:      Nov 08 2024 (16:46:42)
Run date:          Nov 08 2024 (21:18:08-0500)
Run host:          a566.anvil.rcac.purdue.edu (pid=2717460)
Working directory: /anvil/scratch/x-mrizzo/ettests_2proc_a2/output-0000/TEST/etnextall/TestOutput
Executable:        /anvil/scratch/x-mrizzo/ettests_2proc_a2/SIMFACTORY/exe/cactus_etnextall
Parameter file:    /anvil/scratch/x-mrizzo/ettests_2proc_a2/output-0000/arrangements/CarpetX/TestOutput/test/checkpoint-openpmd.par
--------------------------------------------------------------------------------

Activating thorn Cactus...Success -> active implementation Cactus
Activation requested for 
--->CarpetX IOUtil TestOutput<---
Thorn CarpetX requests automatic activation of AMReX
Thorn CarpetX requests automatic activation of MPI
Thorn CarpetX requests automatic activation of yaml_cpp
Thorn CarpetX requests automatic activation of zlib
Thorn CarpetX requests automatic activation of Arith
Thorn CarpetX requests automatic activation of CarpetXRegrid
Thorn CarpetX requests automatic activation of Loop
Thorn CarpetX requests automatic activation of ADIOS2
Thorn CarpetX requests automatic activation of openPMD
Thorn CarpetX requests automatic activation of Silo
Thorn Arith requests automatic activation of NSIMD
Thorn MPI requests automatic activation of hwloc
Thorn openPMD requests automatic activation of HDF5
Activating thorn ADIOS2...Success -> active implementation ADIOS2
Activating thorn AMReX...Success -> active implementation AMReX
Activating thorn Arith...Success -> active implementation Arith
Activating thorn CarpetX...Success -> active implementation Driver
Activating thorn CarpetXRegrid...Success -> active implementation CarpetXRegrid
Activating thorn HDF5...Success -> active implementation HDF5
Activating thorn hwloc...Success -> active implementation hwloc
Activating thorn IOUtil...Success -> active implementation IO
Activating thorn Loop...Success -> active implementation Loop
Activating thorn MPI...Success -> active implementation MPI
Activating thorn NSIMD...Success -> active implementation NSIMD
Activating thorn openPMD...Success -> active implementation openPMD
Activating thorn Silo...Success -> active implementation Silo
Activating thorn TestOutput...Success -> active implementation TestOutput
Activating thorn yaml_cpp...Success -> active implementation yaml_cpp
Activating thorn zlib...Success -> active implementation zlib
--------------------------------------------------------------------------------
  if (recover initial data)
    Recover parameters
  endif

  Startup routines
    [CCTK_STARTUP]
      CarpetX::Driver_Startup: Start up the driver
      IOUtil::IOUtil_Startup: Startup routine
      GROUP hwloc_startup: hwloc startup group
        hwloc::hwloc_version: Output hwloc version

  Startup routines which need an existing grid hierarchy
    [CCTK_WRAGH]
      Arith::Test_smallvector: [meta] Test small vectors
      Arith::Test_spvect: [meta] Test sparse vectors
  Parameter checking routines
    [CCTK_PARAMCHECK]

  Initialisation
    if (NOT (recover initial data AND recovery_mode is 'strict'))
      [CCTK_PREREGRIDINITIAL]
      Set up grid hierarchy
      [CCTK_POSTREGRIDINITIAL]
      [CCTK_BASEGRID]
        CarpetXRegrid::CarpetXRegrid_InitError: Initialize regridding error to zero
      [CCTK_INITIAL]
        TestOutput::TestOutput_SetVarsLocal: Set up local test variables
        TestOutput::TestOutput_SetVarsGlobal: [global] Set up global test variables
      [CCTK_POSTINITIAL]
      Initialise finer grids recursively
      Restrict from finer grids
      [CCTK_POSTRESTRICTINITIAL]
      [CCTK_POSTPOSTINITIAL]
      [CCTK_POSTSTEP]
    endif
    if (recover initial data)
      [CCTK_BASEGRID]
        CarpetXRegrid::CarpetXRegrid_InitError: Initialize regridding error to zero
      [CCTK_RECOVER_VARIABLES]
      [CCTK_POST_RECOVER_VARIABLES]
        TestOutput::TestOutput_Sync: [global] Synchronize local test variables
    endif
    if (checkpoint initial data)
      [CCTK_CPINITIAL]
        CarpetX::CarpetX_CheckpointInitial: [meta] Checkpoint initial conditions
    endif
    if (analysis)
      [CCTK_ANALYSIS]
  endif
  Output grid variables

  do loop over timesteps
    [CCTK_PREREGRID]
    Change grid hierarchy
    [CCTK_POSTREGRID]
    Rotate timelevels
    iteration = iteration+1
    t = t+dt
    [CCTK_PRESTEP]
    [CCTK_EVOL]
      TestOutput::TestOutput_UpdateVarsLocal: Update local test variables
      TestOutput::TestOutput_UpdateVarsGlobal: [global] Update global test variables
    Evolve finer grids recursively
    Restrict from finer grids
    [CCTK_POSTRESTRICT]
    [CCTK_POSTSTEP]
    if (checkpoint)
      [CCTK_CHECKPOINT]
      CarpetX::CarpetX_Checkpoint: [meta] Checkpoint
    endif
    if (analysis)
      [CCTK_ANALYSIS]
    endif
    Output grid variables
    enddo

  Termination routines
    [CCTK_TERMINATE]
      CarpetX::CarpetX_CheckpointTerminate: [meta] Checkpoint before terminating

  Shutdown routines
    [CCTK_SHUTDOWN]
      CarpetX::Driver_Shutdown: [meta] Shut down the driver

  Routines run after changing the grid hierarchy:
    [CCTK_POSTREGRID]
--------------------------------------------------------------------------------
WARNING[L1,P0] (hwloc): library version 2.0.4, build-time API version 0x20000, run-time API version 0x20500
INFO (hwloc): library version 2.0.4, API version 0x20000
--------------------------------------------------------------------------------

  [34m  ▕▏  [34m  ▕▏  [34m  ▕▏  [34m  ▕▏  [34m  ▕▏  [34m  ▕▏  [34m  ▕▏  [34m  ▕▏  [34m  ▕▏  [39m  
  [34m──██──[34m──██──[34m──██──[34m──██──[34m──██──[34m──██──[34m──██──[34m──██──[34m──██──[39m  
  [34m  ▕▏  [34m  ▕▏  [34m  ▕▏  [34m  ▕▏  [34m  ▕▏  [34m  ▕▏  [34m  ▕▏  [34m  ▕▏  [34m  ▕▏  [39m  
  [34m  ▕▏  [32m██████[34m  ▕▏  [34m  ▕▏  [32m██████[34m  ▕▏  [34m  ▕▏  [32m██████[34m  ▕▏  [39m  
  [34m──██──[32m██████[34m──██──[34m──██──[32m██████[34m──██──[34m──██──[32m██████[34m──██──[39m  
  [34m  ▕▏  [32m██████[34m  ▕▏  [34m  ▕▏  [32m██████[34m  ▕▏  [34m  ▕▏  [32m██████[34m  ▕▏  [39m  
  [34m  ▕▏  [34m  ▕▏  [34m  ▕▏  [34m  ▕▏  [34m  ▕▏  [34m  ▕▏  [34m  ▕▏  [34m  ▕▏  [34m  ▕▏  [39m  
  [34m──██──[34m──██──[34m──██──[34m──██──[34m──██──[34m──██──[34m──██──[34m──██──[34m──██──[39m  
  [34m  ▕▏  [34m  ▕▏  [34m  ▕▏  [34m  ▕▏  [34m  ▕▏  [34m  ▕▏  [34m  ▕▏  [34m  ▕▏  [34m  ▕▏  [39m  
  [34m  ▕▏  [34m  ▕▏  [34m  ▕▏  [31m██████[31m██████[31m██████[34m  ▕▏  [34m  ▕▏  [34m  ▕▏  [39m  
  [34m──██──[34m──██──[34m──██──[31m██████[31m██████[31m██████[34m──██──[34m──██──[34m──██──[39m  
  [34m  ▕▏  [34m  ▕▏  [34m  ▕▏  [31m██████[31m██████[31m██████[34m  ▕▏  [34m  ▕▏  [34m  ▕▏  [39m  
  [34m  ▕▏  [32m██████[34m  ▕▏  [31m██████[31m██████[31m██████[34m  ▕▏  [32m██████[34m  ▕▏  [39m  
  [34m──██──[32m██████[34m──██──[31m██████[31m██████[31m██████[34m──██──[32m██████[34m──██──[39m  
  [34m  ▕▏  [32m██████[34m  ▕▏  [31m██████[31m██████[31m██████[34m  ▕▏  [32m██████[34m  ▕▏  [39m  
  [34m  ▕▏  [34m  ▕▏  [34m  ▕▏  [31m██████[31m██████[31m██████[34m  ▕▏  [34m  ▕▏  [34m  ▕▏  [39m  
  [34m──██──[34m──██──[34m──██──[31m██████[31m██████[31m██████[34m──██──[34m──██──[34m──██──[39m  
  [34m  ▕▏  [34m  ▕▏  [34m  ▕▏  [31m██████[31m██████[31m██████[34m  ▕▏  [34m  ▕▏  [34m  ▕▏  [39m  
  [34m  ▕▏  [34m  ▕▏  [34m  ▕▏  [34m  ▕▏  [34m  ▕▏  [34m  ▕▏  [34m  ▕▏  [34m  ▕▏  [34m  ▕▏  [39m  
  [34m──██──[34m──██──[34m──██──[34m──██──[34m──██──[34m──██──[34m──██──[34m──██──[34m──██──[39m  
  [34m  ▕▏  [34m  ▕▏  [34m  ▕▏  [34m  ▕▏  [34m  ▕▏  [34m  ▕▏  [34m  ▕▏  [34m  ▕▏  [34m  ▕▏  [39m  
WARNING[L1,P0] (hwloc): library version 2.0.4, build-time API version 0x20000, run-time API version 0x20500
  [34m  ▕▏  [32m██████[34m  ▕▏  [34m  ▕▏  [32m██████[34m  ▕▏  [34m  ▕▏  [32m██████[34m  ▕▏  [39m  
WARNING[L1,P1] (hwloc): library version 2.0.4, build-time API version 0x20000, run-time API version 0x20500
  [34m──██──[32m██████[34m──██──[34m──██──[32m██████[34m──██──[34m──██──[32m██████[34m──██──[39m  
  [34m  ▕▏  [32m██████[34m  ▕▏  [34m  ▕▏  [32m██████[34m  ▕▏  [34m  ▕▏  [32m██████[34m  ▕▏  [39m  
  [34m  ▕▏  [34m  ▕▏  [34m  ▕▏  [34m  ▕▏  [34m  ▕▏  [34m  ▕▏  [34m  ▕▏  [34m  ▕▏  [34m  ▕▏  [39m  
  [34m──██──[34m──██──[34m──██──[34m──██──[34m──██──[34m──██──[34m──██──[34m──██──[34m──██──[39m  
  [34m  ▕▏  [34m  ▕▏  [34m  ▕▏  [34m  ▕▏  [34m  ▕▏  [34m  ▕▏  [34m  ▕▏  [34m  ▕▏  [34m  ▕▏  [39m  

AMR driver provided by CarpetX,
using AMReX 24.10 (MPI, OpenMP, no accelerators, debug)
--------------------------------------------------------------------------------

Initializing AMReX (24.10)...
MPI initialized with 2 MPI processes
MPI initialized with thread support level 2
OMP initialized with 64 OMP threads
AMReX (24.10) initialized
INFO (CarpetX): 
Symmetries:
  lower x: none
  lower y: none
  lower z: none
  upper x: none
  upper y: none
  upper z: none
Default boundaries:
  lower x: linear_extrapolation
  lower y: linear_extrapolation
  lower z: linear_extrapolation
  upper x: linear_extrapolation
  upper y: linear_extrapolation
  upper z: linear_extrapolation
INFO (Arith): Test_smallvector
INFO (Arith): Test_spvect
INFO (CarpetX): Setting initial values for max_grid_size values for all levels
INFO (CarpetX): Setting up initial conditions...
INFO (CarpetX): Iteration: 0   time: 0   delta_time: 0.5
INFO (CarpetX): Patch 0:
INFO (CarpetX):   Grid extent:
INFO (CarpetX):     gsh=[35,35,35]
INFO (CarpetX):     blocking_factor=[8,8,8]
INFO (CarpetX):     max_grid_size=[32,32,32]
INFO (CarpetX):     max_tile_size=[1024000,16,32]
INFO (CarpetX):   Domain extent:
INFO (CarpetX):     xmin=[0,0,0]
INFO (CarpetX):     xmax=[32,32,32]
INFO (CarpetX):     base dx=[1,1,1]
INFO (CarpetX): Initializing level 0...
INFO (CarpetX): Regridding...
INFO (CarpetX):   level 0: 2 boxes, 32768 cells (100%)
INFO (CarpetX): Initialized 1 levels
INFO (CarpetX): Checkpointing initial conditions at iteration 0, time 0.000000, run time 0.00 h
INFO (CarpetX): OutputOpenPMD...
INFO (CarpetX): Creating openPMD object...
INFO (CarpetX):   options: 
  {
    "adios2": {
      "dataset": {
        "operators": [
          {
            "type": "blosc",
            "parameters": {
              "clevel": "9",
              "doshuffle": "BLOSC_SHUFFLE"
            }
          }
        ]
      }
    }
  }

Warning: ADIOS2 backend does not support compression method blosc. Continuing without compression.
Original error: [1;36m[Fri Nov 08 21:18:08 2024][1;34m [ADIOS2 EXCEPTION][0m <Operator> <OperatorFactory> <MakeOperator> : ADIOS2 didn't compile with blosc library, operator not added[0m

Warning: ADIOS2 backend does not support compression method blosc. Continuing without compression.
Original error: [1;36m[Fri Nov 08 21:18:08 2024][1;34m [ADIOS2 EXCEPTION][0m <Operator> <OperatorFactory> <MakeOperator> : ADIOS2 didn't compile with blosc library, operator not added[0m

[a566:2717461] *** An error occurred in MPI_Win_allocate_shared
[a566:2717461] *** reported by process [4252828002,1]
[a566:2717461] *** on communicator MPI COMMUNICATOR 8 SPLIT FROM 6
[a566:2717461] *** MPI_ERR_INTERN: internal error
[a566:2717461] *** MPI_ERRORS_ARE_FATAL (processes in this communicator will now abort,
[a566:2717461] ***    and potentially your MPI job)
In: PMI_Abort(17, N/A)
slurmstepd: error: *** STEP 8387965.354 ON a566 CANCELLED AT 2024-11-08T21:18:08 ***
srun: Job step aborted: Waiting up to 32 seconds for job step to finish.
srun: error: a566: tasks 0-1: Killed

real	0m0.921s
user	0m0.008s
sys	0m0.017s
  Elapsed time: 1.0 s
