Configuration Script log for thorn: ADMMacros:
Configuration Script log for thorn: BLAS:
BLAS selected, but BLAS_DIR not set. Checking some places...
Found BLAS in /usr/lib
Configuration Script log for thorn: Boundary:
Configuration Script log for thorn: Carpet:
Configuration Script log for thorn: CarpetLib:
Configuration Script log for thorn: CartGrid3D:
Configuration Script log for thorn: CoordBase:
Configuration Script log for thorn: EOSG_Base:
Configuration Script log for thorn: EOSG_Polytrope:
Configuration Script log for thorn: EOS_Base:
Configuration Script log for thorn: EOS_Omni:
Configuration Script log for thorn: EOS_Polytrope:
Configuration Script log for thorn: EllBase:
Configuration Script log for thorn: Fortran:
Found a traditional Fortran cpp
Configuration Script log for thorn: GSL:
Configuration Script log for thorn: GenericFD:
Configuration Script log for thorn: HDF5:
Configuration Script log for thorn: HTTPD:
Configuration Script log for thorn: IOHDF5Util:
Configuration Script log for thorn: IOUtil:
Configuration Script log for thorn: LAPACK:
LAPACK selected, but LAPACK_DIR not set. Checking some places...
Found LAPACK in /usr/lib
Configuration Script log for thorn: LORENE:
LORENE selected, but LORENE_DIR not set.
Building LORENE...
Configuration Script log for thorn: LoopControl:
Configuration Script log for thorn: NaNChecker:
Configuration Script log for thorn: OpenSSL:
OpenSSL selected, but OPENSSL_DIR not set. Checking some places...
OpenSSL not found
Building OpenSSL...
Configuration Script log for thorn: PUGH:
Configuration Script log for thorn: Slab:
Configuration Script log for thorn: Socket:
Configuration Script log for thorn: SpaceMask:
Configuration Script log for thorn: TATelliptic:
Configuration Script log for thorn: TGRtensor:
Configuration Script log for thorn: TestFortranDependencies2:
Configuration Script log for thorn: libjpeg:
Building libjpeg...
