Using configuration: et-test-simfactory
Building et-test-simfactory
if test ! -f "/projects/bcvu/chcheng3/ETK_2025_05/Cactus/configs/et-test-simfactory/config-data/cctk_Config.h" ; then \
  	echo ________________________________________________________________________;\
  echo "Cactus - version: 4.18.0";\
          if test "x"yes"" = 'xno'; then\
            if (! CC="cc" ; export CC ; perl -s lib/make/setup_configuration.pl  et-test-simfactory) ; then \
              echo "" ;                                                        \
              echo "Error reconfiguring configuration et-test-simfactory" ;                    \
              rm -f "/projects/bcvu/chcheng3/ETK_2025_05/Cactus/configs/et-test-simfactory/config-data/cctk_Config.h" ;            \
              exit 2 ;                                                         \
            fi                                                                 \
          else                                                                 \
    echo "Error: Configuration et-test-simfactory is incomplete.";\
    echo "Please check the files in /projects/bcvu/chcheng3/ETK_2025_05/Cactus/configs/et-test-simfactory/config-data for error messages.";\
    echo "You can try again to configure using make et-test-simfactory-config";\
    echo "or delete this configuration with make et-test-simfactory-delete.";\
    	echo ________________________________________________________________________;\
    exit 1; \
          fi                                                                 \
fi
if (perl -e 'exit ((stat shift)[9] > (stat shift)[9])' /projects/bcvu/chcheng3/ETK_2025_05/Cactus/configs/et-test-simfactory/config-info /projects/bcvu/chcheng3/ETK_2025_05/Cactus/lib/make/force-reconfigure); then    \
  	echo ________________________________________________________________________;\
  echo "Cactus - version: 4.18.0";\
  echo "Error: Configuration et-test-simfactory is out of date.";\
  echo "  Please reconfigure your configuration by running the command"; \
          echo ;\
          echo "    make et-test-simfactory-reconfig"; \
          echo ;\
  echo "  (It is likely that recent changes to the flesh require this.)";\
  	echo ________________________________________________________________________;\
  exit 1;\
fi
if test "x0" = "x0" ; then \
  	echo ________________________________________________________________________;\
  echo "Cactus - version: 4.18.0"; \
  echo "Building configuration et-test-simfactory"; \
  	echo ________________________________________________________________________;\
fi
________________________________________________________________________
Cactus - version: 4.18.0
Building configuration et-test-simfactory
________________________________________________________________________
make -f /projects/bcvu/chcheng3/ETK_2025_05/Cactus/lib/make/make.configuration TOP=/projects/bcvu/chcheng3/ETK_2025_05/Cactus/configs/et-test-simfactory CCTK_HOME=/projects/bcvu/chcheng3/ETK_2025_05/Cactus  rebuild
make[1]: Entering directory '/projects/bcvu/chcheng3/ETK_2025_05/Cactus'
make[1]: Nothing to be done for 'rebuild'.
make[1]: Leaving directory '/projects/bcvu/chcheng3/ETK_2025_05/Cactus'
make -f /projects/bcvu/chcheng3/ETK_2025_05/Cactus/lib/make/make.configuration TOP=/projects/bcvu/chcheng3/ETK_2025_05/Cactus/configs/et-test-simfactory CCTK_HOME=/projects/bcvu/chcheng3/ETK_2025_05/Cactus 
make[1]: Entering directory '/projects/bcvu/chcheng3/ETK_2025_05/Cactus'
Checking status of thorn CMake
________________________________________________________________________
make[2]: Entering directory '/projects/bcvu/chcheng3/ETK_2025_05/Cactus/configs/et-test-simfactory/build/CMake'
if [ ! -d ./ ] ; then mkdir -p ./ ; fi
cd ./ ; make CCTK_TARGET=make.checked TOP=/projects/bcvu/chcheng3/ETK_2025_05/Cactus/configs/et-test-simfactory CONFIG=/projects/bcvu/chcheng3/ETK_2025_05/Cactus/configs/et-test-simfactory/config-data SRCDIR=/projects/bcvu/chcheng3/ETK_2025_05/Cactus/arrangements/ExternalLibraries/CMake/src THORN=CMake USESTHORNS="" -f /projects/bcvu/chcheng3/ETK_2025_05/Cactus/lib/make/make.subdir
make[3]: Entering directory '/projects/bcvu/chcheng3/ETK_2025_05/Cactus/configs/et-test-simfactory/build/CMake'
make[3]: 'make.checked' is up to date.
make[3]: Leaving directory '/projects/bcvu/chcheng3/ETK_2025_05/Cactus/configs/et-test-simfactory/build/CMake'
cd cctk_Bindings; make CCTK_TARGET=make.checked TOP=/projects/bcvu/chcheng3/ETK_2025_05/Cactus/configs/et-test-simfactory CONFIG=/projects/bcvu/chcheng3/ETK_2025_05/Cactus/configs/et-test-simfactory/config-data SRCDIR=/projects/bcvu/chcheng3/ETK_2025_05/Cactus/configs/et-test-simfactory/bindings/build/CMake THORN=CMake USESTHORNS="" -f /projects/bcvu/chcheng3/ETK_2025_05/Cactus/lib/make/make.subdir
make[3]: Entering directory '/projects/bcvu/chcheng3/ETK_2025_05/Cactus/configs/et-test-simfactory/build/CMake/cctk_Bindings'
make[3]: 'make.checked' is up to date.
make[3]: Leaving directory '/projects/bcvu/chcheng3/ETK_2025_05/Cactus/configs/et-test-simfactory/build/CMake/cctk_Bindings'
make[2]: Leaving directory '/projects/bcvu/chcheng3/ETK_2025_05/Cactus/configs/et-test-simfactory/build/CMake'
echo ________________________________________________________________________
________________________________________________________________________
Checking status of thorn zlib
________________________________________________________________________
make[2]: Entering directory '/projects/bcvu/chcheng3/ETK_2025_05/Cactus/configs/et-test-simfactory/build/zlib'
if [ ! -d ./ ] ; then mkdir -p ./ ; fi
cd ./ ; make CCTK_TARGET=make.checked TOP=/projects/bcvu/chcheng3/ETK_2025_05/Cactus/configs/et-test-simfactory CONFIG=/projects/bcvu/chcheng3/ETK_2025_05/Cactus/configs/et-test-simfactory/config-data SRCDIR=/projects/bcvu/chcheng3/ETK_2025_05/Cactus/arrangements/ExternalLibraries/zlib/src THORN=zlib USESTHORNS="" -f /projects/bcvu/chcheng3/ETK_2025_05/Cactus/lib/make/make.subdir
make[3]: Entering directory '/projects/bcvu/chcheng3/ETK_2025_05/Cactus/configs/et-test-simfactory/build/zlib'
make[3]: 'make.checked' is up to date.
make[3]: Leaving directory '/projects/bcvu/chcheng3/ETK_2025_05/Cactus/configs/et-test-simfactory/build/zlib'
cd cctk_Bindings; make CCTK_TARGET=make.checked TOP=/projects/bcvu/chcheng3/ETK_2025_05/Cactus/configs/et-test-simfactory CONFIG=/projects/bcvu/chcheng3/ETK_2025_05/Cactus/configs/et-test-simfactory/config-data SRCDIR=/projects/bcvu/chcheng3/ETK_2025_05/Cactus/configs/et-test-simfactory/bindings/build/zlib THORN=zlib USESTHORNS="" -f /projects/bcvu/chcheng3/ETK_2025_05/Cactus/lib/make/make.subdir
make[3]: Entering directory '/projects/bcvu/chcheng3/ETK_2025_05/Cactus/configs/et-test-simfactory/build/zlib/cctk_Bindings'
make[3]: 'make.checked' is up to date.
make[3]: Leaving directory '/projects/bcvu/chcheng3/ETK_2025_05/Cactus/configs/et-test-simfactory/build/zlib/cctk_Bindings'
make[2]: Leaving directory '/projects/bcvu/chcheng3/ETK_2025_05/Cactus/configs/et-test-simfactory/build/zlib'
echo ________________________________________________________________________
________________________________________________________________________
Checking status of thorn hwloc
________________________________________________________________________
make[2]: Entering directory '/projects/bcvu/chcheng3/ETK_2025_05/Cactus/configs/et-test-simfactory/build/hwloc'
if [ ! -d ./ ] ; then mkdir -p ./ ; fi
cd ./ ; make CCTK_TARGET=make.checked TOP=/projects/bcvu/chcheng3/ETK_2025_05/Cactus/configs/et-test-simfactory CONFIG=/projects/bcvu/chcheng3/ETK_2025_05/Cactus/configs/et-test-simfactory/config-data SRCDIR=/projects/bcvu/chcheng3/ETK_2025_05/Cactus/arrangements/ExternalLibraries/hwloc/src THORN=hwloc USESTHORNS="zlib" -f /projects/bcvu/chcheng3/ETK_2025_05/Cactus/lib/make/make.subdir
make[3]: Entering directory '/projects/bcvu/chcheng3/ETK_2025_05/Cactus/configs/et-test-simfactory/build/hwloc'
make[3]: 'make.checked' is up to date.
make[3]: Leaving directory '/projects/bcvu/chcheng3/ETK_2025_05/Cactus/configs/et-test-simfactory/build/hwloc'
cd cctk_Bindings; make CCTK_TARGET=make.checked TOP=/projects/bcvu/chcheng3/ETK_2025_05/Cactus/configs/et-test-simfactory CONFIG=/projects/bcvu/chcheng3/ETK_2025_05/Cactus/configs/et-test-simfactory/config-data SRCDIR=/projects/bcvu/chcheng3/ETK_2025_05/Cactus/configs/et-test-simfactory/bindings/build/hwloc THORN=hwloc USESTHORNS="zlib" -f /projects/bcvu/chcheng3/ETK_2025_05/Cactus/lib/make/make.subdir
make[3]: Entering directory '/projects/bcvu/chcheng3/ETK_2025_05/Cactus/configs/et-test-simfactory/build/hwloc/cctk_Bindings'
make[3]: 'make.checked' is up to date.
make[3]: Leaving directory '/projects/bcvu/chcheng3/ETK_2025_05/Cactus/configs/et-test-simfactory/build/hwloc/cctk_Bindings'
make[2]: Leaving directory '/projects/bcvu/chcheng3/ETK_2025_05/Cactus/configs/et-test-simfactory/build/hwloc'
echo ________________________________________________________________________
________________________________________________________________________
Checking status of thorn MPI
________________________________________________________________________
make[2]: Entering directory '/projects/bcvu/chcheng3/ETK_2025_05/Cactus/configs/et-test-simfactory/build/MPI'
if [ ! -d ./ ] ; then mkdir -p ./ ; fi
cd ./ ; make CCTK_TARGET=make.checked TOP=/projects/bcvu/chcheng3/ETK_2025_05/Cactus/configs/et-test-simfactory CONFIG=/projects/bcvu/chcheng3/ETK_2025_05/Cactus/configs/et-test-simfactory/config-data SRCDIR=/projects/bcvu/chcheng3/ETK_2025_05/Cactus/arrangements/ExternalLibraries/MPI/src THORN=MPI USESTHORNS="hwloc" -f /projects/bcvu/chcheng3/ETK_2025_05/Cactus/lib/make/make.subdir
make[3]: Entering directory '/projects/bcvu/chcheng3/ETK_2025_05/Cactus/configs/et-test-simfactory/build/MPI'
make[3]: 'make.checked' is up to date.
make[3]: Leaving directory '/projects/bcvu/chcheng3/ETK_2025_05/Cactus/configs/et-test-simfactory/build/MPI'
cd cctk_Bindings; make CCTK_TARGET=make.checked TOP=/projects/bcvu/chcheng3/ETK_2025_05/Cactus/configs/et-test-simfactory CONFIG=/projects/bcvu/chcheng3/ETK_2025_05/Cactus/configs/et-test-simfactory/config-data SRCDIR=/projects/bcvu/chcheng3/ETK_2025_05/Cactus/configs/et-test-simfactory/bindings/build/MPI THORN=MPI USESTHORNS="hwloc" -f /projects/bcvu/chcheng3/ETK_2025_05/Cactus/lib/make/make.subdir
make[3]: Entering directory '/projects/bcvu/chcheng3/ETK_2025_05/Cactus/configs/et-test-simfactory/build/MPI/cctk_Bindings'
make[3]: 'make.checked' is up to date.
make[3]: Leaving directory '/projects/bcvu/chcheng3/ETK_2025_05/Cactus/configs/et-test-simfactory/build/MPI/cctk_Bindings'
make[2]: Leaving directory '/projects/bcvu/chcheng3/ETK_2025_05/Cactus/configs/et-test-simfactory/build/MPI'
echo ________________________________________________________________________
________________________________________________________________________
Checking status of thorn ADIOS2
________________________________________________________________________
make[2]: Entering directory '/projects/bcvu/chcheng3/ETK_2025_05/Cactus/configs/et-test-simfactory/build/ADIOS2'
if [ ! -d ./ ] ; then mkdir -p ./ ; fi
cd ./ ; make CCTK_TARGET=make.checked TOP=/projects/bcvu/chcheng3/ETK_2025_05/Cactus/configs/et-test-simfactory CONFIG=/projects/bcvu/chcheng3/ETK_2025_05/Cactus/configs/et-test-simfactory/config-data SRCDIR=/projects/bcvu/chcheng3/ETK_2025_05/Cactus/arrangements/ExternalLibraries/ADIOS2/src THORN=ADIOS2 USESTHORNS="CMake MPI" -f /projects/bcvu/chcheng3/ETK_2025_05/Cactus/lib/make/make.subdir
make[3]: Entering directory '/projects/bcvu/chcheng3/ETK_2025_05/Cactus/configs/et-test-simfactory/build/ADIOS2'
/projects/bcvu/chcheng3/ETK_2025_05/Cactus/arrangements/ExternalLibraries/ADIOS2/src/build.sh
+ set -e
+ THORN=ADIOS2
+ NAME=ADIOS2-2.10.2
++ dirname /projects/bcvu/chcheng3/ETK_2025_05/Cactus/arrangements/ExternalLibraries/ADIOS2/src/build.sh
+ SRCDIR=/projects/bcvu/chcheng3/ETK_2025_05/Cactus/arrangements/ExternalLibraries/ADIOS2/src
+ BUILD_DIR=/projects/bcvu/chcheng3/ETK_2025_05/Cactus/configs/et-test-simfactory/scratch/build/ADIOS2
+ '[' -z '' ']'
+ INSTALL_DIR=/projects/bcvu/chcheng3/ETK_2025_05/Cactus/configs/et-test-simfactory/scratch/external/ADIOS2
+ DONE_FILE=/projects/bcvu/chcheng3/ETK_2025_05/Cactus/configs/et-test-simfactory/scratch/done/ADIOS2
+ ADIOS2_DIR=/projects/bcvu/chcheng3/ETK_2025_05/Cactus/configs/et-test-simfactory/scratch/external/ADIOS2
+ echo 'ADIOS2: Preparing directory structure...'
ADIOS2: Preparing directory structure...
+ cd /projects/bcvu/chcheng3/ETK_2025_05/Cactus/configs/et-test-simfactory/scratch
+ mkdir build external done
+ true
+ rm -rf /projects/bcvu/chcheng3/ETK_2025_05/Cactus/configs/et-test-simfactory/scratch/build/ADIOS2 /projects/bcvu/chcheng3/ETK_2025_05/Cactus/configs/et-test-simfactory/scratch/external/ADIOS2
+ mkdir /projects/bcvu/chcheng3/ETK_2025_05/Cactus/configs/et-test-simfactory/scratch/build/ADIOS2 /projects/bcvu/chcheng3/ETK_2025_05/Cactus/configs/et-test-simfactory/scratch/external/ADIOS2
+ echo 'ADIOS2: Unpacking archive...'
ADIOS2: Unpacking archive...
+ pushd /projects/bcvu/chcheng3/ETK_2025_05/Cactus/configs/et-test-simfactory/scratch/build/ADIOS2
/projects/bcvu/chcheng3/ETK_2025_05/Cactus/configs/et-test-simfactory/scratch/build/ADIOS2 /projects/bcvu/chcheng3/ETK_2025_05/Cactus/configs/et-test-simfactory/scratch
+ gtar xf /projects/bcvu/chcheng3/ETK_2025_05/Cactus/arrangements/ExternalLibraries/ADIOS2/src/../dist/ADIOS2-2.10.2.tar
+ cd ADIOS2-2.10.2
+ echo 'ADIOS2: Applying patches...'
ADIOS2: Applying patches...
+ patch -p1
patching file thirdparty/yaml-cpp/yaml-cpp/src/emitterutils.cpp
+ patch -p1
patching file .patch_tmp
+ '[' '!' -e .patch_tmp ']'
+ rm -f .patch_tmp
+ echo 'ADIOS2: Configuring...'
ADIOS2: Configuring...
+ '[' no = yes ']'
+ ADIOS2_BUILD_TYPE=Release
+ '[' -n 1 ']'
+ ADIOS2_USE_MPI=ON
+ ADIOS2_USE_BP5=no
+ mkdir build
+ cd build
+ /sw/rh9.4/spack/v1.0.0/sw/linux-x86_64_v2/cmake-3.31.8-vmqeaxt/bin/cmake -DADIOS2_USE_MPI=ON -DADIOS2_USE_HDF5=OFF -DCMAKE_INSTALL_PREFIX=/projects/bcvu/chcheng3/ETK_2025_05/Cactus/configs/et-test-simfactory/scratch/external/ADIOS2 -DCMAKE_INSTALL_LIBDIR=lib -DBUILD_TESTING=OFF -DADIOS2_BUILD_EXAMPLES=OFF -DADIOS2_USE_Campaign=OFF -DADIOS2_USE_Fortran=yes -DADIOS2_USE_Python=OFF -DADIOS2_USE_ZeroMQ=OFF -DADIOS2_USE_PNG=OFF -DADIOS2_USE_BZip2=OFF -DADIOS2_USE_SST=no -DADIOS2_USE_BP5=no -DADIOS2_USE_CUDA= -DBUILD_SHARED_LIBS=OFF -DCMAKE_BUILD_TYPE=Release ..
Re-run cmake no build system arguments
-- The C compiler identification is GNU 13.3.1
-- The CXX compiler identification is GNU 13.3.1
-- Cray Programming Environment 2.7.34 C
-- Detecting C compiler ABI info
-- Detecting C compiler ABI info - done
-- Check for working C compiler: /opt/cray/pe/craype/2.7.34/bin/cc - skipped
-- Detecting C compile features
-- Detecting C compile features - done
-- Cray Programming Environment 2.7.34 CXX
-- Detecting CXX compiler ABI info
-- Detecting CXX compiler ABI info - done
-- Check for working CXX compiler: /opt/cray/pe/craype/2.7.34/bin/CC - skipped
-- Detecting CXX compile features
-- Detecting CXX compile features - done
-- Performing Test CMAKE_HAVE_LIBC_PTHREAD
-- Performing Test CMAKE_HAVE_LIBC_PTHREAD - Success
-- Found Threads: TRUE
-- Could NOT find ZFP (missing: ZFP_DIR)
-- Could NOT find SZ (missing: SZ_LIBRARY SZ_INCLUDE_DIR) 
-- Could NOT find mgard (missing: mgard_DIR)
-- The Fortran compiler identification is GNU 13.3.1
-- Cray Programming Environment 2.7.34 Fortran
-- Detecting Fortran compiler ABI info
-- Detecting Fortran compiler ABI info - done
-- Check for working Fortran compiler: /opt/cray/pe/craype/2.7.34/bin/ftn - skipped
-- Performing Test ADIOS2_HAVE_FORTRAN_F03_ARGS
-- Performing Test ADIOS2_HAVE_FORTRAN_F03_ARGS - Success
-- Performing Test ADIOS2_HAVE_FORTRAN_GNU_ARGS
-- Performing Test ADIOS2_HAVE_FORTRAN_GNU_ARGS - Success
-- Found MPI_C: /opt/cray/pe/craype/2.7.34/bin/cc (found version "3.1")
-- Found MPI_CXX: /opt/cray/pe/craype/2.7.34/bin/CC (found version "3.1")
-- Found MPI_Fortran: /opt/cray/pe/craype/2.7.34/bin/ftn (found version "3.1")
-- Found MPI: TRUE (found version "3.1") found components: C Fortran CXX
-- Found PkgConfig: /usr/bin/pkg-config (found version "1.7.3")
-- Checking for module 'dspaces'
--   Package 'dspaces', required by 'virtual:world', not found
-- Could NOT find DataSpaces (missing: DATASPACES_VERSION DATASPACES_INCLUDE_DIR DATASPACES_LIBRARIES) (Required is at least version "2.1.1")
-- Could NOT find IME (missing: IME_LIBRARY IME_INCLUDE_DIR) 
-- Could NOT find DAOS (missing: DAOS_LIBRARY DFS_LIBRARY DAOS_INCLUDE_DIR) 
-- Looking for shmget
-- Looking for shmget - found
-- Could NOT find Sodium (missing: sodium_LIBRARY_RELEASE sodium_LIBRARY_DEBUG sodium_INCLUDE_DIR) 
-- Performing Test ADIOS2_USE_Fortran_flag_argument_mismatch
-- Performing Test ADIOS2_USE_Fortran_flag_argument_mismatch - Success
-- Checking for O_DIRECT
-- Performing Test O_DIRECT_WORKS
-- Performing Test O_DIRECT_WORKS - Success

-- ADIOS2 ThirdParty: Configuring KWSys
-- Checking whether wstring is available
-- Checking whether wstring is available - yes
-- Checking whether C compiler has ptrdiff_t in stddef.h
-- Checking whether C compiler has ptrdiff_t in stddef.h - yes
-- Checking whether C compiler has ssize_t in unistd.h
-- Checking whether C compiler has ssize_t in unistd.h - yes
-- Checking whether CXX compiler has setenv
-- Checking whether CXX compiler has setenv - yes
-- Checking whether CXX compiler has unsetenv
-- Checking whether CXX compiler has unsetenv - yes
-- Checking whether CXX compiler has environ in stdlib.h
-- Checking whether CXX compiler has environ in stdlib.h - no
-- Checking whether CXX compiler has utimes
-- Checking whether CXX compiler has utimes - yes
-- Checking whether CXX compiler has utimensat
-- Checking whether CXX compiler has utimensat - yes
-- Checking whether CXX compiler struct stat has st_mtim member
-- Checking whether CXX compiler struct stat has st_mtim member - yes
-- Checking whether CXX compiler struct stat has st_mtimespec member
-- Checking whether CXX compiler struct stat has st_mtimespec member - no
-- Checking whether <ext/stdio_filebuf.h> is available
-- Checking whether <ext/stdio_filebuf.h> is available - yes

-- ADIOS2 ThirdParty: Configuring perfstubs

-- ADIOS2 ThirdParty: Configuring pugixml

-- ADIOS2 ThirdParty: Configuring nlohmann_json

-- ADIOS2 ThirdParty: Configuring yaml-cpp

-- ADIOS2 ThirdParty: Configuring atl
CMake Deprecation Warning at thirdparty/atl/atl/CMakeLists.txt:1 (cmake_minimum_required):
  Compatibility with CMake < 3.10 will be removed from a future version of
  CMake.

  Update the VERSION argument <min> value.  Or, use the <min>...<max> syntax
  to tell CMake that the project requires at least <min> but has been updated
  to work with policies introduced by <max> or earlier.


-- Looking for sys/types.h
-- Looking for sys/types.h - found
-- Looking for stdint.h
-- Looking for stdint.h - found
-- Looking for stddef.h
-- Looking for stddef.h - found
-- Check size of double
-- Check size of double - done
-- Check size of float
-- Check size of float - done
-- Check size of int
-- Check size of int - done
-- Check size of short
-- Check size of short - done
-- Looking for include file malloc.h
-- Looking for include file malloc.h - found
-- Looking for include file unistd.h
-- Looking for include file unistd.h - found
-- Looking for include file stdlib.h
-- Looking for include file stdlib.h - found
-- Looking for include file string.h
-- Looking for include file string.h - found
-- Looking for include file sys/time.h
-- Looking for include file sys/time.h - found
-- Looking for include file windows.h
-- Looking for include file windows.h - not found
-- Looking for fork
-- Looking for fork - found
-- Found atl: /projects/bcvu/chcheng3/ETK_2025_05/Cactus/configs/et-test-simfactory/scratch/build/ADIOS2/ADIOS2-2.10.2/build/thirdparty/atl/atl/atl-config.cmake (found version "2.2.1")

-- ADIOS2 ThirdParty: Configuring dill
CMake Deprecation Warning at thirdparty/dill/dill/CMakeLists.txt:1 (cmake_minimum_required):
  Compatibility with CMake < 3.10 will be removed from a future version of
  CMake.

  Update the VERSION argument <min> value.  Or, use the <min>...<max> syntax
  to tell CMake that the project requires at least <min> but has been updated
  to work with policies introduced by <max> or earlier.


-- Check size of void*
-- Check size of void* - done
-- Check size of long
-- Check size of long - done
-- DILL - Disabling emulation
-- Found Perl: /usr/bin/perl (found version "5.32.1")
-- base.ops argument is 
-- Looking for include file stdarg.h
-- Looking for include file stdarg.h - found
-- Looking for include file memory.h
-- Looking for include file memory.h - found
-- Looking for include file sys/mman.h
-- Looking for include file sys/mman.h - found
-- Looking for __clear_cache
-- Looking for __clear_cache - not found
-- Found dill: /projects/bcvu/chcheng3/ETK_2025_05/Cactus/configs/et-test-simfactory/scratch/build/ADIOS2/ADIOS2-2.10.2/build/thirdparty/dill/dill/dill-config.cmake (found version "3.0.0")

-- ADIOS2 ThirdParty: Configuring ffs
CMake Deprecation Warning at thirdparty/ffs/ffs/CMakeLists.txt:1 (cmake_minimum_required):
  Compatibility with CMake < 3.10 will be removed from a future version of
  CMake.

  Update the VERSION argument <min> value.  Or, use the <min>...<max> syntax
  to tell CMake that the project requires at least <min> but has been updated
  to work with policies introduced by <max> or earlier.


-- Check size of off_t
-- Check size of off_t - done
-- Check size of long double
-- Check size of long double - done
-- Check size of long long
-- Check size of long long - done
-- Check size of size_t
-- Check size of size_t - done
-- Looking for socket
-- Looking for socket - found
-- Found BISON: /usr/bin/bison (found version "3.7.4")
-- Found FLEX: /usr/bin/flex (found version "2.6.4")
-- Found dill: /projects/bcvu/chcheng3/ETK_2025_05/Cactus/configs/et-test-simfactory/scratch/build/ADIOS2/ADIOS2-2.10.2/build/thirdparty/dill/dill/dill-config.cmake (found suitable version "3.0.0", minimum required is "3.0.0")
-- Found atl: /projects/bcvu/chcheng3/ETK_2025_05/Cactus/configs/et-test-simfactory/scratch/build/ADIOS2/ADIOS2-2.10.2/build/thirdparty/atl/atl/atl-config.cmake (found suitable version "2.2.1", minimum required is "2.2.1")
-- Looking for netdb.h
-- Looking for netdb.h - found
-- Looking for netinet/in.h
-- Looking for netinet/in.h - found
-- Looking for sockLib.h
-- Looking for sockLib.h - not found
-- Looking for sys/select.h
-- Looking for sys/select.h - found
-- Looking for sys/socket.h
-- Looking for sys/socket.h - found
-- Looking for sys/times.h
-- Looking for sys/times.h - found
-- Looking for sys/uio.h
-- Looking for sys/uio.h - found
-- Looking for sys/un.h
-- Looking for sys/un.h - found
-- Looking for winsock.h
-- Looking for winsock.h - not found
-- Looking for strtof
-- Looking for strtof - found
-- Looking for strtod
-- Looking for strtod - found
-- Looking for strtold
-- Looking for strtold - found
-- Looking for getdomainname
-- Looking for getdomainname - found
-- Check size of struct iovec
-- Check size of struct iovec - done
-- Performing Test HAS_IOV_BASE_IOVEC
-- Performing Test HAS_IOV_BASE_IOVEC - Success
-- Found atl: /projects/bcvu/chcheng3/ETK_2025_05/Cactus/configs/et-test-simfactory/scratch/build/ADIOS2/ADIOS2-2.10.2/build/thirdparty/atl/atl/atl-config.cmake (found version "2.2.1")
-- Found dill: /projects/bcvu/chcheng3/ETK_2025_05/Cactus/configs/et-test-simfactory/scratch/build/ADIOS2/ADIOS2-2.10.2/build/thirdparty/dill/dill/dill-config.cmake (found version "3.0.0")
-- Found ffs: /projects/bcvu/chcheng3/ETK_2025_05/Cactus/configs/et-test-simfactory/scratch/build/ADIOS2/ADIOS2-2.10.2/build/thirdparty/ffs/ffs/ffs-config.cmake (found version "3.0.0")

-- ADIOS2 ThirdParty: Configuring enet
CMake Deprecation Warning at thirdparty/enet/enet/CMakeLists.txt:1 (cmake_minimum_required):
  Compatibility with CMake < 3.10 will be removed from a future version of
  CMake.

  Update the VERSION argument <min> value.  Or, use the <min>...<max> syntax
  to tell CMake that the project requires at least <min> but has been updated
  to work with policies introduced by <max> or earlier.


-- Looking for getaddrinfo
-- Looking for getaddrinfo - found
-- Looking for getnameinfo
-- Looking for getnameinfo - found
-- Looking for gethostbyaddr_r
-- Looking for gethostbyaddr_r - found
-- Looking for gethostbyname_r
-- Looking for gethostbyname_r - found
-- Looking for poll
-- Looking for poll - found
-- Looking for fcntl
-- Looking for fcntl - found
-- Looking for inet_pton
-- Looking for inet_pton - found
-- Looking for inet_ntop
-- Looking for inet_ntop - found
-- Performing Test HAS_MSGHDR_FLAGS
-- Performing Test HAS_MSGHDR_FLAGS - Success
-- Performing Test HAS_SOCKLEN_T
-- Performing Test HAS_SOCKLEN_T - Success
-- Could NOT find Doxygen (missing: DOXYGEN_EXECUTABLE) 
-- Found enet: /projects/bcvu/chcheng3/ETK_2025_05/Cactus/configs/et-test-simfactory/scratch/build/ADIOS2/ADIOS2-2.10.2/build/thirdparty/enet/enet/enet-config.cmake (found version "1.3.14")

-- ADIOS2 ThirdParty: Configuring EVPath
CMake Deprecation Warning at thirdparty/EVPath/EVPath/CMakeLists.txt:1 (cmake_minimum_required):
  Compatibility with CMake < 3.10 will be removed from a future version of
  CMake.

  Update the VERSION argument <min> value.  Or, use the <min>...<max> syntax
  to tell CMake that the project requires at least <min> but has been updated
  to work with policies introduced by <max> or earlier.


-- Performing Test HAVE_MATH
-- Performing Test HAVE_MATH - Success
-- Found atl: /projects/bcvu/chcheng3/ETK_2025_05/Cactus/configs/et-test-simfactory/scratch/build/ADIOS2/ADIOS2-2.10.2/build/thirdparty/atl/atl/atl-config.cmake (found suitable version "2.2.1", minimum required is "2.2.1")
-- Found ffs: /projects/bcvu/chcheng3/ETK_2025_05/Cactus/configs/et-test-simfactory/scratch/build/ADIOS2/ADIOS2-2.10.2/build/thirdparty/ffs/ffs/ffs-config.cmake (found suitable version "3.0.0", minimum required is "3.0.0")
-- Found dill: /projects/bcvu/chcheng3/ETK_2025_05/Cactus/configs/et-test-simfactory/scratch/build/ADIOS2/ADIOS2-2.10.2/build/thirdparty/dill/dill/dill-config.cmake (found suitable version "3.0.0", minimum required is "3.0.0")
-- Looking for clock_gettime
-- Looking for clock_gettime - found
-- Looking for sys/epoll.h
-- Looking for sys/epoll.h - found
CMake Warning (dev) at thirdparty/EVPath/EVPath/CMakeLists.txt:583 (add_custom_command):
  The following keywords are not supported when using
  add_custom_command(OUTPUT): SOURCE.

  Policy CMP0175 is not set: add_custom_command() rejects invalid arguments.
  Run "cmake --help-policy CMP0175" for policy details.  Use the cmake_policy
  command to set the policy and suppress this warning.
This warning is for project developers.  Use -Wno-dev to suppress it.

-- Looking for hostlib.h
-- Looking for hostlib.h - not found
-- Looking for sys/sockio.h
-- Looking for sys/sockio.h - not found
-- Looking for winsock2.h
-- Looking for winsock2.h - not found
-- Performing Test HAVE_FDS_BITS
-- Performing Test HAVE_FDS_BITS - Failed
-- Looking for writev
-- Looking for writev - found
-- Looking for uname
-- Looking for uname - found
-- Looking for getloadavg
-- Looking for getloadavg - found
-- Looking for gettimeofday
-- Looking for gettimeofday - found
-- Looking for getifaddrs
-- Looking for getifaddrs - found
-- Found enet: /projects/bcvu/chcheng3/ETK_2025_05/Cactus/configs/et-test-simfactory/scratch/build/ADIOS2/ADIOS2-2.10.2/build/thirdparty/enet/enet/enet-config.cmake (found suitable version "1.3.14", minimum required is "1.3.14")
-- Found EVPath: /projects/bcvu/chcheng3/ETK_2025_05/Cactus/configs/et-test-simfactory/scratch/build/ADIOS2/ADIOS2-2.10.2/build/thirdparty/EVPath/EVPath/EVPathConfigCommon.cmake (found version "4.5.0")

-- Detecting Fortran/C Interface
-- Detecting Fortran/C Interface - Found GLOBAL and MODULE mangling
-- Verifying Fortran/CXX Compiler Compatibility
-- Verifying Fortran/CXX Compiler Compatibility - Success
-- Performing Test ADIOS2_HAVE_FORTRAN_SUBMODULES
-- Performing Test ADIOS2_HAVE_FORTRAN_SUBMODULES - Success

ADIOS2 build configuration:
  ADIOS Version: 2.10.2
  C++ Compiler : GNU 13.3.1 CrayPrgEnv
    /opt/cray/pe/craype/2.7.34/bin/CC

  Fortran Compiler : GNU 13.3.1 CrayPrgEnv
    /opt/cray/pe/craype/2.7.34/bin/ftn

  Installation prefix: /projects/bcvu/chcheng3/ETK_2025_05/Cactus/configs/et-test-simfactory/scratch/external/ADIOS2
        bin: bin
        lib: lib
    include: include
      cmake: lib/cmake/adios2

  Features:
    Library Type: static (with PIC)
    Build Type:   Release
    Testing: OFF
    Examples: OFF
    Build Options:
      DataMan            : OFF
      DataSpaces         : OFF
      HDF5               : OFF
      HDF5_VOL           : OFF
      MHS                : ON
      SST                : OFF
      Fortran            : ON
      MPI                : ON
      Python             : OFF
      PIP                : OFF
      Blosc2             : OFF
      BZip2              : OFF
      LIBPRESSIO         : OFF
      MGARD              : OFF
      MGARD_MDR          : OFF
      PNG                : OFF
      SZ                 : OFF
      ZFP                : OFF
      DAOS               : OFF
      IME                : OFF
      O_DIRECT           : ON
      Sodium             : OFF
      Catalyst           : OFF
      SysVShMem          : ON
      UCX                : OFF
      ZeroMQ             : OFF
      Profiling          : OFF
      Endian_Reverse     : OFF
      Derived_Variable   : OFF
      AWSSDK             : OFF
      GPU_Support        : OFF
      CUDA               : OFF
      Kokkos             : OFF
      Kokkos_CUDA        : OFF
      Kokkos_HIP         : OFF
      Kokkos_SYCL        : OFF
      Campaign           : OFF
    Possible RDMA DataPlanes for SST: 
-- Configuring done (38.1s)
-- Generating done (1.8s)
CMake Warning:
  Manually-specified variables were not used by the project:

    ADIOS2_USE_BP5


-- Build files have been written to: /projects/bcvu/chcheng3/ETK_2025_05/Cactus/configs/et-test-simfactory/scratch/build/ADIOS2/ADIOS2-2.10.2/build
+ echo 'ADIOS2: Building...'
ADIOS2: Building...
+ make
make[4]: Entering directory '/projects/bcvu/chcheng3/ETK_2025_05/Cactus/configs/et-test-simfactory/scratch/build/ADIOS2/ADIOS2-2.10.2/build'
/sw/rh9.4/spack/v1.0.0/sw/linux-x86_64_v2/cmake-3.31.8-vmqeaxt/bin/cmake -S/projects/bcvu/chcheng3/ETK_2025_05/Cactus/configs/et-test-simfactory/scratch/build/ADIOS2/ADIOS2-2.10.2 -B/projects/bcvu/chcheng3/ETK_2025_05/Cactus/configs/et-test-simfactory/scratch/build/ADIOS2/ADIOS2-2.10.2/build --check-build-system CMakeFiles/Makefile.cmake 0
/sw/rh9.4/spack/v1.0.0/sw/linux-x86_64_v2/cmake-3.31.8-vmqeaxt/bin/cmake -E cmake_progress_start /projects/bcvu/chcheng3/ETK_2025_05/Cactus/configs/et-test-simfactory/scratch/build/ADIOS2/ADIOS2-2.10.2/build/CMakeFiles /projects/bcvu/chcheng3/ETK_2025_05/Cactus/configs/et-test-simfactory/scratch/build/ADIOS2/ADIOS2-2.10.2/build//CMakeFiles/progress.marks
make  -f CMakeFiles/Makefile2 all
make[5]: Entering directory '/projects/bcvu/chcheng3/ETK_2025_05/Cactus/configs/et-test-simfactory/scratch/build/ADIOS2/ADIOS2-2.10.2/build'
make  -f thirdparty/KWSys/adios2sys/CMakeFiles/adios2sys_objects.dir/build.make thirdparty/KWSys/adios2sys/CMakeFiles/adios2sys_objects.dir/depend
make[6]: Entering directory '/projects/bcvu/chcheng3/ETK_2025_05/Cactus/configs/et-test-simfactory/scratch/build/ADIOS2/ADIOS2-2.10.2/build'
cd /projects/bcvu/chcheng3/ETK_2025_05/Cactus/configs/et-test-simfactory/scratch/build/ADIOS2/ADIOS2-2.10.2/build && /sw/rh9.4/spack/v1.0.0/sw/linux-x86_64_v2/cmake-3.31.8-vmqeaxt/bin/cmake -E cmake_depends "Unix Makefiles" /projects/bcvu/chcheng3/ETK_2025_05/Cactus/configs/et-test-simfactory/scratch/build/ADIOS2/ADIOS2-2.10.2 /projects/bcvu/chcheng3/ETK_2025_05/Cactus/configs/et-test-simfactory/scratch/build/ADIOS2/ADIOS2-2.10.2/thirdparty/KWSys/adios2sys /projects/bcvu/chcheng3/ETK_2025_05/Cactus/configs/et-test-simfactory/scratch/build/ADIOS2/ADIOS2-2.10.2/build /projects/bcvu/chcheng3/ETK_2025_05/Cactus/configs/et-test-simfactory/scratch/build/ADIOS2/ADIOS2-2.10.2/build/thirdparty/KWSys/adios2sys /projects/bcvu/chcheng3/ETK_2025_05/Cactus/configs/et-test-simfactory/scratch/build/ADIOS2/ADIOS2-2.10.2/build/thirdparty/KWSys/adios2sys/CMakeFiles/adios2sys_objects.dir/DependInfo.cmake "--color="
make[6]: Leaving directory '/projects/bcvu/chcheng3/ETK_2025_05/Cactus/configs/et-test-simfactory/scratch/build/ADIOS2/ADIOS2-2.10.2/build'
make  -f thirdparty/KWSys/adios2sys/CMakeFiles/adios2sys_objects.dir/build.make thirdparty/KWSys/adios2sys/CMakeFiles/adios2sys_objects.dir/build
make[6]: Entering directory '/projects/bcvu/chcheng3/ETK_2025_05/Cactus/configs/et-test-simfactory/scratch/build/ADIOS2/ADIOS2-2.10.2/build'
[  0%] Building C object thirdparty/KWSys/adios2sys/CMakeFiles/adios2sys_objects.dir/EncodingC.c.o
cd /projects/bcvu/chcheng3/ETK_2025_05/Cactus/configs/et-test-simfactory/scratch/build/ADIOS2/ADIOS2-2.10.2/build/thirdparty/KWSys/adios2sys && /opt/cray/pe/craype/2.7.34/bin/cc -DKWSYS_NAMESPACE=adios2sys -DMPICH_SKIP_MPICXX -DOMPI_SKIP_MPICXX -DKWSYS_ENCODING_DEFAULT_CODEPAGE=CP_ACP -I/projects/bcvu/chcheng3/ETK_2025_05/Cactus/configs/et-test-simfactory/scratch/build/ADIOS2/ADIOS2-2.10.2/build/thirdparty/KWSys/adios2sys -pipe -g -m128bit-long-double -D_GNU_SOURCE -fomit-frame-pointer -O3 -fopenmp -w -O3 -DNDEBUG -std=gnu99 -fPIC -MD -MT thirdparty/KWSys/adios2sys/CMakeFiles/adios2sys_objects.dir/EncodingC.c.o -MF CMakeFiles/adios2sys_objects.dir/EncodingC.c.o.d -o CMakeFiles/adios2sys_objects.dir/EncodingC.c.o -c /projects/bcvu/chcheng3/ETK_2025_05/Cactus/configs/et-test-simfactory/scratch/build/ADIOS2/ADIOS2-2.10.2/thirdparty/KWSys/adios2sys/EncodingC.c
[  0%] Building CXX object thirdparty/KWSys/adios2sys/CMakeFiles/adios2sys_objects.dir/Directory.cxx.o
cd /projects/bcvu/chcheng3/ETK_2025_05/Cactus/configs/et-test-simfactory/scratch/build/ADIOS2/ADIOS2-2.10.2/build/thirdparty/KWSys/adios2sys && /opt/cray/pe/craype/2.7.34/bin/CC -DKWSYS_NAMESPACE=adios2sys -DMPICH_SKIP_MPICXX -DOMPI_SKIP_MPICXX -I/projects/bcvu/chcheng3/ETK_2025_05/Cactus/configs/et-test-simfactory/scratch/build/ADIOS2/ADIOS2-2.10.2/build/thirdparty/KWSys/adios2sys -pipe -g -m128bit-long-double -std=c++17 -D_GNU_SOURCE -fomit-frame-pointer -O3 -fopenmp -w -O3 -DNDEBUG -std=c++11 -fPIC -MD -MT thirdparty/KWSys/adios2sys/CMakeFiles/adios2sys_objects.dir/Directory.cxx.o -MF CMakeFiles/adios2sys_objects.dir/Directory.cxx.o.d -o CMakeFiles/adios2sys_objects.dir/Directory.cxx.o -c /projects/bcvu/chcheng3/ETK_2025_05/Cactus/configs/et-test-simfactory/scratch/build/ADIOS2/ADIOS2-2.10.2/thirdparty/KWSys/adios2sys/Directory.cxx
[  1%] Building CXX object thirdparty/KWSys/adios2sys/CMakeFiles/adios2sys_objects.dir/DynamicLoader.cxx.o
cd /projects/bcvu/chcheng3/ETK_2025_05/Cactus/configs/et-test-simfactory/scratch/build/ADIOS2/ADIOS2-2.10.2/build/thirdparty/KWSys/adios2sys && /opt/cray/pe/craype/2.7.34/bin/CC -DKWSYS_NAMESPACE=adios2sys -DMPICH_SKIP_MPICXX -DOMPI_SKIP_MPICXX -DKWSYS_SUPPORTS_SHARED_LIBS=1 -I/projects/bcvu/chcheng3/ETK_2025_05/Cactus/configs/et-test-simfactory/scratch/build/ADIOS2/ADIOS2-2.10.2/build/thirdparty/KWSys/adios2sys -pipe -g -m128bit-long-double -std=c++17 -D_GNU_SOURCE -fomit-frame-pointer -O3 -fopenmp -w -O3 -DNDEBUG -std=c++11 -fPIC -MD -MT thirdparty/KWSys/adios2sys/CMakeFiles/adios2sys_objects.dir/DynamicLoader.cxx.o -MF CMakeFiles/adios2sys_objects.dir/DynamicLoader.cxx.o.d -o CMakeFiles/adios2sys_objects.dir/DynamicLoader.cxx.o -c /projects/bcvu/chcheng3/ETK_2025_05/Cactus/configs/et-test-simfactory/scratch/build/ADIOS2/ADIOS2-2.10.2/thirdparty/KWSys/adios2sys/DynamicLoader.cxx
[  1%] Building CXX object thirdparty/KWSys/adios2sys/CMakeFiles/adios2sys_objects.dir/EncodingCXX.cxx.o
cd /projects/bcvu/chcheng3/ETK_2025_05/Cactus/configs/et-test-simfactory/scratch/build/ADIOS2/ADIOS2-2.10.2/build/thirdparty/KWSys/adios2sys && /opt/cray/pe/craype/2.7.34/bin/CC -DKWSYS_NAMESPACE=adios2sys -DMPICH_SKIP_MPICXX -DOMPI_SKIP_MPICXX -DKWSYS_ENCODING_DEFAULT_CODEPAGE=CP_ACP -I/projects/bcvu/chcheng3/ETK_2025_05/Cactus/configs/et-test-simfactory/scratch/build/ADIOS2/ADIOS2-2.10.2/build/thirdparty/KWSys/adios2sys -pipe -g -m128bit-long-double -std=c++17 -D_GNU_SOURCE -fomit-frame-pointer -O3 -fopenmp -w -O3 -DNDEBUG -std=c++11 -fPIC -MD -MT thirdparty/KWSys/adios2sys/CMakeFiles/adios2sys_objects.dir/EncodingCXX.cxx.o -MF CMakeFiles/adios2sys_objects.dir/EncodingCXX.cxx.o.d -o CMakeFiles/adios2sys_objects.dir/EncodingCXX.cxx.o -c /projects/bcvu/chcheng3/ETK_2025_05/Cactus/configs/et-test-simfactory/scratch/build/ADIOS2/ADIOS2-2.10.2/thirdparty/KWSys/adios2sys/EncodingCXX.cxx
[  1%] Building CXX object thirdparty/KWSys/adios2sys/CMakeFiles/adios2sys_objects.dir/RegularExpression.cxx.o
cd /projects/bcvu/chcheng3/ETK_2025_05/Cactus/configs/et-test-simfactory/scratch/build/ADIOS2/ADIOS2-2.10.2/build/thirdparty/KWSys/adios2sys && /opt/cray/pe/craype/2.7.34/bin/CC -DKWSYS_NAMESPACE=adios2sys -DMPICH_SKIP_MPICXX -DOMPI_SKIP_MPICXX -I/projects/bcvu/chcheng3/ETK_2025_05/Cactus/configs/et-test-simfactory/scratch/build/ADIOS2/ADIOS2-2.10.2/build/thirdparty/KWSys/adios2sys -pipe -g -m128bit-long-double -std=c++17 -D_GNU_SOURCE -fomit-frame-pointer -O3 -fopenmp -w -O3 -DNDEBUG -std=c++11 -fPIC -MD -MT thirdparty/KWSys/adios2sys/CMakeFiles/adios2sys_objects.dir/RegularExpression.cxx.o -MF CMakeFiles/adios2sys_objects.dir/RegularExpression.cxx.o.d -o CMakeFiles/adios2sys_objects.dir/RegularExpression.cxx.o -c /projects/bcvu/chcheng3/ETK_2025_05/Cactus/configs/et-test-simfactory/scratch/build/ADIOS2/ADIOS2-2.10.2/thirdparty/KWSys/adios2sys/RegularExpression.cxx
[  2%] Building CXX object thirdparty/KWSys/adios2sys/CMakeFiles/adios2sys_objects.dir/SystemTools.cxx.o
cd /projects/bcvu/chcheng3/ETK_2025_05/Cactus/configs/et-test-simfactory/scratch/build/ADIOS2/ADIOS2-2.10.2/build/thirdparty/KWSys/adios2sys && /opt/cray/pe/craype/2.7.34/bin/CC -DKWSYS_NAMESPACE=adios2sys -DMPICH_SKIP_MPICXX -DOMPI_SKIP_MPICXX -DKWSYS_CXX_HAS_ENVIRON_IN_STDLIB_H=0 -DKWSYS_CXX_HAS_SETENV=1 -DKWSYS_CXX_HAS_UNSETENV=1 -DKWSYS_CXX_HAS_UTIMENSAT=1 -DKWSYS_CXX_HAS_UTIMES=1 -DKWSYS_CXX_STAT_HAS_ST_MTIM=1 -DKWSYS_CXX_STAT_HAS_ST_MTIMESPEC=0 -I/projects/bcvu/chcheng3/ETK_2025_05/Cactus/configs/et-test-simfactory/scratch/build/ADIOS2/ADIOS2-2.10.2/build/thirdparty/KWSys/adios2sys -pipe -g -m128bit-long-double -std=c++17 -D_GNU_SOURCE -fomit-frame-pointer -O3 -fopenmp -w -O3 -DNDEBUG -std=c++11 -fPIC -MD -MT thirdparty/KWSys/adios2sys/CMakeFiles/adios2sys_objects.dir/SystemTools.cxx.o -MF CMakeFiles/adios2sys_objects.dir/SystemTools.cxx.o.d -o CMakeFiles/adios2sys_objects.dir/SystemTools.cxx.o -c /projects/bcvu/chcheng3/ETK_2025_05/Cactus/configs/et-test-simfactory/scratch/build/ADIOS2/ADIOS2-2.10.2/thirdparty/KWSys/adios2sys/SystemTools.cxx
[  2%] Building CXX object thirdparty/KWSys/adios2sys/CMakeFiles/adios2sys_objects.dir/CommandLineArguments.cxx.o
cd /projects/bcvu/chcheng3/ETK_2025_05/Cactus/configs/et-test-simfactory/scratch/build/ADIOS2/ADIOS2-2.10.2/build/thirdparty/KWSys/adios2sys && /opt/cray/pe/craype/2.7.34/bin/CC -DKWSYS_NAMESPACE=adios2sys -DMPICH_SKIP_MPICXX -DOMPI_SKIP_MPICXX -I/projects/bcvu/chcheng3/ETK_2025_05/Cactus/configs/et-test-simfactory/scratch/build/ADIOS2/ADIOS2-2.10.2/build/thirdparty/KWSys/adios2sys -pipe -g -m128bit-long-double -std=c++17 -D_GNU_SOURCE -fomit-frame-pointer -O3 -fopenmp -w -O3 -DNDEBUG -std=c++11 -fPIC -MD -MT thirdparty/KWSys/adios2sys/CMakeFiles/adios2sys_objects.dir/CommandLineArguments.cxx.o -MF CMakeFiles/adios2sys_objects.dir/CommandLineArguments.cxx.o.d -o CMakeFiles/adios2sys_objects.dir/CommandLineArguments.cxx.o -c /projects/bcvu/chcheng3/ETK_2025_05/Cactus/configs/et-test-simfactory/scratch/build/ADIOS2/ADIOS2-2.10.2/thirdparty/KWSys/adios2sys/CommandLineArguments.cxx
[  2%] Building CXX object thirdparty/KWSys/adios2sys/CMakeFiles/adios2sys_objects.dir/FStream.cxx.o
cd /projects/bcvu/chcheng3/ETK_2025_05/Cactus/configs/et-test-simfactory/scratch/build/ADIOS2/ADIOS2-2.10.2/build/thirdparty/KWSys/adios2sys && /opt/cray/pe/craype/2.7.34/bin/CC -DKWSYS_NAMESPACE=adios2sys -DMPICH_SKIP_MPICXX -DOMPI_SKIP_MPICXX -I/projects/bcvu/chcheng3/ETK_2025_05/Cactus/configs/et-test-simfactory/scratch/build/ADIOS2/ADIOS2-2.10.2/build/thirdparty/KWSys/adios2sys -pipe -g -m128bit-long-double -std=c++17 -D_GNU_SOURCE -fomit-frame-pointer -O3 -fopenmp -w -O3 -DNDEBUG -std=c++11 -fPIC -MD -MT thirdparty/KWSys/adios2sys/CMakeFiles/adios2sys_objects.dir/FStream.cxx.o -MF CMakeFiles/adios2sys_objects.dir/FStream.cxx.o.d -o CMakeFiles/adios2sys_objects.dir/FStream.cxx.o -c /projects/bcvu/chcheng3/ETK_2025_05/Cactus/configs/et-test-simfactory/scratch/build/ADIOS2/ADIOS2-2.10.2/thirdparty/KWSys/adios2sys/FStream.cxx
[  3%] Building CXX object thirdparty/KWSys/adios2sys/CMakeFiles/adios2sys_objects.dir/Status.cxx.o
cd /projects/bcvu/chcheng3/ETK_2025_05/Cactus/configs/et-test-simfactory/scratch/build/ADIOS2/ADIOS2-2.10.2/build/thirdparty/KWSys/adios2sys && /opt/cray/pe/craype/2.7.34/bin/CC -DKWSYS_NAMESPACE=adios2sys -DMPICH_SKIP_MPICXX -DOMPI_SKIP_MPICXX -I/projects/bcvu/chcheng3/ETK_2025_05/Cactus/configs/et-test-simfactory/scratch/build/ADIOS2/ADIOS2-2.10.2/build/thirdparty/KWSys/adios2sys -pipe -g -m128bit-long-double -std=c++17 -D_GNU_SOURCE -fomit-frame-pointer -O3 -fopenmp -w -O3 -DNDEBUG -std=c++11 -fPIC -MD -MT thirdparty/KWSys/adios2sys/CMakeFiles/adios2sys_objects.dir/Status.cxx.o -MF CMakeFiles/adios2sys_objects.dir/Status.cxx.o.d -o CMakeFiles/adios2sys_objects.dir/Status.cxx.o -c /projects/bcvu/chcheng3/ETK_2025_05/Cactus/configs/et-test-simfactory/scratch/build/ADIOS2/ADIOS2-2.10.2/thirdparty/KWSys/adios2sys/Status.cxx
make[6]: Leaving directory '/projects/bcvu/chcheng3/ETK_2025_05/Cactus/configs/et-test-simfactory/scratch/build/ADIOS2/ADIOS2-2.10.2/build'
[  3%] Built target adios2sys_objects
make  -f thirdparty/atl/atl/CMakeFiles/atl.dir/build.make thirdparty/atl/atl/CMakeFiles/atl.dir/depend
make[6]: Entering directory '/projects/bcvu/chcheng3/ETK_2025_05/Cactus/configs/et-test-simfactory/scratch/build/ADIOS2/ADIOS2-2.10.2/build'
cd /projects/bcvu/chcheng3/ETK_2025_05/Cactus/configs/et-test-simfactory/scratch/build/ADIOS2/ADIOS2-2.10.2/build && /sw/rh9.4/spack/v1.0.0/sw/linux-x86_64_v2/cmake-3.31.8-vmqeaxt/bin/cmake -E cmake_depends "Unix Makefiles" /projects/bcvu/chcheng3/ETK_2025_05/Cactus/configs/et-test-simfactory/scratch/build/ADIOS2/ADIOS2-2.10.2 /projects/bcvu/chcheng3/ETK_2025_05/Cactus/configs/et-test-simfactory/scratch/build/ADIOS2/ADIOS2-2.10.2/thirdparty/atl/atl /projects/bcvu/chcheng3/ETK_2025_05/Cactus/configs/et-test-simfactory/scratch/build/ADIOS2/ADIOS2-2.10.2/build /projects/bcvu/chcheng3/ETK_2025_05/Cactus/configs/et-test-simfactory/scratch/build/ADIOS2/ADIOS2-2.10.2/build/thirdparty/atl/atl /projects/bcvu/chcheng3/ETK_2025_05/Cactus/configs/et-test-simfactory/scratch/build/ADIOS2/ADIOS2-2.10.2/build/thirdparty/atl/atl/CMakeFiles/atl.dir/DependInfo.cmake "--color="
make[6]: Leaving directory '/projects/bcvu/chcheng3/ETK_2025_05/Cactus/configs/et-test-simfactory/scratch/build/ADIOS2/ADIOS2-2.10.2/build'
make  -f thirdparty/atl/atl/CMakeFiles/atl.dir/build.make thirdparty/atl/atl/CMakeFiles/atl.dir/build
make[6]: Entering directory '/projects/bcvu/chcheng3/ETK_2025_05/Cactus/configs/et-test-simfactory/scratch/build/ADIOS2/ADIOS2-2.10.2/build'
[  3%] Building C object thirdparty/atl/atl/CMakeFiles/atl.dir/atom.c.o
cd /projects/bcvu/chcheng3/ETK_2025_05/Cactus/configs/et-test-simfactory/scratch/build/ADIOS2/ADIOS2-2.10.2/build/thirdparty/atl/atl && /opt/cray/pe/craype/2.7.34/bin/cc -DMPICH_SKIP_MPICXX -DOMPI_SKIP_MPICXX -I/projects/bcvu/chcheng3/ETK_2025_05/Cactus/configs/et-test-simfactory/scratch/build/ADIOS2/ADIOS2-2.10.2/thirdparty/atl/atl -I/projects/bcvu/chcheng3/ETK_2025_05/Cactus/configs/et-test-simfactory/scratch/build/ADIOS2/ADIOS2-2.10.2/build/thirdparty/atl/atl -pipe -g -m128bit-long-double -D_GNU_SOURCE -fomit-frame-pointer -O3 -fopenmp -w -O3 -DNDEBUG -std=gnu99 -fPIC -MD -MT thirdparty/atl/atl/CMakeFiles/atl.dir/atom.c.o -MF CMakeFiles/atl.dir/atom.c.o.d -o CMakeFiles/atl.dir/atom.c.o -c /projects/bcvu/chcheng3/ETK_2025_05/Cactus/configs/et-test-simfactory/scratch/build/ADIOS2/ADIOS2-2.10.2/thirdparty/atl/atl/atom.c
[  3%] Building C object thirdparty/atl/atl/CMakeFiles/atl.dir/attr.c.o
cd /projects/bcvu/chcheng3/ETK_2025_05/Cactus/configs/et-test-simfactory/scratch/build/ADIOS2/ADIOS2-2.10.2/build/thirdparty/atl/atl && /opt/cray/pe/craype/2.7.34/bin/cc -DMPICH_SKIP_MPICXX -DOMPI_SKIP_MPICXX -I/projects/bcvu/chcheng3/ETK_2025_05/Cactus/configs/et-test-simfactory/scratch/build/ADIOS2/ADIOS2-2.10.2/thirdparty/atl/atl -I/projects/bcvu/chcheng3/ETK_2025_05/Cactus/configs/et-test-simfactory/scratch/build/ADIOS2/ADIOS2-2.10.2/build/thirdparty/atl/atl -pipe -g -m128bit-long-double -D_GNU_SOURCE -fomit-frame-pointer -O3 -fopenmp -w -O3 -DNDEBUG -std=gnu99 -fPIC -MD -MT thirdparty/atl/atl/CMakeFiles/atl.dir/attr.c.o -MF CMakeFiles/atl.dir/attr.c.o.d -o CMakeFiles/atl.dir/attr.c.o -c /projects/bcvu/chcheng3/ETK_2025_05/Cactus/configs/et-test-simfactory/scratch/build/ADIOS2/ADIOS2-2.10.2/thirdparty/atl/atl/attr.c
[  3%] Building C object thirdparty/atl/atl/CMakeFiles/atl.dir/lookup3.c.o
cd /projects/bcvu/chcheng3/ETK_2025_05/Cactus/configs/et-test-simfactory/scratch/build/ADIOS2/ADIOS2-2.10.2/build/thirdparty/atl/atl && /opt/cray/pe/craype/2.7.34/bin/cc -DMPICH_SKIP_MPICXX -DOMPI_SKIP_MPICXX -I/projects/bcvu/chcheng3/ETK_2025_05/Cactus/configs/et-test-simfactory/scratch/build/ADIOS2/ADIOS2-2.10.2/thirdparty/atl/atl -I/projects/bcvu/chcheng3/ETK_2025_05/Cactus/configs/et-test-simfactory/scratch/build/ADIOS2/ADIOS2-2.10.2/build/thirdparty/atl/atl -pipe -g -m128bit-long-double -D_GNU_SOURCE -fomit-frame-pointer -O3 -fopenmp -w -O3 -DNDEBUG -std=gnu99 -fPIC -MD -MT thirdparty/atl/atl/CMakeFiles/atl.dir/lookup3.c.o -MF CMakeFiles/atl.dir/lookup3.c.o.d -o CMakeFiles/atl.dir/lookup3.c.o -c /projects/bcvu/chcheng3/ETK_2025_05/Cactus/configs/et-test-simfactory/scratch/build/ADIOS2/ADIOS2-2.10.2/thirdparty/atl/atl/lookup3.c
[  4%] Building C object thirdparty/atl/atl/CMakeFiles/atl.dir/tclHash.c.o
cd /projects/bcvu/chcheng3/ETK_2025_05/Cactus/configs/et-test-simfactory/scratch/build/ADIOS2/ADIOS2-2.10.2/build/thirdparty/atl/atl && /opt/cray/pe/craype/2.7.34/bin/cc -DMPICH_SKIP_MPICXX -DOMPI_SKIP_MPICXX -I/projects/bcvu/chcheng3/ETK_2025_05/Cactus/configs/et-test-simfactory/scratch/build/ADIOS2/ADIOS2-2.10.2/thirdparty/atl/atl -I/projects/bcvu/chcheng3/ETK_2025_05/Cactus/configs/et-test-simfactory/scratch/build/ADIOS2/ADIOS2-2.10.2/build/thirdparty/atl/atl -pipe -g -m128bit-long-double -D_GNU_SOURCE -fomit-frame-pointer -O3 -fopenmp -w -O3 -DNDEBUG -std=gnu99 -fPIC -MD -MT thirdparty/atl/atl/CMakeFiles/atl.dir/tclHash.c.o -MF CMakeFiles/atl.dir/tclHash.c.o.d -o CMakeFiles/atl.dir/tclHash.c.o -c /projects/bcvu/chcheng3/ETK_2025_05/Cactus/configs/et-test-simfactory/scratch/build/ADIOS2/ADIOS2-2.10.2/thirdparty/atl/atl/tclHash.c
[  4%] Linking C static library ../../../lib/libadios2_atl.a
cd /projects/bcvu/chcheng3/ETK_2025_05/Cactus/configs/et-test-simfactory/scratch/build/ADIOS2/ADIOS2-2.10.2/build/thirdparty/atl/atl && /sw/rh9.4/spack/v1.0.0/sw/linux-x86_64_v2/cmake-3.31.8-vmqeaxt/bin/cmake -P CMakeFiles/atl.dir/cmake_clean_target.cmake
cd /projects/bcvu/chcheng3/ETK_2025_05/Cactus/configs/et-test-simfactory/scratch/build/ADIOS2/ADIOS2-2.10.2/build/thirdparty/atl/atl && /sw/rh9.4/spack/v1.0.0/sw/linux-x86_64_v2/cmake-3.31.8-vmqeaxt/bin/cmake -E cmake_link_script CMakeFiles/atl.dir/link.txt --verbose=yes
/opt/rh/gcc-toolset-13/root/usr/bin/ar qc ../../../lib/libadios2_atl.a CMakeFiles/atl.dir/atom.c.o CMakeFiles/atl.dir/attr.c.o CMakeFiles/atl.dir/lookup3.c.o CMakeFiles/atl.dir/tclHash.c.o
/opt/rh/gcc-toolset-13/root/usr/bin/ranlib ../../../lib/libadios2_atl.a
make[6]: Leaving directory '/projects/bcvu/chcheng3/ETK_2025_05/Cactus/configs/et-test-simfactory/scratch/build/ADIOS2/ADIOS2-2.10.2/build'
[  4%] Built target atl
make  -f thirdparty/dill/dill/CMakeFiles/dill.dir/build.make thirdparty/dill/dill/CMakeFiles/dill.dir/depend
make[6]: Entering directory '/projects/bcvu/chcheng3/ETK_2025_05/Cactus/configs/et-test-simfactory/scratch/build/ADIOS2/ADIOS2-2.10.2/build'
[  4%] Generating dill_x86_64.c
cd /projects/bcvu/chcheng3/ETK_2025_05/Cactus/configs/et-test-simfactory/scratch/build/ADIOS2/ADIOS2-2.10.2/build/thirdparty/dill/dill && /usr/bin/perl /projects/bcvu/chcheng3/ETK_2025_05/Cactus/configs/et-test-simfactory/scratch/build/ADIOS2/ADIOS2-2.10.2/thirdparty/dill/dill/x86_64.ops
[  5%] Generating dill.h, dill.c
cd /projects/bcvu/chcheng3/ETK_2025_05/Cactus/configs/et-test-simfactory/scratch/build/ADIOS2/ADIOS2-2.10.2/build/thirdparty/dill/dill && /usr/bin/perl /projects/bcvu/chcheng3/ETK_2025_05/Cactus/configs/et-test-simfactory/scratch/build/ADIOS2/ADIOS2-2.10.2/thirdparty/dill/dill/base.ops
BUILD_SHARED is 
[  5%] Generating dill_virtual.c
cd /projects/bcvu/chcheng3/ETK_2025_05/Cactus/configs/et-test-simfactory/scratch/build/ADIOS2/ADIOS2-2.10.2/build/thirdparty/dill/dill && /usr/bin/perl /projects/bcvu/chcheng3/ETK_2025_05/Cactus/configs/et-test-simfactory/scratch/build/ADIOS2/ADIOS2-2.10.2/thirdparty/dill/dill/virtual.ops
cd /projects/bcvu/chcheng3/ETK_2025_05/Cactus/configs/et-test-simfactory/scratch/build/ADIOS2/ADIOS2-2.10.2/build && /sw/rh9.4/spack/v1.0.0/sw/linux-x86_64_v2/cmake-3.31.8-vmqeaxt/bin/cmake -E cmake_depends "Unix Makefiles" /projects/bcvu/chcheng3/ETK_2025_05/Cactus/configs/et-test-simfactory/scratch/build/ADIOS2/ADIOS2-2.10.2 /projects/bcvu/chcheng3/ETK_2025_05/Cactus/configs/et-test-simfactory/scratch/build/ADIOS2/ADIOS2-2.10.2/thirdparty/dill/dill /projects/bcvu/chcheng3/ETK_2025_05/Cactus/configs/et-test-simfactory/scratch/build/ADIOS2/ADIOS2-2.10.2/build /projects/bcvu/chcheng3/ETK_2025_05/Cactus/configs/et-test-simfactory/scratch/build/ADIOS2/ADIOS2-2.10.2/build/thirdparty/dill/dill /projects/bcvu/chcheng3/ETK_2025_05/Cactus/configs/et-test-simfactory/scratch/build/ADIOS2/ADIOS2-2.10.2/build/thirdparty/dill/dill/CMakeFiles/dill.dir/DependInfo.cmake "--color="
make[6]: Leaving directory '/projects/bcvu/chcheng3/ETK_2025_05/Cactus/configs/et-test-simfactory/scratch/build/ADIOS2/ADIOS2-2.10.2/build'
make  -f thirdparty/dill/dill/CMakeFiles/dill.dir/build.make thirdparty/dill/dill/CMakeFiles/dill.dir/build
make[6]: Entering directory '/projects/bcvu/chcheng3/ETK_2025_05/Cactus/configs/et-test-simfactory/scratch/build/ADIOS2/ADIOS2-2.10.2/build'
[  5%] Building C object thirdparty/dill/dill/CMakeFiles/dill.dir/dill_util.c.o
cd /projects/bcvu/chcheng3/ETK_2025_05/Cactus/configs/et-test-simfactory/scratch/build/ADIOS2/ADIOS2-2.10.2/build/thirdparty/dill/dill && /opt/cray/pe/craype/2.7.34/bin/cc -DDILL_SRC -DMPICH_SKIP_MPICXX -DOMPI_SKIP_MPICXX -I/projects/bcvu/chcheng3/ETK_2025_05/Cactus/configs/et-test-simfactory/scratch/build/ADIOS2/ADIOS2-2.10.2/thirdparty/dill/dill -I/projects/bcvu/chcheng3/ETK_2025_05/Cactus/configs/et-test-simfactory/scratch/build/ADIOS2/ADIOS2-2.10.2/build/thirdparty/dill/dill -pipe -g -m128bit-long-double -D_GNU_SOURCE -fomit-frame-pointer -O3 -fopenmp -w -O3 -DNDEBUG -std=gnu99 -fPIC -MD -MT thirdparty/dill/dill/CMakeFiles/dill.dir/dill_util.c.o -MF CMakeFiles/dill.dir/dill_util.c.o.d -o CMakeFiles/dill.dir/dill_util.c.o -c /projects/bcvu/chcheng3/ETK_2025_05/Cactus/configs/et-test-simfactory/scratch/build/ADIOS2/ADIOS2-2.10.2/thirdparty/dill/dill/dill_util.c
[  6%] Building C object thirdparty/dill/dill/CMakeFiles/dill.dir/dill_pkg.c.o
cd /projects/bcvu/chcheng3/ETK_2025_05/Cactus/configs/et-test-simfactory/scratch/build/ADIOS2/ADIOS2-2.10.2/build/thirdparty/dill/dill && /opt/cray/pe/craype/2.7.34/bin/cc -DDILL_SRC -DMPICH_SKIP_MPICXX -DOMPI_SKIP_MPICXX -I/projects/bcvu/chcheng3/ETK_2025_05/Cactus/configs/et-test-simfactory/scratch/build/ADIOS2/ADIOS2-2.10.2/thirdparty/dill/dill -I/projects/bcvu/chcheng3/ETK_2025_05/Cactus/configs/et-test-simfactory/scratch/build/ADIOS2/ADIOS2-2.10.2/build/thirdparty/dill/dill -pipe -g -m128bit-long-double -D_GNU_SOURCE -fomit-frame-pointer -O3 -fopenmp -w -O3 -DNDEBUG -std=gnu99 -fPIC -MD -MT thirdparty/dill/dill/CMakeFiles/dill.dir/dill_pkg.c.o -MF CMakeFiles/dill.dir/dill_pkg.c.o.d -o CMakeFiles/dill.dir/dill_pkg.c.o -c /projects/bcvu/chcheng3/ETK_2025_05/Cactus/configs/et-test-simfactory/scratch/build/ADIOS2/ADIOS2-2.10.2/thirdparty/dill/dill/dill_pkg.c
[  6%] Building C object thirdparty/dill/dill/CMakeFiles/dill.dir/dill_cplus.c.o
cd /projects/bcvu/chcheng3/ETK_2025_05/Cactus/configs/et-test-simfactory/scratch/build/ADIOS2/ADIOS2-2.10.2/build/thirdparty/dill/dill && /opt/cray/pe/craype/2.7.34/bin/cc -DDILL_SRC -DMPICH_SKIP_MPICXX -DOMPI_SKIP_MPICXX -I/projects/bcvu/chcheng3/ETK_2025_05/Cactus/configs/et-test-simfactory/scratch/build/ADIOS2/ADIOS2-2.10.2/thirdparty/dill/dill -I/projects/bcvu/chcheng3/ETK_2025_05/Cactus/configs/et-test-simfactory/scratch/build/ADIOS2/ADIOS2-2.10.2/build/thirdparty/dill/dill -pipe -g -m128bit-long-double -D_GNU_SOURCE -fomit-frame-pointer -O3 -fopenmp -w -O3 -DNDEBUG -std=gnu99 -fPIC -MD -MT thirdparty/dill/dill/CMakeFiles/dill.dir/dill_cplus.c.o -MF CMakeFiles/dill.dir/dill_cplus.c.o.d -o CMakeFiles/dill.dir/dill_cplus.c.o -c /projects/bcvu/chcheng3/ETK_2025_05/Cactus/configs/et-test-simfactory/scratch/build/ADIOS2/ADIOS2-2.10.2/thirdparty/dill/dill/dill_cplus.c
[  6%] Building C object thirdparty/dill/dill/CMakeFiles/dill.dir/dill_virtual.c.o
cd /projects/bcvu/chcheng3/ETK_2025_05/Cactus/configs/et-test-simfactory/scratch/build/ADIOS2/ADIOS2-2.10.2/build/thirdparty/dill/dill && /opt/cray/pe/craype/2.7.34/bin/cc -DDILL_SRC -DMPICH_SKIP_MPICXX -DOMPI_SKIP_MPICXX -I/projects/bcvu/chcheng3/ETK_2025_05/Cactus/configs/et-test-simfactory/scratch/build/ADIOS2/ADIOS2-2.10.2/thirdparty/dill/dill -I/projects/bcvu/chcheng3/ETK_2025_05/Cactus/configs/et-test-simfactory/scratch/build/ADIOS2/ADIOS2-2.10.2/build/thirdparty/dill/dill -pipe -g -m128bit-long-double -D_GNU_SOURCE -fomit-frame-pointer -O3 -fopenmp -w -O3 -DNDEBUG -std=gnu99 -fPIC -MD -MT thirdparty/dill/dill/CMakeFiles/dill.dir/dill_virtual.c.o -MF CMakeFiles/dill.dir/dill_virtual.c.o.d -o CMakeFiles/dill.dir/dill_virtual.c.o -c /projects/bcvu/chcheng3/ETK_2025_05/Cactus/configs/et-test-simfactory/scratch/build/ADIOS2/ADIOS2-2.10.2/build/thirdparty/dill/dill/dill_virtual.c
[  7%] Building C object thirdparty/dill/dill/CMakeFiles/dill.dir/virtual.c.o
cd /projects/bcvu/chcheng3/ETK_2025_05/Cactus/configs/et-test-simfactory/scratch/build/ADIOS2/ADIOS2-2.10.2/build/thirdparty/dill/dill && /opt/cray/pe/craype/2.7.34/bin/cc -DDILL_SRC -DMPICH_SKIP_MPICXX -DOMPI_SKIP_MPICXX -I/projects/bcvu/chcheng3/ETK_2025_05/Cactus/configs/et-test-simfactory/scratch/build/ADIOS2/ADIOS2-2.10.2/thirdparty/dill/dill -I/projects/bcvu/chcheng3/ETK_2025_05/Cactus/configs/et-test-simfactory/scratch/build/ADIOS2/ADIOS2-2.10.2/build/thirdparty/dill/dill -pipe -g -m128bit-long-double -D_GNU_SOURCE -fomit-frame-pointer -O3 -fopenmp -w -O3 -DNDEBUG -std=gnu99 -fPIC -MD -MT thirdparty/dill/dill/CMakeFiles/dill.dir/virtual.c.o -MF CMakeFiles/dill.dir/virtual.c.o.d -o CMakeFiles/dill.dir/virtual.c.o -c /projects/bcvu/chcheng3/ETK_2025_05/Cactus/configs/et-test-simfactory/scratch/build/ADIOS2/ADIOS2-2.10.2/thirdparty/dill/dill/virtual.c
[  7%] Building C object thirdparty/dill/dill/CMakeFiles/dill.dir/dill.c.o
cd /projects/bcvu/chcheng3/ETK_2025_05/Cactus/configs/et-test-simfactory/scratch/build/ADIOS2/ADIOS2-2.10.2/build/thirdparty/dill/dill && /opt/cray/pe/craype/2.7.34/bin/cc -DDILL_SRC -DMPICH_SKIP_MPICXX -DOMPI_SKIP_MPICXX -I/projects/bcvu/chcheng3/ETK_2025_05/Cactus/configs/et-test-simfactory/scratch/build/ADIOS2/ADIOS2-2.10.2/thirdparty/dill/dill -I/projects/bcvu/chcheng3/ETK_2025_05/Cactus/configs/et-test-simfactory/scratch/build/ADIOS2/ADIOS2-2.10.2/build/thirdparty/dill/dill -pipe -g -m128bit-long-double -D_GNU_SOURCE -fomit-frame-pointer -O3 -fopenmp -w -O3 -DNDEBUG -std=gnu99 -fPIC -MD -MT thirdparty/dill/dill/CMakeFiles/dill.dir/dill.c.o -MF CMakeFiles/dill.dir/dill.c.o.d -o CMakeFiles/dill.dir/dill.c.o -c /projects/bcvu/chcheng3/ETK_2025_05/Cactus/configs/et-test-simfactory/scratch/build/ADIOS2/ADIOS2-2.10.2/build/thirdparty/dill/dill/dill.c
[  7%] Building C object thirdparty/dill/dill/CMakeFiles/dill.dir/vm.c.o
cd /projects/bcvu/chcheng3/ETK_2025_05/Cactus/configs/et-test-simfactory/scratch/build/ADIOS2/ADIOS2-2.10.2/build/thirdparty/dill/dill && /opt/cray/pe/craype/2.7.34/bin/cc -DDILL_SRC -DMPICH_SKIP_MPICXX -DOMPI_SKIP_MPICXX -I/projects/bcvu/chcheng3/ETK_2025_05/Cactus/configs/et-test-simfactory/scratch/build/ADIOS2/ADIOS2-2.10.2/thirdparty/dill/dill -I/projects/bcvu/chcheng3/ETK_2025_05/Cactus/configs/et-test-simfactory/scratch/build/ADIOS2/ADIOS2-2.10.2/build/thirdparty/dill/dill -pipe -g -m128bit-long-double -D_GNU_SOURCE -fomit-frame-pointer -O3 -fopenmp -w -O3 -DNDEBUG -std=gnu99 -fPIC -MD -MT thirdparty/dill/dill/CMakeFiles/dill.dir/vm.c.o -MF CMakeFiles/dill.dir/vm.c.o.d -o CMakeFiles/dill.dir/vm.c.o -c /projects/bcvu/chcheng3/ETK_2025_05/Cactus/configs/et-test-simfactory/scratch/build/ADIOS2/ADIOS2-2.10.2/thirdparty/dill/dill/vm.c
[  7%] Building C object thirdparty/dill/dill/CMakeFiles/dill.dir/x86_64_disassembler.c.o
cd /projects/bcvu/chcheng3/ETK_2025_05/Cactus/configs/et-test-simfactory/scratch/build/ADIOS2/ADIOS2-2.10.2/build/thirdparty/dill/dill && /opt/cray/pe/craype/2.7.34/bin/cc -DDILL_SRC -DMPICH_SKIP_MPICXX -DOMPI_SKIP_MPICXX -I/projects/bcvu/chcheng3/ETK_2025_05/Cactus/configs/et-test-simfactory/scratch/build/ADIOS2/ADIOS2-2.10.2/thirdparty/dill/dill -I/projects/bcvu/chcheng3/ETK_2025_05/Cactus/configs/et-test-simfactory/scratch/build/ADIOS2/ADIOS2-2.10.2/build/thirdparty/dill/dill -pipe -g -m128bit-long-double -D_GNU_SOURCE -fomit-frame-pointer -O3 -fopenmp -w -O3 -DNDEBUG -std=gnu99 -fPIC -MD -MT thirdparty/dill/dill/CMakeFiles/dill.dir/x86_64_disassembler.c.o -MF CMakeFiles/dill.dir/x86_64_disassembler.c.o.d -o CMakeFiles/dill.dir/x86_64_disassembler.c.o -c /projects/bcvu/chcheng3/ETK_2025_05/Cactus/configs/et-test-simfactory/scratch/build/ADIOS2/ADIOS2-2.10.2/thirdparty/dill/dill/x86_64_disassembler.c
[  8%] Building C object thirdparty/dill/dill/CMakeFiles/dill.dir/dill_x86_64.c.o
cd /projects/bcvu/chcheng3/ETK_2025_05/Cactus/configs/et-test-simfactory/scratch/build/ADIOS2/ADIOS2-2.10.2/build/thirdparty/dill/dill && /opt/cray/pe/craype/2.7.34/bin/cc -DDILL_SRC -DMPICH_SKIP_MPICXX -DOMPI_SKIP_MPICXX -I/projects/bcvu/chcheng3/ETK_2025_05/Cactus/configs/et-test-simfactory/scratch/build/ADIOS2/ADIOS2-2.10.2/thirdparty/dill/dill -I/projects/bcvu/chcheng3/ETK_2025_05/Cactus/configs/et-test-simfactory/scratch/build/ADIOS2/ADIOS2-2.10.2/build/thirdparty/dill/dill -pipe -g -m128bit-long-double -D_GNU_SOURCE -fomit-frame-pointer -O3 -fopenmp -w -O3 -DNDEBUG -std=gnu99 -fPIC -MD -MT thirdparty/dill/dill/CMakeFiles/dill.dir/dill_x86_64.c.o -MF CMakeFiles/dill.dir/dill_x86_64.c.o.d -o CMakeFiles/dill.dir/dill_x86_64.c.o -c /projects/bcvu/chcheng3/ETK_2025_05/Cactus/configs/et-test-simfactory/scratch/build/ADIOS2/ADIOS2-2.10.2/build/thirdparty/dill/dill/dill_x86_64.c
[  8%] Building C object thirdparty/dill/dill/CMakeFiles/dill.dir/x86_64.c.o
cd /projects/bcvu/chcheng3/ETK_2025_05/Cactus/configs/et-test-simfactory/scratch/build/ADIOS2/ADIOS2-2.10.2/build/thirdparty/dill/dill && /opt/cray/pe/craype/2.7.34/bin/cc -DDILL_SRC -DMPICH_SKIP_MPICXX -DOMPI_SKIP_MPICXX -I/projects/bcvu/chcheng3/ETK_2025_05/Cactus/configs/et-test-simfactory/scratch/build/ADIOS2/ADIOS2-2.10.2/thirdparty/dill/dill -I/projects/bcvu/chcheng3/ETK_2025_05/Cactus/configs/et-test-simfactory/scratch/build/ADIOS2/ADIOS2-2.10.2/build/thirdparty/dill/dill -pipe -g -m128bit-long-double -D_GNU_SOURCE -fomit-frame-pointer -O3 -fopenmp -w -O3 -DNDEBUG -std=gnu99 -fPIC -MD -MT thirdparty/dill/dill/CMakeFiles/dill.dir/x86_64.c.o -MF CMakeFiles/dill.dir/x86_64.c.o.d -o CMakeFiles/dill.dir/x86_64.c.o -c /projects/bcvu/chcheng3/ETK_2025_05/Cactus/configs/et-test-simfactory/scratch/build/ADIOS2/ADIOS2-2.10.2/thirdparty/dill/dill/x86_64.c
[  8%] Building C object thirdparty/dill/dill/CMakeFiles/dill.dir/x86_64_rt.c.o
cd /projects/bcvu/chcheng3/ETK_2025_05/Cactus/configs/et-test-simfactory/scratch/build/ADIOS2/ADIOS2-2.10.2/build/thirdparty/dill/dill && /opt/cray/pe/craype/2.7.34/bin/cc -DDILL_SRC -DMPICH_SKIP_MPICXX -DOMPI_SKIP_MPICXX -I/projects/bcvu/chcheng3/ETK_2025_05/Cactus/configs/et-test-simfactory/scratch/build/ADIOS2/ADIOS2-2.10.2/thirdparty/dill/dill -I/projects/bcvu/chcheng3/ETK_2025_05/Cactus/configs/et-test-simfactory/scratch/build/ADIOS2/ADIOS2-2.10.2/build/thirdparty/dill/dill -pipe -g -m128bit-long-double -D_GNU_SOURCE -fomit-frame-pointer -O3 -fopenmp -w -O3 -DNDEBUG -std=gnu99 -fPIC -MD -MT thirdparty/dill/dill/CMakeFiles/dill.dir/x86_64_rt.c.o -MF CMakeFiles/dill.dir/x86_64_rt.c.o.d -o CMakeFiles/dill.dir/x86_64_rt.c.o -c /projects/bcvu/chcheng3/ETK_2025_05/Cactus/configs/et-test-simfactory/scratch/build/ADIOS2/ADIOS2-2.10.2/thirdparty/dill/dill/x86_64_rt.c
[  9%] Linking C static library ../../../lib/libadios2_dill.a
cd /projects/bcvu/chcheng3/ETK_2025_05/Cactus/configs/et-test-simfactory/scratch/build/ADIOS2/ADIOS2-2.10.2/build/thirdparty/dill/dill && /sw/rh9.4/spack/v1.0.0/sw/linux-x86_64_v2/cmake-3.31.8-vmqeaxt/bin/cmake -P CMakeFiles/dill.dir/cmake_clean_target.cmake
cd /projects/bcvu/chcheng3/ETK_2025_05/Cactus/configs/et-test-simfactory/scratch/build/ADIOS2/ADIOS2-2.10.2/build/thirdparty/dill/dill && /sw/rh9.4/spack/v1.0.0/sw/linux-x86_64_v2/cmake-3.31.8-vmqeaxt/bin/cmake -E cmake_link_script CMakeFiles/dill.dir/link.txt --verbose=yes
/opt/rh/gcc-toolset-13/root/usr/bin/ar qc ../../../lib/libadios2_dill.a CMakeFiles/dill.dir/dill_util.c.o CMakeFiles/dill.dir/dill_pkg.c.o CMakeFiles/dill.dir/dill_cplus.c.o CMakeFiles/dill.dir/dill_virtual.c.o CMakeFiles/dill.dir/virtual.c.o CMakeFiles/dill.dir/dill.c.o CMakeFiles/dill.dir/vm.c.o CMakeFiles/dill.dir/x86_64_disassembler.c.o CMakeFiles/dill.dir/dill_x86_64.c.o CMakeFiles/dill.dir/x86_64.c.o CMakeFiles/dill.dir/x86_64_rt.c.o
/opt/rh/gcc-toolset-13/root/usr/bin/ranlib ../../../lib/libadios2_dill.a
make[6]: Leaving directory '/projects/bcvu/chcheng3/ETK_2025_05/Cactus/configs/et-test-simfactory/scratch/build/ADIOS2/ADIOS2-2.10.2/build'
[  9%] Built target dill
make  -f thirdparty/ffs/ffs/CMakeFiles/docs.dir/build.make thirdparty/ffs/ffs/CMakeFiles/docs.dir/depend
make[6]: Entering directory '/projects/bcvu/chcheng3/ETK_2025_05/Cactus/configs/et-test-simfactory/scratch/build/ADIOS2/ADIOS2-2.10.2/build'
cd /projects/bcvu/chcheng3/ETK_2025_05/Cactus/configs/et-test-simfactory/scratch/build/ADIOS2/ADIOS2-2.10.2/build && /sw/rh9.4/spack/v1.0.0/sw/linux-x86_64_v2/cmake-3.31.8-vmqeaxt/bin/cmake -E cmake_depends "Unix Makefiles" /projects/bcvu/chcheng3/ETK_2025_05/Cactus/configs/et-test-simfactory/scratch/build/ADIOS2/ADIOS2-2.10.2 /projects/bcvu/chcheng3/ETK_2025_05/Cactus/configs/et-test-simfactory/scratch/build/ADIOS2/ADIOS2-2.10.2/thirdparty/ffs/ffs /projects/bcvu/chcheng3/ETK_2025_05/Cactus/configs/et-test-simfactory/scratch/build/ADIOS2/ADIOS2-2.10.2/build /projects/bcvu/chcheng3/ETK_2025_05/Cactus/configs/et-test-simfactory/scratch/build/ADIOS2/ADIOS2-2.10.2/build/thirdparty/ffs/ffs /projects/bcvu/chcheng3/ETK_2025_05/Cactus/configs/et-test-simfactory/scratch/build/ADIOS2/ADIOS2-2.10.2/build/thirdparty/ffs/ffs/CMakeFiles/docs.dir/DependInfo.cmake "--color="
make[6]: Leaving directory '/projects/bcvu/chcheng3/ETK_2025_05/Cactus/configs/et-test-simfactory/scratch/build/ADIOS2/ADIOS2-2.10.2/build'
make  -f thirdparty/ffs/ffs/CMakeFiles/docs.dir/build.make thirdparty/ffs/ffs/CMakeFiles/docs.dir/build
make[6]: Entering directory '/projects/bcvu/chcheng3/ETK_2025_05/Cactus/configs/et-test-simfactory/scratch/build/ADIOS2/ADIOS2-2.10.2/build'
[  9%] [FLEX][CODScanner] Building scanner with flex 2.6.4
cd /projects/bcvu/chcheng3/ETK_2025_05/Cactus/configs/et-test-simfactory/scratch/build/ADIOS2/ADIOS2-2.10.2/thirdparty/ffs/ffs && /usr/bin/flex -o/projects/bcvu/chcheng3/ETK_2025_05/Cactus/configs/et-test-simfactory/scratch/build/ADIOS2/ADIOS2-2.10.2/build/thirdparty/ffs/ffs/lex.yy.c cod/cod.l
[  9%] Generating cod_node.c
cd /projects/bcvu/chcheng3/ETK_2025_05/Cactus/configs/et-test-simfactory/scratch/build/ADIOS2/ADIOS2-2.10.2/build/thirdparty/ffs/ffs && /usr/bin/perl /projects/bcvu/chcheng3/ETK_2025_05/Cactus/configs/et-test-simfactory/scratch/build/ADIOS2/ADIOS2-2.10.2/thirdparty/ffs/ffs/cod/struct.pl /projects/bcvu/chcheng3/ETK_2025_05/Cactus/configs/et-test-simfactory/scratch/build/ADIOS2/ADIOS2-2.10.2/thirdparty/ffs/ffs/cod/cod.structs
Done
make[6]: Leaving directory '/projects/bcvu/chcheng3/ETK_2025_05/Cactus/configs/et-test-simfactory/scratch/build/ADIOS2/ADIOS2-2.10.2/build'
[  9%] Built target docs
make  -f thirdparty/ffs/ffs/CMakeFiles/ffs.dir/build.make thirdparty/ffs/ffs/CMakeFiles/ffs.dir/depend
make[6]: Entering directory '/projects/bcvu/chcheng3/ETK_2025_05/Cactus/configs/et-test-simfactory/scratch/build/ADIOS2/ADIOS2-2.10.2/build'
[  9%] [BISON][CODParser] Building parser with bison 3.7.4
cd /projects/bcvu/chcheng3/ETK_2025_05/Cactus/configs/et-test-simfactory/scratch/build/ADIOS2/ADIOS2-2.10.2/thirdparty/ffs/ffs && /usr/bin/bison -d -d -o /projects/bcvu/chcheng3/ETK_2025_05/Cactus/configs/et-test-simfactory/scratch/build/ADIOS2/ADIOS2-2.10.2/build/thirdparty/ffs/ffs/cod.tab.c cod/cod.y
cd /projects/bcvu/chcheng3/ETK_2025_05/Cactus/configs/et-test-simfactory/scratch/build/ADIOS2/ADIOS2-2.10.2/build && /sw/rh9.4/spack/v1.0.0/sw/linux-x86_64_v2/cmake-3.31.8-vmqeaxt/bin/cmake -E cmake_depends "Unix Makefiles" /projects/bcvu/chcheng3/ETK_2025_05/Cactus/configs/et-test-simfactory/scratch/build/ADIOS2/ADIOS2-2.10.2 /projects/bcvu/chcheng3/ETK_2025_05/Cactus/configs/et-test-simfactory/scratch/build/ADIOS2/ADIOS2-2.10.2/thirdparty/ffs/ffs /projects/bcvu/chcheng3/ETK_2025_05/Cactus/configs/et-test-simfactory/scratch/build/ADIOS2/ADIOS2-2.10.2/build /projects/bcvu/chcheng3/ETK_2025_05/Cactus/configs/et-test-simfactory/scratch/build/ADIOS2/ADIOS2-2.10.2/build/thirdparty/ffs/ffs /projects/bcvu/chcheng3/ETK_2025_05/Cactus/configs/et-test-simfactory/scratch/build/ADIOS2/ADIOS2-2.10.2/build/thirdparty/ffs/ffs/CMakeFiles/ffs.dir/DependInfo.cmake "--color="
make[6]: Leaving directory '/projects/bcvu/chcheng3/ETK_2025_05/Cactus/configs/et-test-simfactory/scratch/build/ADIOS2/ADIOS2-2.10.2/build'
make  -f thirdparty/ffs/ffs/CMakeFiles/ffs.dir/build.make thirdparty/ffs/ffs/CMakeFiles/ffs.dir/build
make[6]: Entering directory '/projects/bcvu/chcheng3/ETK_2025_05/Cactus/configs/et-test-simfactory/scratch/build/ADIOS2/ADIOS2-2.10.2/build'
[  9%] Building C object thirdparty/ffs/ffs/CMakeFiles/ffs.dir/ffs/ffs.c.o
cd /projects/bcvu/chcheng3/ETK_2025_05/Cactus/configs/et-test-simfactory/scratch/build/ADIOS2/ADIOS2-2.10.2/build/thirdparty/ffs/ffs && /opt/cray/pe/craype/2.7.34/bin/cc -DMPICH_SKIP_MPICXX -DOMPI_SKIP_MPICXX -I/projects/bcvu/chcheng3/ETK_2025_05/Cactus/configs/et-test-simfactory/scratch/build/ADIOS2/ADIOS2-2.10.2/thirdparty/ffs/ffs -I/projects/bcvu/chcheng3/ETK_2025_05/Cactus/configs/et-test-simfactory/scratch/build/ADIOS2/ADIOS2-2.10.2/thirdparty/ffs/ffs/fm -I/projects/bcvu/chcheng3/ETK_2025_05/Cactus/configs/et-test-simfactory/scratch/build/ADIOS2/ADIOS2-2.10.2/thirdparty/ffs/ffs/cod -I/projects/bcvu/chcheng3/ETK_2025_05/Cactus/configs/et-test-simfactory/scratch/build/ADIOS2/ADIOS2-2.10.2/thirdparty/ffs/ffs/ffs -I/projects/bcvu/chcheng3/ETK_2025_05/Cactus/configs/et-test-simfactory/scratch/build/ADIOS2/ADIOS2-2.10.2/build/thirdparty/ffs/ffs -I/projects/bcvu/chcheng3/ETK_2025_05/Cactus/configs/et-test-simfactory/scratch/build/ADIOS2/ADIOS2-2.10.2/build/thirdparty/ffs/ffs/ffs -I/projects/bcvu/chcheng3/ETK_2025_05/Cactus/configs/et-test-simfactory/scratch/build/ADIOS2/ADIOS2-2.10.2/thirdparty/dill/dill -I/projects/bcvu/chcheng3/ETK_2025_05/Cactus/configs/et-test-simfactory/scratch/build/ADIOS2/ADIOS2-2.10.2/build/thirdparty/dill/dill -I/projects/bcvu/chcheng3/ETK_2025_05/Cactus/configs/et-test-simfactory/scratch/build/ADIOS2/ADIOS2-2.10.2/thirdparty/atl/atl -I/projects/bcvu/chcheng3/ETK_2025_05/Cactus/configs/et-test-simfactory/scratch/build/ADIOS2/ADIOS2-2.10.2/build/thirdparty/atl/atl -pipe -g -m128bit-long-double -D_GNU_SOURCE -fomit-frame-pointer -O3 -fopenmp -w -O3 -DNDEBUG -std=gnu99 -fPIC -MD -MT thirdparty/ffs/ffs/CMakeFiles/ffs.dir/ffs/ffs.c.o -MF CMakeFiles/ffs.dir/ffs/ffs.c.o.d -o CMakeFiles/ffs.dir/ffs/ffs.c.o -c /projects/bcvu/chcheng3/ETK_2025_05/Cactus/configs/et-test-simfactory/scratch/build/ADIOS2/ADIOS2-2.10.2/thirdparty/ffs/ffs/ffs/ffs.c
In file included from /projects/bcvu/chcheng3/ETK_2025_05/Cactus/configs/et-test-simfactory/scratch/build/ADIOS2/ADIOS2-2.10.2/thirdparty/ffs/ffs/ffs/ffs.c:10:
/projects/bcvu/chcheng3/ETK_2025_05/Cactus/configs/et-test-simfactory/scratch/build/ADIOS2/ADIOS2-2.10.2/thirdparty/ffs/ffs/fm/fm_internal.h:150:5: error: unknown type name ‘INT4’
  150 |     INT4 field_size;
      |     ^~~~
/projects/bcvu/chcheng3/ETK_2025_05/Cactus/configs/et-test-simfactory/scratch/build/ADIOS2/ADIOS2-2.10.2/thirdparty/ffs/ffs/fm/fm_internal.h:151:5: error: unknown type name ‘INT4’
  151 |     INT4 field_offset;
      |     ^~~~
/projects/bcvu/chcheng3/ETK_2025_05/Cactus/configs/et-test-simfactory/scratch/build/ADIOS2/ADIOS2-2.10.2/thirdparty/ffs/ffs/fm/fm_internal.h:155:5: error: unknown type name ‘UINT4’
  155 |     UINT4 field_name_offset;
      |     ^~~~~
/projects/bcvu/chcheng3/ETK_2025_05/Cactus/configs/et-test-simfactory/scratch/build/ADIOS2/ADIOS2-2.10.2/thirdparty/ffs/ffs/fm/fm_internal.h:156:5: error: unknown type name ‘UINT4’
  156 |     UINT4 field_type_offset;
      |     ^~~~~
/projects/bcvu/chcheng3/ETK_2025_05/Cactus/configs/et-test-simfactory/scratch/build/ADIOS2/ADIOS2-2.10.2/thirdparty/ffs/ffs/fm/fm_internal.h:157:5: error: unknown type name ‘INT4’
  157 |     INT4 field_size;
      |     ^~~~
/projects/bcvu/chcheng3/ETK_2025_05/Cactus/configs/et-test-simfactory/scratch/build/ADIOS2/ADIOS2-2.10.2/thirdparty/ffs/ffs/fm/fm_internal.h:158:5: error: unknown type name ‘INT4’
  158 |     INT4 field_offset;
      |     ^~~~
/projects/bcvu/chcheng3/ETK_2025_05/Cactus/configs/et-test-simfactory/scratch/build/ADIOS2/ADIOS2-2.10.2/thirdparty/ffs/ffs/fm/fm_internal.h:162:5: error: unknown type name ‘INT4’
  162 |     INT4 info_type;
      |     ^~~~
/projects/bcvu/chcheng3/ETK_2025_05/Cactus/configs/et-test-simfactory/scratch/build/ADIOS2/ADIOS2-2.10.2/thirdparty/ffs/ffs/fm/fm_internal.h:163:5: error: unknown type name ‘INT4’
  163 |     INT4 info_len;
      |     ^~~~
/projects/bcvu/chcheng3/ETK_2025_05/Cactus/configs/et-test-simfactory/scratch/build/ADIOS2/ADIOS2-2.10.2/thirdparty/ffs/ffs/fm/fm_internal.h:164:5: error: unknown type name ‘INT4’
  164 |     INT4 info_offset;
      |     ^~~~
/projects/bcvu/chcheng3/ETK_2025_05/Cactus/configs/et-test-simfactory/scratch/build/ADIOS2/ADIOS2-2.10.2/thirdparty/ffs/ffs/fm/fm_internal.h:195:15: error: unknown type name ‘INT4’
  195 | /*byte 12*/   INT4 record_length;
      |               ^~~~
/projects/bcvu/chcheng3/ETK_2025_05/Cactus/configs/et-test-simfactory/scratch/build/ADIOS2/ADIOS2-2.10.2/thirdparty/ffs/ffs/fm/fm_internal.h:205:15: error: unknown type name ‘UINT4’
  205 | /*byte 4*/    UINT4 name_offset;        /* native host byte order */
      |               ^~~~~
/projects/bcvu/chcheng3/ETK_2025_05/Cactus/configs/et-test-simfactory/scratch/build/ADIOS2/ADIOS2-2.10.2/thirdparty/ffs/ffs/fm/fm_internal.h:206:15: error: unknown type name ‘UINT4’
  206 | /*byte 8*/    UINT4 field_count;
      |               ^~~~~
/projects/bcvu/chcheng3/ETK_2025_05/Cactus/configs/et-test-simfactory/scratch/build/ADIOS2/ADIOS2-2.10.2/thirdparty/ffs/ffs/fm/fm_internal.h:207:15: error: unknown type name ‘INT4’
  207 | /*byte 12*/   INT4 record_length;
      |               ^~~~
/projects/bcvu/chcheng3/ETK_2025_05/Cactus/configs/et-test-simfactory/scratch/build/ADIOS2/ADIOS2-2.10.2/thirdparty/ffs/ffs/fm/fm_internal.h:236:19: error: expected ‘:’, ‘,’, ‘;’, ‘}’ or ‘__attribute__’ before ‘IP_addr’
  236 |     unsigned INT4 IP_addr;
      |                   ^~~~~~~
/projects/bcvu/chcheng3/ETK_2025_05/Cactus/configs/et-test-simfactory/scratch/build/ADIOS2/ADIOS2-2.10.2/thirdparty/ffs/ffs/fm/fm_internal.h:244:19: error: expected ‘:’, ‘,’, ‘;’, ‘}’ or ‘__attribute__’ before ‘hash1’
  244 |     unsigned INT4 hash1;
      |                   ^~~~~
/projects/bcvu/chcheng3/ETK_2025_05/Cactus/configs/et-test-simfactory/scratch/build/ADIOS2/ADIOS2-2.10.2/thirdparty/ffs/ffs/fm/fm_internal.h:252:19: error: expected ‘:’, ‘,’, ‘;’, ‘}’ or ‘__attribute__’ before ‘hash1’
  252 |     unsigned INT4 hash1;
      |                   ^~~~~
In file included from /projects/bcvu/chcheng3/ETK_2025_05/Cactus/configs/et-test-simfactory/scratch/build/ADIOS2/ADIOS2-2.10.2/thirdparty/ffs/ffs/ffs/ffs.c:11:
/projects/bcvu/chcheng3/ETK_2025_05/Cactus/configs/et-test-simfactory/scratch/build/ADIOS2/ADIOS2-2.10.2/thirdparty/ffs/ffs/ffs/ffs_internal.h:136:7: error: expected ‘=’, ‘,’, ‘;’, ‘asm’ or ‘__attribute__’ before ‘...’ token
  136 | Whoops...  Unhandled.
      |       ^~~
/projects/bcvu/chcheng3/ETK_2025_05/Cactus/configs/et-test-simfactory/scratch/build/ADIOS2/ADIOS2-2.10.2/thirdparty/ffs/ffs/ffs/ffs.c: In function ‘FFSinternal_decode’:
/projects/bcvu/chcheng3/ETK_2025_05/Cactus/configs/et-test-simfactory/scratch/build/ADIOS2/ADIOS2-2.10.2/thirdparty/ffs/ffs/ffs/ffs.c:1328:13: error: unknown type name ‘FILE_INT’
 1328 |             FILE_INT record_len;
      |             ^~~~~~~~
/projects/bcvu/chcheng3/ETK_2025_05/Cactus/configs/et-test-simfactory/scratch/build/ADIOS2/ADIOS2-2.10.2/thirdparty/ffs/ffs/ffs/ffs.c:1330:13: error: unknown type name ‘FILE_INT’
 1330 |             FILE_INT *len_ptr = (FILE_INT *) (src + ioformat->body->server_ID.length +
      |             ^~~~~~~~
/projects/bcvu/chcheng3/ETK_2025_05/Cactus/configs/et-test-simfactory/scratch/build/ADIOS2/ADIOS2-2.10.2/thirdparty/ffs/ffs/ffs/ffs.c:1330:34: error: ‘FILE_INT’ undeclared (first use in this function)
 1330 |             FILE_INT *len_ptr = (FILE_INT *) (src + ioformat->body->server_ID.length +
      |                                  ^~~~~~~~
/projects/bcvu/chcheng3/ETK_2025_05/Cactus/configs/et-test-simfactory/scratch/build/ADIOS2/ADIOS2-2.10.2/thirdparty/ffs/ffs/ffs/ffs.c:1330:34: note: each undeclared identifier is reported only once for each function it appears in
/projects/bcvu/chcheng3/ETK_2025_05/Cactus/configs/et-test-simfactory/scratch/build/ADIOS2/ADIOS2-2.10.2/thirdparty/ffs/ffs/ffs/ffs.c:1330:44: error: expected expression before ‘)’ token
 1330 |             FILE_INT *len_ptr = (FILE_INT *) (src + ioformat->body->server_ID.length +
      |                                            ^
/projects/bcvu/chcheng3/ETK_2025_05/Cactus/configs/et-test-simfactory/scratch/build/ADIOS2/ADIOS2-2.10.2/thirdparty/ffs/ffs/ffs/ffs.c: In function ‘quick_get_pointer’:
/projects/bcvu/chcheng3/ETK_2025_05/Cactus/configs/et-test-simfactory/scratch/build/ADIOS2/ADIOS2-2.10.2/thirdparty/ffs/ffs/ffs/ffs.c:1655:15: error: ‘WORDS_BIGENDIAN’ undeclared (first use in this function)
 1655 |           if (WORDS_BIGENDIAN)
      |               ^~~~~~~~~~~~~~~
make[6]: *** [thirdparty/ffs/ffs/CMakeFiles/ffs.dir/build.make:96: thirdparty/ffs/ffs/CMakeFiles/ffs.dir/ffs/ffs.c.o] Error 1
make[6]: Leaving directory '/projects/bcvu/chcheng3/ETK_2025_05/Cactus/configs/et-test-simfactory/scratch/build/ADIOS2/ADIOS2-2.10.2/build'
make[5]: *** [CMakeFiles/Makefile2:1063: thirdparty/ffs/ffs/CMakeFiles/ffs.dir/all] Error 2
make[5]: Leaving directory '/projects/bcvu/chcheng3/ETK_2025_05/Cactus/configs/et-test-simfactory/scratch/build/ADIOS2/ADIOS2-2.10.2/build'
make[4]: *** [Makefile:136: all] Error 2
make[4]: Leaving directory '/projects/bcvu/chcheng3/ETK_2025_05/Cactus/configs/et-test-simfactory/scratch/build/ADIOS2/ADIOS2-2.10.2/build'
make[3]: *** [/projects/bcvu/chcheng3/ETK_2025_05/Cactus/arrangements/ExternalLibraries/ADIOS2/src/make.code.deps:11: /projects/bcvu/chcheng3/ETK_2025_05/Cactus/configs/et-test-simfactory/scratch/done/ADIOS2] Error 2
make[3]: Leaving directory '/projects/bcvu/chcheng3/ETK_2025_05/Cactus/configs/et-test-simfactory/build/ADIOS2'
make[2]: *** [/projects/bcvu/chcheng3/ETK_2025_05/Cactus/lib/make/make.thornlib:113: make.checked] Error 2
make[2]: Leaving directory '/projects/bcvu/chcheng3/ETK_2025_05/Cactus/configs/et-test-simfactory/build/ADIOS2'
make[1]: *** [/projects/bcvu/chcheng3/ETK_2025_05/Cactus/lib/make/make.configuration:179: /projects/bcvu/chcheng3/ETK_2025_05/Cactus/configs/et-test-simfactory/lib/libthorn_ADIOS2.a] Error 2
make[1]: Leaving directory '/projects/bcvu/chcheng3/ETK_2025_05/Cactus'
make: *** [Makefile:265: et-test-simfactory] Error 2
