/hppfs/scratch/0C/*****/test/Cactus/arrangements/Carpet/CarpetIOASCII/src/ioascii.cc: In function ‘void CarpetIOASCII::WriteASCII(std::ostream&, const std::vector<CarpetLib::gdata*>&, const CarpetLib::bbox<int, 3>&, int, int, const CarpetLib::vect<int, 3>&, const CarpetLib::vect<int, outdim>&, int, int, int, int, int, CCTK_REAL8, const CarpetLib::vect<double, 3>&, const CarpetLib::vect<double, 3>&, const std::vector<CarpetLib::gdata*>&)’:
/hppfs/scratch/0C/*****/test/Cactus/arrangements/Carpet/CarpetIOASCII/src/ioascii.cc:1352:30: error: ISO C++ forbids declaration of ‘type name’ with no type [-fpermissive]
               os << (*(const data<CCTK_REAL> *)gfcoord)[index];
                              ^~~~
/hppfs/scratch/0C/*****/test/Cactus/arrangements/Carpet/CarpetIOASCII/src/ioascii.cc:1352:24: error: expected primary-expression before ‘const’
               os << (*(const data<CCTK_REAL> *)gfcoord)[index];
                        ^~~~~
/hppfs/scratch/0C/*****/test/Cactus/arrangements/Carpet/CarpetIOASCII/src/ioascii.cc:1352:24: error: expected ‘)’ before ‘const’
/hppfs/scratch/0C/*****/test/Cactus/arrangements/Carpet/CarpetIOASCII/src/ioascii.cc:1352:63: error: expected ‘)’ before ‘;’ token
               os << (*(const data<CCTK_REAL> *)gfcoord)[index];
                                                               ^
/hppfs/scratch/0C/*****/test/Cactus/arrangements/Carpet/CarpetIOASCII/src/ioascii.cc:1363:20: error: ISO C++ forbids declaration of ‘type name’ with no type [-fpermissive]
     os << (*(const data<T> *)gfdata)[index];                                   \
                    ^
/hppfs/scratch/0C/*****/test/Cactus/arrangements/Carpet/CarpetLib/src/typecase.hh:144:1: note: in expansion of macro ‘TYPECASE’
 TYPECASE(CCTK_VARIABLE_INT4, CCTK_INT4)
 ^~~~~~~~
/hppfs/scratch/0C/*****/test/Cactus/arrangements/Carpet/CarpetIOASCII/src/ioascii.cc:1363:14: error: expected primary-expression before ‘const’
     os << (*(const data<T> *)gfdata)[index];                                   \
              ^
/hppfs/scratch/0C/*****/test/Cactus/arrangements/Carpet/CarpetLib/src/typecase.hh:144:1: note: in expansion of macro ‘TYPECASE’
 TYPECASE(CCTK_VARIABLE_INT4, CCTK_INT4)
 ^~~~~~~~
/hppfs/scratch/0C/*****/test/Cactus/arrangements/Carpet/CarpetIOASCII/src/ioascii.cc:1363:14: error: expected ‘)’ before ‘const’
     os << (*(const data<T> *)gfdata)[index];                                   \
              ^
/hppfs/scratch/0C/*****/test/Cactus/arrangements/Carpet/CarpetLib/src/typecase.hh:144:1: note: in expansion of macro ‘TYPECASE’
 TYPECASE(CCTK_VARIABLE_INT4, CCTK_INT4)
 ^~~~~~~~
/hppfs/scratch/0C/*****/test/Cactus/arrangements/Carpet/CarpetIOASCII/src/ioascii.cc:1363:44: error: expected ‘)’ before ‘;’ token
     os << (*(const data<T> *)gfdata)[index];                                   \
                                            ^
/hppfs/scratch/0C/*****/test/Cactus/arrangements/Carpet/CarpetLib/src/typecase.hh:144:1: note: in expansion of macro ‘TYPECASE’
 TYPECASE(CCTK_VARIABLE_INT4, CCTK_INT4)
 ^~~~~~~~
/hppfs/scratch/0C/*****/test/Cactus/arrangements/Carpet/CarpetIOASCII/src/ioascii.cc:1363:20: error: ISO C++ forbids declaration of ‘type name’ with no type [-fpermissive]
     os << (*(const data<T> *)gfdata)[index];                                   \
                    ^
/hppfs/scratch/0C/*****/test/Cactus/arrangements/Carpet/CarpetLib/src/typecase.hh:172:1: note: in expansion of macro ‘TYPECASE’
 TYPECASE(CCTK_VARIABLE_REAL8, CCTK_REAL8)
 ^~~~~~~~
/hppfs/scratch/0C/*****/test/Cactus/arrangements/Carpet/CarpetIOASCII/src/ioascii.cc:1363:14: error: expected primary-expression before ‘const’
     os << (*(const data<T> *)gfdata)[index];                                   \
              ^
/hppfs/scratch/0C/*****/test/Cactus/arrangements/Carpet/CarpetLib/src/typecase.hh:172:1: note: in expansion of macro ‘TYPECASE’
 TYPECASE(CCTK_VARIABLE_REAL8, CCTK_REAL8)
 ^~~~~~~~
/hppfs/scratch/0C/*****/test/Cactus/arrangements/Carpet/CarpetIOASCII/src/ioascii.cc:1363:14: error: expected ‘)’ before ‘const’
     os << (*(const data<T> *)gfdata)[index];                                   \
              ^
/hppfs/scratch/0C/*****/test/Cactus/arrangements/Carpet/CarpetLib/src/typecase.hh:172:1: note: in expansion of macro ‘TYPECASE’
 TYPECASE(CCTK_VARIABLE_REAL8, CCTK_REAL8)
 ^~~~~~~~
/hppfs/scratch/0C/*****/test/Cactus/arrangements/Carpet/CarpetIOASCII/src/ioascii.cc:1363:44: error: expected ‘)’ before ‘;’ token
     os << (*(const data<T> *)gfdata)[index];                                   \
                                            ^
/hppfs/scratch/0C/*****/test/Cactus/arrangements/Carpet/CarpetLib/src/typecase.hh:172:1: note: in expansion of macro ‘TYPECASE’
 TYPECASE(CCTK_VARIABLE_REAL8, CCTK_REAL8)
 ^~~~~~~~
/hppfs/scratch/0C/*****/test/Cactus/arrangements/Carpet/CarpetIOASCII/src/ioascii.cc:1371:25: error: ISO C++ forbids declaration of ‘type name’ with no type [-fpermissive]
     os << real((*(const data<T> *)gfdata)[index]) << " "                       \
                         ^
/hppfs/scratch/0C/*****/test/Cactus/arrangements/Carpet/CarpetLib/src/typecase.hh:195:1: note: in expansion of macro ‘TYPECASE’
 TYPECASE(CCTK_VARIABLE_COMPLEX16, CCTK_COMPLEX16)
 ^~~~~~~~
/hppfs/scratch/0C/*****/test/Cactus/arrangements/Carpet/CarpetIOASCII/src/ioascii.cc:1371:19: error: expected primary-expression before ‘const’
     os << real((*(const data<T> *)gfdata)[index]) << " "                       \
                   ^
/hppfs/scratch/0C/*****/test/Cactus/arrangements/Carpet/CarpetLib/src/typecase.hh:195:1: note: in expansion of macro ‘TYPECASE’
 TYPECASE(CCTK_VARIABLE_COMPLEX16, CCTK_COMPLEX16)
 ^~~~~~~~
/hppfs/scratch/0C/*****/test/Cactus/arrangements/Carpet/CarpetIOASCII/src/ioascii.cc:1371:19: error: expected ‘)’ before ‘const’
     os << real((*(const data<T> *)gfdata)[index]) << " "                       \
                   ^
/hppfs/scratch/0C/*****/test/Cactus/arrangements/Carpet/CarpetLib/src/typecase.hh:195:1: note: in expansion of macro ‘TYPECASE’
 TYPECASE(CCTK_VARIABLE_COMPLEX16, CCTK_COMPLEX16)
 ^~~~~~~~
/hppfs/scratch/0C/*****/test/Cactus/arrangements/Carpet/CarpetIOASCII/src/ioascii.cc:1372:50: error: expected ‘)’ before ‘;’ token
        << imag((*(const data<T> *)gfdata)[index]);                             \
                                                  ^
/hppfs/scratch/0C/*****/test/Cactus/arrangements/Carpet/CarpetLib/src/typecase.hh:195:1: note: in expansion of macro ‘TYPECASE’
 TYPECASE(CCTK_VARIABLE_COMPLEX16, CCTK_COMPLEX16)
 ^~~~~~~~
/hppfs/scratch/0C/*****/test/Cactus/arrangements/Carpet/CarpetIOASCII/src/ioascii.cc:1457:20: error: ISO C++ forbids declaration of ‘type name’ with no type [-fpermissive]
     os << (*(const data<T> *)gfdata)[pos];                                     \
                    ^
/hppfs/scratch/0C/*****/test/Cactus/arrangements/Carpet/CarpetLib/src/typecase.hh:144:1: note: in expansion of macro ‘TYPECASE’
 TYPECASE(CCTK_VARIABLE_INT4, CCTK_INT4)
 ^~~~~~~~
/hppfs/scratch/0C/*****/test/Cactus/arrangements/Carpet/CarpetIOASCII/src/ioascii.cc:1457:14: error: expected primary-expression before ‘const’
     os << (*(const data<T> *)gfdata)[pos];                                     \
              ^
/hppfs/scratch/0C/*****/test/Cactus/arrangements/Carpet/CarpetLib/src/typecase.hh:144:1: note: in expansion of macro ‘TYPECASE’
 TYPECASE(CCTK_VARIABLE_INT4, CCTK_INT4)
 ^~~~~~~~
/hppfs/scratch/0C/*****/test/Cactus/arrangements/Carpet/CarpetIOASCII/src/ioascii.cc:1457:14: error: expected ‘)’ before ‘const’
     os << (*(const data<T> *)gfdata)[pos];                                     \
              ^
/hppfs/scratch/0C/*****/test/Cactus/arrangements/Carpet/CarpetLib/src/typecase.hh:144:1: note: in expansion of macro ‘TYPECASE’
 TYPECASE(CCTK_VARIABLE_INT4, CCTK_INT4)
 ^~~~~~~~
/hppfs/scratch/0C/*****/test/Cactus/arrangements/Carpet/CarpetIOASCII/src/ioascii.cc:1457:42: error: expected ‘)’ before ‘;’ token
     os << (*(const data<T> *)gfdata)[pos];                                     \
                                          ^
/hppfs/scratch/0C/*****/test/Cactus/arrangements/Carpet/CarpetLib/src/typecase.hh:144:1: note: in expansion of macro ‘TYPECASE’
 TYPECASE(CCTK_VARIABLE_INT4, CCTK_INT4)
 ^~~~~~~~
/hppfs/scratch/0C/*****/test/Cactus/arrangements/Carpet/CarpetIOASCII/src/ioascii.cc:1457:20: error: ISO C++ forbids declaration of ‘type name’ with no type [-fpermissive]
     os << (*(const data<T> *)gfdata)[pos];                                     \
                    ^
/hppfs/scratch/0C/*****/test/Cactus/arrangements/Carpet/CarpetLib/src/typecase.hh:172:1: note: in expansion of macro ‘TYPECASE’
 TYPECASE(CCTK_VARIABLE_REAL8, CCTK_REAL8)
 ^~~~~~~~
/hppfs/scratch/0C/*****/test/Cactus/arrangements/Carpet/CarpetIOASCII/src/ioascii.cc:1457:14: error: expected primary-expression before ‘const’
     os << (*(const data<T> *)gfdata)[pos];                                     \
              ^
/hppfs/scratch/0C/*****/test/Cactus/arrangements/Carpet/CarpetLib/src/typecase.hh:172:1: note: in expansion of macro ‘TYPECASE’
 TYPECASE(CCTK_VARIABLE_REAL8, CCTK_REAL8)
 ^~~~~~~~
/hppfs/scratch/0C/*****/test/Cactus/arrangements/Carpet/CarpetIOASCII/src/ioascii.cc:1457:14: error: expected ‘)’ before ‘const’
     os << (*(const data<T> *)gfdata)[pos];                                     \
              ^
/hppfs/scratch/0C/*****/test/Cactus/arrangements/Carpet/CarpetLib/src/typecase.hh:172:1: note: in expansion of macro ‘TYPECASE’
 TYPECASE(CCTK_VARIABLE_REAL8, CCTK_REAL8)
 ^~~~~~~~
/hppfs/scratch/0C/*****/test/Cactus/arrangements/Carpet/CarpetIOASCII/src/ioascii.cc:1457:42: error: expected ‘)’ before ‘;’ token
     os << (*(const data<T> *)gfdata)[pos];                                     \
                                          ^
/hppfs/scratch/0C/*****/test/Cactus/arrangements/Carpet/CarpetLib/src/typecase.hh:172:1: note: in expansion of macro ‘TYPECASE’
 TYPECASE(CCTK_VARIABLE_REAL8, CCTK_REAL8)
 ^~~~~~~~
/hppfs/scratch/0C/*****/test/Cactus/arrangements/Carpet/CarpetIOASCII/src/ioascii.cc:1457:20: error: ISO C++ forbids declaration of ‘type name’ with no type [-fpermissive]
     os << (*(const data<T> *)gfdata)[pos];                                     \
                    ^
/hppfs/scratch/0C/*****/test/Cactus/arrangements/Carpet/CarpetLib/src/typecase.hh:195:1: note: in expansion of macro ‘TYPECASE’
 TYPECASE(CCTK_VARIABLE_COMPLEX16, CCTK_COMPLEX16)
 ^~~~~~~~
/hppfs/scratch/0C/*****/test/Cactus/arrangements/Carpet/CarpetIOASCII/src/ioascii.cc:1457:14: error: expected primary-expression before ‘const’
     os << (*(const data<T> *)gfdata)[pos];                                     \
              ^
/hppfs/scratch/0C/*****/test/Cactus/arrangements/Carpet/CarpetLib/src/typecase.hh:195:1: note: in expansion of macro ‘TYPECASE’
 TYPECASE(CCTK_VARIABLE_COMPLEX16, CCTK_COMPLEX16)
 ^~~~~~~~
/hppfs/scratch/0C/*****/test/Cactus/arrangements/Carpet/CarpetIOASCII/src/ioascii.cc:1457:14: error: expected ‘)’ before ‘const’
     os << (*(const data<T> *)gfdata)[pos];                                     \
              ^
/hppfs/scratch/0C/*****/test/Cactus/arrangements/Carpet/CarpetLib/src/typecase.hh:195:1: note: in expansion of macro ‘TYPECASE’
 TYPECASE(CCTK_VARIABLE_COMPLEX16, CCTK_COMPLEX16)
 ^~~~~~~~
/hppfs/scratch/0C/*****/test/Cactus/arrangements/Carpet/CarpetIOASCII/src/ioascii.cc:1457:42: error: expected ‘)’ before ‘;’ token
     os << (*(const data<T> *)gfdata)[pos];                                     \
                                          ^
/hppfs/scratch/0C/*****/test/Cactus/arrangements/Carpet/CarpetLib/src/typecase.hh:195:1: note: in expansion of macro ‘TYPECASE’
 TYPECASE(CCTK_VARIABLE_COMPLEX16, CCTK_COMPLEX16)
 ^~~~~~~~
/hppfs/scratch/0C/*****/test/Cactus/arrangements/Carpet/CarpetIOASCII/src/ioascii.cc: In instantiation of ‘void CarpetIOASCII::WriteASCII(std::ostream&, const std::vector<CarpetLib::gdata*>&, const CarpetLib::bbox<int, 3>&, int, int, const CarpetLib::vect<int, 3>&, const CarpetLib::vect<int, outdim>&, int, int, int, int, int, CCTK_REAL8, const CarpetLib::vect<double, 3>&, const CarpetLib::vect<double, 3>&, const std::vector<CarpetLib::gdata*>&) [with int outdim = 0; std::ostream = std::basic_ostream<char>; CCTK_REAL8 = double]’:
/hppfs/scratch/0C/*****/test/Cactus/arrangements/Carpet/CarpetIOASCII/src/ioascii.cc:1502:57:   required from here
/hppfs/scratch/0C/*****/test/Cactus/arrangements/Carpet/CarpetIOASCII/src/ioascii.cc:1351:28: warning: unused variable ‘gfcoord’ [-Wunused-variable]
               const gdata *gfcoord = gfcoords.at(d);
                            ^~~~~~~
/hppfs/scratch/0C/*****/test/Cactus/arrangements/Carpet/CarpetIOASCII/src/ioascii.cc:1357:24: warning: unused variable ‘gfdata’ [-Wunused-variable]
           const gdata *gfdata = gfdatas.at(n);
                        ^~~~~~
/hppfs/scratch/0C/*****/test/Cactus/arrangements/Carpet/CarpetIOASCII/src/ioascii.cc:1452:24: warning: unused variable ‘gfdata’ [-Wunused-variable]
           const gdata *gfdata = gfdatas.at(n);
                        ^~~~~~
/hppfs/scratch/0C/*****/test/Cactus/arrangements/Carpet/CarpetIOASCII/src/ioascii.cc: In instantiation of ‘void CarpetIOASCII::WriteASCII(std::ostream&, const std::vector<CarpetLib::gdata*>&, const CarpetLib::bbox<int, 3>&, int, int, const CarpetLib::vect<int, 3>&, const CarpetLib::vect<int, outdim>&, int, int, int, int, int, CCTK_REAL8, const CarpetLib::vect<double, 3>&, const CarpetLib::vect<double, 3>&, const std::vector<CarpetLib::gdata*>&) [with int outdim = 1; std::ostream = std::basic_ostream<char>; CCTK_REAL8 = double]’:
/hppfs/scratch/0C/*****/test/Cactus/arrangements/Carpet/CarpetIOASCII/src/ioascii.cc:1512:57:   required from here
/hppfs/scratch/0C/*****/test/Cactus/arrangements/Carpet/CarpetIOASCII/src/ioascii.cc:1351:28: warning: unused variable ‘gfcoord’ [-Wunused-variable]
               const gdata *gfcoord = gfcoords.at(d);
                            ^~~~~~~
/hppfs/scratch/0C/*****/test/Cactus/arrangements/Carpet/CarpetIOASCII/src/ioascii.cc:1357:24: warning: unused variable ‘gfdata’ [-Wunused-variable]
           const gdata *gfdata = gfdatas.at(n);
                        ^~~~~~
/hppfs/scratch/0C/*****/test/Cactus/arrangements/Carpet/CarpetIOASCII/src/ioascii.cc:1452:24: warning: unused variable ‘gfdata’ [-Wunused-variable]
           const gdata *gfdata = gfdatas.at(n);
                        ^~~~~~
/hppfs/scratch/0C/*****/test/Cactus/arrangements/Carpet/CarpetIOASCII/src/ioascii.cc: In instantiation of ‘void CarpetIOASCII::WriteASCII(std::ostream&, const std::vector<CarpetLib::gdata*>&, const CarpetLib::bbox<int, 3>&, int, int, const CarpetLib::vect<int, 3>&, const CarpetLib::vect<int, outdim>&, int, int, int, int, int, CCTK_REAL8, const CarpetLib::vect<double, 3>&, const CarpetLib::vect<double, 3>&, const std::vector<CarpetLib::gdata*>&) [with int outdim = 2; std::ostream = std::basic_ostream<char>; CCTK_REAL8 = double]’:
/hppfs/scratch/0C/*****/test/Cactus/arrangements/Carpet/CarpetIOASCII/src/ioascii.cc:1522:57:   required from here
/hppfs/scratch/0C/*****/test/Cactus/arrangements/Carpet/CarpetIOASCII/src/ioascii.cc:1351:28: warning: unused variable ‘gfcoord’ [-Wunused-variable]
               const gdata *gfcoord = gfcoords.at(d);
                            ^~~~~~~
/hppfs/scratch/0C/*****/test/Cactus/arrangements/Carpet/CarpetIOASCII/src/ioascii.cc:1357:24: warning: unused variable ‘gfdata’ [-Wunused-variable]
           const gdata *gfdata = gfdatas.at(n);
                        ^~~~~~
/hppfs/scratch/0C/*****/test/Cactus/arrangements/Carpet/CarpetIOASCII/src/ioascii.cc:1452:24: warning: unused variable ‘gfdata’ [-Wunused-variable]
           const gdata *gfdata = gfdatas.at(n);
                        ^~~~~~
/hppfs/scratch/0C/*****/test/Cactus/arrangements/Carpet/CarpetIOASCII/src/ioascii.cc: In instantiation of ‘void CarpetIOASCII::WriteASCII(std::ostream&, const std::vector<CarpetLib::gdata*>&, const CarpetLib::bbox<int, 3>&, int, int, const CarpetLib::vect<int, 3>&, const CarpetLib::vect<int, outdim>&, int, int, int, int, int, CCTK_REAL8, const CarpetLib::vect<double, 3>&, const CarpetLib::vect<double, 3>&, const std::vector<CarpetLib::gdata*>&) [with int outdim = 3; std::ostream = std::basic_ostream<char>; CCTK_REAL8 = double]’:
/hppfs/scratch/0C/*****/test/Cactus/arrangements/Carpet/CarpetIOASCII/src/ioascii.cc:1532:57:   required from here
/hppfs/scratch/0C/*****/test/Cactus/arrangements/Carpet/CarpetIOASCII/src/ioascii.cc:1351:28: warning: unused variable ‘gfcoord’ [-Wunused-variable]
               const gdata *gfcoord = gfcoords.at(d);
                            ^~~~~~~
/hppfs/scratch/0C/*****/test/Cactus/arrangements/Carpet/CarpetIOASCII/src/ioascii.cc:1357:24: warning: unused variable ‘gfdata’ [-Wunused-variable]
           const gdata *gfdata = gfdatas.at(n);
                        ^~~~~~
/hppfs/scratch/0C/*****/test/Cactus/arrangements/Carpet/CarpetIOASCII/src/ioascii.cc:1452:24: warning: unused variable ‘gfdata’ [-Wunused-variable]
           const gdata *gfdata = gfdatas.at(n);
                        ^~~~~~
make[3]: *** [ioascii.cc.o] Error 1
make[2]: *** [make.checked] Error 2
make[1]: *** [/hppfs/scratch/0C/*****/test/Cactus/configs/thc/lib/libthorn_CarpetIOASCII.a] Error 2
make: *** [thc] Error 2
