+ set -e
+ cd /panfs/ds06/sxs/rhaas/cactus/simulations/bns.mp.Frank.baiotti.lowres.cell.rk4.nooverlap.enovol2/output-0000-active
+ module list
++ /usr/bin/modulecmd bash list
Currently Loaded Modulefiles:
  1) intel/11.1.072                     9) python-pkg/2.6.5/numpy/1.3.0
  2) mkl/10.2.5.035                    10) python-pkg/2.6.5/scipy/0.7.1
  3) openmpi/1.4.1-intel               11) python-pkg/2.6.5/h5py/2.0.1
  4) HDF5/1.8.5                        12) totalview/8.8
  5) fftw3/3.2.2                       13) qt/4.6.2
  6) gsl/1.15-gcc                      14) paraview/3.8.1
  7) petsc/3.1-p4-openmpi-1.4.1-intel  15) grace/5.1.22
  8) python/2.6.5                      16) visit/2.4.0
+ eval
+ echo Checking:
+ pwd
+ hostname
+ date
+ cat /var/spool/torque/aux//102142.maestro
+ echo Environment:
+ export CACTUS_NUM_PROCS=24
+ CACTUS_NUM_PROCS=24
+ export CACTUS_NUM_THREADS=6
+ CACTUS_NUM_THREADS=6
+ export GMON_OUT_PREFIX=gmon.out
+ GMON_OUT_PREFIX=gmon.out
+ export OMP_NUM_THREADS=6
+ OMP_NUM_THREADS=6
+ export OPENMPI_DIR=/home/cott/opt/openmpi-1.4.2-intel11.1
+ OPENMPI_DIR=/home/cott/opt/openmpi-1.4.2-intel11.1
+ env
+ sort
+ echo Starting:
++ date +%s
+ export CACTUS_STARTTIME=1348970697
+ CACTUS_STARTTIME=1348970697
+ bind=--bind-to-socket
+ /home/cott/opt/openmpi-1.4.2-intel11.1/bin/mpirun --bind-to-socket -np 24 -cpus-per-proc 6 /panfs/ds06/sxs/rhaas/cactus/simulations/bns.mp.Frank.baiotti.lowres.cell.rk4.nooverlap.enovol2/SIMFACTORY/exe/cactus_bns_all -L 3 /panfs/ds06/sxs/rhaas/cactus/simulations/bns.mp.Frank.baiotti.lowres.cell.rk4.nooverlap.enovol2/output-0000/bns.mp.Frank.baiotti.lowres.cell.rk4.nooverlap.enovol.par
WARNING level 1 in thorn Hydro_Analysis processor 1 host zwicky114
  (line 133 of /panfs/ds06/sxs/rhaas/zwicky/cactus/Zelmani/arrangements/Zelmani/Hydro_Analysis/src/Hydro_Analysis.c): 
  -> Found more than one identical maximum on single processor.
WARNING level 1 in thorn Hydro_Analysis processor 22 host zwicky016
  (line 133 of /panfs/ds06/sxs/rhaas/zwicky/cactus/Zelmani/arrangements/Zelmani/Hydro_Analysis/src/Hydro_Analysis.c): 
  -> Found more than one identical maximum on single processor.
WARNING level 1 in thorn Hydro_Analysis processor 19 host zwicky032
  (line 133 of /panfs/ds06/sxs/rhaas/zwicky/cactus/Zelmani/arrangements/Zelmani/Hydro_Analysis/src/Hydro_Analysis.c): 
  -> Found more than one identical maximum on single processor.
WARNING level 1 in thorn Hydro_Analysis processor 4 host zwicky106
  (line 133 of /panfs/ds06/sxs/rhaas/zwicky/cactus/Zelmani/arrangements/Zelmani/Hydro_Analysis/src/Hydro_Analysis.c): 
  -> Found more than one identical maximum on single processor.
WARNING level 1 in thorn Hydro_Analysis processor 1 host zwicky114
  (line 199 of /panfs/ds06/sxs/rhaas/zwicky/cactus/Zelmani/arrangements/Zelmani/Hydro_Analysis/src/Hydro_Analysis.c): 
  -> Found more than one (8) identical maximum, using average location (15.2812,0,0).
WARNING level 1 in thorn Hydro_Analysis processor 0 host zwicky114
  (line 199 of /panfs/ds06/sxs/rhaas/zwicky/cactus/Zelmani/arrangements/Zelmani/Hydro_Analysis/src/Hydro_Analysis.c): 
  -> Found more than one (8) identical maximum, using average location (15.2812,0,0).
WARNING level 1 in thorn Hydro_Analysis processor 22 host zwicky016
  (line 199 of /panfs/ds06/sxs/rhaas/zwicky/cactus/Zelmani/arrangements/Zelmani/Hydro_Analysis/src/Hydro_Analysis.c): 
  -> WARNING level 1 in thorn Hydro_Analysis processor 19 host zwicky032
  (line 199 of /panfs/ds06/sxs/rhaas/zwicky/cactus/Zelmani/arrangements/Zelmani/Hydro_Analysis/src/Hydro_Analysis.c): 
  -> Found more than one (8) identical maximum, using average location (15.2812,0,0).
WARNING level 1 in thorn Hydro_Analysis processor 23 host zwicky016
  (line 199 of /panfs/ds06/sxs/rhaas/zwicky/cactus/Zelmani/arrangements/Zelmani/Hydro_Analysis/src/Hydro_Analysis.c): 
  -> Found more than one (8) identical maximum, using average location (15.2812,0,0).
WARNING level 1 in thorn Hydro_Analysis processor 18 host zwicky032
  (line 199 of /panfs/ds06/sxs/rhaas/zwicky/cactus/Zelmani/arrangements/Zelmani/Hydro_Analysis/src/Hydro_Analysis.c): 
  -> Found more than one (8) identical maximum, using average location (15.2812,0,0).
WARNING level 1 in thorn Hydro_Analysis processor 14 host zwicky047
  (line 199 of /panfs/ds06/sxs/rhaas/zwicky/cactus/Zelmani/arrangements/Zelmani/Hydro_Analysis/src/Hydro_Analysis.c): 
  -> Found more than one (8) identical maximum, using average location (15.2812,0,0).
Found more than one (8) identical maximum, using average location (15.2812,0,0).
WARNING level 1 in thorn Hydro_Analysis processor 2 host zwicky109
  (line 199 of /panfs/ds06/sxs/rhaas/zwicky/cactus/Zelmani/arrangements/Zelmani/Hydro_Analysis/src/Hydro_Analysis.c): 
  -> Found more than one (8) identical maximum, using average location (15.2812,0,0).
WARNING level 1 in thorn Hydro_Analysis processor 16 host zwicky042
  (line 199 of /panfs/ds06/sxs/rhaas/zwicky/cactus/Zelmani/arrangements/Zelmani/Hydro_Analysis/src/Hydro_Analysis.c): 
  -> Found more than one (8) identical maximum, using average location (15.2812,0,0).
WARNING level 1 in thorn Hydro_Analysis processor 10 host zwicky049
  (line 199 of /panfs/ds06/sxs/rhaas/zwicky/cactus/Zelmani/arrangements/Zelmani/Hydro_Analysis/src/Hydro_Analysis.c): 
  -> Found more than one (8) identical maximum, using average location (15.2812,0,0).
WARNING level 1 in thorn Hydro_Analysis processor 12 host zwicky048
  (line 199 of /panfs/ds06/sxs/rhaas/zwicky/cactus/Zelmani/arrangements/Zelmani/Hydro_Analysis/src/Hydro_Analysis.c): 
  -> Found more than one (8) identical maximum, using average location (15.2812,0,0).
WARNING level 1 in thorn Hydro_Analysis processor 6 host zwicky098
  (line 199 of /panfs/ds06/sxs/rhaas/zwicky/cactus/Zelmani/arrangements/Zelmani/Hydro_Analysis/src/Hydro_Analysis.c): 
  ->WARNING level 1 in thorn Hydro_Analysis processor 8 host zwicky060
  (line 199 of /panfs/ds06/sxs/rhaas/zwicky/cactus/Zelmani/arrangements/Zelmani/Hydro_Analysis/src/Hydro_Analysis.c): 
  -> Found more than one (8) identical maximum, using average location (15.2812,0,0).
WARNING level 1 in thorn Hydro_Analysis processor 20 host zwicky019
  (line 199 of /panfs/ds06/sxs/rhaas/zwicky/cactus/Zelmani/arrangements/Zelmani/Hydro_Analysis/src/Hydro_Analysis.c): 
  -> Found more than one (8) identical maximum, using average location (15.2812,0,0).
WARNING level 1 in thorn Hydro_Analysis processor 15 host zwicky047
  (line 199 of /panfs/ds06/sxs/rhaas/zwicky/cactus/Zelmani/arrangements/Zelmani/Hydro_Analysis/src/Hydro_Analysis.c): 
  -> Found more than one (8) identical maximum, using average location (15.2812,0,0).
WARNING level 1 in thorn Hydro_Analysis processor 3 host zwicky109
  (line 199 of /panfs/ds06/sxs/rhaas/zwicky/cactus/Zelmani/arrangements/Zelmani/Hydro_Analysis/src/Hydro_Analysis.c): 
  -> Found more than one (8) identical maximum, using average location (15.2812,0,0).
WARNING level 1 in thorn Hydro_Analysis processor 17 host zwicky042
  (line 199 of /panfs/ds06/sxs/rhaas/zwicky/cactus/Zelmani/arrangements/Zelmani/Hydro_Analysis/src/Hydro_Analysis.c): 
  -> Found more than one (8) identical maximum, using average location (15.2812,0,0).
WARNING level 1 in thorn Hydro_Analysis processor 11 host zwicky049
  (line 199 of /panfs/ds06/sxs/rhaas/zwicky/cactus/Zelmani/arrangements/Zelmani/Hydro_Analysis/src/Hydro_Analysis.c): 
  -> Found more than one (8) identical maximum, using average location (15.2812,0,0).
WARNING level 1 in thorn Hydro_Analysis processor 13 host zwicky048
  (line 199 of /panfs/ds06/sxs/rhaas/zwicky/cactus/Zelmani/arrangements/Zelmani/Hydro_Analysis/src/Hydro_Analysis.c): 
  -> Found more than one (8) identical maximum, using average location (15.2812,0,0).
WARNING level 1 in thorn Hydro_Analysis processor 7 host zwicky098
  (line 199 of /panfs/ds06/sxs/rhaas/zwicky/cactus/Zelmani/arrangements/Zelmani/Hydro_Analysis/src/Hydro_Analysis.c): 
  -> Found more than one (8) identical maximum, using average location (15.2812,0,0).
WARNING level 1 in thorn Hydro_Analysis processor 9 host zwicky060
  (line 199 of /panfs/ds06/sxs/rhaas/zwicky/cactus/Zelmani/arrangements/Zelmani/Hydro_Analysis/src/Hydro_Analysis.c): 
  -> Found more than one (8) identical maximum, using average location (15.2812,0,0).
WARNING level 1 in thorn Hydro_Analysis processor 21 host zwicky019
  (line 199 of /panfs/ds06/sxs/rhaas/zwicky/cactus/Zelmani/arrangements/Zelmani/Hydro_Analysis/src/Hydro_Analysis.c): 
  -> Found more than one (8) identical maximum, using average location (15.2812,0,0).
 Found more than one (8) identical maximum, using average location (15.2812,0,0).
WARNING level 1 in thorn Hydro_Analysis processor 4 host zwicky106
  (line 199 of /panfs/ds06/sxs/rhaas/zwicky/cactus/Zelmani/arrangements/Zelmani/Hydro_Analysis/src/Hydro_Analysis.c): 
  -> Found more than one (8) identical maximum, using average location (15.2812,0,0).
WARNING level 1 in thorn Hydro_Analysis processor 5 host zwicky106
  (line 199 of /panfs/ds06/sxs/rhaas/zwicky/cactus/Zelmani/arrangements/Zelmani/Hydro_Analysis/src/Hydro_Analysis.c): 
  -> Found more than one (8) identical maximum, using average location (15.2812,0,0).
WARNING level 0 in thorn CarpetRegrid2 processor 0 host zwicky114
  (line 44 of /panfs/ds06/sxs/rhaas/zwicky/cactus/Zelmani/arrangements/Carpet/CarpetRegrid2/src/property.cc): 
  -> Property does not hold after being enforced
WARNING level 0 in thorn CarpetRegrid2 processor 1 host zwicky114
  (line 44 of /panfs/ds06/sxs/rhaas/zwicky/cactus/Zelmani/arrangements/Carpet/CarpetRegrid2/src/property.cc): 
  -> Property does not hold after being enforced
WARNING level 0 in thorn CarpetRegrid2 processor 22 host zwicky016
  (line 44 of /panfs/ds06/sxs/rhaas/zwicky/cactus/Zelmani/arrangements/Carpet/CarpetRegrid2/src/property.cc): 
  -> Property does not hold after being enforced
WARNING level 0 in thorn CarpetRegrid2 processor 18 host zwicky032
  (line 44 of /panfs/ds06/sxs/rhaas/zwicky/cactus/Zelmani/arrangements/Carpet/CarpetRegrid2/src/property.cc): 
  -> Property does not hold after being enforced
WARNING level 0 in thorn CarpetRegrid2 processor 20 host zwicky019
  (line 44 of /panfs/ds06/sxs/rhaas/zwicky/cactus/Zelmani/arrangements/Carpet/CarpetRegrid2/src/property.cc): 
  -> Property does not hold after being enforced
WARNING level 0 in thorn CarpetRegrid2 processor 19 host zwicky032
  (line 44 of /panfs/ds06/sxs/rhaas/zwicky/cactus/Zelmani/arrangements/Carpet/CarpetRegrid2/src/property.cc): 
  -> Property does not hold after being enforced
WARNING level 0 in thorn CarpetRegrid2 processor 10 host zwicky049
  (line 44 of /panfs/ds06/sxs/rhaas/zwicky/cactus/Zelmani/arrangements/Carpet/CarpetRegrid2/src/property.cc): 
  -> Property does not hold after being enforced
WARNING level 0 in thorn CarpetRegrid2 processor 12 host zwicky048
  (line 44 of /panfs/ds06/sxs/rhaas/zwicky/cactus/Zelmani/arrangements/Carpet/CarpetRegrid2/src/property.cc): 
  -> Property does not hold after being enforced
WARNING level 0 in thorn CarpetRegrid2 processor 6 host zwicky098
  (line 44 of /panfs/ds06/sxs/rhaas/zwicky/cactus/Zelmani/arrangements/Carpet/CarpetRegrid2/src/property.cc): 
  -> Property does not hold after being enforced
WARNING level 0 in thorn CarpetRegrid2 processor 8 host zwicky060
  (line 44 of /panfs/ds06/sxs/rhaas/zwicky/cactus/Zelmani/arrangements/Carpet/CarpetRegrid2/src/property.cc): 
  -> Property does not hold after being enforced
WARNING level 0 in thorn CarpetRegrid2 processor 21 host zwicky019
  (line 44 of /panfs/ds06/sxs/rhaas/zwicky/cactus/Zelmani/arrangements/Carpet/CarpetRegrid2/src/property.cc): 
  -> Property does not hold after being enforced
WARNING level 0 in thorn CarpetRegrid2 processor 14 host zwicky047
  (line 44 of /panfs/ds06/sxs/rhaas/zwicky/cactus/Zelmani/arrangements/Carpet/CarpetRegrid2/src/property.cc): 
  -> Property does not hold after being enforced
WARNING level 0 in thorn CarpetRegrid2 processor 3 host zwicky109
  (line 44 of /panfs/ds06/sxs/rhaas/zwicky/cactus/Zelmani/arrangements/Carpet/CarpetRegrid2/src/property.cc): 
  -> Property does not hold after being enforced
WARNING level 0 in thorn CarpetRegrid2 processor 11 host zwicky049
  (line 44 of /panfs/ds06/sxs/rhaas/zwicky/cactus/Zelmani/arrangements/Carpet/CarpetRegrid2/src/property.cc): 
  -> Property does not hold after being enforced
WARNING level 0 in thorn CarpetRegrid2 processor 13 host zwicky048
  (line 44 of /panfs/ds06/sxs/rhaas/zwicky/cactus/Zelmani/arrangements/Carpet/CarpetRegrid2/src/property.cc): 
  -> Property does not hold after being enforced
WARNING level 0 in thorn CarpetRegrid2 processor 15 host zwicky047
  (line 44 of /panfs/ds06/sxs/rhaas/zwicky/cactus/Zelmani/arrangements/Carpet/CarpetRegrid2/src/property.cc): 
  -> Property does not hold after being enforced
WARNING level 0 in thorn CarpetRegrid2 processor 9 host zwicky060
  (line 44 of /panfs/ds06/sxs/rhaas/zwicky/cactus/Zelmani/arrangements/Carpet/CarpetRegrid2/src/property.cc): 
  -> Property does not hold after being enforced
WARNING level 0 in thorn CarpetRegrid2 processor 23 host zwicky016
  (line 44 of /panfs/ds06/sxs/rhaas/zwicky/cactus/Zelmani/arrangements/Carpet/CarpetRegrid2/src/property.cc): 
  -> Property does not hold after being enforced
WARNING level 0 in thorn CarpetRegrid2 processor 7 host zwicky098
  (line 44 of /panfs/ds06/sxs/rhaas/zwicky/cactus/Zelmani/arrangements/Carpet/CarpetRegrid2/src/property.cc): 
  -> Property does not hold after being enforced
WARNING level 0 in thorn CarpetRegrid2 processor 16 host zwicky042
  (line 44 of /panfs/ds06/sxs/rhaas/zwicky/cactus/Zelmani/arrangements/Carpet/CarpetRegrid2/src/property.cc): 
  -> Property does not hold after being enforced
WARNING level 0 in thorn CarpetRegrid2 processor 2 host zwicky109
  (line 44 of /panfs/ds06/sxs/rhaas/zwicky/cactus/Zelmani/arrangements/Carpet/CarpetRegrid2/src/property.cc): 
  -> Property does not hold after being enforced
WARNING level 0 in thorn CarpetRegrid2 processor 17 host zwicky042
  (line 44 of /panfs/ds06/sxs/rhaas/zwicky/cactus/Zelmani/arrangements/Carpet/CarpetRegrid2/src/property.cc): 
  -> Property does not hold after being enforced
WARNING level 0 in thorn CarpetRegrid2 processor 4 host zwicky106
  (line 44 of /panfs/ds06/sxs/rhaas/zwicky/cactus/Zelmani/arrangements/Carpet/CarpetRegrid2/src/property.cc): 
  -> Property does not hold after being enforced
WARNING level 0 in thorn CarpetRegrid2 processor 5 host zwicky106
  (line 44 of /panfs/ds06/sxs/rhaas/zwicky/cactus/Zelmani/arrangements/Carpet/CarpetRegrid2/src/property.cc): 
  -> Property does not hold after being enforced
--------------------------------------------------------------------------
MPI_ABORT was invoked on rank 22 in communicator MPI_COMM_WORLD 
with errorcode 0.

NOTE: invoking MPI_ABORT causes Open MPI to kill all MPI processes.
You may or may not see output from other processes, depending on
exactly when Open MPI kills them.
--------------------------------------------------------------------------
--------------------------------------------------------------------------
mpirun has exited due to process rank 10 with PID 23257 on
node zwicky049 exiting without calling "finalize". This may
have caused other processes in the application to be
terminated by signals sent by mpirun (as reported here).
--------------------------------------------------------------------------
[zwicky114:04224] 23 more processes have sent help message help-mpi-api.txt / mpi-abort
[zwicky114:04224] Set MCA parameter "orte_base_help_aggregate" to 0 to see all help / error messages
