+ set -e
+ cd /home/himanshu/simulations/test_13/output-0000-active
+ echo Checking:
+ pwd
+ hostname
+ date
+ cat /home/himanshu/Backup/Cactus/datanodes
+ echo Environment:
+ export CACTUS_NUM_PROCS=60
+ CACTUS_NUM_PROCS=60
+ export CACTUS_NUM_THREADS=1
+ CACTUS_NUM_THREADS=1
+ export GMON_OUT_PREFIX=gmon.out
+ GMON_OUT_PREFIX=gmon.out
+ export OMP_NUM_THREADS=1
+ OMP_NUM_THREADS=1
+ sort
+ env
+ echo 'Starting: ModernFamily'
++ date +%s
+ export CACTUS_STARTTIME=1456844203
+ CACTUS_STARTTIME=1456844203
+ mpirun -np 60 -hostfile /home/himanshu/Backup/Cactus/datanodes /home/himanshu/simulations/test_13/SIMFACTORY/exe/cactus_sim -L 3 /home/himanshu/simulations/test_13/output-0000/gaussian.par
Warning: Permanently added 'cn03,172.22.2.233' (RSA) to the list of known hosts.
Warning: Permanently added 'cn01,172.22.2.231' (RSA) to the list of known hosts.
Warning: Permanently added 'cn02,172.22.2.232' (RSA) to the list of known hosts.
/home/himanshu/simulations/test_13/SIMFACTORY/exe/cactus_sim: error while loading shared libraries: libhdf5hl_fortran.so.7: cannot open shared object file: No such file or directory
/home/himanshu/simulations/test_13/SIMFACTORY/exe/cactus_sim: error while loading shared libraries: libhdf5hl_fortran.so.7: cannot open shared object file: No such file or directory
/home/himanshu/simulations/test_13/SIMFACTORY/exe/cactus_sim: error while loading shared libraries: libhdf5hl_fortran.so.7: cannot open shared object file: No such file or directory
/home/himanshu/simulations/test_13/SIMFACTORY/exe/cactus_sim: error while loading shared libraries: libhdf5hl_fortran.so.7: cannot open shared object file: No such file or directory
/home/himanshu/simulations/test_13/SIMFACTORY/exe/cactus_sim: error while loading shared libraries: libhdf5hl_fortran.so.7: cannot open shared object file: No such file or directory
/home/himanshu/simulations/test_13/SIMFACTORY/exe/cactus_sim: error while loading shared libraries: libhdf5hl_fortran.so.7: cannot open shared object file: No such file or directory
/home/himanshu/simulations/test_13/SIMFACTORY/exe/cactus_sim: error while loading shared libraries: libhdf5hl_fortran.so.7: cannot open shared object file: No such file or directory
/home/himanshu/simulations/test_13/SIMFACTORY/exe/cactus_sim: error while loading shared libraries: libhdf5hl_fortran.so.7: cannot open shared object file: No such file or directory
/home/himanshu/simulations/test_13/SIMFACTORY/exe/cactus_sim: error while loading shared libraries: libhdf5hl_fortran.so.7: cannot open shared object file: No such file or directory
/home/himanshu/simulations/test_13/SIMFACTORY/exe/cactus_sim: error while loading shared libraries: libhdf5hl_fortran.so.7: cannot open shared object file: No such file or directory
/home/himanshu/simulations/test_13/SIMFACTORY/exe/cactus_sim: error while loading shared libraries: libhdf5hl_fortran.so.7: cannot open shared object file: No such file or directory
/home/himanshu/simulations/test_13/SIMFACTORY/exe/cactus_sim: error while loading shared libraries: libhdf5hl_fortran.so.7: cannot open shared object file: No such file or directory
/home/himanshu/simulations/test_13/SIMFACTORY/exe/cactus_sim: error while loading shared libraries: libhdf5hl_fortran.so.7: cannot open shared object file: No such file or directory
/home/himanshu/simulations/test_13/SIMFACTORY/exe/cactus_sim: error while loading shared libraries: libhdf5hl_fortran.so.7: cannot open shared object file: No such file or directory
/home/himanshu/simulations/test_13/SIMFACTORY/exe/cactus_sim: error while loading shared libraries: libhdf5hl_fortran.so.7: cannot open shared object file: No such file or directory
/home/himanshu/simulations/test_13/SIMFACTORY/exe/cactus_sim: error while loading shared libraries: libhdf5hl_fortran.so.7: cannot open shared object file: No such file or directory
/home/himanshu/simulations/test_13/SIMFACTORY/exe/cactus_sim: error while loading shared libraries: libhdf5hl_fortran.so.7: cannot open shared object file: No such file or directory
/home/himanshu/simulations/test_13/SIMFACTORY/exe/cactus_sim: error while loading shared libraries: libhdf5hl_fortran.so.7: cannot open shared object file: No such file or directory
/home/himanshu/simulations/test_13/SIMFACTORY/exe/cactus_sim: error while loading shared libraries: libhdf5hl_fortran.so.7: cannot open shared object file: No such file or directory
/home/himanshu/simulations/test_13/SIMFACTORY/exe/cactus_sim: error while loading shared libraries: libhdf5hl_fortran.so.7: cannot open shared object file: No such file or directory
/home/himanshu/simulations/test_13/SIMFACTORY/exe/cactus_sim: error while loading shared libraries: libhdf5hl_fortran.so.7: cannot open shared object file: No such file or directory
/home/himanshu/simulations/test_13/SIMFACTORY/exe/cactus_sim: error while loading shared libraries: libhdf5hl_fortran.so.7: cannot open shared object file: No such file or directory
/home/himanshu/simulations/test_13/SIMFACTORY/exe/cactus_sim: error while loading shared libraries: libhdf5hl_fortran.so.7: cannot open shared object file: No such file or directory
/home/himanshu/simulations/test_13/SIMFACTORY/exe/cactus_sim: error while loading shared libraries: libhdf5hl_fortran.so.7: cannot open shared object file: No such file or directory
/home/himanshu/simulations/test_13/SIMFACTORY/exe/cactus_sim: error while loading shared libraries: libhdf5hl_fortran.so.7: cannot open shared object file: No such file or directory
/home/himanshu/simulations/test_13/SIMFACTORY/exe/cactus_sim: error while loading shared libraries: libhdf5hl_fortran.so.7: cannot open shared object file: No such file or directory
/home/himanshu/simulations/test_13/SIMFACTORY/exe/cactus_sim: error while loading shared libraries: libhdf5hl_fortran.so.7: cannot open shared object file: No such file or directory
/home/himanshu/simulations/test_13/SIMFACTORY/exe/cactus_sim: error while loading shared libraries: libhdf5hl_fortran.so.7: cannot open shared object file: No such file or directory
/home/himanshu/simulations/test_13/SIMFACTORY/exe/cactus_sim: error while loading shared libraries: libhdf5hl_fortran.so.7: cannot open shared object file: No such file or directory
/home/himanshu/simulations/test_13/SIMFACTORY/exe/cactus_sim: error while loading shared libraries: libhdf5hl_fortran.so.7: cannot open shared object file: No such file or directory
/home/himanshu/simulations/test_13/SIMFACTORY/exe/cactus_sim: error while loading shared libraries: libhdf5hl_fortran.so.7: cannot open shared object file: No such file or directory
/home/himanshu/simulations/test_13/SIMFACTORY/exe/cactus_sim: error while loading shared libraries: libhdf5hl_fortran.so.7: cannot open shared object file: No such file or directory
/home/himanshu/simulations/test_13/SIMFACTORY/exe/cactus_sim: error while loading shared libraries: libhdf5hl_fortran.so.7: cannot open shared object file: No such file or directory
/home/himanshu/simulations/test_13/SIMFACTORY/exe/cactus_sim: error while loading shared libraries: libhdf5hl_fortran.so.7: cannot open shared object file: No such file or directory
/home/himanshu/simulations/test_13/SIMFACTORY/exe/cactus_sim: error while loading shared libraries: libhdf5hl_fortran.so.7: cannot open shared object file: No such file or directory
/home/himanshu/simulations/test_13/SIMFACTORY/exe/cactus_sim: error while loading shared libraries: libhdf5hl_fortran.so.7: cannot open shared object file: No such file or directory
/home/himanshu/simulations/test_13/SIMFACTORY/exe/cactus_sim: error while loading shared libraries: libhdf5hl_fortran.so.7: cannot open shared object file: No such file or directory
/home/himanshu/simulations/test_13/SIMFACTORY/exe/cactus_sim: error while loading shared libraries: libhdf5hl_fortran.so.7: cannot open shared object file: No such file or directory
/home/himanshu/simulations/test_13/SIMFACTORY/exe/cactus_sim: error while loading shared libraries: libhdf5hl_fortran.so.7: cannot open shared object file: No such file or directory
/home/himanshu/simulations/test_13/SIMFACTORY/exe/cactus_sim: error while loading shared libraries: libhdf5hl_fortran.so.7: cannot open shared object file: No such file or directory
/home/himanshu/simulations/test_13/SIMFACTORY/exe/cactus_sim: error while loading shared libraries: libhdf5hl_fortran.so.7: cannot open shared object file: No such file or directory
/home/himanshu/simulations/test_13/SIMFACTORY/exe/cactus_sim: error while loading shared libraries: libhdf5hl_fortran.so.7: cannot open shared object file: No such file or directory
/home/himanshu/simulations/test_13/SIMFACTORY/exe/cactus_sim: error while loading shared libraries: libhdf5hl_fortran.so.7: cannot open shared object file: No such file or directory
/home/himanshu/simulations/test_13/SIMFACTORY/exe/cactus_sim: error while loading shared libraries: libhdf5hl_fortran.so.7: cannot open shared object file: No such file or directory
/home/himanshu/simulations/test_13/SIMFACTORY/exe/cactus_sim: error while loading shared libraries: libhdf5hl_fortran.so.7: cannot open shared object file: No such file or directory
/home/himanshu/simulations/test_13/SIMFACTORY/exe/cactus_sim: error while loading shared libraries: libhdf5hl_fortran.so.7: cannot open shared object file: No such file or directory
/home/himanshu/simulations/test_13/SIMFACTORY/exe/cactus_sim: error while loading shared libraries: libhdf5hl_fortran.so.7: cannot open shared object file: No such file or directory
/home/himanshu/simulations/test_13/SIMFACTORY/exe/cactus_sim: error while loading shared libraries: libhdf5hl_fortran.so.7: cannot open shared object file: No such file or directory
/home/himanshu/simulations/test_13/SIMFACTORY/exe/cactus_sim: error while loading shared libraries: libhdf5hl_fortran.so.7: cannot open shared object file: No such file or directory
/home/himanshu/simulations/test_13/SIMFACTORY/exe/cactus_sim: error while loading shared libraries: libhdf5hl_fortran.so.7: cannot open shared object file: No such file or directory
/home/himanshu/simulations/test_13/SIMFACTORY/exe/cactus_sim: error while loading shared libraries: libhdf5hl_fortran.so.7: cannot open shared object file: No such file or directory
/home/himanshu/simulations/test_13/SIMFACTORY/exe/cactus_sim: error while loading shared libraries: libhdf5hl_fortran.so.7: cannot open shared object file: No such file or directory
/home/himanshu/simulations/test_13/SIMFACTORY/exe/cactus_sim: error while loading shared libraries: libhdf5hl_fortran.so.7: cannot open shared object file: No such file or directory
/home/himanshu/simulations/test_13/SIMFACTORY/exe/cactus_sim: error while loading shared libraries: libhdf5hl_fortran.so.7: cannot open shared object file: No such file or directory
/home/himanshu/simulations/test_13/SIMFACTORY/exe/cactus_sim: error while loading shared libraries: libhdf5hl_fortran.so.7: cannot open shared object file: No such file or directory
/home/himanshu/simulations/test_13/SIMFACTORY/exe/cactus_sim: error while loading shared libraries: libhdf5hl_fortran.so.7: cannot open shared object file: No such file or directory
/home/himanshu/simulations/test_13/SIMFACTORY/exe/cactus_sim: error while loading shared libraries: libhdf5hl_fortran.so.7: cannot open shared object file: No such file or directory
/home/himanshu/simulations/test_13/SIMFACTORY/exe/cactus_sim: error while loading shared libraries: libhdf5hl_fortran.so.7: cannot open shared object file: No such file or directory
/home/himanshu/simulations/test_13/SIMFACTORY/exe/cactus_sim: error while loading shared libraries: libhdf5hl_fortran.so.7: cannot open shared object file: No such file or directory
/home/himanshu/simulations/test_13/SIMFACTORY/exe/cactus_sim: error while loading shared libraries: libhdf5hl_fortran.so.7: cannot open shared object file: No such file or directory
