Simulation name: schwarzschildADM
Running simulation schwarzschildADM
Preparing:
Checking:
/root/simulations/schwarzschildADM/output-0000-active
CAMPC
mar may 10 16:45:20 COT 2016
Environment:
Starting:
INFO (Cactus): Increasing logging level from 0 to 3
--------------------------------------------------------------------------------

       10                                  
  1   0101       ************************  
  01  1010 10      The Cactus Code V4.2.3    
 1010 1101 011      www.cactuscode.org     
  1001 100101    ************************  
    00010101                               
     100011     (c) Copyright The Authors  
      0100      GNU Licensed. No Warranty  
      0101                                 
--------------------------------------------------------------------------------

Cactus version:    4.2.3
Compile date:      Apr 18 2016 (17:14:30)
Run date:          May 10 2016 (16:45:20-0500)
Run host:          CAMPC (pid=4188)
Working directory: /root/simulations/schwarzschildADM/output-0000
Executable:        /root/simulations/schwarzschildADM/SIMFACTORY/exe/cactus_sim
Parameter file:    /root/simulations/schwarzschildADM/output-0000/schwarzschildADM.par
--------------------------------------------------------------------------------

Activating thorn Cactus...Success -> active implementation Cactus
Activation requested for 
--->MoL ADMBase ADMAnalysis ADMMacros ADMConstraints ADMCoupling TmunuBase Boundary CartGrid3D CoordBase CoordGauge SymBase StaticConformal IDanalyticBH IOBasic IOUtil IOASCII PUGH PUGHreduce PUGHslab Time LocalReduce SpaceMask MPI hwloc zlib <---
Error: Thorn ADMConstraints not found
Activation failed - 1 errors in activation sequence
[1mWARNING level 0 from host CAMPC process 0
  while executing schedule bin (none), routine (no thorn)::(no routine)
  in thorn Cactus, file /home/campc/Cactus/src/main/SetParams.c:93:
  ->[0m CCTKi_SetParameter: Error at line 8 in parameter file /root/simulations/schwarzschildADM/output-0000/schwarzschildADM.par while activating thorns
mar may 10 16:45:25 COT 2016
Simfactory Done at date: 0
