Cactus - version: 4.1.1
Building configuration sim
Checking status of thorn Boundary
Checking status of thorn CoordBase
Checking status of thorn CartGrid3D
Checking status of thorn ADM
Checking status of thorn ADMAnalysis
Checking status of thorn ADMBase
Checking status of thorn SpaceMask
Checking status of thorn ADMConstraints
Checking status of thorn ADMCoupling
Checking status of thorn ADMMacros
Checking status of thorn ADMMass
Checking status of thorn AEILocalInterp
Checking status of thorn AHFinder
Checking status of thorn MPI
Checking status of thorn zlib
Checking status of thorn HDF5
Checking status of thorn AHFinderDirect
Checking status of thorn BLAS
Checking status of thorn Fortran
Checking status of thorn CalcK
Checking status of thorn CycleClock
Checking status of thorn Vectors
Checking status of thorn hwloc
Checking status of thorn LoopControl
Checking status of thorn CarpetLib
Checking status of thorn IOUtil
Checking status of thorn Carpet
Checking status of thorn CarpetEvolutionMask
Checking status of thorn CarpetIOASCII
Checking status of thorn CarpetIOBasic
Checking status of thorn CarpetIOHDF5
Checking status of thorn CarpetIOScalar
Checking status of thorn CarpetInterp
Checking status of thorn CarpetInterp2
Checking status of thorn CarpetMask
Checking status of thorn CarpetReduce
Checking status of thorn CarpetRegrid
Checking status of thorn CarpetRegrid2
Checking status of thorn CarpetSlab
Checking status of thorn CarpetTracker
Checking status of thorn Cartoon2D
Checking status of thorn Constants
Checking status of thorn CoordGauge
Checking status of thorn SphericalSurface
Checking status of thorn Dissipation
Checking status of thorn DistortedBHIVP
Checking status of thorn EHFinder
Checking status of thorn EOS_Base
Checking status of thorn EOS_Polytrope
Checking status of thorn EOS_Hybrid
Checking status of thorn EOS_IdealFluid
Checking status of thorn EOS_Omni
Checking status of thorn EinsteinExact_Test
Checking status of thorn EllBase
Checking status of thorn EllSOR
Checking status of thorn Exact
Checking status of thorn Extract
Checking status of thorn FFTW3
Checking status of thorn Formaline
Checking status of thorn GRHydro
Checking status of thorn GRHydro_InitData
Checking status of thorn GSL
Checking status of thorn GenericFD
Checking status of thorn GaugeWave
Checking status of thorn Socket
Checking status of thorn HTTPD
Checking status of thorn HTTPDExtra
Checking status of thorn HydroBase
Checking status of thorn Hydro_Analysis
Checking status of thorn Hydro_InitExcision
Checking status of thorn IDAnalyticBH
Checking status of thorn IDAxiBrillBH
Checking status of thorn IDAxiOddBrillBH
Checking status of thorn IDBrillData
Checking status of thorn IDConstraintViolate
Checking status of thorn IDFileADM
Checking status of thorn IDLinearWaves
Checking status of thorn IDScalarWave
Checking status of thorn IDScalarWaveC
Checking status of thorn IDScalarWaveCXX
Checking status of thorn IDScalarWaveElliptic
Checking status of thorn IOASCII
Checking status of thorn IOBasic
Checking status of thorn PUGH
Checking status of thorn IOHDF5Util
Checking status of thorn IOHDF5
Checking status of thorn libjpeg
Checking status of thorn IOJpeg
Checking status of thorn InitBase
Checking status of thorn InterpToArray
Checking status of thorn KerrSchild
Checking status of thorn LAPACK
Checking status of thorn LORENE
Checking status of thorn LegoExcision
Checking status of thorn LocalInterp
Checking status of thorn LocalReduce
Checking status of thorn ML_ADMConstraints
Checking status of thorn ML_ADMQuantities
Checking status of thorn ML_BSSN
Checking status of thorn ML_BSSN_Helper
Checking status of thorn ML_BSSN_Test
Checking status of thorn ML_CCZ4
Checking status of thorn ML_CCZ4_Helper
Checking status of thorn ML_CCZ4_Test
Checking status of thorn ML_WaveToy
Checking status of thorn ML_WaveToy_Test
Checking status of thorn Meudon_Bin_BH
Checking status of thorn Meudon_Bin_NS
Checking status of thorn Meudon_Mag_NS
Checking status of thorn Minkowski
Checking status of thorn MoL
Checking status of thorn ModifiedSchwarzschildBL
Checking status of thorn Multipole
Checking status of thorn NaNChecker
Checking status of thorn NewRad
Checking status of thorn Nice
Checking status of thorn NoExcision
Checking status of thorn NoMPI
Checking status of thorn Noise
Checking status of thorn Norms
Checking status of thorn NullDecomp
Checking status of thorn NullGrid
Checking status of thorn NullInterp
Checking status of thorn NullEvolve
Checking status of thorn NullConstr
Checking status of thorn NullExact
Checking status of thorn NullNews
Checking status of thorn NullPsiInt
Checking status of thorn NullSHRExtract
Checking status of thorn NullVars
Checking status of thorn OpenSSL
Checking status of thorn Outflow
Checking status of thorn PUGHInterp
Checking status of thorn PUGHReduce
Checking status of thorn PUGHSlab
Checking status of thorn Slab
Checking status of thorn Periodic
Checking status of thorn PunctureTracker
Checking status of thorn TGRtensor
Checking status of thorn QuasiLocalMeasures
Checking status of thorn ReflectionSymmetry
Checking status of thorn RotatingDBHIVP
Checking status of thorn RotatingSymmetry180
Checking status of thorn RotatingSymmetry90
Checking status of thorn SetMask_SphericalSurface
Checking status of thorn ShiftedGaugeWave
Checking status of thorn SlabTest
Checking status of thorn SphericalHarmonicDecomp
Checking status of thorn SphericalHarmonicRecon
Checking status of thorn StaticConformal
Checking status of thorn SummationByParts
Checking status of thorn SymBase
Checking status of thorn SystemStatistics
Checking status of thorn TATelliptic
Checking status of thorn TOVSolver
Checking status of thorn TerminationTrigger
Checking status of thorn TestArrays
Checking status of thorn TestComplex
Checking status of thorn TestCoordinates
Checking status of thorn TestFortranDependencies2
Checking status of thorn TestFortranDependencies1
Checking status of thorn TestFpointerNULL
Checking status of thorn TestFreeF90
Checking status of thorn TestGlobalReduce
Checking status of thorn TestInclude1
Checking status of thorn TestInclude2
Checking status of thorn TestLocalReduce
Checking status of thorn TestLoop
Checking status of thorn TestMath
Checking status of thorn TestPar
Checking status of thorn TestReduce
Checking status of thorn TestSchedule
Checking status of thorn TestStrings
Checking status of thorn TestTable
Checking status of thorn TestTimers
Checking status of thorn TestTypes
Checking status of thorn Time
Checking status of thorn TimerReport
Checking status of thorn TmunuBase
Checking status of thorn Trigger
Checking status of thorn TwoPunctures
Checking status of thorn Vaidya2
Checking status of thorn WaveBinarySource
Checking status of thorn WaveToyC
Checking status of thorn WaveToyCXX
Checking status of thorn WaveToyExtra
Checking status of thorn WaveToyF77
Checking status of thorn WaveToyF90
Checking status of thorn WaveToyFreeF90
Checking status of thorn WeylScal4
Checking status of thorn Cactus
Checking status of thorn CactusBindings
________________________________________________________________________
Creating cactus_sim in /data/rhaas/ET_trunk/exe from CactusArchive/ADM EinsteinAnalysis/ADMAnalysis EinsteinBase/ADMBase EinsteinAnalysis/ADMConstraints EinsteinBase/ADMCoupling EinsteinBase/ADMMacros AEIThorns/ADMMass AEIThorns/AEILocalInterp EinsteinAnalysis/AHFinder EinsteinAnalysis/AHFinderDirect ExternalLibraries/BLAS CactusBase/Boundary EinsteinAnalysis/CalcK Carpet/Carpet Carpet/CarpetEvolutionMask Carpet/CarpetIOASCII Carpet/CarpetIOBasic Carpet/CarpetIOHDF5 Carpet/CarpetIOScalar Carpet/CarpetInterp Carpet/CarpetInterp2 Carpet/CarpetLib Carpet/CarpetMask Carpet/CarpetReduce Carpet/CarpetRegrid Carpet/CarpetRegrid2 Carpet/CarpetSlab Carpet/CarpetTracker CactusBase/CartGrid3D CactusNumerical/Cartoon2D EinsteinBase/Constants CactusBase/CoordBase EinsteinBase/CoordGauge Carpet/CycleClock CactusNumerical/Dissipation EinsteinInitialData/DistortedBHIVP EinsteinAnalysis/EHFinder EinsteinBase/EOS_Base EinsteinEOS/EOS_Hybrid EinsteinEOS/EOS_IdealFluid EinsteinEOS/EOS_Omni EinsteinEOS/EOS_Polytrope EinsteinExact/EinsteinExact_Test CactusElliptic/EllBase CactusElliptic/EllSOR EinsteinInitialData/Exact EinsteinAnalysis/Extract ExternalLibraries/FFTW3 CactusUtils/Formaline CactusBase/Fortran EinsteinEvolve/GRHydro EinsteinInitialData/GRHydro_InitData ExternalLibraries/GSL EinsteinExact/GaugeWave KrancNumericalTools/GenericFD ExternalLibraries/HDF5 CactusConnect/HTTPD CactusConnect/HTTPDExtra EinsteinBase/HydroBase EinsteinAnalysis/Hydro_Analysis EinsteinInitialData/Hydro_InitExcision EinsteinInitialData/IDAnalyticBH EinsteinInitialData/IDAxiBrillBH EinsteinInitialData/IDAxiOddBrillBH EinsteinInitialData/IDBrillData EinsteinInitialData/IDConstraintViolate EinsteinInitialData/IDFileADM EinsteinInitialData/IDLinearWaves CactusWave/IDScalarWave CactusWave/IDScalarWaveC CactusWave/IDScalarWaveCXX CactusWave/IDScalarWaveElliptic CactusBase/IOASCII CactusBase/IOBasic CactusPUGHIO/IOHDF5 CactusPUGHIO/IOHDF5Util CactusIO/IOJpeg CactusBase/IOUtil CactusBase/InitBase CactusNumerical/InterpToArray EinsteinExact/KerrSchild ExternalLibraries/LAPACK ExternalLibraries/LORENE EinsteinEvolve/LegoExcision CactusNumerical/LocalInterp CactusNumerical/LocalReduce Carpet/LoopControl McLachlan/ML_ADMConstraints McLachlan/ML_ADMQuantities McLachlan/ML_BSSN McLachlan/ML_BSSN_Helper McLachlan/ML_BSSN_Test McLachlan/ML_CCZ4 McLachlan/ML_CCZ4_Helper McLachlan/ML_CCZ4_Test McLachlan/ML_WaveToy McLachlan/ML_WaveToy_Test ExternalLibraries/MPI EinsteinInitialData/Meudon_Bin_BH EinsteinInitialData/Meudon_Bin_NS EinsteinInitialData/Meudon_Mag_NS EinsteinExact/Minkowski CactusNumerical/MoL EinsteinExact/ModifiedSchwarzschildBL EinsteinAnalysis/Multipole CactusUtils/NaNChecker EinsteinEvolve/NewRad CactusUtils/Nice EinsteinInitialData/NoExcision CactusUtils/NoMPI CactusNumerical/Noise CactusNumerical/Norms PITTNullCode/NullConstr PITTNullCode/NullDecomp PITTNullCode/NullEvolve PITTNullCode/NullExact PITTNullCode/NullGrid PITTNullCode/NullInterp PITTNullCode/NullNews PITTNullCode/NullPsiInt PITTNullCode/NullSHRExtract PITTNullCode/NullVars ExternalLibraries/OpenSSL EinsteinAnalysis/Outflow CactusPUGH/PUGH CactusPUGH/PUGHInterp CactusPUGH/PUGHReduce CactusPUGH/PUGHSlab CactusNumerical/Periodic AEIThorns/PunctureTracker LSUThorns/QuasiLocalMeasures CactusNumerical/ReflectionSymmetry EinsteinInitialData/RotatingDBHIVP CactusNumerical/RotatingSymmetry180 CactusNumerical/RotatingSymmetry90 EinsteinUtils/SetMask_SphericalSurface EinsteinExact/ShiftedGaugeWave CactusNumerical/Slab CactusNumerical/SlabTest CactusConnect/Socket CactusNumerical/SpaceMask PITTNullCode/SphericalHarmonicDecomp PITTNullCode/SphericalHarmonicRecon CactusNumerical/SphericalSurface EinsteinBase/StaticConformal LSUThorns/SummationByParts CactusBase/SymBase AEIThorns/SystemStatistics TAT/TATelliptic EinsteinUtils/TGRtensor EinsteinInitialData/TOVSolver CactusUtils/TerminationTrigger CactusTest/TestArrays CactusTest/TestComplex CactusTest/TestCoordinates CactusTest/TestFortranDependencies1 CactusTest/TestFortranDependencies2 CactusTest/TestFpointerNULL CactusTest/TestFreeF90 CactusTest/TestGlobalReduce CactusTest/TestInclude1 CactusTest/TestInclude2 CactusTest/TestLocalReduce CactusTest/TestLoop CactusTest/TestMath CactusTest/TestPar CactusTest/TestReduce CactusTest/TestSchedule CactusTest/TestStrings CactusTest/TestTable CactusTest/TestTimers CactusTest/TestTypes CactusBase/Time CactusUtils/TimerReport EinsteinBase/TmunuBase AEIThorns/Trigger EinsteinInitialData/TwoPunctures EinsteinExact/Vaidya2 LSUThorns/Vectors CactusWave/WaveBinarySource CactusWave/WaveToyC CactusWave/WaveToyCXX CactusWave/WaveToyExtra CactusWave/WaveToyF77 CactusWave/WaveToyF90 CactusWave/WaveToyFreeF90 EinsteinAnalysis/WeylScal4 ExternalLibraries/hwloc ExternalLibraries/libjpeg ExternalLibraries/zlib
/data/rhaas/ET_trunk/configs/sim/lib/libthorn_CarpetMask.a(mask_surface.cc.o): In function `L_CarpetSurfaceSetup_133__par_region0_2.224':
/data/rhaas/ET_trunk/arrangements/Carpet/CarpetMask/src/mask_surface.cc:158: undefined reference to `__builtin_isnan'
/data/rhaas/ET_trunk/arrangements/Carpet/CarpetMask/src/mask_surface.cc:175: undefined reference to `__builtin_isnan'
/data/rhaas/ET_trunk/configs/sim/lib/libthorn_TestMath.a(math_cc.cc.o): In function `TestMath_CC':
/data/rhaas/ET_trunk/arrangements/CactusTest/TestMath/src/math_cc.cc:113: undefined reference to `__builtin_isinf'
/data/rhaas/ET_trunk/arrangements/CactusTest/TestMath/src/math_cc.cc:114: undefined reference to `__builtin_isinf'
/data/rhaas/ET_trunk/arrangements/CactusTest/TestMath/src/math_cc.cc:116: undefined reference to `__builtin_isinf'
/data/rhaas/ET_trunk/arrangements/CactusTest/TestMath/src/math_cc.cc:121: undefined reference to `__builtin_isnan'
/data/rhaas/ET_trunk/arrangements/CactusTest/TestMath/src/math_cc.cc:122: undefined reference to `__builtin_isnan'
/data/rhaas/ET_trunk/arrangements/CactusTest/TestMath/src/math_cc.cc:124: undefined reference to `__builtin_isnan'
/data/rhaas/ET_trunk/arrangements/CactusTest/TestMath/src/math_cc.cc:129: undefined reference to `__builtin_isnormal'
/data/rhaas/ET_trunk/arrangements/CactusTest/TestMath/src/math_cc.cc:130: undefined reference to `__builtin_isnormal'
/data/rhaas/ET_trunk/arrangements/CactusTest/TestMath/src/math_cc.cc:132: undefined reference to `__builtin_isnormal'
/data/rhaas/ET_trunk/arrangements/CactusTest/TestMath/src/math_cc.cc:219: undefined reference to `__builtin_isinf'
/data/rhaas/ET_trunk/arrangements/CactusTest/TestMath/src/math_cc.cc:220: undefined reference to `__builtin_isinf'
/data/rhaas/ET_trunk/arrangements/CactusTest/TestMath/src/math_cc.cc:222: undefined reference to `__builtin_isinf'
/data/rhaas/ET_trunk/arrangements/CactusTest/TestMath/src/math_cc.cc:227: undefined reference to `__builtin_isnan'
/data/rhaas/ET_trunk/arrangements/CactusTest/TestMath/src/math_cc.cc:228: undefined reference to `__builtin_isnan'
/data/rhaas/ET_trunk/arrangements/CactusTest/TestMath/src/math_cc.cc:230: undefined reference to `__builtin_isnan'
/data/rhaas/ET_trunk/arrangements/CactusTest/TestMath/src/math_cc.cc:235: undefined reference to `__builtin_isnormal'
/data/rhaas/ET_trunk/arrangements/CactusTest/TestMath/src/math_cc.cc:236: undefined reference to `__builtin_isnormal'
/data/rhaas/ET_trunk/arrangements/CactusTest/TestMath/src/math_cc.cc:238: undefined reference to `__builtin_isnormal'
/data/rhaas/ET_trunk/configs/sim/lib/libthorn_Vectors.a(test.cc.o): In function `Vectors_Test':
/data/rhaas/ET_trunk/arrangements/LSUThorns/Vectors/src/test.cc:307: undefined reference to `__builtin_isnan'
/data/rhaas/ET_trunk/arrangements/LSUThorns/Vectors/src/test.cc:307: undefined reference to `__builtin_isnan'
/data/rhaas/ET_trunk/arrangements/LSUThorns/Vectors/src/test.cc:306: undefined reference to `__builtin_isnan'
/data/rhaas/ET_trunk/arrangements/LSUThorns/Vectors/src/test.cc:306: undefined reference to `__builtin_isnan'
/data/rhaas/ET_trunk/arrangements/LSUThorns/Vectors/src/test.cc:268: undefined reference to `__builtin_isnan'
/data/rhaas/ET_trunk/configs/sim/lib/libthorn_Vectors.a(test.cc.o):/data/rhaas/ET_trunk/arrangements/LSUThorns/Vectors/src/test.cc:268: more undefined references to `__builtin_isnan' follow
make[1]: *** [/data/rhaas/ET_trunk/exe/cactus_sim] Error 1
make: *** [sim] Error 2
