+ set -e
+ cd /public/home/guolj/nr/etk/simulations/projectdns_maxwell_65_300_1_11251505_/output-0000-active
+ echo Checking:
+ pwd
+ hostname
+ date
+ echo Environment:
+ export CACTUS_NUM_PROCS=8
+ CACTUS_NUM_PROCS=8
+ export CACTUS_NUM_THREADS=24
+ CACTUS_NUM_THREADS=24
+ export GMON_OUT_PREFIX=gmon.out
+ GMON_OUT_PREFIX=gmon.out
+ export OMP_NUM_THREADS=24
+ OMP_NUM_THREADS=24
+ env
+ sort
+ echo Starting:
++ date +%s
+ export CACTUS_STARTTIME=1669359960
+ CACTUS_STARTTIME=1669359960
+ echo fuck
+ '[' 8 = 1 ']'
+ mpirun -np 8 -hostfile /public/home/guolj/nr/etk/hostfile /public/home/guolj/nr/etk/simulations/projectdns_maxwell_65_300_1_11251505_/SIMFACTORY/exe/cactus_sim -L 3 /public/home/guolj/nr/etk/simulations/projectdns_maxwell_65_300_1_11251505_/output-0000/dns.par
WARNING level 1 from host node2 process 2
  while executing schedule bin CCTK_WRAGH, routine ML_BSSN_Helper::ML_BSSN_ParamCompat
  in thorn ML_BSSN_Helper, file /public/home/guolj/nr/etk/Cactus/configs/sim/build/ML_BSSN_Helper/Parameters.c:10:
  -> Forcing ML_BSSN::initial_boundary_condition="extrapolate-gammas" because ML_BSSN::my_initial_boundary_condition="extrapolate-gammas"
WARNING level 1 from host node2 process 2
  while executing schedule bin CCTK_WRAGH, routine ML_BSSN_Helper::ML_BSSN_ParamCompat
  in thorn ML_BSSN_Helper, file /public/home/guolj/nr/etk/Cactus/configs/sim/build/ML_BSSN_Helper/Parameters.c:25:
  -> Forcing ML_BSSN::rhs_boundary_condition="NewRad" because ML_BSSN::my_rhs_boundary_condition="NewRad"
WARNING level 1 from host node2 process 2
  while executing schedule bin CCTK_WRAGH, routine ML_BSSN_Helper::ML_BSSN_ParamCompat
  in thorn ML_BSSN_Helper, file /public/home/guolj/nr/etk/Cactus/configs/sim/build/ML_BSSN_Helper/Parameters.c:45:
  -> Forcing ML_BSSN::epsDiss=0.0 because ML_BSSN::apply_dissipation="never"
WARNING level 1 from host node2 process 2
  while executing schedule bin CCTK_WRAGH, routine ML_BSSN_Helper::ML_BSSN_ParamCompat
  in thorn ML_BSSN_Helper, file /public/home/guolj/nr/etk/Cactus/configs/sim/build/ML_BSSN_Helper/Parameters.c:114:
  -> Forcing ML_BSSN::advectLapse=1 because ML_BSSN::LapseAdvectionCoeff=1.0
WARNING level 1 from host node2 process 2
  while executing schedule bin CCTK_WRAGH, routine ML_BSSN_Helper::ML_BSSN_ParamCompat
  in thorn ML_BSSN_Helper, file /public/home/guolj/nr/etk/Cactus/configs/sim/build/ML_BSSN_Helper/Parameters.c:132:
  -> Forcing ML_BSSN::advectShift=1 because ML_BSSN::ShiftAdvectionCoeff=1.0
WARNING level 1 from host node2 process 1
  while executing schedule bin CCTK_WRAGH, routine ML_BSSN_Helper::ML_BSSN_ParamCompat
  in thorn ML_BSSN_Helper, file /public/home/guolj/nr/etk/Cactus/configs/sim/build/ML_BSSN_Helper/Parameters.c:10:
  -> Forcing ML_BSSN::initial_boundary_condition="extrapolate-gammas" because ML_BSSN::my_initial_boundary_condition="extrapolate-gammas"
WARNING level 1 from host node2 process 1
  while executing schedule bin CCTK_WRAGH, routine ML_BSSN_Helper::ML_BSSN_ParamCompat
  in thorn ML_BSSN_Helper, file /public/home/guolj/nr/etk/Cactus/configs/sim/build/ML_BSSN_Helper/Parameters.c:25:
  -> Forcing ML_BSSN::rhs_boundary_condition="NewRad" because ML_BSSN::my_rhs_boundary_condition="NewRad"
WARNING level 1 from host node2 process 1
  while executing schedule bin CCTK_WRAGH, routine ML_BSSN_Helper::ML_BSSN_ParamCompat
  in thorn ML_BSSN_Helper, file /public/home/guolj/nr/etk/Cactus/configs/sim/build/ML_BSSN_Helper/Parameters.c:45:
  -> Forcing ML_BSSN::epsDiss=0.0 because ML_BSSN::apply_dissipation="never"
WARNING level 1 from host node2 process 1
  while executing schedule bin CCTK_WRAGH, routine ML_BSSN_Helper::ML_BSSN_ParamCompat
  in thorn ML_BSSN_Helper, file /public/home/guolj/nr/etk/Cactus/configs/sim/build/ML_BSSN_Helper/Parameters.c:114:
  -> Forcing ML_BSSN::advectLapse=1 because ML_BSSN::LapseAdvectionCoeff=1.0
WARNING level 1 from host node2 process 1
  while executing schedule bin CCTK_WRAGH, routine ML_BSSN_Helper::ML_BSSN_ParamCompat
  in thorn ML_BSSN_Helper, file /public/home/guolj/nr/etk/Cactus/configs/sim/build/ML_BSSN_Helper/Parameters.c:132:
  -> Forcing ML_BSSN::advectShift=1 because ML_BSSN::ShiftAdvectionCoeff=1.0
WARNING level 1 from host node2 process 2
  while executing schedule bin CCTK_PARAMCHECK, routine ML_BSSN_Helper::ML_BSSN_ParamCheck
  in thorn ML_BSSN_Helper, file /public/home/guolj/nr/etk/Cactus/configs/sim/build/ML_BSSN_Helper/Parameters.c:145:
  -> Parameter ML_BSSN::my_initial_data is outdated; please update the parameter file. Do not use this parameter, and set up initial conditions via ADMBase as usual.
WARNING level 1 from host node2 process 2
  while executing schedule bin CCTK_PARAMCHECK, routine ML_BSSN_Helper::ML_BSSN_ParamCheck
  in thorn ML_BSSN_Helper, file /public/home/guolj/nr/etk/Cactus/configs/sim/build/ML_BSSN_Helper/Parameters.c:152:
  -> Parameter ML_BSSN::my_initial_boundary_condition is outdated; please update the parameter file. Do not use this parameter, and set up initial boundary conditions as usual.
WARNING level 1 from host node2 process 2
  while executing schedule bin CCTK_PARAMCHECK, routine ML_BSSN_Helper::ML_BSSN_ParamCheck
  in thorn ML_BSSN_Helper, file /public/home/guolj/nr/etk/Cactus/configs/sim/build/ML_BSSN_Helper/Parameters.c:159:
  -> Parameter ML_BSSN::my_rhs_boundary_condition is outdated; please update the parameter file. Do not use this parameter, and set up RHS boundary conditions as usual.
WARNING level 1 from host node2 process 2
  while executing schedule bin CCTK_PARAMCHECK, routine ML_BSSN_Helper::ML_BSSN_ParamCheck
  in thorn ML_BSSN_Helper, file /public/home/guolj/nr/etk/Cactus/configs/sim/build/ML_BSSN_Helper/Parameters.c:166:
  -> Parameter ML_BSSN::my_boundary_condition is outdated; please update the parameter file. Do not use this parameter, and set up RHS boundary conditions as usual.
WARNING level 1 from host node2 process 2
  while executing schedule bin CCTK_PARAMCHECK, routine ML_BSSN_Helper::ML_BSSN_ParamCheck
  in thorn ML_BSSN_Helper, file /public/home/guolj/nr/etk/Cactus/configs/sim/build/ML_BSSN_Helper/Parameters.c:193:
  -> Parameter ML_BSSN::LapseAdvectionCoeff is outdated; please update the parameter file. Instead of using this parameter, you should set ML_BSSN::advectLapse.
WARNING level 1 from host node2 process 2
  while executing schedule bin CCTK_PARAMCHECK, routine ML_BSSN_Helper::ML_BSSN_ParamCheck
  in thorn ML_BSSN_Helper, file /public/home/guolj/nr/etk/Cactus/configs/sim/build/ML_BSSN_Helper/Parameters.c:199:
  -> Parameter ML_BSSN::ShiftAdvectionCoeff is outdated; please update the parameter file. Instead of using this parameter, you should set ML_BSSN::advectShift.
WARNING level 1 from host node2 process 1
  while executing schedule bin CCTK_PARAMCHECK, routine ML_BSSN_Helper::ML_BSSN_ParamCheck
  in thorn ML_BSSN_Helper, file /public/home/guolj/nr/etk/Cactus/configs/sim/build/ML_BSSN_Helper/Parameters.c:145:
  -> Parameter ML_BSSN::my_initial_data is outdated; please update the parameter file. Do not use this parameter, and set up initial conditions via ADMBase as usual.
WARNING level 1 from host node2 process 1
  while executing schedule bin CCTK_PARAMCHECK, routine ML_BSSN_Helper::ML_BSSN_ParamCheck
  in thorn ML_BSSN_Helper, file /public/home/guolj/nr/etk/Cactus/configs/sim/build/ML_BSSN_Helper/Parameters.c:152:
  -> Parameter ML_BSSN::my_initial_boundary_condition is outdated; please update the parameter file. Do not use this parameter, and set up initial boundary conditions as usual.
WARNING level 1 from host node2 process 1
  while executing schedule bin CCTK_PARAMCHECK, routine ML_BSSN_Helper::ML_BSSN_ParamCheck
  in thorn ML_BSSN_Helper, file /public/home/guolj/nr/etk/Cactus/configs/sim/build/ML_BSSN_Helper/Parameters.c:159:
  -> Parameter ML_BSSN::my_rhs_boundary_condition is outdated; please update the parameter file. Do not use this parameter, and set up RHS boundary conditions as usual.
WARNING level 1 from host node2 process 1
  while executing schedule bin CCTK_PARAMCHECK, routine ML_BSSN_Helper::ML_BSSN_ParamCheck
  in thorn ML_BSSN_Helper, file /public/home/guolj/nr/etk/Cactus/configs/sim/build/ML_BSSN_Helper/Parameters.c:166:
  -> Parameter ML_BSSN::my_boundary_condition is outdated; please update the parameter file. Do not use this parameter, and set up RHS boundary conditions as usual.
WARNING level 1 from host node2 process 1
  while executing schedule bin CCTK_PARAMCHECK, routine ML_BSSN_Helper::ML_BSSN_ParamCheck
  in thorn ML_BSSN_Helper, file /public/home/guolj/nr/etk/Cactus/configs/sim/build/ML_BSSN_Helper/Parameters.c:193:
  -> Parameter ML_BSSN::LapseAdvectionCoeff is outdated; please update the parameter file. Instead of using this parameter, you should set ML_BSSN::advectLapse.
WARNING level 1 from host node2 process 1
  while executing schedule bin CCTK_PARAMCHECK, routine ML_BSSN_Helper::ML_BSSN_ParamCheck
  in thorn ML_BSSN_Helper, file /public/home/guolj/nr/etk/Cactus/configs/sim/build/ML_BSSN_Helper/Parameters.c:199:
  -> Parameter ML_BSSN::ShiftAdvectionCoeff is outdated; please update the parameter file. Instead of using this parameter, you should set ML_BSSN::advectShift.
WARNING level 1 from host node2 process 7
  while executing schedule bin CCTK_WRAGH, routine ML_BSSN_Helper::ML_BSSN_ParamCompat
  in thorn ML_BSSN_Helper, file /public/home/guolj/nr/etk/Cactus/configs/sim/build/ML_BSSN_Helper/Parameters.c:10:
  -> Forcing ML_BSSN::initial_boundary_condition="extrapolate-gammas" because ML_BSSN::my_initial_boundary_condition="extrapolate-gammas"
WARNING level 1 from host node2 process 7
  while executing schedule bin CCTK_WRAGH, routine ML_BSSN_Helper::ML_BSSN_ParamCompat
  in thorn ML_BSSN_Helper, file /public/home/guolj/nr/etk/Cactus/configs/sim/build/ML_BSSN_Helper/Parameters.c:25:
  -> Forcing ML_BSSN::rhs_boundary_condition="NewRad" because ML_BSSN::my_rhs_boundary_condition="NewRad"
WARNING level 1 from host node2 process 7
  while executing schedule bin CCTK_WRAGH, routine ML_BSSN_Helper::ML_BSSN_ParamCompat
  in thorn ML_BSSN_Helper, file /public/home/guolj/nr/etk/Cactus/configs/sim/build/ML_BSSN_Helper/Parameters.c:45:
  -> Forcing ML_BSSN::epsDiss=0.0 because ML_BSSN::apply_dissipation="never"
WARNING level 1 from host node2 process 7
  while executing schedule bin CCTK_WRAGH, routine ML_BSSN_Helper::ML_BSSN_ParamCompat
  in thorn ML_BSSN_Helper, file /public/home/guolj/nr/etk/Cactus/configs/sim/build/ML_BSSN_Helper/Parameters.c:114:
  -> Forcing ML_BSSN::advectLapse=1 because ML_BSSN::LapseAdvectionCoeff=1.0
WARNING level 1 from host node2 process 7
  while executing schedule bin CCTK_WRAGH, routine ML_BSSN_Helper::ML_BSSN_ParamCompat
  in thorn ML_BSSN_Helper, file /public/home/guolj/nr/etk/Cactus/configs/sim/build/ML_BSSN_Helper/Parameters.c:132:
  -> Forcing ML_BSSN::advectShift=1 because ML_BSSN::ShiftAdvectionCoeff=1.0
WARNING level 1 from host node2 process 6
  while executing schedule bin CCTK_WRAGH, routine ML_BSSN_Helper::ML_BSSN_ParamCompat
  in thorn ML_BSSN_Helper, file /public/home/guolj/nr/etk/Cactus/configs/sim/build/ML_BSSN_Helper/Parameters.c:10:
  -> Forcing ML_BSSN::initial_boundary_condition="extrapolate-gammas" because ML_BSSN::my_initial_boundary_condition="extrapolate-gammas"
WARNING level 1 from host node2 process 6
  while executing schedule bin CCTK_WRAGH, routine ML_BSSN_Helper::ML_BSSN_ParamCompat
  in thorn ML_BSSN_Helper, file /public/home/guolj/nr/etk/Cactus/configs/sim/build/ML_BSSN_Helper/Parameters.c:25:
  -> Forcing ML_BSSN::rhs_boundary_condition="NewRad" because ML_BSSN::my_rhs_boundary_condition="NewRad"
WARNING level 1 from host node2 process 6
  while executing schedule bin CCTK_WRAGH, routine ML_BSSN_Helper::ML_BSSN_ParamCompat
  in thorn ML_BSSN_Helper, file /public/home/guolj/nr/etk/Cactus/configs/sim/build/ML_BSSN_Helper/Parameters.c:45:
  -> Forcing ML_BSSN::epsDiss=0.0 because ML_BSSN::apply_dissipation="never"
WARNING level 1 from host node2 process 6
  while executing schedule bin CCTK_WRAGH, routine ML_BSSN_Helper::ML_BSSN_ParamCompat
  in thorn ML_BSSN_Helper, file /public/home/guolj/nr/etk/Cactus/configs/sim/build/ML_BSSN_Helper/Parameters.c:114:
  -> Forcing ML_BSSN::advectLapse=1 because ML_BSSN::LapseAdvectionCoeff=1.0
WARNING level 1 from host node2 process 6
  while executing schedule bin CCTK_WRAGH, routine ML_BSSN_Helper::ML_BSSN_ParamCompat
  in thorn ML_BSSN_Helper, file /public/home/guolj/nr/etk/Cactus/configs/sim/build/ML_BSSN_Helper/Parameters.c:132:
  -> Forcing ML_BSSN::advectShift=1 because ML_BSSN::ShiftAdvectionCoeff=1.0
WARNING level 1 from host node2 process 7
  while executing schedule bin CCTK_PARAMCHECK, routine ML_BSSN_Helper::ML_BSSN_ParamCheck
  in thorn ML_BSSN_Helper, file /public/home/guolj/nr/etk/Cactus/configs/sim/build/ML_BSSN_Helper/Parameters.c:145:
  -> Parameter ML_BSSN::my_initial_data is outdated; please update the parameter file. Do not use this parameter, and set up initial conditions via ADMBase as usual.
WARNING level 1 from host node2 process 7
  while executing schedule bin CCTK_PARAMCHECK, routine ML_BSSN_Helper::ML_BSSN_ParamCheck
  in thorn ML_BSSN_Helper, file /public/home/guolj/nr/etk/Cactus/configs/sim/build/ML_BSSN_Helper/Parameters.c:152:
  -> Parameter ML_BSSN::my_initial_boundary_condition is outdated; please update the parameter file. Do not use this parameter, and set up initial boundary conditions as usual.
WARNING level 1 from host node2 process 7
  while executing schedule bin CCTK_PARAMCHECK, routine ML_BSSN_Helper::ML_BSSN_ParamCheck
  in thorn ML_BSSN_Helper, file /public/home/guolj/nr/etk/Cactus/configs/sim/build/ML_BSSN_Helper/Parameters.c:159:
  -> Parameter ML_BSSN::my_rhs_boundary_condition is outdated; please update the parameter file. Do not use this parameter, and set up RHS boundary conditions as usual.
WARNING level 1 from host node2 process 7
  while executing schedule bin CCTK_PARAMCHECK, routine ML_BSSN_Helper::ML_BSSN_ParamCheck
  in thorn ML_BSSN_Helper, file /public/home/guolj/nr/etk/Cactus/configs/sim/build/ML_BSSN_Helper/Parameters.c:166:
  -> Parameter ML_BSSN::my_boundary_condition is outdated; please update the parameter file. Do not use this parameter, and set up RHS boundary conditions as usual.
WARNING level 1 from host node2 process 7
  while executing schedule bin CCTK_PARAMCHECK, routine ML_BSSN_Helper::ML_BSSN_ParamCheck
  in thorn ML_BSSN_Helper, file /public/home/guolj/nr/etk/Cactus/configs/sim/build/ML_BSSN_Helper/Parameters.c:193:
  -> Parameter ML_BSSN::LapseAdvectionCoeff is outdated; please update the parameter file. Instead of using this parameter, you should set ML_BSSN::advectLapse.
WARNING level 1 from host node2 process 7
  while executing schedule bin CCTK_PARAMCHECK, routine ML_BSSN_Helper::ML_BSSN_ParamCheck
  in thorn ML_BSSN_Helper, file /public/home/guolj/nr/etk/Cactus/configs/sim/build/ML_BSSN_Helper/Parameters.c:199:
  -> Parameter ML_BSSN::ShiftAdvectionCoeff is outdated; please update the parameter file. Instead of using this parameter, you should set ML_BSSN::advectShift.
WARNING level 1 from host node2 process 5
  while executing schedule bin CCTK_WRAGH, routine ML_BSSN_Helper::ML_BSSN_ParamCompat
  in thorn ML_BSSN_Helper, file /public/home/guolj/nr/etk/Cactus/configs/sim/build/ML_BSSN_Helper/Parameters.c:10:
  -> Forcing ML_BSSN::initial_boundary_condition="extrapolate-gammas" because ML_BSSN::my_initial_boundary_condition="extrapolate-gammas"
WARNING level 1 from host node2 process 5
  while executing schedule bin CCTK_WRAGH, routine ML_BSSN_Helper::ML_BSSN_ParamCompat
  in thorn ML_BSSN_Helper, file /public/home/guolj/nr/etk/Cactus/configs/sim/build/ML_BSSN_Helper/Parameters.c:25:
  -> Forcing ML_BSSN::rhs_boundary_condition="NewRad" because ML_BSSN::my_rhs_boundary_condition="NewRad"
WARNING level 1 from host node2 process 5
  while executing schedule bin CCTK_WRAGH, routine ML_BSSN_Helper::ML_BSSN_ParamCompat
  in thorn ML_BSSN_Helper, file /public/home/guolj/nr/etk/Cactus/configs/sim/build/ML_BSSN_Helper/Parameters.c:45:
  -> Forcing ML_BSSN::epsDiss=0.0 because ML_BSSN::apply_dissipation="never"
WARNING level 1 from host node2 process 5
  while executing schedule bin CCTK_WRAGH, routine ML_BSSN_Helper::ML_BSSN_ParamCompat
  in thorn ML_BSSN_Helper, file /public/home/guolj/nr/etk/Cactus/configs/sim/build/ML_BSSN_Helper/Parameters.c:114:
  -> Forcing ML_BSSN::advectLapse=1 because ML_BSSN::LapseAdvectionCoeff=1.0
WARNING level 1 from host node2 process 6
  while executing schedule bin CCTK_PARAMCHECK, routine ML_BSSN_Helper::ML_BSSN_ParamCheck
  in thorn ML_BSSN_Helper, file /public/home/guolj/nr/etk/Cactus/configs/sim/build/ML_BSSN_Helper/Parameters.c:145:
  -> Parameter ML_BSSN::my_initial_data is outdated; please update the parameter file. Do not use this parameter, and set up initial conditions via ADMBase as usual.
WARNING level 1 from host node2 process 6
  while executing schedule bin CCTK_PARAMCHECK, routine ML_BSSN_Helper::ML_BSSN_ParamCheck
  in thorn ML_BSSN_Helper, file /public/home/guolj/nr/etk/Cactus/configs/sim/build/ML_BSSN_Helper/Parameters.c:152:
  -> Parameter ML_BSSN::my_initial_boundary_condition is outdated; please update the parameter file. Do not use this parameter, and set up initial boundary conditions as usual.
WARNING level 1 from host node2 process 6
  while executing schedule bin CCTK_PARAMCHECK, routine ML_BSSN_Helper::ML_BSSN_ParamCheck
  in thorn ML_BSSN_Helper, file /public/home/guolj/nr/etk/Cactus/configs/sim/build/ML_BSSN_Helper/Parameters.c:159:
  -> Parameter ML_BSSN::my_rhs_boundary_condition is outdated; please update the parameter file. Do not use this parameter, and set up RHS boundary conditions as usual.
WARNING level 1 from host node2 process 6
  while executing schedule bin CCTK_PARAMCHECK, routine ML_BSSN_Helper::ML_BSSN_ParamCheck
  in thorn ML_BSSN_Helper, file /public/home/guolj/nr/etk/Cactus/configs/sim/build/ML_BSSN_Helper/Parameters.c:166:
  -> Parameter ML_BSSN::my_boundary_condition is outdated; please update the parameter file. Do not use this parameter, and set up RHS boundary conditions as usual.
WARNING level 1 from host node2 process 6
  while executing schedule bin CCTK_PARAMCHECK, routine ML_BSSN_Helper::ML_BSSN_ParamCheck
  in thorn ML_BSSN_Helper, file /public/home/guolj/nr/etk/Cactus/configs/sim/build/ML_BSSN_Helper/Parameters.c:193:
  -> WARNING level 1 from host node2 process 4
  while executing schedule bin CCTK_WRAGH, routine ML_BSSN_Helper::ML_BSSN_ParamCompat
  in thorn ML_BSSN_Helper, file /public/home/guolj/nr/etk/Cactus/configs/sim/build/ML_BSSN_Helper/Parameters.c:10:
  -> Forcing ML_BSSN::initial_boundary_condition="extrapolate-gammas" because ML_BSSN::my_initial_boundary_condition="extrapolate-gammas"
Parameter ML_BSSN::LapseAdvectionCoeff is outdated; please update the parameter file. Instead of using this parameter, you should set ML_BSSN::advectLapse.
WARNING level 1 from host node2 process 6
  while executing schedule bin CCTK_PARAMCHECK, routine ML_BSSN_Helper::ML_BSSN_ParamCheck
  in thorn ML_BSSN_Helper, file /public/home/guolj/nr/etk/Cactus/configs/sim/build/ML_BSSN_Helper/Parameters.c:199:
  -> Parameter ML_BSSN::ShiftAdvectionCoeff is outdated; please update the parameter file. Instead of using this parameter, you should set ML_BSSN::advectShift.
WARNING level 1 from host node2 process 4
  while executing schedule bin CCTK_WRAGH, routine ML_BSSN_Helper::ML_BSSN_ParamCompat
  in thorn ML_BSSN_Helper, file /public/home/guolj/nr/etk/Cactus/configs/sim/build/ML_BSSN_Helper/Parameters.c:25:
  -> Forcing ML_BSSN::rhs_boundary_condition="NewRad" because ML_BSSN::my_rhs_boundary_condition="NewRad"
WARNING level 1 from host node2 process 4
  while executing schedule bin CCTK_WRAGH, routine ML_BSSN_Helper::ML_BSSN_ParamCompat
  in thorn ML_BSSN_Helper, file /public/home/guolj/nr/etk/Cactus/configs/sim/build/ML_BSSN_Helper/Parameters.c:45:
  -> Forcing ML_BSSN::epsDiss=0.0 because ML_BSSN::apply_dissipation="never"
WARNING level 1 from host node2 process 5
  while executing schedule bin CCTK_WRAGH, routine ML_BSSN_Helper::ML_BSSN_ParamCompat
  in thorn ML_BSSN_Helper, file /public/home/guolj/nr/etk/Cactus/configs/sim/build/ML_BSSN_Helper/Parameters.c:132:
  -> Forcing ML_BSSN::advectShift=1 because ML_BSSN::ShiftAdvectionCoeff=1.0
WARNING level 1 from host node2 process 4
  while executing schedule bin CCTK_WRAGH, routine ML_BSSN_Helper::ML_BSSN_ParamCompat
  in thorn ML_BSSN_Helper, file /public/home/guolj/nr/etk/Cactus/configs/sim/build/ML_BSSN_Helper/Parameters.c:114:
  -> Forcing ML_BSSN::advectLapse=1 because ML_BSSN::LapseAdvectionCoeff=1.0
WARNING level 1 from host node2 process 4
  while executing schedule bin CCTK_WRAGH, routine ML_BSSN_Helper::ML_BSSN_ParamCompat
  in thorn ML_BSSN_Helper, file /public/home/guolj/nr/etk/Cactus/configs/sim/build/ML_BSSN_Helper/Parameters.c:132:
  -> Forcing ML_BSSN::advectShift=1 because ML_BSSN::ShiftAdvectionCoeff=1.0
WARNING level 1 from host node2 process 3
  while executing schedule bin CCTK_WRAGH, routine ML_BSSN_Helper::ML_BSSN_ParamCompat
  in thorn ML_BSSN_Helper, file /public/home/guolj/nr/etk/Cactus/configs/sim/build/ML_BSSN_Helper/Parameters.c:10:
  -> Forcing ML_BSSN::initial_boundary_condition="extrapolate-gammas" because ML_BSSN::my_initial_boundary_condition="extrapolate-gammas"
WARNING level 1 from host node2 process 3
  while executing schedule bin CCTK_WRAGH, routine ML_BSSN_Helper::ML_BSSN_ParamCompat
  in thorn ML_BSSN_Helper, file /public/home/guolj/nr/etk/Cactus/configs/sim/build/ML_BSSN_Helper/Parameters.c:25:
  -> Forcing ML_BSSN::rhs_boundary_condition="NewRad" because ML_BSSN::my_rhs_boundary_condition="NewRad"
WARNING level 1 from host node2 process 3
  while executing schedule bin CCTK_WRAGH, routine ML_BSSN_Helper::ML_BSSN_ParamCompat
  in thorn ML_BSSN_Helper, file /public/home/guolj/nr/etk/Cactus/configs/sim/build/ML_BSSN_Helper/Parameters.c:45:
  -> Forcing ML_BSSN::epsDiss=0.0 because ML_BSSN::apply_dissipation="never"
WARNING level 1 from host node2 process 3
  while executing schedule bin CCTK_WRAGH, routine ML_BSSN_Helper::ML_BSSN_ParamCompat
  in thorn ML_BSSN_Helper, file /public/home/guolj/nr/etk/Cactus/configs/sim/build/ML_BSSN_Helper/Parameters.c:114:
  -> Forcing ML_BSSN::advectLapse=1 because ML_BSSN::LapseAdvectionCoeff=1.0
WARNING level 1 from host node2 process 3
  while executing schedule bin CCTK_WRAGH, routine ML_BSSN_Helper::ML_BSSN_ParamCompat
  in thorn ML_BSSN_Helper, file /public/home/guolj/nr/etk/Cactus/configs/sim/build/ML_BSSN_Helper/Parameters.c:132:
  -> Forcing ML_BSSN::advectShift=1 because ML_BSSN::ShiftAdvectionCoeff=1.0
WARNING level 1 from host node2 process 5
  while executing schedule bin CCTK_PARAMCHECK, routine ML_BSSN_Helper::ML_BSSN_ParamCheck
  in thorn ML_BSSN_Helper, file /public/home/guolj/nr/etk/Cactus/configs/sim/build/ML_BSSN_Helper/Parameters.c:145:
  -> Parameter ML_BSSN::my_initial_data is outdated; please update the parameter file. Do not use this parameter, and set up initial conditions via ADMBase as usual.
WARNING level 1 from host node2 process 5
  while executing schedule bin CCTK_PARAMCHECK, routine ML_BSSN_Helper::ML_BSSN_ParamCheck
  in thorn ML_BSSN_Helper, file /public/home/guolj/nr/etk/Cactus/configs/sim/build/ML_BSSN_Helper/Parameters.c:152:
  -> Parameter ML_BSSN::my_initial_boundary_condition is outdated; please update the parameter file. Do not use this parameter, and set up initial boundary conditions as usual.
WARNING level 1 from host node2 process 5
  while executing schedule bin CCTK_PARAMCHECK, routine ML_BSSN_Helper::ML_BSSN_ParamCheck
  in thorn ML_BSSN_Helper, file /public/home/guolj/nr/etk/Cactus/configs/sim/build/ML_BSSN_Helper/Parameters.c:159:
  -> Parameter ML_BSSN::my_rhs_boundary_condition is outdated; please update the parameter file. Do not use this parameter, and set up RHS boundary conditions as usual.
WARNING level 1 from host node2 process 5
  while executing schedule bin CCTK_PARAMCHECK, routine ML_BSSN_Helper::ML_BSSN_ParamCheck
  in thorn ML_BSSN_Helper, file /public/home/guolj/nr/etk/Cactus/configs/sim/build/ML_BSSN_Helper/Parameters.c:166:
  -> Parameter ML_BSSN::my_boundary_condition is outdated; please update the parameter file. Do not use this parameter, and set up RHS boundary conditions as usual.
WARNING level 1 from host node2 process 5
  while executing schedule bin CCTK_PARAMCHECK, routine ML_BSSN_Helper::ML_BSSN_ParamCheck
  in thorn ML_BSSN_Helper, file /public/home/guolj/nr/etk/Cactus/configs/sim/build/ML_BSSN_Helper/Parameters.c:193:
  -> Parameter ML_BSSN::LapseAdvectionCoeff is outdated; please update the parameter file. Instead of using this parameter, you should set ML_BSSN::advectLapse.
WARNING level 1 from host node2 process 5
  while executing schedule bin CCTK_PARAMCHECK, routine ML_BSSN_Helper::ML_BSSN_ParamCheck
  in thorn ML_BSSN_Helper, file /public/home/guolj/nr/etk/Cactus/configs/sim/build/ML_BSSN_Helper/Parameters.c:199:
  -> Parameter ML_BSSN::ShiftAdvectionCoeff is outdated; please update the parameter file. Instead of using this parameter, you should set ML_BSSN::advectShift.
WARNING level 1 from host node2 process 4
  while executing schedule bin CCTK_PARAMCHECK, routine ML_BSSN_Helper::ML_BSSN_ParamCheck
  in thorn ML_BSSN_Helper, file /public/home/guolj/nr/etk/Cactus/configs/sim/build/ML_BSSN_Helper/Parameters.c:145:
  -> Parameter ML_BSSN::my_initial_data is outdated; please update the parameter file. Do not use this parameter, and set up initial conditions via ADMBase as usual.
WARNING level 1 from host node2 process 4
  while executing schedule bin CCTK_PARAMCHECK, routine ML_BSSN_Helper::ML_BSSN_ParamCheck
  in thorn ML_BSSN_Helper, file /public/home/guolj/nr/etk/Cactus/configs/sim/build/ML_BSSN_Helper/Parameters.c:152:
  -> Parameter ML_BSSN::my_initial_boundary_condition is outdated; please update the parameter file. Do not use this parameter, and set up initial boundary conditions as usual.
WARNING level 1 from host node2 process 4
  while executing schedule bin CCTK_PARAMCHECK, routine ML_BSSN_Helper::ML_BSSN_ParamCheck
  in thorn ML_BSSN_Helper, file /public/home/guolj/nr/etk/Cactus/configs/sim/build/ML_BSSN_Helper/Parameters.c:159:
  -> Parameter ML_BSSN::my_rhs_boundary_condition is outdated; please update the parameter file. Do not use this parameter, and set up RHS boundary conditions as usual.
WARNING level 1 from host node2 process 4
  while executing schedule bin CCTK_PARAMCHECK, routine ML_BSSN_Helper::ML_BSSN_ParamCheck
  in thorn ML_BSSN_Helper, file /public/home/guolj/nr/etk/Cactus/configs/sim/build/ML_BSSN_Helper/Parameters.c:166:
  -> Parameter ML_BSSN::my_boundary_condition is outdated; please update the parameter file. Do not use this parameter, and set up RHS boundary conditions as usual.
WARNING level 1 from host node2 process 4
  while executing schedule bin CCTK_PARAMCHECK, routine ML_BSSN_Helper::ML_BSSN_ParamCheck
  in thorn ML_BSSN_Helper, file /public/home/guolj/nr/etk/Cactus/configs/sim/build/ML_BSSN_Helper/Parameters.c:193:
  -> Parameter ML_BSSN::LapseAdvectionCoeff is outdated; please update the parameter file. Instead of using this parameter, you should set ML_BSSN::advectLapse.
WARNING level 1 from host node2 process 4
  while executing schedule bin CCTK_PARAMCHECK, routine ML_BSSN_Helper::ML_BSSN_ParamCheck
  in thorn ML_BSSN_Helper, file /public/home/guolj/nr/etk/Cactus/configs/sim/build/ML_BSSN_Helper/Parameters.c:199:
  -> Parameter ML_BSSN::ShiftAdvectionCoeff is outdated; please update the parameter file. Instead of using this parameter, you should set ML_BSSN::advectShift.
WARNING level 1 from host node2 process 3
  while executing schedule bin CCTK_PARAMCHECK, routine ML_BSSN_Helper::ML_BSSN_ParamCheck
  in thorn ML_BSSN_Helper, file /public/home/guolj/nr/etk/Cactus/configs/sim/build/ML_BSSN_Helper/Parameters.c:145:
  -> Parameter ML_BSSN::my_initial_data is outdated; please update the parameter file. Do not use this parameter, and set up initial conditions via ADMBase as usual.
WARNING level 1 from host node2 process 3
  while executing schedule bin CCTK_PARAMCHECK, routine ML_BSSN_Helper::ML_BSSN_ParamCheck
  in thorn ML_BSSN_Helper, file /public/home/guolj/nr/etk/Cactus/configs/sim/build/ML_BSSN_Helper/Parameters.c:152:
  -> Parameter ML_BSSN::my_initial_boundary_condition is outdated; please update the parameter file. Do not use this parameter, and set up initial boundary conditions as usual.
WARNING level 1 from host node2 process 3
  while executing schedule bin CCTK_PARAMCHECK, routine ML_BSSN_Helper::ML_BSSN_ParamCheck
  in thorn ML_BSSN_Helper, file /public/home/guolj/nr/etk/Cactus/configs/sim/build/ML_BSSN_Helper/Parameters.c:159:
  -> Parameter ML_BSSN::my_rhs_boundary_condition is outdated; please update the parameter file. Do not use this parameter, and set up RHS boundary conditions as usual.
WARNING level 1 from host node2 process 3
  while executing schedule bin CCTK_PARAMCHECK, routine ML_BSSN_Helper::ML_BSSN_ParamCheck
  in thorn ML_BSSN_Helper, file /public/home/guolj/nr/etk/Cactus/configs/sim/build/ML_BSSN_Helper/Parameters.c:166:
  -> Parameter ML_BSSN::my_boundary_condition is outdated; please update the parameter file. Do not use this parameter, and set up RHS boundary conditions as usual.
WARNING level 1 from host node2 process 3
  while executing schedule bin CCTK_PARAMCHECK, routine ML_BSSN_Helper::ML_BSSN_ParamCheck
  in thorn ML_BSSN_Helper, file /public/home/guolj/nr/etk/Cactus/configs/sim/build/ML_BSSN_Helper/Parameters.c:193:
  -> Parameter ML_BSSN::LapseAdvectionCoeff is outdated; please update the parameter file. Instead of using this parameter, you should set ML_BSSN::advectLapse.
WARNING level 1 from host node2 process 3
  while executing schedule bin CCTK_PARAMCHECK, routine ML_BSSN_Helper::ML_BSSN_ParamCheck
  in thorn ML_BSSN_Helper, file /public/home/guolj/nr/etk/Cactus/configs/sim/build/ML_BSSN_Helper/Parameters.c:199:
  -> Parameter ML_BSSN::ShiftAdvectionCoeff is outdated; please update the parameter file. Instead of using this parameter, you should set ML_BSSN::advectShift.
WARNING level 1 from host node2 process 0
  while executing schedule bin CCTK_WRAGH, routine ML_BSSN_Helper::ML_BSSN_ParamCompat
  in thorn ML_BSSN_Helper, file /public/home/guolj/nr/etk/Cactus/configs/sim/build/ML_BSSN_Helper/Parameters.c:10:
  -> Forcing ML_BSSN::initial_boundary_condition="extrapolate-gammas" because ML_BSSN::my_initial_boundary_condition="extrapolate-gammas"
WARNING level 1 from host node2 process 0
  while executing schedule bin CCTK_WRAGH, routine ML_BSSN_Helper::ML_BSSN_ParamCompat
  in thorn ML_BSSN_Helper, file /public/home/guolj/nr/etk/Cactus/configs/sim/build/ML_BSSN_Helper/Parameters.c:25:
  -> Forcing ML_BSSN::rhs_boundary_condition="NewRad" because ML_BSSN::my_rhs_boundary_condition="NewRad"
WARNING level 1 from host node2 process 0
  while executing schedule bin CCTK_WRAGH, routine ML_BSSN_Helper::ML_BSSN_ParamCompat
  in thorn ML_BSSN_Helper, file /public/home/guolj/nr/etk/Cactus/configs/sim/build/ML_BSSN_Helper/Parameters.c:45:
  -> Forcing ML_BSSN::epsDiss=0.0 because ML_BSSN::apply_dissipation="never"
WARNING level 1 from host node2 process 0
  while executing schedule bin CCTK_WRAGH, routine ML_BSSN_Helper::ML_BSSN_ParamCompat
  in thorn ML_BSSN_Helper, file /public/home/guolj/nr/etk/Cactus/configs/sim/build/ML_BSSN_Helper/Parameters.c:114:
  -> Forcing ML_BSSN::advectLapse=1 because ML_BSSN::LapseAdvectionCoeff=1.0
WARNING level 1 from host node2 process 0
  while executing schedule bin CCTK_WRAGH, routine ML_BSSN_Helper::ML_BSSN_ParamCompat
  in thorn ML_BSSN_Helper, file /public/home/guolj/nr/etk/Cactus/configs/sim/build/ML_BSSN_Helper/Parameters.c:132:
  -> Forcing ML_BSSN::advectShift=1 because ML_BSSN::ShiftAdvectionCoeff=1.0
WARNING level 1 from host node2 process 0
  while executing schedule bin CCTK_PARAMCHECK, routine ML_BSSN_Helper::ML_BSSN_ParamCheck
  in thorn ML_BSSN_Helper, file /public/home/guolj/nr/etk/Cactus/configs/sim/build/ML_BSSN_Helper/Parameters.c:145:
  -> Parameter ML_BSSN::my_initial_data is outdated; please update the parameter file. Do not use this parameter, and set up initial conditions via ADMBase as usual.
WARNING level 1 from host node2 process 0
  while executing schedule bin CCTK_PARAMCHECK, routine ML_BSSN_Helper::ML_BSSN_ParamCheck
  in thorn ML_BSSN_Helper, file /public/home/guolj/nr/etk/Cactus/configs/sim/build/ML_BSSN_Helper/Parameters.c:152:
  -> Parameter ML_BSSN::my_initial_boundary_condition is outdated; please update the parameter file. Do not use this parameter, and set up initial boundary conditions as usual.
WARNING level 1 from host node2 process 0
  while executing schedule bin CCTK_PARAMCHECK, routine ML_BSSN_Helper::ML_BSSN_ParamCheck
  in thorn ML_BSSN_Helper, file /public/home/guolj/nr/etk/Cactus/configs/sim/build/ML_BSSN_Helper/Parameters.c:159:
  -> Parameter ML_BSSN::my_rhs_boundary_condition is outdated; please update the parameter file. Do not use this parameter, and set up RHS boundary conditions as usual.
WARNING level 1 from host node2 process 0
  while executing schedule bin CCTK_PARAMCHECK, routine ML_BSSN_Helper::ML_BSSN_ParamCheck
  in thorn ML_BSSN_Helper, file /public/home/guolj/nr/etk/Cactus/configs/sim/build/ML_BSSN_Helper/Parameters.c:166:
  -> Parameter ML_BSSN::my_boundary_condition is outdated; please update the parameter file. Do not use this parameter, and set up RHS boundary conditions as usual.
WARNING level 1 from host node2 process 0
  while executing schedule bin CCTK_PARAMCHECK, routine ML_BSSN_Helper::ML_BSSN_ParamCheck
  in thorn ML_BSSN_Helper, file /public/home/guolj/nr/etk/Cactus/configs/sim/build/ML_BSSN_Helper/Parameters.c:193:
  -> Parameter ML_BSSN::LapseAdvectionCoeff is outdated; please update the parameter file. Instead of using this parameter, you should set ML_BSSN::advectLapse.
WARNING level 1 from host node2 process 0
  while executing schedule bin CCTK_PARAMCHECK, routine ML_BSSN_Helper::ML_BSSN_ParamCheck
  in thorn ML_BSSN_Helper, file /public/home/guolj/nr/etk/Cactus/configs/sim/build/ML_BSSN_Helper/Parameters.c:199:
  -> Parameter ML_BSSN::ShiftAdvectionCoeff is outdated; please update the parameter file. Instead of using this parameter, you should set ML_BSSN::advectShift.
WARNING level 1 from host node2 process 3
  while executing schedule bin Hydro_Analysis_LocationSearch, routine Hydro_Analysis::Hydro_Analysis_LocationSearch_Search
  in thorn Hydro_Analysis, file /public/home/guolj/nr/etk/Cactus/configs/sim/build/Hydro_Analysis/Hydro_Analysis.c:133:
  -> Found more than one identical maximum on single processor.
WARNING level 1 from host node2 process 4
  while executing schedule bin Hydro_Analysis_LocationSearch, routine Hydro_Analysis::Hydro_Analysis_LocationSearch_Search
  in thorn Hydro_Analysis, file /public/home/guolj/nr/etk/Cactus/configs/sim/build/Hydro_Analysis/Hydro_Analysis.c:133:
  -> Found more than one identical maximum on single processor.
WARNING level 1 from host node2 process 2
  while executing schedule bin Hydro_Analysis_LocationSearch, routine Hydro_Analysis::Hydro_Analysis_LocationSearch_Combine
  in thorn Hydro_Analysis, file /public/home/guolj/nr/etk/Cactus/configs/sim/build/Hydro_Analysis/Hydro_Analysis.c:199:
  -> Found more than one (4) identical maximum, using average location (13.5,0,0).WARNING level 1 from host node2 process 6
  while executing schedule bin Hydro_Analysis_LocationSearch, routine Hydro_Analysis::Hydro_Analysis_LocationSearch_Combine
  in thorn Hydro_Analysis, file /public/home/guolj/nr/etk/Cactus/configs/sim/build/Hydro_Analysis/Hydro_Analysis.c:199:
  -> Found more than one (4) identical maximum, using average location (13.5,0,0).
WARNING level 1 from host node2 process 3
  while executing schedule bin Hydro_Analysis_LocationSearch, routine Hydro_Analysis::Hydro_Analysis_LocationSearch_Combine
  in thorn Hydro_Analysis, file /public/home/guolj/nr/etk/Cactus/configs/sim/build/Hydro_Analysis/Hydro_Analysis.c:199:
  -> Found more than one (4) identical maximum, using average location (13.5,0,0).
WARNING level 1 from host node2 process 4
  while executing schedule bin Hydro_Analysis_LocationSearch, routine Hydro_Analysis::Hydro_Analysis_LocationSearch_Combine
  in thorn Hydro_Analysis, file /public/home/guolj/nr/etk/Cactus/configs/sim/build/Hydro_Analysis/Hydro_Analysis.c:199:
  -> Found more than one (4) identical maximum, using average location (13.5,0,0).
WARNING level 1 from host node2 process 0
  while executing schedule bin Hydro_Analysis_LocationSearch, routine Hydro_Analysis::Hydro_Analysis_LocationSearch_Combine
  in thorn Hydro_Analysis, file /public/home/guolj/nr/etk/Cactus/configs/sim/build/Hydro_Analysis/Hydro_Analysis.c:199:
  -> Found more than one (4) identical maximum, using average location (13.5,0,0).
WARNING level 1 from host node2 process 5
  while executing schedule bin Hydro_Analysis_LocationSearch, routine Hydro_Analysis::Hydro_Analysis_LocationSearch_Combine
  in thorn Hydro_Analysis, file /public/home/guolj/nr/etk/Cactus/configs/sim/build/Hydro_Analysis/Hydro_Analysis.c:199:
  -> Found more than one (4) identical maximum, using average location (13.5,0,0).

WARNING level 1 from host node2 process 7
  while executing schedule bin Hydro_Analysis_LocationSearch, routine Hydro_Analysis::Hydro_Analysis_LocationSearch_Combine
  in thorn Hydro_Analysis, file /public/home/guolj/nr/etk/Cactus/configs/sim/build/Hydro_Analysis/Hydro_Analysis.c:199:
  -> Found more than one (4) identical maximum, using average location (13.5,0,0).
WARNING level 1 from host node2 process 1
  while executing schedule bin Hydro_Analysis_LocationSearch, routine Hydro_Analysis::Hydro_Analysis_LocationSearch_Combine
  in thorn Hydro_Analysis, file /public/home/guolj/nr/etk/Cactus/configs/sim/build/Hydro_Analysis/Hydro_Analysis.c:199:
  -> Found more than one (4) identical maximum, using average location (13.5,0,0).
box.active=bboxset<CCTK_INT4,3>(set<bbox>:{([box.active=bboxset<CCTK_INT4,3>928,8416,768]:[1056,8668,1048]:[4,4,4]/[232,2104,192]:[264,(set<bbox>:{([768,8416,768]:[924,8668,1048]:[4,4,4]/[192,2104,192]:[2312167,262]/[33,64,71]/149952)},stride:[4,4,4],offset:[0,0,0])
needrecv=bboxset<CCTK_INT4,3>,2167,262]/[40,64,71]/181760)},stride:[4,4,4],offset:[0,0,0])
needrecv=bboxset<CCTK_INT4,3>(set<bbox>:{([928,8416,768]:[1056,8516,1048]:[4,4,4]/[232,2104,192]:[264,2129(set<bbox>:{([768,8416,768]:[924,8516,1048]:[4,4,4]/[192,2104,192]:[231,2129,262]/[40,26,262]/[33,26,71]/60918)},stride:[4,4,4],offset:[0,0,0])
WARNING level 1 from host node2 process 1
  in thorn CarpetLib, file /public/home/guolj/nr/etk/Cactus/configs/sim/build/CarpetLib/dh.cc:161:
  ->,71]/73840)},stride:[4,4,4],offset:[0,0,0])
WARNING level 1 from host node2 process 0
  in thorn CarpetLib, file /public/home/guolj/nr/etk/Cactus/configs/sim/build/CarpetLib/dh.cc:161:
  -> 
/public/home/guolj/nr/etk/Cactus/configs/sim/build/CarpetLib/dh.cc:829:
   [ml=0 rl=6 c=1] The following grid structure consistency check failed:
   Refinement prolongation: All points must have been received
   needrecv.empty()
 
/public/home/guolj/nr/etk/Cactus/configs/sim/build/CarpetLib/dh.cc:829:
   [ml=0 rl=6 c=0] The following grid structure consistency check failed:
   Refinement prolongation: All points must have been received
   needrecv.empty()
box.active=bboxset<CCTK_INT4,3>(set<bbox>:{([768,9400,768]:[1056,9504,1048]:[4,4,4]/[192,2350,192]:[264,2376,262]/[73,27,71]/139941)},stride:[4,4,4],offset:[0,0,0])
needrecv=bboxset<CCTK_INT4,3>(set<bbox>:{([768,9404,768]:[1056,9504,1048]:[4,4,4]/[192,2351,192]:[264,2376,262]/[73,26,71]/134758)},stride:[4,4,4],offset:[0,0,0])
WARNING level 1 from host node2 process 7
  in thorn CarpetLib, file /public/home/guolj/nr/etk/Cactus/configs/sim/build/CarpetLib/dh.cc:161:
  -> 
/public/home/guolj/nr/etk/Cactus/configs/sim/build/CarpetLib/dh.cc:829:
   [ml=0 rl=6 c=7] The following grid structure consistency check failed:
   Refinement prolongation: All points must have been received
   needrecv.empty()
WARNING level 1 from host node2 process 0
  in thorn CarpetLib, file /public/home/guolj/nr/etk/Cactus/configs/sim/build/CarpetLib/dh.cc:161:
  -> 
/public/home/guolj/nr/etk/Cactus/configs/sim/build/CarpetLib/dh.cc:971:
   [ml=0 rl=6 c=0] The following grid structure consistency check failed:
   Synchronisation and boundary prolongation: All points must have been received
   needrecv.empty()
WARNING level 1 from host node2 process 1
  in thorn CarpetLib, file /public/home/guolj/nr/etk/Cactus/configs/sim/build/CarpetLib/dh.cc:161:
  -> 
/public/home/guolj/nr/etk/Cactus/configs/sim/build/CarpetLib/dh.cc:971:
   [ml=0 rl=6 c=1] The following grid structure consistency check failed:
   Synchronisation and boundary prolongation: All points must have been received
   needrecv.empty()
cactus_sim: /public/home/guolj/nr/etk/Cactus/configs/sim/build/CarpetLib/dh.cc:1036: void CarpetLib::dh::regrid(bool): Assertion `(allrestricted & obox.buffers).empty()' failed.
Rank 0 with PID 285012 received signal 6
Writing backtrace to dns/backtrace.0.txt
cactus_sim: /public/home/guolj/nr/etk/Cactus/configs/sim/build/CarpetLib/dh.cc:1036: void CarpetLib::dh::regrid(bool): Assertion `(allrestricted & obox.buffers).empty()' failed.
Rank 1 with PID 285013 received signal 6
Writing backtrace to dns/backtrace.1.txt
WARNING level 1 from host node2 process 6
  in thorn CarpetLib, file /public/home/guolj/nr/etk/Cactus/configs/sim/build/CarpetLib/dh.cc:161:
  -> 
/public/home/guolj/nr/etk/Cactus/configs/sim/build/CarpetLib/dh.cc:971:
   [ml=0 rl=6 c=6] The following grid structure consistency check failed:
   Synchronisation and boundary prolongation: All points must have been received
   needrecv.empty()
WARNING level 1 from host node2 process 7
  in thorn CarpetLib, file /public/home/guolj/nr/etk/Cactus/configs/sim/build/CarpetLib/dh.cc:161:
  -> 
/public/home/guolj/nr/etk/Cactus/configs/sim/build/CarpetLib/dh.cc:971:
   [ml=0 rl=6 c=7] The following grid structure consistency check failed:
   Synchronisation and boundary prolongation: All points must have been received
   needrecv.empty()
cactus_sim: /public/home/guolj/nr/etk/Cactus/configs/sim/build/CarpetLib/dh.cc:1036: void CarpetLib::dh::regrid(bool): Assertion `(allrestricted & obox.buffers).empty()' failed.
Rank 6 with PID 285018 received signal 6
Writing backtrace to dns/backtrace.6.txt
cactus_sim: /public/home/guolj/nr/etk/Cactus/configs/sim/build/CarpetLib/dh.cc:1036: void CarpetLib::dh::regrid(bool): Assertion `(allrestricted & obox.buffers).empty()' failed.
Rank 7 with PID 285019 received signal 6
Writing backtrace to dns/backtrace.7.txt
