Using configuration: sim
Reconfiguring sim
Writing configuration to: /home/rhaas/ET_Next/configs/sim/OptionList
Cactus - version: 4.2.3
Reconfiguring sim.
Using configuration options from configure line
  Setting fds to '4,5 -j --'
End of options from configure line
Adding configuration options from '/home/rhaas/ET_Next/configs/sim/OptionList'...
  Setting VERSION to 'shelob-mvapich-2019-03-19'
  Setting CPP to '/usr/local/compilers/gcc/4.9.2/bin/cpp'
  Setting FPP to '/usr/local/compilers/gcc/4.9.2/bin/cpp'
  Setting CC to '/home/compilers/Intel/parallel_studio_xe_2018.0/compilers_and_libraries_2018/linux/bin/intel64/icc'
  Setting CXX to '/home/compilers/Intel/parallel_studio_xe_2018.0/compilers_and_libraries_2018/linux/bin/intel64/icpc'
  Setting F77 to '/home/compilers/Intel/parallel_studio_xe_2018.0/compilers_and_libraries_2018/linux/bin/intel64/ifort'
  Setting F90 to '/home/compilers/Intel/parallel_studio_xe_2018.0/compilers_and_libraries_2018/linux/bin/intel64/ifort'
  Setting CPPFLAGS to '-DMPICH_IGNORE_CXX_SEEK'
  Setting FPPFLAGS to '-traditional'
  Setting CFLAGS to '-g -xHOST -align -std=gnu99 -U__STRICT_ANSI__ -ansi_alias -gcc-name=/usr/local/compilers/gcc/4.9.2/bin/gcc'
  Setting CXXFLAGS to '-g -xHOST -align -std=gnu++11 -U__STRICT_ANSI__ -ansi_alias -gxx-name=/usr/local/compilers/gcc/4.9.2/bin/g++'
  Setting F77FLAGS to '-g -xHOST -align -pad -safe_cray_ptr'
  Setting F90FLAGS to '-g -xHOST -align -pad -safe_cray_ptr'
  Setting LDFLAGS to '-Wl,-rpath,/usr/local/compilers/gcc/4.9.2/lib64'
  Setting LIBDIRS to '/usr/local/packages/cuda/9.0.176 /usr/lib64 /usr/local/packages/license/ansys/v193/ansys/syslib/linx64 /home/compilers/Intel/parallel_studio_xe_2018.0/compilers_and_libraries_2018/linux/bin/intel64'
  Setting LIBS to 'cudart   ifcore imf svml'
  Setting C_LINE_DIRECTIVES to 'yes'
  Setting F_LINE_DIRECTIVES to 'yes'
  Setting VECTORISE to 'yes'
  Setting VECTORISE_ALIGNED_ARRAYS to 'no'
  Setting VECTORISE_INLINE to 'no'
  Setting DEBUG to 'no'
  Setting CPP_DEBUG_FLAGS to '-DCARPET_DEBUG'
  Setting FPP_DEBUG_FLAGS to '-DCARPET_DEBUG'
  Setting C_DEBUG_FLAGS to ''
  Setting CXX_DEBUG_FLAGS to ''
  Setting F77_DEBUG_FLAGS to '-check bounds -check format'
  Setting F90_DEBUG_FLAGS to '-check bounds -check format'
  Setting OPTIMISE to 'yes'
  Setting CPP_OPTIMISE_FLAGS to ''
  Setting FPP_OPTIMISE_FLAGS to ''
  Setting C_OPTIMISE_FLAGS to '-Ofast'
  Setting CXX_OPTIMISE_FLAGS to '-Ofast'
  Setting F77_OPTIMISE_FLAGS to '-Ofast'
  Setting F90_OPTIMISE_FLAGS to '-Ofast'
  Setting C_NO_OPTIMISE_FLAGS to '-O0'
  Setting CXX_NO_OPTIMISE_FLAGS to '-O0'
  Setting F77_NO_OPTIMISE_FLAGS to '-O0'
  Setting F90_NO_OPTIMISE_FLAGS to '-O0'
  Setting PROFILE to 'no'
  Setting CPP_PROFILE_FLAGS to ''
  Setting FPP_PROFILE_FLAGS to ''
  Setting C_PROFILE_FLAGS to '-pg'
  Setting CXX_PROFILE_FLAGS to '-pg'
  Setting F77_PROFILE_FLAGS to '-pg'
  Setting F90_PROFILE_FLAGS to '-pg'
  Setting OPENMP to 'yes'
  Setting CPP_OPENMP_FLAGS to '-fopenmp'
  Setting FPP_OPENMP_FLAGS to '-fopenmp'
  Setting C_OPENMP_FLAGS to '-fopenmp'
  Setting CXX_OPENMP_FLAGS to '-fopenmp'
  Setting F77_OPENMP_FLAGS to '-fopenmp'
  Setting F90_OPENMP_FLAGS to '-fopenmp'
  Setting WARN to 'yes'
  Setting CPP_WARN_FLAGS to ''
  Setting FPP_WARN_FLAGS to '-Wall'
  Setting C_WARN_FLAGS to ''
  Setting CXX_WARN_FLAGS to ''
  Setting F77_WARN_FLAGS to ''
  Setting F90_WARN_FLAGS to ''
  Setting BLAS_DIR to 'NO_BUILD'
  Setting BLAS_LIBS to '-mkl'
  Setting CUCC to '/usr/local/packages/cuda/9.0.176/bin/nvcc'
  Setting CUCCFLAGS to '-m 64 -arch sm_35 -Xcompiler -march=native -g -maxrregcount 60 -Drestrict=__restrict__'
  Setting CUCC_OPTIMISE_FLAGS to '-O3 -use_fast_math'
  Setting CUCC_WARN_FLAGS to '-Xcompiler -Wall'
  Setting CUDA_DIR to '/usr/local/packages/cuda/9.0.176'
  Setting CUCC_ARCH to 'sm_35'
  Setting CUCC_EXTRA_FLAGS to '-maxrregcount 63 -Drestrict=__restrict__'
  Setting CUCC_EXTRA_OPTIMISE_FLAGS to '-use_fast_math'
  Setting CUCC_EXTRA_WARN_FLAGS to '-use_fast_math'
  Setting FFTW3_DIR to '/usr/local/packages/fftw/3.3.3/INTEL-180-MVAPICH2-2.2'
  Setting GSL_DIR to '/usr/local/packages/gsl/2.4/INTEL-18.0.0'
  Setting HDF5_DIR to '/usr/local/packages/hdf5/1.8.18/INTEL-180-MVAPICH2-2.2'
  Setting HWLOC_EXTRA_LIBS to 'numa'
  Setting HWLOC_DIR to '/usr/local/packages/hwloc/1.11.5/INTEL-18.0.0'
  Setting LAPACK_DIR to 'NO_BUILD'
  Setting LAPACK_LIBS to '-mkl'
  Setting OPENBLAS_DIR to 'NO_BUILD'
  Setting OPENBLAS_LIBS to '-mkl'
  Setting OPENCL_DIR to '/usr/local/packages/cuda/9.0.176'
  Setting PAPI_DIR to '/project/sbrandt/chemora/install/papi'
  Setting PAPI_LIBS to 'papi'
  Setting PAPI_LIB_DIRS to '/project/sbrandt/chemora/install/papi/lib'
  Setting PETSC_ARCH_LIBS to 'petsc'
  Setting PETSC_DIR to '/usr/local/packages/petsc/3.9.2/INTEL-180-MVAPICH2-2.2'
  Setting PETSC_LAPACK_EXTRA_LIBS to 'mkl_intel_lp64 mkl_intel_thread mkl_core iomp5'
  Setting PTHREADS_DIR to 'NO_BUILD'
End of options from '/home/rhaas/ET_Next/configs/sim/OptionList'.
creating cache ./config.cache
checking host system type... x86_64-unknown-linux-gnu
checking for mawk... no
checking for gawk... gawk
checking whether make sets ${MAKE}... yes
checking whether the C compiler (/home/compilers/Intel/parallel_studio_xe_2018.0/compilers_and_libraries_2018/linux/bin/intel64/icc -g -xHOST -align -std=gnu99 -U__STRICT_ANSI__ -ansi_alias -gcc-name=/usr/local/compilers/gcc/4.9.2/bin/gcc -Wl,-rpath,/usr/local/compilers/gcc/4.9.2/lib64) works... no
configure: error: installation or configuration problem: C compiler cannot create executables (see configs/sim/config-data/config.log for details).

Error reconfiguring sim-config
make: *** [sim-config] Error 2
