------------------------------------------------------------------------


  Warnings for configuration sim
  --------


  Tests missed for lack of thorns:

    tov in ADMMass
      (EinsteinAnalysis/ADMMass/test/tov.par)
      Missing:  ADMCONSTRAINTS

    tov_carpet in ADMMass
      (EinsteinAnalysis/ADMMass/test/tov_carpet.par)
      Missing:  ADMCONSTRAINTS

    tov_whisky in ADMMass
      (EinsteinAnalysis/ADMMass/test/tov_whisky.par)
      Missing:  WHISKY WHISKY_TOVSOLVERC

    alias_datasets in CarpetIOHDF5
      (Carpet/CarpetIOHDF5/test/alias_datasets.par)
      Missing:  WAVETOYMOL

    input_initial_data in CarpetIOHDF5
      (Carpet/CarpetIOHDF5/test/input_initial_data.par)
      Missing:  WAVETOYMOL

    test_BSSN_MoL_Carpet in CarpetRegrid
      (1+log sliced black hole, ADM_BSSN, Iterative CN, Carpet with 2 levels)
      Missing:  BSSN_MOL

    test_BSSN_MoL_Carpet_keep in CarpetRegrid
      (1+log sliced black hole, ADM_BSSN, Iterative CN, Carpet with 2 levels)
      Missing:  BSSN_MOL

    test_BSSN_MoL_Carpet in CarpetRegrid2
      (1+log sliced black hole, ADM_BSSN, Iterative CN, Carpet with 2 levels)
      Missing:  BSSN_MOL

    regrid in CarpetRegridTest
      (Carpet/CarpetRegridTest/test/regrid.par)
      Missing:  WHISKY WHISKY_INIT_DATA ADMCONSTRAINTS BSSN_MOL WHISKY_RNSID

    schw-0050 in Cartoon2D
      (CactusNumerical/Cartoon2D/test/schw-0050.par)
      Missing:  ADMCONSTRAINTS

    test_cartoon_2 in Cartoon2D
      (CactusNumerical/Cartoon2D/test/test_cartoon_2.par)
      Missing:  ADMCONSTRAINTS

    test_cartoon_3 in Cartoon2D
      (CactusNumerical/Cartoon2D/test/test_cartoon_3.par)
      Missing:  ADMCONSTRAINTS

    KS-tilted-EE in EinsteinExact_Test
      (EinsteinExact/EinsteinExact_Test/test/KS-tilted-EE.par)
      Missing:  ADMCONSTRAINTS

    de_Sitter in Exact
      (EinsteinInitialData/Exact/test/de_Sitter.par)
      Missing:  ADMCONSTRAINTS

    extract_physical in Extract
      (Extract waveforms from BH)
      Missing:  ADM

    GRHydro_test_tov_ppm_ML in GRHydro
      (TOV from TOVSolverC, ICN, Marquina, PPM, Polytrope)
      Missing:  ADMCONSTRAINTS

    GRHydro_test_tov_ppm_ML_disable_internal_excision in GRHydro
      (TOV from TOVSolverC, ICN, Marquina, PPM, Polytrope)
      Missing:  ADMCONSTRAINTS

    GRHydro_test_tov_ppm_no_trp_ML in GRHydro
      (TOV from TOVSolverC, ICN, Marquina, PPM, Polytrope)
      Missing:  ADMCONSTRAINTS

    test_one_hybrid in GRHydro
      (EinsteinEvolve/GRHydro/test/test_one_hybrid.par)
      Missing:  ADMCONSTRAINTS

    test_brilldata_1 in IDBrillData
      (Brill wave initial data (Physical, BAM))
      Missing:  BAM_ELLIPTIC

    test_brilldata_2 in IDBrillData
      (Brill wave initial data (Conformal, BAM))
      Missing:  BAM_ELLIPTIC

    ConstraintViolate in IDConstraintViolate
      (Constraint violating Gaussian initial data)
      Missing:  ADMCONSTRAINTS

    ML_BSSN_MP_O8_bh in ML_BSSN_Test
      (McLachlan/ML_BSSN_Test/test/ML_BSSN_MP_O8_bh.par)
      Missing:  COORDINATES INTERPOLATE2

    charge_tatelliptic_petsc in Poisson
      (CactusExamples/Poisson/test/charge_tatelliptic_petsc.par)
      Missing:  PETSC TATPETSC

    Kerr-EE in RotatingSymmetry180
      (CactusNumerical/RotatingSymmetry180/test/Kerr-EE.par)
      Missing:  ADMCONSTRAINTS

    Kerr-rotating-180-EE in RotatingSymmetry180
      (CactusNumerical/RotatingSymmetry180/test/Kerr-rotating-180-EE.par)
      Missing:  ADMCONSTRAINTS

    Kerr-rotating-180-staggered-EE in RotatingSymmetry180
      (CactusNumerical/RotatingSymmetry180/test/Kerr-rotating-180-staggered-EE.par)
      Missing:  ADMCONSTRAINTS

    Kerr-staggered-EE in RotatingSymmetry180
      (CactusNumerical/RotatingSymmetry180/test/Kerr-staggered-EE.par)
      Missing:  ADMCONSTRAINTS

    Kerr-rotating-90-EE in RotatingSymmetry90
      (CactusNumerical/RotatingSymmetry90/test/Kerr-rotating-90-EE.par)
      Missing:  ADMCONSTRAINTS

    Kerr-rotating-90-staggered-EE in RotatingSymmetry90
      (CactusNumerical/RotatingSymmetry90/test/Kerr-rotating-90-staggered-EE.par)
      Missing:  ADMCONSTRAINTS

    test_one_boost_max in TOVSolver
      (EinsteinInitialData/TOVSolver/test/test_one_boost_max.par)
      Missing:  ADMCONSTRAINTS

    test_one_static_max in TOVSolver
      (EinsteinInitialData/TOVSolver/test/test_one_static_max.par)
      Missing:  ADMCONSTRAINTS

    test_tov_carpet in TOVSolver
      (Carpet unigrid, one TOV)
      Missing:  ADMCONSTRAINTS

    test_two_av in TOVSolver
      (EinsteinInitialData/TOVSolver/test/test_two_av.par)
      Missing:  ADMCONSTRAINTS

    test_two_max in TOVSolver
      (EinsteinInitialData/TOVSolver/test/test_two_max.par)
      Missing:  ADMCONSTRAINTS

    bam in TwoPunctures
      (EinsteinInitialData/TwoPunctures/test/bam.par)
      Missing:  ADMCONSTRAINTS BAM_ELLIPTIC

    idpuncture in TwoPunctures
      (EinsteinInitialData/TwoPunctures/test/idpuncture.par)
      Missing:  ADMCONSTRAINTS IDPUNCTURE TATJACOBI TATMG TATPETSC

    twopunctures in TwoPunctures
      (EinsteinInitialData/TwoPunctures/test/twopunctures.par)
      Missing:  ADMCONSTRAINTS


  Tests missed for different number of processors required:

    checkpointML-EE in AHFinderDirect
      (EinsteinAnalysis/AHFinderDirect/test/checkpointML-EE.par)
      Requires 1 processors

    misner1.2-025 in AHFinderDirect
      (EinsteinAnalysis/AHFinderDirect/test/misner1.2-025.par)
      Requires 1 processors

    recoverML-EE in AHFinderDirect
      (EinsteinAnalysis/AHFinderDirect/test/recoverML-EE.par)
      Requires 1 processors

    CarpetEvolutionMask_test in CarpetEvolutionMask
      (1+log sliced black hole, ML_BSSN, Iterative CN, Carpet with 3 levels)
      Requires 1 processors

    CarpetEvolutionMask_test_off in CarpetEvolutionMask
      (1+log sliced black hole, ML_BSSN, Iterative CN, Carpet with 3 levels)
      Requires 1 processors

    CarpetWaveToyNewRecover_test_1proc in CarpetIOHDF5
      (Carpet/CarpetIOHDF5/test/CarpetWaveToyNewRecover_test_1proc.par)
      Requires 1 processors

    CarpetWaveToyRecover_test_1proc in CarpetIOHDF5
      (Carpet/CarpetIOHDF5/test/CarpetWaveToyRecover_test_1proc.par)
      Requires 1 processors

    CarpetWaveToyRecover_test_4proc in CarpetIOHDF5
      (Carpet/CarpetIOHDF5/test/CarpetWaveToyRecover_test_4proc.par)
      Requires 4 processors

    CarpetWaveToyRecover_test_newcp_1proc in CarpetIOHDF5
      (Carpet/CarpetIOHDF5/test/CarpetWaveToyRecover_test_newcp_1proc.par)
      Requires 1 processors

    carpetintegrate in CarpetIntegrateTest
      (Carpet/CarpetIntegrateTest/test/carpetintegrate.par)
      Requires 1 processors

    carpetintegrate-linear in CarpetIntegrateTest
      (Carpet/CarpetIntegrateTest/test/carpetintegrate-linear.par)
      Requires 1 processors

    waveinterp-1p in CarpetInterp
      (Carpet/CarpetInterp/test/waveinterp-1p.par)
      Requires 1 processors

    test_cc_tvd in CarpetProlongateTest
      (Carpet/CarpetProlongateTest/test/test_cc_tvd.par)
      Requires 1 processors

    test_cc_tvd_hi in CarpetProlongateTest
      (Carpet/CarpetProlongateTest/test/test_cc_tvd_hi.par)
      Requires 1 processors

    test_cc_tvd_x in CarpetProlongateTest
      (Carpet/CarpetProlongateTest/test/test_cc_tvd_x.par)
      Requires 1 processors

    test_cc_tvd_y in CarpetProlongateTest
      (Carpet/CarpetProlongateTest/test/test_cc_tvd_y.par)
      Requires 1 processors

    test_cc_tvd_z in CarpetProlongateTest
      (Carpet/CarpetProlongateTest/test/test_cc_tvd_z.par)
      Requires 1 processors

    test_interp in CarpetProlongateTest
      (Carpet/CarpetProlongateTest/test/test_interp.par)
      Requires 1 processors

    nonstaggered in CarpetReduce
      (Carpet/CarpetReduce/test/nonstaggered.par)
      Requires 1 processors

    nonstaggered_excl in CarpetReduce
      (Carpet/CarpetReduce/test/nonstaggered_excl.par)
      Requires 1 processors

    periodic_weight in CarpetReduce
      (Carpet/CarpetReduce/test/periodic_weight.par)
      Requires 1 processors

    staggered in CarpetReduce
      (Carpet/CarpetReduce/test/staggered.par)
      Requires 1 processors

    regrid2_2D in CarpetRegrid2
      (Carpet/CarpetRegrid2/test/regrid2_2D.par)
      Requires 1 processors

    regrid2_2cen in CarpetRegrid2
      (Carpet/CarpetRegrid2/test/regrid2_2cen.par)
      Requires 1 processors

    regrid2_2cen_minfrac in CarpetRegrid2
      (Carpet/CarpetRegrid2/test/regrid2_2cen_minfrac.par)
      Requires 1 processors

    test_ah in Dissipation
      (distorted BH, no rotation, fixed mesh refinement evolution with carpet)
      Requires 1 processors

    test_ob in Dissipation
      (distorted BH, no rotation, fixed mesh refinement evolution with carpet)
      Requires 1 processors

    GaugeWave in EinsteinExact_Test
      (EinsteinExact/EinsteinExact_Test/test/GaugeWave.par)
      Requires 1 processors

    KerrSchild in EinsteinExact_Test
      (EinsteinExact/EinsteinExact_Test/test/KerrSchild.par)
      Requires 1 processors

    Minkowski in EinsteinExact_Test
      (EinsteinExact/EinsteinExact_Test/test/Minkowski.par)
      Requires 1 processors

    ModifiedSchwarzschildBL in EinsteinExact_Test
      (EinsteinExact/EinsteinExact_Test/test/ModifiedSchwarzschildBL.par)
      Requires 1 processors

    ShiftedGaugeWave in EinsteinExact_Test
      (EinsteinExact/EinsteinExact_Test/test/ShiftedGaugeWave.par)
      Requires 1 processors

    Vaidya2 in EinsteinExact_Test
      (EinsteinExact/EinsteinExact_Test/test/Vaidya2.par)
      Requires 1 processors

    qc0-mclachlan in Extract
      (EinsteinAnalysis/Extract/test/qc0-mclachlan.par)
      Requires 1 processors

    magtov_poloidal in GRHydro_InitData
      (EinsteinEvolve/GRHydro_InitData/test/magtov_poloidal.par)
      Requires 1 processors

    magtov_poloidal_poloidal_P_p_2 in GRHydro_InitData
      (EinsteinEvolve/GRHydro_InitData/test/magtov_poloidal_poloidal_P_p_2.par)
      Requires 1 processors

    test_local_interp_2 in TestLocalInterp2
      (CactusNumerical/TestLocalInterp2/test/test_local_interp_2.par)
      Requires 1 processors

    bhns_eval in TwoPunctures
      (EinsteinInitialData/TwoPunctures/test/bhns_eval.par)
      Requires 1 processors

    bhns_interp in TwoPunctures
      (EinsteinInitialData/TwoPunctures/test/bhns_interp.par)
      Requires 1 processors


  Tests with different number of test files:

    GRHydro (cylexp_tvd_mc2_hlle_dc)
      Test created 1 extra files: 
    Hydro_InitExcision (diag_flip_pugh_eno)
      Test created 2 extra files: 
    Hydro_InitExcision (diag_pugh_eno)
      Test created 2 extra files: 
    Hydro_InitExcision (sphere_pugh_ppm)
      Test created 2 extra files: 
    Hydro_InitExcision (x_flip_pugh_eno)
      Test created 2 extra files: 
    Hydro_InitExcision (x_pugh_eno)
      Test created 2 extra files: 
    IDAxiOddBrillBH (E2xeon_test_axioddbh)
      Test created 12 extra files: 
    IDAxiOddBrillBH (test_axioddbh)
      Test created 24 extra files: 
    LoopControl (test-minkowski-carpet-1lev)
      Test created 1 extra files: 
    Multipole (test_22)
      Test created 4 extra files: 
    Multipole (test_31)
      Test created 4 extra files: 
    Multipole (test_44)
      Test created 4 extra files: 


------------------------------------------------------------------------


  Testsuite Summary for configuration sim

  -----------------


  Suitable testsuite parameter files found in:


    AHFinder [2]

    AHFinderDirect [24]

    CT_MultiLevel [3]

    Carpet [6]

    CarpetEvolutionMask [1]

    CarpetIOASCII [4]

    CarpetIOHDF5 [2]

    CarpetIOScalar [5]

    CarpetInterp [1]

    CarpetProlongateTest [20]

    CarpetRegrid2 [1]

    Cartoon2D [1]

    DistortedBHIVP [2]

    EOS_Omni [1]

    Exact [2]

    GRHydro [23]

    HighOrderWaveTest [1]

    Hydro_Analysis [1]

    Hydro_InitExcision [5]

    IDAnalyticBH [3]

    IDAxiBrillBH [2]

    IDAxiOddBrillBH [2]

    IDLinearWaves [2]

    IDScalarWaveElliptic [1]

    IOHDF5 [1]

    IllinoisGRMHD [1]

    InterpToArray [2]

    LoopControl [1]

    ML_BSSN_Test [8]

    ML_CCZ4_Test [2]

    ML_WaveToy_Test [3]

    MemSpeed [1]

    Multipole [8]

    NaNChecker [1]

    Outflow [1]

    PAPI [1]

    PeriodicCarpet [3]

    QuasiLocalMeasures [7]

    RotatingDBHIVP [2]

    RotatingSymmetry180 [1]

    RotatingSymmetry90 [1]

    SampleBoundary [1]

    SlabTest [1]

    SphericalHarmonicRecon [1]

    SphericalHarmonicReconGen [2]

    TestArrays [2]

    TestComplex [2]

    TestFpointerNULL [1]

    TestGlobalReduce [17]

    TestLocalReduce [3]

    TestMoL [13]

    TestPar [1]

    Trigger [1]

    TwoPunctures [1]

    Vectors [1]

    WaveBinarySource [1]

    WaveMoL [1]

    WaveToy1DF77 [1]

    WaveToy2DF77 [1]

    WaveToyC [2]

    WaveToyCXX [1]

    WaveToyExtra [1]

    WaveToyF77 [2]

    WaveToyF90 [3]

    WaveToyFreeF90 [1]

    WeylScal4 [3]



  Details:


    AHFinder:

      test_AHF_1

      test_AHF_2

    AHFinderDirect:

      Kerr

      Kerr-Cartoon

      Kerr-Cartoon-EE

      Kerr-EE

      Kerr-definition-expansion

      Kerr-definition-expansion-EE

      Kerr-definition-expansion-product

      Kerr-definition-expansion-product-EE

      Kerr-definition-inner-expansion

      Kerr-definition-inner-expansion-EE

      Kerr-definition-mean-curvature

      Kerr-definition-mean-curvature-EE

      Kerr-modification-radius

      Kerr-modification-radius-EE

      Kerr-rotating-180

      Kerr-rotating-180-EE

      Kerr-rotating-90

      Kerr-rotating-90-EE

      Kerr-selection-areal-radius

      Kerr-selection-areal-radius-EE

      Kerr-selection-areal-radius-definition-expansion-product

      Kerr-selection-areal-radius-definition-expansion-product-EE

      Kerr-selection-mean-coordinate-radius

      Kerr-selection-mean-coordinate-radius-EE

    CT_MultiLevel:

      boostedpuncture

      constraints_spherical

      poisson

    Carpet:

      64k2

      kasner

      kasner_amr

      no-overlap

      overlap

      test_restrict_sync

    CarpetEvolutionMask:

      buffer_mask

    CarpetIOASCII:

      compact

      coords

      grid-coords

      newsep

    CarpetIOHDF5:

      newsep

      nobuffers

    CarpetIOScalar:

      coords

      coords2

      coords3

      coords4

      newsep

    CarpetInterp:

      waveinterp-2p

    CarpetProlongateTest:

      test_cc_horest_o3

      test_cc_horest_o5

      test_cc_o0

      test_cc_o1

      test_cc_o2

      test_cc_o3

      test_cc_o4

      test_cc_o5

      test_cc_rest_o0

      test_cc_rest_o1

      test_cc_rest_o2

      test_cc_rest_o3

      test_cc_rest_o4

      test_cc_rest_o5

      test_o1

      test_o11

      test_o3

      test_o5

      test_o7

      test_o9

    CarpetRegrid2:

      regrid2_granularity

    Cartoon2D:

      carpet

    DistortedBHIVP:

      E2xeon_test_dbh

      test_dbh

    EOS_Omni:

      eos_omni

    Exact:

      Schwarzschild_EF

      bowl-init

    GRHydro:

      GRHydro_test_shock

      GRHydro_test_shock_hllc

      GRHydro_test_shock_mp5

      GRHydro_test_shock_ppm

      GRHydro_test_shock_weno

      balsara1_1d

      balsara1_1d_dc

      balsara1_2d

      balsara1_2d_dc

      balsara2_1d

      balsara2_2d

      balsara3_1d

      balsara3_2d

      balsara4_1d

      balsara4_2d

      balsara5_1d

      balsara5_2d

      cylexp_tvd_mc2_hlle

      cylexp_tvd_mc2_hlle_dc

      test_tov_carpet_refined_nosync

      tov_carpetevolutionmask

      tov_carpetevolutionmask2

      tov_slowsector

    HighOrderWaveTest:

      test_restrict_sync

    Hydro_Analysis:

      two_tov

    Hydro_InitExcision:

      diag_flip_pugh_eno

      diag_pugh_eno

      sphere_pugh_ppm

      x_flip_pugh_eno

      x_pugh_eno

    IDAnalyticBH:

      kerr

      test_bl

      test_misner

    IDAxiBrillBH:

      test_axibrill

      test_axibrill_nostagger

    IDAxiOddBrillBH:

      E2xeon_test_axioddbh

      test_axioddbh

    IDLinearWaves:

      test_pw_ADM_dir-x

      test_pw_ADM_dir-z

    IDScalarWaveElliptic:

      test_waveell

    IOHDF5:

      test_recover

    IllinoisGRMHD:

      magnetizedTOV

    InterpToArray:

      wavetoy

      wavetoy2

    LoopControl:

      test-minkowski-carpet-1lev

    ML_BSSN_Test:

      ML_BSSN_EE_sgw3d

      ML_BSSN_EE_sgw3d_rhs

      ML_BSSN_NewRad

      ML_BSSN_O8_sgw3d

      ML_BSSN_sgw3d

      ML_BSSN_sgw3d_harmonic

      ML_BSSN_sgw3d_harmonic_phi

      ML_BSSN_sgw3d_rhs

    ML_CCZ4_Test:

      ML_CCZ4_sgw3d

      ML_CCZ4_sgw3d_rhs

    ML_WaveToy_Test:

      gaussian-RK4

      gaussian-RK45

      gaussian-RK45-adaptive

    MemSpeed:

      memspeed

    Multipole:

      test_22

      test_31

      test_44

      test_driscollhealy

      test_rads

      test_simpson

      test_trapezoidal

      test_vars

    NaNChecker:

      nancount

    Outflow:

      moving_tov

    PAPI:

      papi

    PeriodicCarpet:

      ml-gw1d-small

      ml-gw1d-small-amr

      testperiodicinterp

    QuasiLocalMeasures:

      qlm-bl

      qlm-ks

      qlm-ks-EE

      qlm-ks-boosted

      qlm-ks-shifted

      qlm-ks-tilted

      qlm-minkowski

    RotatingDBHIVP:

      E2xeon_test_rdbh

      test_rdbh

    RotatingSymmetry180:

      KerrSchild-rotating-180-EE

    RotatingSymmetry90:

      KerrSchild-rotating-90-EE

    SampleBoundary:

      wavetoyc

    SlabTest:

      slabtest

    SphericalHarmonicRecon:

      regression_test

    SphericalHarmonicReconGen:

      SpEC-dat-test

      SpEC-h5-test

    TestArrays:

      arrays

      arrays0

    TestComplex:

      TestComplex

      TestComplexPow

    TestFpointerNULL:

      test_fpointer_null

    TestGlobalReduce:

      TestAvg

      TestAvg_dest0

      TestMax

      TestMax_dest0

      TestMin

      TestMin_dest0

      TestScalar

      TestSum

      TestSum_dest0

      TestWeightAvg

      TestWeightMax

      TestWeightMin

      TestWeightSum

      gaussianMax

      gaussianMax_dest0

      gaussianSum

      gaussianSum_dest0

    TestLocalReduce:

      TestAvg

      TestMax

      TestSum

    TestMoL:

      ICN

      ICN-avg

      RK2

      RK2-MR-2-1

      RK2-central

      RK3

      RK4

      RK4-MR-2-1

      RK4-RK2

      RK45

      RK45CK

      RK65

      RK87

    TestPar:

      expressions

    Trigger:

      trigger

    TwoPunctures:

      twopunctures_carpet

    Vectors:

      vectors

    WaveBinarySource:

      test_binary_1

    WaveMoL:

      gaussian

    WaveToy1DF77:

      wavetoy1df77

    WaveToy2DF77:

      test_WaveToy2D

    WaveToyC:

      test_rad

      wave_output

    WaveToyCXX:

      test_rad

    WaveToyExtra:

      test_custom

    WaveToyF77:

      test_rad

      test_rob

    WaveToyF90:

      test_rad

      test_wavef90_flat

      test_wavef90_zero

    WaveToyFreeF90:

      test_rad

    WeylScal4:

      teukolsky

      teukolskyID

      teukolskyParity



  Thorns with no valid testsuite parameter files:


    ADMAnalysis
    ADMBase
    ADMCoupling
    ADMMacros
    ADMMass
    AEILocalInterp
    BLAS
    Boundary
    CT_Analytic
    CalcK
    CarpetIOBasic
    CarpetIntegrateTest
    CarpetInterp2
    CarpetLib
    CarpetMask
    CarpetReduce
    CarpetRegrid
    CarpetRegridTest
    CarpetSlab
    CarpetTracker
    CartGrid3D
    Constants
    Convert_to_HydroBase
    CoordBase
    CoordGauge
    CycleClock
    DemoInterp
    Dissipation
    EHFinder
    EOS_Base
    EOS_Hybrid
    EOS_IdealFluid
    EOS_Polytrope
    EinsteinExact_Test
    EllBase
    EllSOR
    Extract
    FFTW3
    FleshInfo
    Formaline
    Fortran
    GRHydro_InitData
    GSL
    GaugeWave
    GenericFD
    HDF5
    HTTPD
    HTTPDExtra
    HelloWorld
    HydroBase
    IDBrillData
    IDConstraintViolate
    IDFileADM
    IDScalarWave
    IDScalarWaveC
    IDScalarWaveCXX
    IDWaveMoL
    ID_converter_ILGRMHD
    IOASCII
    IOBasic
    IOHDF5Util
    IOJpeg
    IOUtil
    InitBase
    KerrSchild
    LAPACK
    LORENE
    LocalInterp
    LocalInterp2
    LocalReduce
    ML_ADMConstraints
    ML_ADMQuantities
    ML_BSSN
    ML_BSSN_Helper
    ML_CCZ4
    ML_CCZ4_Helper
    ML_WaveToy
    MPI
    Meudon_Bin_BH
    Meudon_Bin_NS
    Meudon_Mag_NS
    Minkowski
    MoL
    ModifiedSchwarzschildBL
    NaNCatcher
    NewRad
    Nice
    NoExcision
    NoMPI
    Noise
    Norms
    NullConstr
    NullDecomp
    NullEvolve
    NullExact
    NullGrid
    NullInterp
    NullNews
    NullPsiInt
    NullSHRExtract
    NullVars
    OpenSSL
    PUGH
    PUGHInterp
    PUGHReduce
    PUGHSlab
    Periodic
    Poisson
    PunctureTracker
    ReductionTest
    ReductionTest2
    ReductionTest3
    ReflectionSymmetry
    RegridSyncTest
    SampleIO
    Seed_Magnetic_Fields
    SetMask_SphericalSurface
    ShiftedGaugeWave
    Slab
    Socket
    SpaceMask
    SphericalHarmonicDecomp
    SphericalSurface
    StaticConformal
    SummationByParts
    SymBase
    SystemStatistics
    SystemTopology
    TATelliptic
    TGRtensor
    TOVSolver
    TerminationTrigger
    TestCarpetGridInfo
    TestCoordinates
    TestFortranCrayPointers
    TestFortranDependencies1
    TestFortranDependencies2
    TestFreeF90
    TestInclude1
    TestInclude2
    TestLocalInterp2
    TestLoop
    TestLoopControl
    TestMath
    TestReduce
    TestSchedule
    TestStrings
    TestTable
    TestTimers
    TestTypes
    Time
    TimerInfo
    TimerReport
    Timers
    TmunuBase
    Vaidya2
    WatchDog
    hwloc
    libjpeg
    pthreads
    zlib


------------------------------------------------------------------------


  Run details for configuration sim

      AHFinder: test_AHF_1
         Success: 12 files identical
      AHFinder: test_AHF_2
         Success: 12 files identical
      AHFinderDirect: Kerr
         Success: 2 files compared, 2 differ in the last digits
      AHFinderDirect: Kerr-Cartoon
         Success: 2 files compared, 2 differ in the last digits
      AHFinderDirect: Kerr-Cartoon-EE
         Success: 2 files compared, 2 differ in the last digits
      AHFinderDirect: Kerr-EE
         Success: 2 files compared, 2 differ in the last digits
      AHFinderDirect: Kerr-definition-expansion
         Success: 2 files compared, 2 differ in the last digits
      AHFinderDirect: Kerr-definition-expansion-EE
         Success: 2 files compared, 1 differ in the last digits
      AHFinderDirect: Kerr-definition-expansion-product
         Success: 2 files compared, 2 differ in the last digits
      AHFinderDirect: Kerr-definition-expansion-product-EE
         Success: 2 files compared, 2 differ in the last digits
      AHFinderDirect: Kerr-definition-inner-expansion
         Success: 2 files compared, 2 differ in the last digits
      AHFinderDirect: Kerr-definition-inner-expansion-EE
         Success: 2 files compared, 2 differ in the last digits
      AHFinderDirect: Kerr-definition-mean-curvature
         Success: 2 files compared, 2 differ in the last digits
      AHFinderDirect: Kerr-definition-mean-curvature-EE
         Success: 2 files compared, 2 differ in the last digits
      AHFinderDirect: Kerr-modification-radius
         Success: 2 files compared, 1 differ in the last digits
      AHFinderDirect: Kerr-modification-radius-EE
         Success: 2 files compared, 1 differ in the last digits
      AHFinderDirect: Kerr-rotating-180
         Success: 2 files compared, 2 differ in the last digits
      AHFinderDirect: Kerr-rotating-180-EE
         Success: 2 files compared, 2 differ in the last digits
      AHFinderDirect: Kerr-rotating-90
         Success: 2 files compared, 2 differ in the last digits
      AHFinderDirect: Kerr-rotating-90-EE
         Success: 2 files compared, 2 differ in the last digits
      AHFinderDirect: Kerr-selection-areal-radius
         Success: 2 files compared, 1 differ in the last digits
      AHFinderDirect: Kerr-selection-areal-radius-EE
         Success: 2 files compared, 2 differ in the last digits
      AHFinderDirect: Kerr-selection-areal-radius-definition-expansion-product
         Success: 2 files compared, 2 differ in the last digits
      AHFinderDirect: Kerr-selection-areal-radius-definition-expansion-product-EE
         Success: 2 files compared, 1 differ in the last digits
      AHFinderDirect: Kerr-selection-mean-coordinate-radius
         Success: 2 files compared, 1 differ in the last digits
      AHFinderDirect: Kerr-selection-mean-coordinate-radius-EE
         Success: 2 files compared, 1 differ in the last digits
      CT_MultiLevel: boostedpuncture
         Success: 42 files compared, 34 differ in the last digits
      CT_MultiLevel: constraints_spherical
         Success: 40 files compared, 40 differ in the last digits
      CT_MultiLevel: poisson
         Success: 32 files compared, 23 differ in the last digits
      Carpet: 64k2
         Success: 0 files identical
      Carpet: kasner
         Success: 4 files identical
      Carpet: kasner_amr
         Success: 4 files identical
      Carpet: no-overlap
         Success: 15 files identical
      Carpet: overlap
         Success: 15 files identical
      Carpet: test_restrict_sync
         Success: 1 files identical
      CarpetEvolutionMask: buffer_mask
         Success: 3 files identical
      CarpetIOASCII: compact
         Success: 27 files identical
      CarpetIOASCII: coords
         Success: 27 files identical
      CarpetIOASCII: grid-coords
         Success: 27 files identical
      CarpetIOASCII: newsep
         Success: 27 files identical
      CarpetIOHDF5: newsep
         Success: 0 files identical
      CarpetIOHDF5: nobuffers
         Success: 0 files identical
      CarpetIOScalar: coords
         Success: 5 files compared, 1 differ in the last digits
      CarpetIOScalar: coords2
         Success: 9 files compared, 6 differ in the last digits
      CarpetIOScalar: coords3
         Success: 36 files compared, 12 differ in the last digits
      CarpetIOScalar: coords4
         Success: 1 files compared, 1 differ in the last digits
      CarpetIOScalar: newsep
         Success: 1 files compared, 1 differ in the last digits
      CarpetInterp: waveinterp-2p
         Success: 66 files compared, 8 differ in the last digits
      CarpetProlongateTest: test_cc_horest_o3
         Success: 9 files identical
      CarpetProlongateTest: test_cc_horest_o5
         Success: 9 files identical
      CarpetProlongateTest: test_cc_o0
         Success: 9 files identical
      CarpetProlongateTest: test_cc_o1
         Success: 9 files identical
      CarpetProlongateTest: test_cc_o2
         Success: 9 files identical
      CarpetProlongateTest: test_cc_o3
         Success: 9 files identical
      CarpetProlongateTest: test_cc_o4
         Success: 9 files identical
      CarpetProlongateTest: test_cc_o5
         Success: 9 files identical
      CarpetProlongateTest: test_cc_rest_o0
         Success: 9 files identical
      CarpetProlongateTest: test_cc_rest_o1
         Success: 9 files identical
      CarpetProlongateTest: test_cc_rest_o2
         Success: 9 files identical
      CarpetProlongateTest: test_cc_rest_o3
         Success: 9 files identical
      CarpetProlongateTest: test_cc_rest_o4
         Success: 9 files identical
      CarpetProlongateTest: test_cc_rest_o5
         Success: 9 files identical
      CarpetProlongateTest: test_o1
         Success: 9 files identical
      CarpetProlongateTest: test_o11
         Success: 9 files identical
      CarpetProlongateTest: test_o3
         Success: 9 files compared, 5 differ in the last digits
      CarpetProlongateTest: test_o5
         Success: 9 files identical
      CarpetProlongateTest: test_o7
         Success: 9 files identical
      CarpetProlongateTest: test_o9
         Success: 9 files identical
      CarpetRegrid2: regrid2_granularity
         Success: 4 files identical
      Cartoon2D: carpet
         Success: 3 files identical
      DistortedBHIVP: E2xeon_test_dbh
         Success: 96 files compared, 40 differ in the last digits
      DistortedBHIVP: test_dbh
         Success: 128 files compared, 1 differ in the last digits
      EOS_Omni: eos_omni
         Success: 1 files compared, 1 differ in the last digits
      Exact: Schwarzschild_EF
         Success: 112 files identical
      Exact: bowl-init
         Success: 24 files compared, 1 differ in the last digits
      GRHydro: GRHydro_test_shock
         Success: 48 files compared, 10 differ in the last digits
      GRHydro: GRHydro_test_shock_hllc
         Success: 48 files identical
      GRHydro: GRHydro_test_shock_mp5
         Success: 48 files identical
      GRHydro: GRHydro_test_shock_ppm
         Success: 48 files compared, 17 differ in the last digits
      GRHydro: GRHydro_test_shock_weno
         Success: 48 files compared, 2 differ in the last digits
      GRHydro: balsara1_1d
         Success: 7 files compared, 1 differ in the last digits
      GRHydro: balsara1_1d_dc
         Success: 8 files compared, 1 differ in the last digits
      GRHydro: balsara1_2d
         Success: 7 files compared, 1 differ in the last digits
      GRHydro: balsara1_2d_dc
         Success: 8 files compared, 8 differ in the last digits
      GRHydro: balsara2_1d
         Success: 7 files compared, 1 differ in the last digits
      GRHydro: balsara2_2d
         Success: 14 files compared, 2 differ in the last digits
      GRHydro: balsara3_1d
         Success: 7 files compared, 1 differ in the last digits
      GRHydro: balsara3_2d
         Success: 7 files compared, 3 differ in the last digits
      GRHydro: balsara4_1d
         Success: 7 files compared, 5 differ in the last digits
      GRHydro: balsara4_2d
         Success: 7 files compared, 5 differ in the last digits
      GRHydro: balsara5_1d
         Success: 7 files compared, 1 differ in the last digits
      GRHydro: balsara5_2d
         Success: 7 files identical
      GRHydro: cylexp_tvd_mc2_hlle
         Success: 7 files identical
      GRHydro: cylexp_tvd_mc2_hlle_dc
         Success: 7 files compared, 5 differ in the last digits
      GRHydro: test_tov_carpet_refined_nosync
         Success: 3 files compared, 2 differ in the last digits
      GRHydro: tov_carpetevolutionmask
         Success: 6 files identical
      GRHydro: tov_carpetevolutionmask2
         Success: 6 files identical
      GRHydro: tov_slowsector
         Success: 6 files identical
      HighOrderWaveTest: test_restrict_sync
         Success: 1 files identical
      Hydro_Analysis: two_tov
         Success: 4 files identical
      Hydro_InitExcision: diag_flip_pugh_eno
         Success: 74 files identical
      Hydro_InitExcision: diag_pugh_eno
         Success: 74 files identical
      Hydro_InitExcision: sphere_pugh_ppm
         Success: 77 files identical
      Hydro_InitExcision: x_flip_pugh_eno
         Success: 74 files identical
      Hydro_InitExcision: x_pugh_eno
         Success: 74 files identical
      IDAnalyticBH: kerr
         Success: 35 files compared, 1 differ in the last digits
      IDAnalyticBH: test_bl
         Success: 4 files identical
      IDAnalyticBH: test_misner
         Success: 8 files identical
      IDAxiBrillBH: test_axibrill
         Success: 92 files identical
      IDAxiBrillBH: test_axibrill_nostagger
         Success: 92 files identical
      IDAxiOddBrillBH: E2xeon_test_axioddbh
         Success: 84 files identical
      IDAxiOddBrillBH: test_axioddbh
         Success: 104 files compared, 5 differ in the last digits
      IDLinearWaves: test_pw_ADM_dir-x
         Success: 60 files identical
      IDLinearWaves: test_pw_ADM_dir-z
         Success: 64 files identical
      IDScalarWaveElliptic: test_waveell
         Success: 8 files compared, 4 differ in the last digits
      IOHDF5: test_recover
         Success: 5 files identical
      IllinoisGRMHD: magnetizedTOV
         Failure: 1 files compared, 1 differ, 1 differ significantly
      InterpToArray: wavetoy
         Success: 25 files compared, 1 differ in the last digits
      InterpToArray: wavetoy2
         Success: 17 files identical
      LoopControl: test-minkowski-carpet-1lev
         Success: 4 files identical
      ML_BSSN_Test: ML_BSSN_EE_sgw3d
         Success: 32 files compared, 30 differ in the last digits
      ML_BSSN_Test: ML_BSSN_EE_sgw3d_rhs
         Success: 171 files compared, 93 differ in the last digits
      ML_BSSN_Test: ML_BSSN_NewRad
         Success: 52 files compared, 48 differ in the last digits
      ML_BSSN_Test: ML_BSSN_O8_sgw3d
         Success: 32 files compared, 30 differ in the last digits
      ML_BSSN_Test: ML_BSSN_sgw3d
         Success: 32 files compared, 30 differ in the last digits
      ML_BSSN_Test: ML_BSSN_sgw3d_harmonic
         Success: 29 files compared, 27 differ in the last digits
      ML_BSSN_Test: ML_BSSN_sgw3d_harmonic_phi
         Success: 29 files compared, 27 differ in the last digits
      ML_BSSN_Test: ML_BSSN_sgw3d_rhs
         Success: 171 files compared, 59 differ in the last digits
      ML_CCZ4_Test: ML_CCZ4_sgw3d
         Success: 37 files compared, 35 differ in the last digits
      ML_CCZ4_Test: ML_CCZ4_sgw3d_rhs
         Success: 177 files compared, 61 differ in the last digits
      ML_WaveToy_Test: gaussian-RK4
         Success: 17 files compared, 12 differ in the last digits
      ML_WaveToy_Test: gaussian-RK45
         Success: 17 files compared, 12 differ in the last digits
      ML_WaveToy_Test: gaussian-RK45-adaptive
         Success: 17 files compared, 17 differ in the last digits
      MemSpeed: memspeed
         Success: 4 files identical
      Multipole: test_22
         Success: 13 files compared, 9 differ in the last digits
      Multipole: test_31
         Success: 25 files compared, 25 differ in the last digits
      Multipole: test_44
         Success: 25 files compared, 25 differ in the last digits
      Multipole: test_driscollhealy
         Success: 13 files compared, 9 differ in the last digits
      Multipole: test_rads
         Success: 39 files compared, 27 differ in the last digits
      Multipole: test_simpson
         Success: 17 files compared, 10 differ in the last digits
      Multipole: test_trapezoidal
         Success: 17 files compared, 10 differ in the last digits
      Multipole: test_vars
         Success: 33 files compared, 33 differ in the last digits
      NaNChecker: nancount
         Success: 1 files identical
      Outflow: moving_tov
         Success: 8 files compared, 3 differ in the last digits
      PAPI: papi
         Success: 1 files identical
      PeriodicCarpet: ml-gw1d-small
         Failure: 196 files missing, 0 files compared, 0 differ
      PeriodicCarpet: ml-gw1d-small-amr
         Failure: 160 files missing, 0 files compared, 0 differ
      PeriodicCarpet: testperiodicinterp
         Failure: 1 files missing, 0 files compared, 0 differ
      QuasiLocalMeasures: qlm-bl
         Success: 169 files compared, 135 differ in the last digits
      QuasiLocalMeasures: qlm-ks
         Success: 169 files compared, 123 differ in the last digits
      QuasiLocalMeasures: qlm-ks-EE
         Success: 169 files compared, 123 differ in the last digits
      QuasiLocalMeasures: qlm-ks-boosted
         Success: 169 files compared, 125 differ in the last digits
      QuasiLocalMeasures: qlm-ks-shifted
         Success: 169 files compared, 135 differ in the last digits
      QuasiLocalMeasures: qlm-ks-tilted
         Success: 169 files compared, 126 differ in the last digits
      QuasiLocalMeasures: qlm-minkowski
         Success: 169 files compared, 62 differ in the last digits
      RotatingDBHIVP: E2xeon_test_rdbh
         Success: 92 files identical
      RotatingDBHIVP: test_rdbh
         Success: 128 files compared, 1 differ in the last digits
      RotatingSymmetry180: KerrSchild-rotating-180-EE
         Success: 120 files compared, 98 differ in the last digits
      RotatingSymmetry90: KerrSchild-rotating-90-EE
         Success: 120 files compared, 89 differ in the last digits
      SampleBoundary: wavetoyc
         Success: 6 files compared, 4 differ in the last digits
      SlabTest: slabtest
         Success: 1 files identical
      SphericalHarmonicRecon: regression_test
         Success: 4 files compared, 4 differ in the last digits
      SphericalHarmonicReconGen: SpEC-dat-test
         Success: 63 files identical
      SphericalHarmonicReconGen: SpEC-h5-test
         Success: 63 files identical
      TestArrays: arrays
         Success: 10 files identical
      TestArrays: arrays0
         Success: 7 files identical
      TestComplex: TestComplex
         Success: 11 files identical
      TestComplex: TestComplexPow
         Success: 2 files identical
      TestFpointerNULL: test_fpointer_null
         Success: 6 files identical
      TestGlobalReduce: TestAvg
         Success: 2 files identical
      TestGlobalReduce: TestAvg_dest0
         Success: 2 files identical
      TestGlobalReduce: TestMax
         Success: 2 files identical
      TestGlobalReduce: TestMax_dest0
         Success: 2 files identical
      TestGlobalReduce: TestMin
         Success: 2 files identical
      TestGlobalReduce: TestMin_dest0
         Success: 2 files identical
      TestGlobalReduce: TestScalar
         Success: 2 files identical
      TestGlobalReduce: TestSum
         Success: 2 files identical
      TestGlobalReduce: TestSum_dest0
         Success: 2 files identical
      TestGlobalReduce: TestWeightAvg
         Success: 2 files identical
      TestGlobalReduce: TestWeightMax
         Success: 2 files identical
      TestGlobalReduce: TestWeightMin
         Success: 2 files identical
      TestGlobalReduce: TestWeightSum
         Success: 2 files identical
      TestGlobalReduce: gaussianMax
         Success: 1 files identical
      TestGlobalReduce: gaussianMax_dest0
         Success: 1 files identical
      TestGlobalReduce: gaussianSum
         Success: 1 files compared, 1 differ in the last digits
      TestGlobalReduce: gaussianSum_dest0
         Success: 1 files compared, 1 differ in the last digits
      TestLocalReduce: TestAvg
         Success: 6 files identical
      TestLocalReduce: TestMax
         Success: 6 files identical
      TestLocalReduce: TestSum
         Success: 6 files identical
      TestMoL: ICN
         Success: 12 files identical
      TestMoL: ICN-avg
         Success: 12 files identical
      TestMoL: RK2
         Success: 12 files identical
      TestMoL: RK2-MR-2-1
         Success: 10 files identical
      TestMoL: RK2-central
         Success: 12 files identical
      TestMoL: RK3
         Success: 12 files identical
      TestMoL: RK4
         Success: 12 files identical
      TestMoL: RK4-MR-2-1
         Success: 10 files identical
      TestMoL: RK4-RK2
         Success: 10 files identical
      TestMoL: RK45
         Success: 6 files identical
      TestMoL: RK45CK
         Success: 6 files identical
      TestMoL: RK65
         Success: 6 files identical
      TestMoL: RK87
         Success: 6 files identical
      TestPar: expressions
         Success: 1 files identical
      Trigger: trigger
         Success: 8 files identical
      TwoPunctures: twopunctures_carpet
         Success: 5 files compared, 5 differ in the last digits
      Vectors: vectors
         Success: 4 files identical
      WaveBinarySource: test_binary_1
         Success: 9 files identical
      WaveMoL: gaussian
         Success: 17 files identical
      WaveToy1DF77: wavetoy1df77
         Success: 6 files identical
      WaveToy2DF77: test_WaveToy2D
         Success: 7 files identical
      WaveToyC: test_rad
         Success: 6 files identical
      WaveToyC: wave_output
         Success: 13 files identical
      WaveToyCXX: test_rad
         Success: 6 files identical
      WaveToyExtra: test_custom
         Success: 5 files identical
      WaveToyF77: test_rad
         Success: 6 files compared, 1 differ in the last digits
      WaveToyF77: test_rob
         Success: 6 files identical
      WaveToyF90: test_rad
         Success: 6 files compared, 1 differ in the last digits
      WaveToyF90: test_wavef90_flat
         Success: 6 files compared, 1 differ in the last digits
      WaveToyF90: test_wavef90_zero
         Success: 6 files compared, 1 differ in the last digits
      WaveToyFreeF90: test_rad
         Success: 6 files compared, 1 differ in the last digits
      WeylScal4: teukolsky
         Success: 8 files compared, 6 differ in the last digits
      WeylScal4: teukolskyID
         Success: 8 files compared, 3 differ in the last digits
      WeylScal4: teukolskyParity
         Success: 3 files compared, 3 differ in the last digits

========================================================================


  Summary for configuration sim

    Time                     -> Fri Sep 30 11:54:29 CDT 2016
    Host                     -> 8992d193
    Processes                -> 2
    User                     -> rhaas

    Total available tests    -> 300
    Unrunnable tests         -> 77
    Runnable tests           -> 223
    Total number of thorns   -> 227
    Number of tested thorns  -> 66
    Number of tests passed   -> 219
    Number passed only to
               set tolerance -> 103
    Number failed            -> 4

  Tests passed:

    test_AHF_1 (from AHFinder)
    test_AHF_2 (from AHFinder)
    Kerr (from AHFinderDirect)
    Kerr-Cartoon (from AHFinderDirect)
    Kerr-Cartoon-EE (from AHFinderDirect)
    Kerr-EE (from AHFinderDirect)
    Kerr-definition-expansion (from AHFinderDirect)
    Kerr-definition-expansion-EE (from AHFinderDirect)
    Kerr-definition-expansion-product (from AHFinderDirect)
    Kerr-definition-expansion-product-EE (from AHFinderDirect)
    Kerr-definition-inner-expansion (from AHFinderDirect)
    Kerr-definition-inner-expansion-EE (from AHFinderDirect)
    Kerr-definition-mean-curvature (from AHFinderDirect)
    Kerr-definition-mean-curvature-EE (from AHFinderDirect)
    Kerr-modification-radius (from AHFinderDirect)
    Kerr-modification-radius-EE (from AHFinderDirect)
    Kerr-rotating-180 (from AHFinderDirect)
    Kerr-rotating-180-EE (from AHFinderDirect)
    Kerr-rotating-90 (from AHFinderDirect)
    Kerr-rotating-90-EE (from AHFinderDirect)
    Kerr-selection-areal-radius (from AHFinderDirect)
    Kerr-selection-areal-radius-EE (from AHFinderDirect)
    Kerr-selection-areal-radius-definition-expansion-product (from AHFinderDirect)
    Kerr-selection-areal-radius-definition-expansion-product-EE (from AHFinderDirect)
    Kerr-selection-mean-coordinate-radius (from AHFinderDirect)
    Kerr-selection-mean-coordinate-radius-EE (from AHFinderDirect)
    boostedpuncture (from CT_MultiLevel)
    constraints_spherical (from CT_MultiLevel)
    poisson (from CT_MultiLevel)
    64k2 (from Carpet)
    kasner (from Carpet)
    kasner_amr (from Carpet)
    no-overlap (from Carpet)
    overlap (from Carpet)
    test_restrict_sync (from Carpet)
    buffer_mask (from CarpetEvolutionMask)
    compact (from CarpetIOASCII)
    coords (from CarpetIOASCII)
    grid-coords (from CarpetIOASCII)
    newsep (from CarpetIOASCII)
    newsep (from CarpetIOHDF5)
    nobuffers (from CarpetIOHDF5)
    coords (from CarpetIOScalar)
    coords2 (from CarpetIOScalar)
    coords3 (from CarpetIOScalar)
    coords4 (from CarpetIOScalar)
    newsep (from CarpetIOScalar)
    waveinterp-2p (from CarpetInterp)
    test_cc_horest_o3 (from CarpetProlongateTest)
    test_cc_horest_o5 (from CarpetProlongateTest)
    test_cc_o0 (from CarpetProlongateTest)
    test_cc_o1 (from CarpetProlongateTest)
    test_cc_o2 (from CarpetProlongateTest)
    test_cc_o3 (from CarpetProlongateTest)
    test_cc_o4 (from CarpetProlongateTest)
    test_cc_o5 (from CarpetProlongateTest)
    test_cc_rest_o0 (from CarpetProlongateTest)
    test_cc_rest_o1 (from CarpetProlongateTest)
    test_cc_rest_o2 (from CarpetProlongateTest)
    test_cc_rest_o3 (from CarpetProlongateTest)
    test_cc_rest_o4 (from CarpetProlongateTest)
    test_cc_rest_o5 (from CarpetProlongateTest)
    test_o1 (from CarpetProlongateTest)
    test_o11 (from CarpetProlongateTest)
    test_o3 (from CarpetProlongateTest)
    test_o5 (from CarpetProlongateTest)
    test_o7 (from CarpetProlongateTest)
    test_o9 (from CarpetProlongateTest)
    regrid2_granularity (from CarpetRegrid2)
    carpet (from Cartoon2D)
    E2xeon_test_dbh (from DistortedBHIVP)
    test_dbh (from DistortedBHIVP)
    eos_omni (from EOS_Omni)
    Schwarzschild_EF (from Exact)
    bowl-init (from Exact)
    GRHydro_test_shock (from GRHydro)
    GRHydro_test_shock_hllc (from GRHydro)
    GRHydro_test_shock_mp5 (from GRHydro)
    GRHydro_test_shock_ppm (from GRHydro)
    GRHydro_test_shock_weno (from GRHydro)
    balsara1_1d (from GRHydro)
    balsara1_1d_dc (from GRHydro)
    balsara1_2d (from GRHydro)
    balsara1_2d_dc (from GRHydro)
    balsara2_1d (from GRHydro)
    balsara2_2d (from GRHydro)
    balsara3_1d (from GRHydro)
    balsara3_2d (from GRHydro)
    balsara4_1d (from GRHydro)
    balsara4_2d (from GRHydro)
    balsara5_1d (from GRHydro)
    balsara5_2d (from GRHydro)
    cylexp_tvd_mc2_hlle (from GRHydro)
    cylexp_tvd_mc2_hlle_dc (from GRHydro)
    test_tov_carpet_refined_nosync (from GRHydro)
    tov_carpetevolutionmask (from GRHydro)
    tov_carpetevolutionmask2 (from GRHydro)
    tov_slowsector (from GRHydro)
    test_restrict_sync (from HighOrderWaveTest)
    two_tov (from Hydro_Analysis)
    diag_flip_pugh_eno (from Hydro_InitExcision)
    diag_pugh_eno (from Hydro_InitExcision)
    sphere_pugh_ppm (from Hydro_InitExcision)
    x_flip_pugh_eno (from Hydro_InitExcision)
    x_pugh_eno (from Hydro_InitExcision)
    kerr (from IDAnalyticBH)
    test_bl (from IDAnalyticBH)
    test_misner (from IDAnalyticBH)
    test_axibrill (from IDAxiBrillBH)
    test_axibrill_nostagger (from IDAxiBrillBH)
    E2xeon_test_axioddbh (from IDAxiOddBrillBH)
    test_axioddbh (from IDAxiOddBrillBH)
    test_pw_ADM_dir-x (from IDLinearWaves)
    test_pw_ADM_dir-z (from IDLinearWaves)
    test_waveell (from IDScalarWaveElliptic)
    test_recover (from IOHDF5)
    wavetoy (from InterpToArray)
    wavetoy2 (from InterpToArray)
    test-minkowski-carpet-1lev (from LoopControl)
    ML_BSSN_EE_sgw3d (from ML_BSSN_Test)
    ML_BSSN_EE_sgw3d_rhs (from ML_BSSN_Test)
    ML_BSSN_NewRad (from ML_BSSN_Test)
    ML_BSSN_O8_sgw3d (from ML_BSSN_Test)
    ML_BSSN_sgw3d (from ML_BSSN_Test)
    ML_BSSN_sgw3d_harmonic (from ML_BSSN_Test)
    ML_BSSN_sgw3d_harmonic_phi (from ML_BSSN_Test)
    ML_BSSN_sgw3d_rhs (from ML_BSSN_Test)
    ML_CCZ4_sgw3d (from ML_CCZ4_Test)
    ML_CCZ4_sgw3d_rhs (from ML_CCZ4_Test)
    gaussian-RK4 (from ML_WaveToy_Test)
    gaussian-RK45 (from ML_WaveToy_Test)
    gaussian-RK45-adaptive (from ML_WaveToy_Test)
    memspeed (from MemSpeed)
    test_22 (from Multipole)
    test_31 (from Multipole)
    test_44 (from Multipole)
    test_driscollhealy (from Multipole)
    test_rads (from Multipole)
    test_simpson (from Multipole)
    test_trapezoidal (from Multipole)
    test_vars (from Multipole)
    nancount (from NaNChecker)
    moving_tov (from Outflow)
    papi (from PAPI)
    qlm-bl (from QuasiLocalMeasures)
    qlm-ks (from QuasiLocalMeasures)
    qlm-ks-EE (from QuasiLocalMeasures)
    qlm-ks-boosted (from QuasiLocalMeasures)
    qlm-ks-shifted (from QuasiLocalMeasures)
    qlm-ks-tilted (from QuasiLocalMeasures)
    qlm-minkowski (from QuasiLocalMeasures)
    E2xeon_test_rdbh (from RotatingDBHIVP)
    test_rdbh (from RotatingDBHIVP)
    KerrSchild-rotating-180-EE (from RotatingSymmetry180)
    KerrSchild-rotating-90-EE (from RotatingSymmetry90)
    wavetoyc (from SampleBoundary)
    slabtest (from SlabTest)
    regression_test (from SphericalHarmonicRecon)
    SpEC-dat-test (from SphericalHarmonicReconGen)
    SpEC-h5-test (from SphericalHarmonicReconGen)
    arrays (from TestArrays)
    arrays0 (from TestArrays)
    TestComplex (from TestComplex)
    TestComplexPow (from TestComplex)
    test_fpointer_null (from TestFpointerNULL)
    TestAvg (from TestGlobalReduce)
    TestAvg_dest0 (from TestGlobalReduce)
    TestMax (from TestGlobalReduce)
    TestMax_dest0 (from TestGlobalReduce)
    TestMin (from TestGlobalReduce)
    TestMin_dest0 (from TestGlobalReduce)
    TestScalar (from TestGlobalReduce)
    TestSum (from TestGlobalReduce)
    TestSum_dest0 (from TestGlobalReduce)
    TestWeightAvg (from TestGlobalReduce)
    TestWeightMax (from TestGlobalReduce)
    TestWeightMin (from TestGlobalReduce)
    TestWeightSum (from TestGlobalReduce)
    gaussianMax (from TestGlobalReduce)
    gaussianMax_dest0 (from TestGlobalReduce)
    gaussianSum (from TestGlobalReduce)
    gaussianSum_dest0 (from TestGlobalReduce)
    TestAvg (from TestLocalReduce)
    TestMax (from TestLocalReduce)
    TestSum (from TestLocalReduce)
    ICN (from TestMoL)
    ICN-avg (from TestMoL)
    RK2 (from TestMoL)
    RK2-MR-2-1 (from TestMoL)
    RK2-central (from TestMoL)
    RK3 (from TestMoL)
    RK4 (from TestMoL)
    RK4-MR-2-1 (from TestMoL)
    RK4-RK2 (from TestMoL)
    RK45 (from TestMoL)
    RK45CK (from TestMoL)
    RK65 (from TestMoL)
    RK87 (from TestMoL)
    expressions (from TestPar)
    trigger (from Trigger)
    twopunctures_carpet (from TwoPunctures)
    vectors (from Vectors)
    test_binary_1 (from WaveBinarySource)
    gaussian (from WaveMoL)
    wavetoy1df77 (from WaveToy1DF77)
    test_WaveToy2D (from WaveToy2DF77)
    test_rad (from WaveToyC)
    wave_output (from WaveToyC)
    test_rad (from WaveToyCXX)
    test_custom (from WaveToyExtra)
    test_rad (from WaveToyF77)
    test_rob (from WaveToyF77)
    test_rad (from WaveToyF90)
    test_wavef90_flat (from WaveToyF90)
    test_wavef90_zero (from WaveToyF90)
    test_rad (from WaveToyFreeF90)
    teukolsky (from WeylScal4)
    teukolskyID (from WeylScal4)
    teukolskyParity (from WeylScal4)

  Tests failed:

    magnetizedTOV (from IllinoisGRMHD)
    ml-gw1d-small (from PeriodicCarpet)
    ml-gw1d-small-amr (from PeriodicCarpet)
    testperiodicinterp (from PeriodicCarpet)

========================================================================

