This file contains any messages produced by compilers while
running configure, to aid debugging if configure makes a mistake.

configure:890: checking host system type
configure:936: checking whether make sets ${MAKE}
configure:1001: checking whether the C compiler (gcc -g3 -march=native -std=gnu99 -rdynamic) works
configure:1018: gcc -o conftest -g3 -march=native -std=gnu99 -DMPICH_IGNORE_CXX_SEEK -rdynamic conftest.c  1>&5
configure:1015:1: warning: return type defaults to 'int' [enabled by default]
configure:1047: checking whether the C compiler (gcc -g3 -march=native -std=gnu99 -rdynamic) is a cross-compiler
configure:1055: checking whether we are using GNU C
configure:1064: gcc -E conftest.c
configure:1112: checking whether the C++ compiler (g++ -g3 -march=native -std=gnu++0x -rdynamic) works
configure:1129: g++ -o conftest -g3 -march=native -std=gnu++0x -DMPICH_IGNORE_CXX_SEEK -rdynamic conftest.C  1>&5
configure:1155: checking whether the C++ compiler (g++ -g3 -march=native -std=gnu++0x -rdynamic) is a cross-compiler
configure:1163: checking whether we are using GNU C++
configure:1172: g++ -E conftest.C
configure:1188: checking for nvcc
configure:1223: checking for ranlib
configure:1349: checking for perl
configure:1386: checking for gtar
configure:1386: checking for tar
configure:1423: checking for xargs
configure:1460: checking for gzip
configure:1497: checking for gpatch
configure:1497: checking for patch
configure:1534: checking for git
configure:1608: checking for ar
configure:1645: checking for mkdir
configure:1684: checking for bash
configure:1959: checking how to run the C preprocessor
configure:2039: checking for ANSI C header files
configure:2052: cpp -DMPICH_IGNORE_CXX_SEEK conftest.c >/dev/null 2>conftest.out
configure:2119: gcc -o conftest -g3 -march=native -std=gnu99 -DMPICH_IGNORE_CXX_SEEK  conftest.c  1>&5
configure: In function 'main':
configure:2114:1: warning: implicit declaration of function 'exit' [-Wimplicit-function-declaration]
configure:2114:67: warning: incompatible implicit declaration of built-in function 'exit' [enabled by default]
configure:2115:1: warning: incompatible implicit declaration of built-in function 'exit' [enabled by default]
configure:2145: checking for C99 features
configure:2163: gcc -c -g3 -march=native -std=gnu99 -DMPICH_IGNORE_CXX_SEEK conftest.c 1>&5
configure:2192: checking whether byte ordering is bigendian
configure:2210: gcc -c -g3 -march=native -std=gnu99 -DMPICH_IGNORE_CXX_SEEK conftest.c 1>&5
configure:2225: gcc -c -g3 -march=native -std=gnu99 -DMPICH_IGNORE_CXX_SEEK conftest.c 1>&5
configure: In function 'main':
configure:2220:2: error: unknown type name 'not'
configure:2220:10: error: expected '=', ',', ';', 'asm' or '__attribute__' before 'endian'
configure: failed program was:
#line 2214 "configure"
#include "confdefs.h"
#include <sys/types.h>
#include <sys/param.h>
int main() {

#if BYTE_ORDER != BIG_ENDIAN
 not big endian
#endif
; return 0; }
configure:2301: checking size of long long
configure:2320: gcc -o conftest -g3 -march=native -std=gnu99 -DMPICH_IGNORE_CXX_SEEK  conftest.c  1>&5
configure:2311:1: warning: return type defaults to 'int' [enabled by default]
configure: In function 'main':
configure:2314:3: warning: implicit declaration of function 'exit' [-Wimplicit-function-declaration]
configure:2314:11: warning: incompatible implicit declaration of built-in function 'exit' [enabled by default]
configure:2315:3: warning: format '%d' expects argument of type 'int', but argument 3 has type 'long unsigned int' [-Wformat=]
configure:2316:3: warning: incompatible implicit declaration of built-in function 'exit' [enabled by default]
configure:2345: checking size of long int
configure:2364: gcc -o conftest -g3 -march=native -std=gnu99 -DMPICH_IGNORE_CXX_SEEK  conftest.c  1>&5
configure:2355:1: warning: return type defaults to 'int' [enabled by default]
configure: In function 'main':
configure:2358:3: warning: implicit declaration of function 'exit' [-Wimplicit-function-declaration]
configure:2358:11: warning: incompatible implicit declaration of built-in function 'exit' [enabled by default]
configure:2359:3: warning: format '%d' expects argument of type 'int', but argument 3 has type 'long unsigned int' [-Wformat=]
configure:2360:3: warning: incompatible implicit declaration of built-in function 'exit' [enabled by default]
configure:2389: checking size of int
configure:2408: gcc -o conftest -g3 -march=native -std=gnu99 -DMPICH_IGNORE_CXX_SEEK  conftest.c  1>&5
configure:2399:1: warning: return type defaults to 'int' [enabled by default]
configure: In function 'main':
configure:2402:3: warning: implicit declaration of function 'exit' [-Wimplicit-function-declaration]
configure:2402:11: warning: incompatible implicit declaration of built-in function 'exit' [enabled by default]
configure:2403:3: warning: format '%d' expects argument of type 'int', but argument 3 has type 'long unsigned int' [-Wformat=]
configure:2404:3: warning: incompatible implicit declaration of built-in function 'exit' [enabled by default]
configure:2433: checking size of short int
configure:2452: gcc -o conftest -g3 -march=native -std=gnu99 -DMPICH_IGNORE_CXX_SEEK  conftest.c  1>&5
configure:2443:1: warning: return type defaults to 'int' [enabled by default]
configure: In function 'main':
configure:2446:3: warning: implicit declaration of function 'exit' [-Wimplicit-function-declaration]
configure:2446:11: warning: incompatible implicit declaration of built-in function 'exit' [enabled by default]
configure:2447:3: warning: format '%d' expects argument of type 'int', but argument 3 has type 'long unsigned int' [-Wformat=]
configure:2448:3: warning: incompatible implicit declaration of built-in function 'exit' [enabled by default]
configure:2479: checking size of long double
configure:2498: gcc -o conftest -g3 -march=native -std=gnu99 -DMPICH_IGNORE_CXX_SEEK  conftest.c  1>&5
configure:2489:1: warning: return type defaults to 'int' [enabled by default]
configure: In function 'main':
configure:2492:3: warning: implicit declaration of function 'exit' [-Wimplicit-function-declaration]
configure:2492:11: warning: incompatible implicit declaration of built-in function 'exit' [enabled by default]
configure:2493:3: warning: format '%d' expects argument of type 'int', but argument 3 has type 'long unsigned int' [-Wformat=]
configure:2494:3: warning: incompatible implicit declaration of built-in function 'exit' [enabled by default]
configure:2523: checking size of double
configure:2542: gcc -o conftest -g3 -march=native -std=gnu99 -DMPICH_IGNORE_CXX_SEEK  conftest.c  1>&5
configure:2533:1: warning: return type defaults to 'int' [enabled by default]
configure: In function 'main':
configure:2536:3: warning: implicit declaration of function 'exit' [-Wimplicit-function-declaration]
configure:2536:11: warning: incompatible implicit declaration of built-in function 'exit' [enabled by default]
configure:2537:3: warning: format '%d' expects argument of type 'int', but argument 3 has type 'long unsigned int' [-Wformat=]
configure:2538:3: warning: incompatible implicit declaration of built-in function 'exit' [enabled by default]
configure:2568: checking size of float
configure:2587: gcc -o conftest -g3 -march=native -std=gnu99 -DMPICH_IGNORE_CXX_SEEK  conftest.c  1>&5
configure:2578:1: warning: return type defaults to 'int' [enabled by default]
configure: In function 'main':
configure:2581:3: warning: implicit declaration of function 'exit' [-Wimplicit-function-declaration]
configure:2581:11: warning: incompatible implicit declaration of built-in function 'exit' [enabled by default]
configure:2582:3: warning: format '%d' expects argument of type 'int', but argument 3 has type 'long unsigned int' [-Wformat=]
configure:2583:3: warning: incompatible implicit declaration of built-in function 'exit' [enabled by default]
configure:2614: checking size of char *
configure:2633: gcc -o conftest -g3 -march=native -std=gnu99 -DMPICH_IGNORE_CXX_SEEK  conftest.c  1>&5
configure:2624:1: warning: return type defaults to 'int' [enabled by default]
configure: In function 'main':
configure:2627:3: warning: implicit declaration of function 'exit' [-Wimplicit-function-declaration]
configure:2627:11: warning: incompatible implicit declaration of built-in function 'exit' [enabled by default]
configure:2628:3: warning: format '%d' expects argument of type 'int', but argument 3 has type 'long unsigned int' [-Wformat=]
configure:2629:3: warning: incompatible implicit declaration of built-in function 'exit' [enabled by default]
configure:2668: checking for the null device
configure:2731: checking for gethostbyname
configure:2759: gcc -o conftest -g3 -march=native -std=gnu99 -DMPICH_IGNORE_CXX_SEEK  conftest.c   >&5
configure:2832: checking whether mode_t is defined
configure:2847: gcc -c -g3 -march=native -std=gnu99 -DMPICH_IGNORE_CXX_SEEK conftest.c 1>&5
configure:2873: checking for availability of gettimeofday timing
configure:2886: gcc -o conftest -g3 -march=native -std=gnu99 -DMPICH_IGNORE_CXX_SEEK  conftest.c   >&5
configure: In function 'main':
configure:2881:1: warning: implicit declaration of function 'gettimeofday' [-Wimplicit-function-declaration]
configure:2908: checking if gettimeofday needs timezone
configure:2926: gcc -o conftest -g3 -march=native -std=gnu99 -DMPICH_IGNORE_CXX_SEEK  conftest.c   >&5
configure:2949: checking for availability of getrusage timing
configure:2967: gcc -o conftest -g3 -march=native -std=gnu99 -DMPICH_IGNORE_CXX_SEEK  conftest.c   >&5
configure:2989: checking for availability of _ftime timing
configure:3007: gcc -o conftest -g3 -march=native -std=gnu99 -DMPICH_IGNORE_CXX_SEEK  conftest.c   >&5
configure: In function 'main':
configure:3000:17: error: storage size of 'timebs' isn't known
configure:3001:3: warning: implicit declaration of function '_ftime' [-Wimplicit-function-declaration]
configure: failed program was:
#line 2994 "configure"
#include "confdefs.h"
#include <stdio.h>
#include <time.h>
#include <sys/types.h>
#include <sys/timeb.h>
int main() {
  struct _timeb timebs;
  _ftime(&timebs);
  printf("%f\n",(double)(timebs.time + timebs.millitm/1000.0));
  return 0;
; return 0; }
configure:3034: checking for time.h
configure:3047: gcc -c -g3 -march=native -std=gnu99 -DMPICH_IGNORE_CXX_SEEK conftest.c 1>&5
configure:3074: checking for sys/time.h
configure:3087: gcc -c -g3 -march=native -std=gnu99 -DMPICH_IGNORE_CXX_SEEK conftest.c 1>&5
configure:3114: checking for sys/types.h
configure:3127: gcc -c -g3 -march=native -std=gnu99 -DMPICH_IGNORE_CXX_SEEK conftest.c 1>&5
configure:3154: checking for unistd.h
configure:3167: gcc -c -g3 -march=native -std=gnu99 -DMPICH_IGNORE_CXX_SEEK conftest.c 1>&5
configure:3194: checking for string.h
configure:3207: gcc -c -g3 -march=native -std=gnu99 -DMPICH_IGNORE_CXX_SEEK conftest.c 1>&5
configure:3234: checking for assert.h
configure:3247: gcc -c -g3 -march=native -std=gnu99 -DMPICH_IGNORE_CXX_SEEK conftest.c 1>&5
configure:3274: checking for tgmath.h
configure:3287: gcc -c -g3 -march=native -std=gnu99 -DMPICH_IGNORE_CXX_SEEK conftest.c 1>&5
configure:3314: checking for sys/stat.h
configure:3327: gcc -c -g3 -march=native -std=gnu99 -DMPICH_IGNORE_CXX_SEEK conftest.c 1>&5
configure:3354: checking for getopt.h
configure:3367: gcc -c -g3 -march=native -std=gnu99 -DMPICH_IGNORE_CXX_SEEK conftest.c 1>&5
configure:3394: checking for dirent.h
configure:3407: gcc -c -g3 -march=native -std=gnu99 -DMPICH_IGNORE_CXX_SEEK conftest.c 1>&5
configure:3434: checking for c_asm.h
configure:3447: gcc -c -g3 -march=native -std=gnu99 -DMPICH_IGNORE_CXX_SEEK conftest.c 1>&5
configure:3441:19: fatal error: c_asm.h: No such file or directory
compilation terminated.
configure: failed program was:
#line 3439 "configure"
#include "confdefs.h"
 
#include <c_asm.h>
int main() {
 
; return 0; }
configure:3474: checking for intrinsics.h
configure:3487: gcc -c -g3 -march=native -std=gnu99 -DMPICH_IGNORE_CXX_SEEK conftest.c 1>&5
configure:3481:24: fatal error: intrinsics.h: No such file or directory
compilation terminated.
configure: failed program was:
#line 3479 "configure"
#include "confdefs.h"
 
#include <intrinsics.h>
int main() {
 
; return 0; }
configure:3514: checking for mach/mach_time.h
configure:3527: gcc -c -g3 -march=native -std=gnu99 -DMPICH_IGNORE_CXX_SEEK conftest.c 1>&5
configure:3521:28: fatal error: mach/mach_time.h: No such file or directory
compilation terminated.
configure: failed program was:
#line 3519 "configure"
#include "confdefs.h"
 
#include <mach/mach_time.h>
int main() {
 
; return 0; }
configure:3551: checking for regex.h
configure:3564: gcc -c -g3 -march=native -std=gnu99 -DMPICH_IGNORE_CXX_SEEK conftest.c 1>&5
configure:3589: checking for sys/filio.h
configure:3604: gcc -c -g3 -march=native -std=gnu99 -DMPICH_IGNORE_CXX_SEEK conftest.c 1>&5
configure:3598:23: fatal error: sys/filio.h: No such file or directory
compilation terminated.
configure: failed program was:
#line 3594 "configure"
#include "confdefs.h"
#ifdef HAVE_SYS_TYPES_H
#include <sys/types.h>
#endif 
#include <sys/filio.h>
int main() {
 
; return 0; }
configure:3631: checking for sys/ioctl.h
configure:3646: gcc -c -g3 -march=native -std=gnu99 -DMPICH_IGNORE_CXX_SEEK conftest.c 1>&5
configure:3673: checking for sys/socket.h
configure:3688: gcc -c -g3 -march=native -std=gnu99 -DMPICH_IGNORE_CXX_SEEK conftest.c 1>&5
configure:3715: checking for netinet/in.h
configure:3730: gcc -c -g3 -march=native -std=gnu99 -DMPICH_IGNORE_CXX_SEEK conftest.c 1>&5
configure:3757: checking for netdb.h
configure:3772: gcc -c -g3 -march=native -std=gnu99 -DMPICH_IGNORE_CXX_SEEK conftest.c 1>&5
configure:3799: checking for arpa/inet.h
configure:3814: gcc -c -g3 -march=native -std=gnu99 -DMPICH_IGNORE_CXX_SEEK conftest.c 1>&5
configure:3841: checking for winsock2.h
configure:3854: gcc -c -g3 -march=native -std=gnu99 -DMPICH_IGNORE_CXX_SEEK conftest.c 1>&5
configure:3848:22: fatal error: winsock2.h: No such file or directory
compilation terminated.
configure: failed program was:
#line 3846 "configure"
#include "confdefs.h"
 
#include <winsock2.h>
int main() {
 
; return 0; }
configure:3881: checking for crypt.h
configure:3896: gcc -c -g3 -march=native -std=gnu99 -DMPICH_IGNORE_CXX_SEEK conftest.c 1>&5
configure:3923: checking for signal.h
configure:3936: gcc -c -g3 -march=native -std=gnu99 -DMPICH_IGNORE_CXX_SEEK conftest.c 1>&5
configure:3963: checking for malloc.h
configure:3976: gcc -c -g3 -march=native -std=gnu99 -DMPICH_IGNORE_CXX_SEEK conftest.c 1>&5
configure:4003: checking for sched.h
configure:4016: gcc -c -g3 -march=native -std=gnu99 -DMPICH_IGNORE_CXX_SEEK conftest.c 1>&5
configure:4043: checking for execinfo.h
configure:4056: gcc -c -g3 -march=native -std=gnu99 -DMPICH_IGNORE_CXX_SEEK conftest.c 1>&5
configure:4081: checking whether time.h and sys/time.h may both be included
configure:4095: gcc -c -g3 -march=native -std=gnu99 -DMPICH_IGNORE_CXX_SEEK conftest.c 1>&5
configure:4120: checking whether socklen_t is defined
configure:4145: gcc -c -g3 -march=native -std=gnu99 -DMPICH_IGNORE_CXX_SEEK conftest.c 1>&5
configure:4170: checking whether SOCKET is defined
configure:4195: gcc -c -g3 -march=native -std=gnu99 -DMPICH_IGNORE_CXX_SEEK conftest.c 1>&5
configure: In function 'main':
configure:4191:1: error: unknown type name 'SOCKET'
configure: failed program was:
#line 4175 "configure"
#include "confdefs.h"
#include <stdio.h>
#include <stdlib.h>
#ifdef HAVE_UNISTD_H
#include <unistd.h>
#endif
#ifdef HAVE_SYS_TYPES_H
#include <sys/types.h>
#endif
#ifdef HAVE_SYS_SOCKET_H
#include <sys/socket.h>
#endif
#ifdef HAVE_WINSOCK2_H
#include <winsock2.h>
#endif
int main() {
SOCKET foo; return 0
; return 0; }
configure:4221: checking for hrtime_t
configure:4257: checking for gethrtime
configure:4285: gcc -o conftest -g3 -march=native -std=gnu99 -DMPICH_IGNORE_CXX_SEEK  conftest.c   >&5
/tmp/ccKlvrsy.o: In function `main':
/home/bruno/tmp/ET_git_dev/Cactus/configs/thc/config-data/configure:4279: undefined reference to `gethrtime'
collect2: error: ld returned 1 exit status
configure: failed program was:
#line 4262 "configure"
#include "confdefs.h"
/* System header to define __stub macros and hopefully few prototypes,
    which can conflict with char gethrtime(); below.  */
#include <assert.h>
/* Override any gcc2 internal prototype to avoid an error.  */
/* We use char because int might match the return type of a gcc2
    builtin and then its argument prototype would still apply.  */
char gethrtime();

int main() {

/* The GNU C library defines this for functions which it implements
    to always fail with ENOSYS.  Some functions are actually named
    something starting with __ and the normal name is an alias.  */
#if defined (__stub_gethrtime) || defined (__stub___gethrtime)
choke me
#else
gethrtime();
#endif

; return 0; }
configure:4257: checking for read_real_time
configure:4285: gcc -o conftest -g3 -march=native -std=gnu99 -DMPICH_IGNORE_CXX_SEEK  conftest.c   >&5
/tmp/ccta7lRA.o: In function `main':
/home/bruno/tmp/ET_git_dev/Cactus/configs/thc/config-data/configure:4279: undefined reference to `read_real_time'
collect2: error: ld returned 1 exit status
configure: failed program was:
#line 4262 "configure"
#include "confdefs.h"
/* System header to define __stub macros and hopefully few prototypes,
    which can conflict with char read_real_time(); below.  */
#include <assert.h>
/* Override any gcc2 internal prototype to avoid an error.  */
/* We use char because int might match the return type of a gcc2
    builtin and then its argument prototype would still apply.  */
char read_real_time();

int main() {

/* The GNU C library defines this for functions which it implements
    to always fail with ENOSYS.  Some functions are actually named
    something starting with __ and the normal name is an alias.  */
#if defined (__stub_read_real_time) || defined (__stub___read_real_time)
choke me
#else
read_real_time();
#endif

; return 0; }
configure:4257: checking for time_base_to_time
configure:4285: gcc -o conftest -g3 -march=native -std=gnu99 -DMPICH_IGNORE_CXX_SEEK  conftest.c   >&5
/tmp/ccAAaRkw.o: In function `main':
/home/bruno/tmp/ET_git_dev/Cactus/configs/thc/config-data/configure:4279: undefined reference to `time_base_to_time'
collect2: error: ld returned 1 exit status
configure: failed program was:
#line 4262 "configure"
#include "confdefs.h"
/* System header to define __stub macros and hopefully few prototypes,
    which can conflict with char time_base_to_time(); below.  */
#include <assert.h>
/* Override any gcc2 internal prototype to avoid an error.  */
/* We use char because int might match the return type of a gcc2
    builtin and then its argument prototype would still apply.  */
char time_base_to_time();

int main() {

/* The GNU C library defines this for functions which it implements
    to always fail with ENOSYS.  Some functions are actually named
    something starting with __ and the normal name is an alias.  */
#if defined (__stub_time_base_to_time) || defined (__stub___time_base_to_time)
choke me
#else
time_base_to_time();
#endif

; return 0; }
configure:4257: checking for clock_gettime
configure:4285: gcc -o conftest -g3 -march=native -std=gnu99 -DMPICH_IGNORE_CXX_SEEK  conftest.c   >&5
configure:4257: checking for mach_absolute_time
configure:4285: gcc -o conftest -g3 -march=native -std=gnu99 -DMPICH_IGNORE_CXX_SEEK  conftest.c   >&5
/tmp/cc6DuogB.o: In function `main':
/home/bruno/tmp/ET_git_dev/Cactus/configs/thc/config-data/configure:4279: undefined reference to `mach_absolute_time'
collect2: error: ld returned 1 exit status
configure: failed program was:
#line 4262 "configure"
#include "confdefs.h"
/* System header to define __stub macros and hopefully few prototypes,
    which can conflict with char mach_absolute_time(); below.  */
#include <assert.h>
/* Override any gcc2 internal prototype to avoid an error.  */
/* We use char because int might match the return type of a gcc2
    builtin and then its argument prototype would still apply.  */
char mach_absolute_time();

int main() {

/* The GNU C library defines this for functions which it implements
    to always fail with ENOSYS.  Some functions are actually named
    something starting with __ and the normal name is an alias.  */
#if defined (__stub_mach_absolute_time) || defined (__stub___mach_absolute_time)
choke me
#else
mach_absolute_time();
#endif

; return 0; }
configure:4311: checking for _rtc intrinsic
configure:4323: gcc -o conftest -g3 -march=native -std=gnu99 -DMPICH_IGNORE_CXX_SEEK  conftest.c   >&5
configure: In function 'main':
configure:4319:1: warning: implicit declaration of function '_rtc' [-Wimplicit-function-declaration]
/tmp/ccGPzzKD.o: In function `main':
/home/bruno/tmp/ET_git_dev/Cactus/configs/thc/config-data/configure:4319: undefined reference to `_rtc'
collect2: error: ld returned 1 exit status
configure: failed program was:
#line 4314 "configure"
#include "confdefs.h"
#ifdef HAVE_INTRINSICS_H
#include <intrinsics.h>
#endif
int main() {
_rtc()
; return 0; }
configure:4344: checking for mallinfo
configure:4372: gcc -o conftest -g3 -march=native -std=gnu99 -DMPICH_IGNORE_CXX_SEEK  conftest.c   >&5
configure:4401: checking for mallopt
configure:4429: gcc -o conftest -g3 -march=native -std=gnu99 -DMPICH_IGNORE_CXX_SEEK  conftest.c   >&5
configure:4457: checking whether M_MMAP_THRESHOLD is defined
configure:4472: gcc -c -g3 -march=native -std=gnu99 -DMPICH_IGNORE_CXX_SEEK conftest.c 1>&5
configure:4499: checking for sched_getaffinity
configure:4527: gcc -o conftest -g3 -march=native -std=gnu99 -DMPICH_IGNORE_CXX_SEEK  conftest.c   >&5
configure:4556: checking for getpid
configure:4584: gcc -o conftest -g3 -march=native -std=gnu99 -DMPICH_IGNORE_CXX_SEEK  conftest.c   >&5
configure:4613: checking if __int64 is defined
configure:4625: gcc -c -g3 -march=native -std=gnu99 -DMPICH_IGNORE_CXX_SEEK conftest.c 1>&5
configure: In function 'main':
configure:4621:1: error: unknown type name '__int64'
configure: failed program was:
#line 4618 "configure"
#include "confdefs.h"

int main() {
__int64 foo; return 0
; return 0; }
configure:4647: checking if __int128 is defined
configure:4659: gcc -c -g3 -march=native -std=gnu99 -DMPICH_IGNORE_CXX_SEEK conftest.c 1>&5
configure:4694: checking for vector
configure:4707: g++ -c -g3 -march=native -std=gnu++0x -DMPICH_IGNORE_CXX_SEEK conftest.C 1>&5
configure:4694: checking for vector.h
configure:4707: g++ -c -g3 -march=native -std=gnu++0x -DMPICH_IGNORE_CXX_SEEK conftest.C 1>&5
configure:4701:20: fatal error: vector.h: No such file or directory
compilation terminated.
configure: failed program was:
#line 4699 "configure"
#include "confdefs.h"
 
#include <vector.h>
int main() {
 
; return 0; }
configure:4746: checking for getopt_long_only
configure:4774: gcc -o conftest -g3 -march=native -std=gnu99 -DMPICH_IGNORE_CXX_SEEK  conftest.c   >&5
configure:4817: checking for C bool
configure:4830: gcc -c -g3 -march=native -std=gnu99 -DMPICH_IGNORE_CXX_SEEK conftest.c 1>&5
configure: In function 'main':
configure:4826:1: error: unknown type name 'bool'
configure: failed program was:
#line 4823 "configure"
#include "confdefs.h"

int main() {
bool foo;
; return 0; }
configure:4852: checking for CXX bool
configure:4873: g++ -c -g3 -march=native -std=gnu++0x -DMPICH_IGNORE_CXX_SEEK conftest.C 1>&5
configure:4903: checking for working const
configure:4957: gcc -c -g3 -march=native -std=gnu99 -DMPICH_IGNORE_CXX_SEEK conftest.c 1>&5
configure:4979: checking for C inline
configure:5001: gcc -o conftest -g3 -march=native -std=gnu99 -DMPICH_IGNORE_CXX_SEEK  conftest.c  1>&5 conftest2.c
configure: In function 'main':
configure:4989:1: warning: implicit declaration of function 'foo' [-Wimplicit-function-declaration]
configure:4997:11: warning: return type defaults to 'int' [enabled by default]
/tmp/cc0yiPI9.o: In function `main':
/home/bruno/tmp/ET_git_dev/Cactus/configs/thc/config-data/configure:4989: undefined reference to `foo'
collect2: error: ld returned 1 exit status
configure: failed program was:
#line 4986 "configure"
#include "confdefs.h"

int main() {
foo();
; return 0; }
configure:5001: gcc -o conftest -g3 -march=native -std=gnu99 -DMPICH_IGNORE_CXX_SEEK  conftest.c  1>&5 conftest2.c
configure: In function 'main':
configure:4989:1: warning: implicit declaration of function 'foo' [-Wimplicit-function-declaration]
configure:4997:15: warning: return type defaults to 'int' [enabled by default]
/tmp/cc7tww6b.o: In function `main':
/home/bruno/tmp/ET_git_dev/Cactus/configs/thc/config-data/configure:4989: undefined reference to `foo'
collect2: error: ld returned 1 exit status
configure: failed program was:
#line 4986 "configure"
#include "confdefs.h"

int main() {
foo();
; return 0; }
configure:5001: gcc -o conftest -g3 -march=native -std=gnu99 -DMPICH_IGNORE_CXX_SEEK  conftest.c  1>&5 conftest2.c
configure: In function 'main':
configure:4989:1: warning: implicit declaration of function 'foo' [-Wimplicit-function-declaration]
configure:4997:13: warning: return type defaults to 'int' [enabled by default]
/tmp/ccvVpoSi.o: In function `main':
/home/bruno/tmp/ET_git_dev/Cactus/configs/thc/config-data/configure:4989: undefined reference to `foo'
collect2: error: ld returned 1 exit status
configure: failed program was:
#line 4986 "configure"
#include "confdefs.h"

int main() {
foo();
; return 0; }
configure:5001: gcc -o conftest -g3 -march=native -std=gnu99 -DMPICH_IGNORE_CXX_SEEK  conftest.c  1>&5 conftest2.c
configure: In function 'main':
configure:4989:1: warning: implicit declaration of function 'foo' [-Wimplicit-function-declaration]
configure:4997:47: warning: return type defaults to 'int' [enabled by default]
configure:5047: checking for C static inline
configure:5069: gcc -o conftest -g3 -march=native -std=gnu99 -DMPICH_IGNORE_CXX_SEEK  conftest.c  1>&5 conftest2.c
configure:5057:18: warning: return type defaults to 'int' [enabled by default]
configure:5057:27: warning: return type defaults to 'int' [enabled by default]
configure:5065:18: warning: return type defaults to 'int' [enabled by default]
configure:5065:27: warning: return type defaults to 'int' [enabled by default]
configure:5095: checking for C restrict
configure:5127: gcc -c -g3 -march=native -std=gnu99 -DMPICH_IGNORE_CXX_SEEK conftest.c 1>&5
configure:5157: checking for C++ restrict
configure:5197: g++ -c -g3 -march=native -std=gnu++0x -DMPICH_IGNORE_CXX_SEEK conftest.C 1>&5
configure:5174:19: error: expected initializer before 'p1'
configure:5175:19: error: expected initializer before 'p2'
configure:5176:20: error: expected ';' at end of member declaration
configure:5176:29: error: 'arr' does not name a type
configure:5177:20: error: expected ';' at end of member declaration
configure:5177:29: error: 'arr' does not name a type
configure:5178:26: error: expected ',' or '...' before 'p'
configure:5179:26: error: expected ',' or '...' before 'p'
configure:5180:26: error: expected ',' or '...' before 'p'
configure:5183:26: error: expected ',' or '...' before 'p'
configure:5184:26: error: expected ',' or '...' before 'p'
configure:5185:26: error: expected ',' or '...' before 'p'
configure: In function 'int main()':
configure:5191:19: error: expected initializer before 'v1'
configure:5192:19: error: expected initializer before 'v2'
configure: failed program was:
#line 5172 "configure"
#include "confdefs.h"

double * restrict p1;
double * restrict p2[3];
struct s1 { char * restrict arr; };
struct s2 { char * restrict arr[3]; };
void f1 (void * restrict p);
void f2 (void * restrict p[]);
void f3 (void * restrict p[3]);
// void f4 (void * restrict p[restrict]);
// void f5 (void * restrict p[restrict 3]);
void f1 (void * restrict p) { }
void f2 (void * restrict p[]) { }
void f3 (void * restrict p[3]) { }
// void f4 (void * restrict p[restrict]) { }
// void f5 (void * restrict p[restrict 3]) { }

int main() {

double * restrict v1;
double * restrict v2[3];

; return 0; }
configure:5197: g++ -c -g3 -march=native -std=gnu++0x -DMPICH_IGNORE_CXX_SEEK conftest.C 1>&5
configure:5238: checking for C++ copysign
configure:5279: g++ -c -g3 -march=native -std=gnu++0x -DMPICH_IGNORE_CXX_SEEK conftest.C 1>&5
configure: In function 'int main()':
configure:5267:22: error: no matching function for call to 'copysign(float)'
configure:5267:22: note: candidates are:
In file included from /usr/include/features.h:374:0,
                 from /usr/include/x86_64-linux-gnu/c++/4.8/bits/os_defines.h:39,
                 from /usr/include/x86_64-linux-gnu/c++/4.8/bits/c++config.h:426,
                 from /usr/include/c++/4.8/cmath:41,
                 from configure:5261:
/usr/include/x86_64-linux-gnu/bits/mathcalls.h:217:1: note: double copysign(double, double)
 __MATHCALLX (copysign,, (_Mdouble_ __x, _Mdouble_ __y), (__const__));
 ^
/usr/include/x86_64-linux-gnu/bits/mathcalls.h:217:1: note:   candidate expects 2 arguments, 1 provided
In file included from configure:5261:0:
/usr/include/c++/4.8/cmath:1239:3: note: constexpr float std::copysign(float, float)
   copysign(float __x, float __y)
   ^
/usr/include/c++/4.8/cmath:1239:3: note:   candidate expects 2 arguments, 1 provided
/usr/include/c++/4.8/cmath:1243:3: note: constexpr long double std::copysign(long double, long double)
   copysign(long double __x, long double __y)
   ^
/usr/include/c++/4.8/cmath:1243:3: note:   candidate expects 2 arguments, 1 provided
/usr/include/c++/4.8/cmath:1248:5: note: template<class _Tp, class _Up> constexpr typename __gnu_cxx::__promote_2<_Tp, _Up>::__type std::copysign(_Tp, _Up)
     copysign(_Tp __x, _Up __y)
     ^
/usr/include/c++/4.8/cmath:1248:5: note:   template argument deduction/substitution failed:
configure:5267:22: note:   candidate expects 2 arguments, 1 provided
configure:5268:21: error: no matching function for call to 'copysign(double)'
configure:5268:21: note: candidates are:
In file included from /usr/include/features.h:374:0,
                 from /usr/include/x86_64-linux-gnu/c++/4.8/bits/os_defines.h:39,
                 from /usr/include/x86_64-linux-gnu/c++/4.8/bits/c++config.h:426,
                 from /usr/include/c++/4.8/cmath:41,
                 from configure:5261:
/usr/include/x86_64-linux-gnu/bits/mathcalls.h:217:1: note: double copysign(double, double)
 __MATHCALLX (copysign,, (_Mdouble_ __x, _Mdouble_ __y), (__const__));
 ^
/usr/include/x86_64-linux-gnu/bits/mathcalls.h:217:1: note:   candidate expects 2 arguments, 1 provided
In file included from configure:5261:0:
/usr/include/c++/4.8/cmath:1239:3: note: constexpr float std::copysign(float, float)
   copysign(float __x, float __y)
   ^
/usr/include/c++/4.8/cmath:1239:3: note:   candidate expects 2 arguments, 1 provided
/usr/include/c++/4.8/cmath:1243:3: note: constexpr long double std::copysign(long double, long double)
   copysign(long double __x, long double __y)
   ^
/usr/include/c++/4.8/cmath:1243:3: note:   candidate expects 2 arguments, 1 provided
/usr/include/c++/4.8/cmath:1248:5: note: template<class _Tp, class _Up> constexpr typename __gnu_cxx::__promote_2<_Tp, _Up>::__type std::copysign(_Tp, _Up)
     copysign(_Tp __x, _Up __y)
     ^
/usr/include/c++/4.8/cmath:1248:5: note:   template argument deduction/substitution failed:
configure:5268:21: note:   candidate expects 2 arguments, 1 provided
configure:5272:22: error: no matching function for call to 'copysign(float)'
configure:5272:22: note: candidates are:
In file included from /usr/include/features.h:374:0,
                 from /usr/include/x86_64-linux-gnu/c++/4.8/bits/os_defines.h:39,
                 from /usr/include/x86_64-linux-gnu/c++/4.8/bits/c++config.h:426,
                 from /usr/include/c++/4.8/cmath:41,
                 from configure:5261:
/usr/include/x86_64-linux-gnu/bits/mathcalls.h:217:1: note: double copysign(double, double)
 __MATHCALLX (copysign,, (_Mdouble_ __x, _Mdouble_ __y), (__const__));
 ^
/usr/include/x86_64-linux-gnu/bits/mathcalls.h:217:1: note:   candidate expects 2 arguments, 1 provided
In file included from configure:5261:0:
/usr/include/c++/4.8/cmath:1239:3: note: constexpr float std::copysign(float, float)
   copysign(float __x, float __y)
   ^
/usr/include/c++/4.8/cmath:1239:3: note:   candidate expects 2 arguments, 1 provided
/usr/include/c++/4.8/cmath:1243:3: note: constexpr long double std::copysign(long double, long double)
   copysign(long double __x, long double __y)
   ^
/usr/include/c++/4.8/cmath:1243:3: note:   candidate expects 2 arguments, 1 provided
/usr/include/c++/4.8/cmath:1248:5: note: template<class _Tp, class _Up> constexpr typename __gnu_cxx::__promote_2<_Tp, _Up>::__type std::copysign(_Tp, _Up)
     copysign(_Tp __x, _Up __y)
     ^
/usr/include/c++/4.8/cmath:1248:5: note:   template argument deduction/substitution failed:
configure:5272:22: note:   candidate expects 2 arguments, 1 provided
configure:5273:21: error: no matching function for call to 'copysign(double)'
configure:5273:21: note: candidates are:
In file included from /usr/include/features.h:374:0,
                 from /usr/include/x86_64-linux-gnu/c++/4.8/bits/os_defines.h:39,
                 from /usr/include/x86_64-linux-gnu/c++/4.8/bits/c++config.h:426,
                 from /usr/include/c++/4.8/cmath:41,
                 from configure:5261:
/usr/include/x86_64-linux-gnu/bits/mathcalls.h:217:1: note: double copysign(double, double)
 __MATHCALLX (copysign,, (_Mdouble_ __x, _Mdouble_ __y), (__const__));
 ^
/usr/include/x86_64-linux-gnu/bits/mathcalls.h:217:1: note:   candidate expects 2 arguments, 1 provided
In file included from configure:5261:0:
/usr/include/c++/4.8/cmath:1239:3: note: constexpr float std::copysign(float, float)
   copysign(float __x, float __y)
   ^
/usr/include/c++/4.8/cmath:1239:3: note:   candidate expects 2 arguments, 1 provided
/usr/include/c++/4.8/cmath:1243:3: note: constexpr long double std::copysign(long double, long double)
   copysign(long double __x, long double __y)
   ^
/usr/include/c++/4.8/cmath:1243:3: note:   candidate expects 2 arguments, 1 provided
/usr/include/c++/4.8/cmath:1248:5: note: template<class _Tp, class _Up> constexpr typename __gnu_cxx::__promote_2<_Tp, _Up>::__type std::copysign(_Tp, _Up)
     copysign(_Tp __x, _Up __y)
     ^
/usr/include/c++/4.8/cmath:1248:5: note:   template argument deduction/substitution failed:
configure:5273:21: note:   candidate expects 2 arguments, 1 provided
configure: failed program was:
#line 5258 "configure"
#include "confdefs.h"

/* See note in cctk_Math.h regarding these include statements */
#include <cmath>
#include <math.h>

int main() {

{
  std::copysign (1.0f);
  std::copysign (1.0);
}
using namespace std;
{
  std::copysign (1.0f);
  std::copysign (1.0);
}

; return 0; }
configure:5279: g++ -c -g3 -march=native -std=gnu++0x -DMPICH_IGNORE_CXX_SEEK conftest.C 1>&5
configure:5317: checking for C++ fpclassify
configure:5358: g++ -c -g3 -march=native -std=gnu++0x -DMPICH_IGNORE_CXX_SEEK conftest.C 1>&5
configure:5396: checking for C++ isfinite
configure:5437: g++ -c -g3 -march=native -std=gnu++0x -DMPICH_IGNORE_CXX_SEEK conftest.C 1>&5
configure:5475: checking for C++ isinf
configure:5516: g++ -c -g3 -march=native -std=gnu++0x -DMPICH_IGNORE_CXX_SEEK conftest.C 1>&5
configure:5554: checking for C++ isnan
configure:5595: g++ -c -g3 -march=native -std=gnu++0x -DMPICH_IGNORE_CXX_SEEK conftest.C 1>&5
configure:5633: checking for C++ isnormal
configure:5674: g++ -c -g3 -march=native -std=gnu++0x -DMPICH_IGNORE_CXX_SEEK conftest.C 1>&5
configure:5712: checking for C++ signbit
configure:5753: g++ -c -g3 -march=native -std=gnu++0x -DMPICH_IGNORE_CXX_SEEK conftest.C 1>&5
configure:5789: checking for C _Pragma
configure:5810: gcc -c -g3 -march=native -std=gnu99 -DMPICH_IGNORE_CXX_SEEK conftest.c 1>&5
configure:5848: checking for C function __attribute__((__noinline__))
configure:5861: gcc -c -g3 -march=native -std=gnu99 -DMPICH_IGNORE_CXX_SEEK conftest.c 1>&5
configure:5883: checking for C++ function __attribute__((__noinline__))
configure:5904: g++ -c -g3 -march=native -std=gnu++0x -DMPICH_IGNORE_CXX_SEEK conftest.C 1>&5
configure:5933: checking for C++ member function __attribute__((__noinline__))
configure:5954: g++ -c -g3 -march=native -std=gnu++0x -DMPICH_IGNORE_CXX_SEEK conftest.C 1>&5
configure:5985: checking for C function __attribute__((__always_inline__))
configure:5998: gcc -c -g3 -march=native -std=gnu99 -DMPICH_IGNORE_CXX_SEEK conftest.c 1>&5
configure:6020: checking for C++ function __attribute__((__always_inline__))
configure:6041: g++ -c -g3 -march=native -std=gnu++0x -DMPICH_IGNORE_CXX_SEEK conftest.C 1>&5
configure:6070: checking for C++ member function __attribute__((__always_inline__))
configure:6091: g++ -c -g3 -march=native -std=gnu++0x -DMPICH_IGNORE_CXX_SEEK conftest.C 1>&5
configure:6122: checking for C __attribute__((__unused__))
configure:6135: gcc -c -g3 -march=native -std=gnu99 -DMPICH_IGNORE_CXX_SEEK conftest.c 1>&5
configure:6157: checking for C++ __attribute__((__unused__))
configure:6178: g++ -c -g3 -march=native -std=gnu++0x -DMPICH_IGNORE_CXX_SEEK conftest.C 1>&5
configure:6209: checking for C __attribute__((__aligned__(...)))
configure:6222: gcc -c -g3 -march=native -std=gnu99 -DMPICH_IGNORE_CXX_SEEK conftest.c 1>&5
configure:6244: checking for C++ __attribute__((__aligned__(...)))
configure:6265: g++ -c -g3 -march=native -std=gnu++0x -DMPICH_IGNORE_CXX_SEEK conftest.C 1>&5
configure:6296: checking for C __attribute__((__cold__))
configure:6309: gcc -c -g3 -march=native -std=gnu99 -DMPICH_IGNORE_CXX_SEEK conftest.c 1>&5
configure: In function 'main':
configure:6305:1: warning: '__cold__' attribute ignored [-Wattributes]
configure:6331: checking for C++ __attribute__((__cold__))
configure:6352: g++ -c -g3 -march=native -std=gnu++0x -DMPICH_IGNORE_CXX_SEEK conftest.C 1>&5
configure: In function 'int main()':
configure:6348:38: warning: '__cold__' attribute ignored [-Wattributes]
configure:6383: checking for C __attribute__((__hot__))
configure:6396: gcc -c -g3 -march=native -std=gnu99 -DMPICH_IGNORE_CXX_SEEK conftest.c 1>&5
configure: In function 'main':
configure:6392:1: warning: '__hot__' attribute ignored [-Wattributes]
configure:6418: checking for C++ __attribute__((__hot__))
configure:6439: g++ -c -g3 -march=native -std=gnu++0x -DMPICH_IGNORE_CXX_SEEK conftest.C 1>&5
configure: In function 'int main()':
configure:6435:37: warning: '__hot__' attribute ignored [-Wattributes]
configure:6470: checking for C __attribute__((__format__(printf, 1, 2)))
configure:6483: gcc -c -g3 -march=native -std=gnu99 -DMPICH_IGNORE_CXX_SEEK conftest.c 1>&5
configure:6505: checking for C++ __attribute__((__format__(printf, 1, 2)))
configure:6526: g++ -c -g3 -march=native -std=gnu++0x -DMPICH_IGNORE_CXX_SEEK conftest.C 1>&5
configure:6557: checking for C __attribute__((__noreturn__))
configure:6570: gcc -c -g3 -march=native -std=gnu99 -DMPICH_IGNORE_CXX_SEEK conftest.c 1>&5
configure:6592: checking for C++ __attribute__((__noreturn__))
configure:6613: g++ -c -g3 -march=native -std=gnu++0x -DMPICH_IGNORE_CXX_SEEK conftest.C 1>&5
configure:6644: checking for C __attribute__((__nonnull__))
configure:6672: gcc -c -g3 -march=native -std=gnu99 -DMPICH_IGNORE_CXX_SEEK conftest.c 1>&5
configure:6694: checking for C++ __attribute__((__nonnull__))
configure:6730: g++ -c -g3 -march=native -std=gnu++0x -DMPICH_IGNORE_CXX_SEEK conftest.C 1>&5
configure:6761: checking for C __attribute__((__returns_nonnull__))
configure:6783: gcc -c -g3 -march=native -std=gnu99 -DMPICH_IGNORE_CXX_SEEK conftest.c 1>&5
configure:6769:5: warning: '__returns_nonnull__' attribute directive ignored [-Wattributes]
configure:6805: checking for C++ __attribute__((__returns_nonnull__))
configure:6835: g++ -c -g3 -march=native -std=gnu++0x -DMPICH_IGNORE_CXX_SEEK conftest.C 1>&5
configure:6821:58: warning: '__returns_nonnull__' attribute directive ignored [-Wattributes]
configure:6866: checking for C __builtin_expect
configure:6879: gcc -o conftest -g3 -march=native -std=gnu99 -DMPICH_IGNORE_CXX_SEEK  conftest.c  1>&5
configure:6901: checking for C++ __builtin_expect
configure:6922: g++ -o conftest -g3 -march=native -std=gnu++0x -DMPICH_IGNORE_CXX_SEEK  conftest.C  1>&5
configure:6953: checking for C __builtin_unreachable
configure:6966: gcc -o conftest -g3 -march=native -std=gnu99 -DMPICH_IGNORE_CXX_SEEK  conftest.c  1>&5
configure:6988: checking for C++ __builtin_unreachable
configure:7009: g++ -o conftest -g3 -march=native -std=gnu++0x -DMPICH_IGNORE_CXX_SEEK  conftest.C  1>&5
configure:7040: checking for C __builtin_assume_aligned
configure:7055: gcc -o conftest -g3 -march=native -std=gnu99 -DMPICH_IGNORE_CXX_SEEK  conftest.c  1>&5
configure:7077: checking for C++ __builtin_assume_aligned
configure:7100: g++ -o conftest -g3 -march=native -std=gnu++0x -DMPICH_IGNORE_CXX_SEEK  conftest.C  1>&5
configure:7131: checking for C++ static_assert
configure:7152: g++ -o conftest -g3 -march=native -std=gnu++0x -DMPICH_IGNORE_CXX_SEEK  conftest.C  1>&5
configure:7183: checking for C++ auto specifier
configure:7204: g++ -o conftest -g3 -march=native -std=gnu++0x -DMPICH_IGNORE_CXX_SEEK  conftest.C  1>&5
configure:7233: checking for C++ lambda expressions
configure:7254: g++ -o conftest -g3 -march=native -std=gnu++0x -DMPICH_IGNORE_CXX_SEEK  conftest.C  1>&5
configure:7283: checking for C++ range-based for statements
configure:7305: g++ -o conftest -g3 -march=native -std=gnu++0x -DMPICH_IGNORE_CXX_SEEK  conftest.C  1>&5
configure:7340: checking for Fortran REAL*4
configure:7357: gfortran -c  conftest.f 1>&5
configure:7386: checking for Fortran REAL*8
configure:7403: gfortran -c  conftest.f 1>&5
configure:7432: checking for Fortran REAL*16
configure:7449: gfortran -c  conftest.f 1>&5
configure:7479: checking for Fortran COMPLEX*8
configure:7496: gfortran -c  conftest.f 1>&5
configure:7525: checking for Fortran COMPLEX*16
configure:7542: gfortran -c  conftest.f 1>&5
configure:7571: checking for Fortran COMPLEX*32
configure:7588: gfortran -c  conftest.f 1>&5
configure:7635: checking for cxxabi.h
configure:7648: g++ -c -g3 -march=native -std=gnu++0x -DMPICH_IGNORE_CXX_SEEK conftest.C 1>&5
configure:7672: checking for __cxa_demangle
configure:7684: g++ -c -g3 -march=native -std=gnu++0x -DMPICH_IGNORE_CXX_SEEK conftest.C 1>&5
configure:7716: checking for Dl_info.dli_sname
configure:7731: gcc -c -g3 -march=native -std=gnu99 -DMPICH_IGNORE_CXX_SEEK conftest.c 1>&5
configure:7771: checking for dladdr
configure:7799: gcc -o conftest -g3 -march=native -std=gnu99 -DMPICH_IGNORE_CXX_SEEK  conftest.c   >&5
/tmp/cc0ElPW3.o: In function `main':
/home/bruno/tmp/ET_git_dev/Cactus/configs/thc/config-data/configure:7793: undefined reference to `dladdr'
collect2: error: ld returned 1 exit status
configure: failed program was:
#line 7776 "configure"
#include "confdefs.h"
/* System header to define __stub macros and hopefully few prototypes,
    which can conflict with char dladdr(); below.  */
#include <assert.h>
/* Override any gcc2 internal prototype to avoid an error.  */
/* We use char because int might match the return type of a gcc2
    builtin and then its argument prototype would still apply.  */
char dladdr();

int main() {

/* The GNU C library defines this for functions which it implements
    to always fail with ENOSYS.  Some functions are actually named
    something starting with __ and the normal name is an alias.  */
#if defined (__stub_dladdr) || defined (__stub___dladdr)
choke me
#else
dladdr();
#endif

; return 0; }
configure:7821: checking for dladdr in library dl
configure:7841: gcc -o conftest -g3 -march=native -std=gnu99 -DMPICH_IGNORE_CXX_SEEK  conftest.c   -ldl >&5
configure:7889: checking for backtrace
configure:7917: gcc -o conftest -g3 -march=native -std=gnu99 -DMPICH_IGNORE_CXX_SEEK  conftest.c   -ldl >&5
configure:7947: checking for backtrace_symbols
configure:7975: gcc -o conftest -g3 -march=native -std=gnu99 -DMPICH_IGNORE_CXX_SEEK  conftest.c   -ldl >&5
configure:8005: checking for crypt
configure:8033: gcc -o conftest -g3 -march=native -std=gnu99 -DMPICH_IGNORE_CXX_SEEK  conftest.c   -ldl >&5
/tmp/cc63y9Fd.o: In function `main':
/home/bruno/tmp/ET_git_dev/Cactus/configs/thc/config-data/configure:8027: undefined reference to `crypt'
collect2: error: ld returned 1 exit status
configure: failed program was:
#line 8010 "configure"
#include "confdefs.h"
/* System header to define __stub macros and hopefully few prototypes,
    which can conflict with char crypt(); below.  */
#include <assert.h>
/* Override any gcc2 internal prototype to avoid an error.  */
/* We use char because int might match the return type of a gcc2
    builtin and then its argument prototype would still apply.  */
char crypt();

int main() {

/* The GNU C library defines this for functions which it implements
    to always fail with ENOSYS.  Some functions are actually named
    something starting with __ and the normal name is an alias.  */
#if defined (__stub_crypt) || defined (__stub___crypt)
choke me
#else
crypt();
#endif

; return 0; }
configure:8055: checking for crypt in library crypt
configure:8075: gcc -o conftest -g3 -march=native -std=gnu99 -DMPICH_IGNORE_CXX_SEEK  conftest.c   -lcrypt -ldl >&5
configure:8115: checking for finite in header math.h and library m
configure:8132: gcc -o conftest -g3 -march=native -std=gnu99 -DMPICH_IGNORE_CXX_SEEK  conftest.c   -lm -lcrypt -ldl >&5
configure:8173: checking for copysign in header math.h and library m
configure:8190: gcc -o conftest -g3 -march=native -std=gnu99 -DMPICH_IGNORE_CXX_SEEK  conftest.c   -lm -lm -lcrypt -ldl >&5
configure:8231: checking for fpclassify in header math.h and library m
configure:8248: gcc -o conftest -g3 -march=native -std=gnu99 -DMPICH_IGNORE_CXX_SEEK  conftest.c   -lm -lm -lm -lcrypt -ldl >&5
configure:8289: checking for isfinite in header math.h and library m
configure:8306: gcc -o conftest -g3 -march=native -std=gnu99 -DMPICH_IGNORE_CXX_SEEK  conftest.c   -lm -lm -lm -lm -lcrypt -ldl >&5
configure:8347: checking for isinf in header math.h and library m
configure:8364: gcc -o conftest -g3 -march=native -std=gnu99 -DMPICH_IGNORE_CXX_SEEK  conftest.c   -lm -lm -lm -lm -lm -lcrypt -ldl >&5
configure:8405: checking for isnan in header math.h and library m
configure:8422: gcc -o conftest -g3 -march=native -std=gnu99 -DMPICH_IGNORE_CXX_SEEK  conftest.c   -lm -lm -lm -lm -lm -lm -lcrypt -ldl >&5
configure:8463: checking for isnormal in header math.h and library m
configure:8480: gcc -o conftest -g3 -march=native -std=gnu99 -DMPICH_IGNORE_CXX_SEEK  conftest.c   -lm -lm -lm -lm -lm -lm -lm -lcrypt -ldl >&5
configure:8521: checking for signbit in header math.h and library m
configure:8538: gcc -o conftest -g3 -march=native -std=gnu99 -DMPICH_IGNORE_CXX_SEEK  conftest.c   -lm -lm -lm -lm -lm -lm -lm -lm -lcrypt -ldl >&5
configure:8583: checking for mkstemp
configure:8611: gcc -o conftest -g3 -march=native -std=gnu99 -DMPICH_IGNORE_CXX_SEEK  conftest.c   -lm -lm -lm -lm -lm -lm -lm -lm -lcrypt -ldl >&5
configure:8693: checking for va_copy
configure:8705: gcc -o conftest -g3 -march=native -std=gnu99 -DMPICH_IGNORE_CXX_SEEK  conftest.c   -lm -lm -lm -lm -lm -lm -lm -lm -lcrypt -ldl >&5
configure:8744: checking for main in library c_r
configure:8760: gcc -o conftest -g3 -march=native -std=gnu99 -DMPICH_IGNORE_CXX_SEEK  conftest.c   -lc_r -lm -lm -lm -lm -lm -lm -lm -lm -lcrypt -ldl >&5
/usr/bin/ld: cannot find -lc_r
collect2: error: ld returned 1 exit status
configure: failed program was:
#line 8753 "configure"
#include "confdefs.h"

int main() {
main()
; return 0; }
configure:8781: checking for main in library pthread
configure:8797: gcc -o conftest -g3 -march=native -std=gnu99 -DMPICH_IGNORE_CXX_SEEK  conftest.c   -lpthread -lm -lm -lm -lm -lm -lm -lm -lm -lcrypt -ldl >&5
