Simulation name: test_claire
Running simulation test_claire
Preparing:
Checking:
/home/himanshu/simulations/test_claire/output-0000-active
hn1.lnmiit.ac.in
Sat Feb  6 15:55:25 IST 2016
Environment:
Starting:
INFO (Cactus): Increasing logging level from 0 to 3
INFO (Cactus): Increasing logging level from 0 to 3
INFO (Cactus): Increasing logging level from 0 to 3
INFO (Cactus): Increasing logging level from 0 to 3
INFO (Cactus): Increasing logging level from 0 to 3
--------------------------------------------------------------------------------

       10                                  
  1   0101       ************************  
  01  1010 10      The Cactus Code V4.2.3    
 1010 1101 011      www.cactuscode.org     
  1001 100101    ************************  
    00010101                               
     100011     (c) Copyright The Authors  
      0100      GNU Licensed. No Warranty  
      0101                                 
--------------------------------------------------------------------------------

Cactus version:    4.2.3
Compile date:      Feb 06 2016 (15:54:03)
INFO (Cactus): Increasing logging level from 0 to 3
Run date:          Feb 06 2016 (15:55:25+0530)
Run host:          hn1.lnmiit.ac.in (pid=1538)
Working directory: /home/himanshu/simulations/test_claire/output-0000
Executable:        /home/himanshu/simulations/test_claire/SIMFACTORY/exe/cactus_sim
Parameter file:    /home/himanshu/simulations/test_claire/output-0000/gaussian.par
--------------------------------------------------------------------------------

Activating thorn Cactus...Success -> active implementation Cactus
Activation requested for 
--->SystemStatistics PUGHReduce PUGH PUGHSlab IOASCII IOBasic IOHDF5 SpaceMask ADMMass ADMBase TmunuBase ADMCoupling ADMMacros StaticConformal CoordBase localreduce SymBase NaNChecker CartGrid3D Boundary IOUtil IDWaveMoL WaveMoL Time MoL CoordGauge ML_BSSN ML_BSSN_Helper <---
Thorn IOHDF5 requests automatic activation of IOHDF5Util
Thorn IOHDF5 requests automatic activation of HDF5
Thorn IOHDF5 requests automatic activation of MPI
Thorn ML_BSSN requests automatic activation of GenericFD
Thorn ML_BSSN requests automatic activation of LoopControl
Thorn ML_BSSN requests automatic activation of Vectors
Thorn HDF5 requests automatic activation of zlib
Thorn LoopControl requests automatic activation of CycleClock
Thorn LoopControl requests automatic activation of hwloc
Activating thorn ADMBase...Success -> active implementation ADMBase
Activating thorn ADMCoupling...Success -> active implementation ADMCoupling
Activating thorn ADMMacros...Success -> active implementation ADMMacros
Activating thorn ADMMass...Success -> active implementation ADMMass
Activating thorn Boundary...Success -> active implementation boundary
Activating thorn CartGrid3D...Success -> active implementation grid
Activating thorn CoordBase...Success -> active implementation CoordBase
Activating thorn CoordGauge...Success -> active implementation CoordGauge
Activating thorn CycleClock...Success -> active implementation CycleClock
Activating thorn GenericFD...Success -> active implementation GenericFD
Activating thorn HDF5...Success -> active implementation HDF5
Activating thorn hwloc...Success -> active implementation hwloc
Activating thorn IDWaveMoL...Success -> active implementation idwavemol
Activating thorn IOASCII...Success -> active implementation IOASCII
Activating thorn IOBasic...Success -> active implementation IOBasic
Activating thorn IOHDF5...Success -> active implementation IOHDF5
Activating thorn IOHDF5Util...Success -> active implementation IOHDF5Util
Activating thorn IOUtil...Success -> active implementation IO
Activating thorn localreduce...Success -> active implementation LocalReduce
Activating thorn LoopControl...Success -> active implementation LoopControl
Activating thorn ML_BSSN...Success -> active implementation ML_BSSN
Activating thorn ML_BSSN_Helper...Success -> active implementation ML_BSSN_Helper
Activating thorn MoL...Success -> active implementation MethodOfLines
Activating thorn MPI...Success -> active implementation MPI
Activating thorn NaNChecker...Success -> active implementation NaNChecker
Activating thorn PUGH...Success -> active implementation Driver
Activating thorn PUGHReduce...Success -> active implementation Reduce
Activating thorn PUGHSlab...Success -> active implementation Hyperslab
Activating thorn SpaceMask...Success -> active implementation SpaceMask
Activating thorn StaticConformal...Success -> active implementation StaticConformal
Activating thorn SymBase...Success -> active implementation SymBase
Activating thorn SystemStatistics...Success -> active implementation SystemStatistics
Activating thorn Time...Success -> active implementation time
Activating thorn TmunuBase...Success -> active implementation TmunuBase
Activating thorn Vectors...Success -> active implementation Vectors
Activating thorn WaveMoL...Success -> active implementation wavemol
Activating thorn zlib...Success -> active implementation zlib
--------------------------------------------------------------------------------
  if (recover initial data)
    Recover parameters
  endif

  Startup routines
    [CCTK_STARTUP]
      CartGrid3D::SymmetryStartup: Register GH Extension for GridSymmetry
      CoordBase::CoordBase_Startup: Register a GH extension to store the coordinate system handles
      CycleClock::CycleClock_Setup: Set up CycleClock
      LoopControl::lc_setup: Set up LoopControl
      ML_BSSN_Helper::ML_BSSN_SetGroupTags: [meta] Set checkpointing and prolongation group tags
      PUGH::Driver_Startup: Startup routine
      IOUtil::IOUtil_Startup: Startup routine
      IOASCII::IOASCII_Startup: Startup routine
      LocalReduce::LocalReduce_Startup: Startup routine
      IOHDF5Util::IOHDF5Util_Startup: IOHDF5Util startup routine
      ML_BSSN::ML_BSSN_Startup: [meta] create banner
      ML_BSSN_Helper::ML_BSSN_RegisterSlicing: [meta] Register slicing
      IOHDF5::IOHDF5_Startup: IOHDF5 startup routine
      MoL::MoL_Startup: Startup banner
      IOBasic::IOBasic_Startup: Startup routine
      PUGH::PUGH_RegisterPUGHP2LRoutines: Register Physical to Logical process mapping routines
      PUGH::PUGH_RegisterPUGHTopologyRoutines: Register topology generation routines routines
      PUGHReduce::PUGHReduce_Startup: Startup routine
      SymBase::SymBase_Startup: Register GH Extension for SymBase
      Vectors::Vectors_Startup: Print startup message
      WaveMoL::WaveMoL_Startup: Register Banner

  Startup routines which need an existing grid hierarchy
    [CCTK_WRAGH]
      ADMBase::Einstein_InitSymBound: [global] Set up GF symmetries
      Boundary::Boundary_RegisterBCs: [global] Register boundary conditions that this thorn provides
      CartGrid3D::RegisterCartGrid3DCoords: [meta] Register coordinates for the Cartesian grid
      CoordGauge::Einstein_ActivateSlicing: Initialize slicing, setup priorities for mixed slicings
      CoordGauge::Einstein_SetNextSlicing: Identify the slicing for the next iteration
      MoL::MoL_SetupIndexArrays: Set up the MoL bookkeeping index arrays
      MoL::MoL_SetScheduleStatus: [global] Set the flag so it is ok to register with MoL
      TmunuBase::TmunuBase_SetStressEnergyState: [global] Set the stress_energy_state variable
      GROUP MoL_Register: The group where physics thorns register variables with MoL
        ML_BSSN::ML_BSSN_RegisterVars: [meta] Register Variables for MoL
        ML_BSSN_Helper::ML_BSSN_RegisterConstrained: [meta] Register ADMBase variables as constrained
        WaveMoL::WaveMoL_RegisterVars: [meta] Register variables for MoL
      SpaceMask::MaskSym: [global] Set grid symmetries for mask
      SpaceMask::MaskSym_emask: [global] Set grid symmetries for emask (compatibility mode)
      GROUP SymBase_Wrapper: Wrapper group for SymBase
        GROUP SymmetryRegister: Register your symmetries here
          CartGrid3D::RegisterSymmetryBoundaries: [meta] Register symmetry boundaries
          ML_BSSN::ML_BSSN_RegisterSymmetries: [meta] register symmetries
        SymBase::SymBase_Statistics: Print symmetry boundary face descriptions
      MoL::MoL_ReportNumberVariables: [meta] Report how many of each type of variable there are
  Parameter checking routines
    [CCTK_PARAMCHECK]
      ADMBase::ADMBase_ParamCheck: [global] Check consistency of parameters
      Boundary::Boundary_Check: Check dimension of grid variables
      CartGrid3D::ParamCheck_CartGrid3D: Check coordinates for CartGrid3D
      IDWaveMoL::IDWaveMoL_CheckParameters: Check parameters
      MoL::MoL_ParamCheck: Basic parameter checking
      Vectors::Vectors_Test: Run correctness tests.

  Initialisation
    if (NOT (recover initial data AND recovery_mode is 'strict'))
      [CCTK_PREREGRIDINITIAL]
      Set up grid hierarchy
      [CCTK_POSTREGRIDINITIAL]
        CartGrid3D::SpatialCoordinates: Set Coordinates after regridding
        GROUP MoL_PseudoEvolutionBoundaries: Apply boundary conditions to pseudo-evolved quantities
          GROUP ML_BSSN_constraints1_bc_group: ML_BSSN_constraints1
            ML_BSSN::ML_BSSN_constraints1_SelectBCs: [level] ML_BSSN_constraints1_SelectBCs
            GROUP ML_BSSN_constraints1_ApplyBCs: Apply BCs for groups set in ML_BSSN_constraints1
              GROUP BoundaryConditions: Execute all boundary conditions
                Boundary::Boundary_ApplyPhysicalBCs: Apply all requested local physical boundary conditions
                CartGrid3D::CartGrid3D_ApplyBC: Apply symmetry boundary conditions
              Boundary::Boundary_ClearSelection: [level] Unselect all grid variables for boundary conditions
          GROUP ML_BSSN_constraints2_bc_group: ML_BSSN_constraints2
            ML_BSSN::ML_BSSN_constraints2_SelectBCs: [level] ML_BSSN_constraints2_SelectBCs
            GROUP ML_BSSN_constraints2_ApplyBCs: Apply BCs for groups set in ML_BSSN_constraints2
              GROUP BoundaryConditions: Execute all boundary conditions
                Boundary::Boundary_ApplyPhysicalBCs: Apply all requested local physical boundary conditions
                CartGrid3D::CartGrid3D_ApplyBC: Apply symmetry boundary conditions
              Boundary::Boundary_ClearSelection: [level] Unselect all grid variables for boundary conditions
        SpaceMask::MaskZero: Initialise mask to zero
        SpaceMask::MaskOne: Set mask to one
      [CCTK_BASEGRID]
        ADMBase::ADMBase_SetShiftStateOn: Set the shift_state variable to 1
        ADMBase::ADMBase_SetDtLapseStateOff: Set the dtlapse_state variable to 0
        ADMBase::ADMBase_SetDtShiftStateOff: Set the dtshift_state variable to 0
        ADMMacros::ADMMacros_SetLocalSpatialOrder: Initialize the local_spatial_order
        CartGrid3D::SpatialSpacings: Set up ranges for spatial 3D Cartesian coordinates (on all grids)
        CartGrid3D::SpatialCoordinates: Set up spatial 3D Cartesian coordinates on the GH
        IOASCII::IOASCII_Choose1D: Choose 1D output lines
        IOASCII::IOASCII_Choose2D: Choose 2D output planes
        ML_BSSN::ML_BSSN_CheckBoundaries: [meta] check boundaries treatment
        PUGH::PUGH_Report: Report on PUGH set up
        SpaceMask::MaskZero: Initialise mask to zero
        SpaceMask::MaskOne: Set old style mask to one
        SymBase::SymBase_Check: Check whether the driver set up the grid consistently
        Time::Time_Initialise: [global] Initialise Time variables
        Time::TemporalSpacings: [singlemap] Set timestep based on Courant condition (courant_static)
        WaveMoL::WaveMoL_InitSymBound: [meta] Schedule symmetries
      [CCTK_INITIAL]
        StaticConformal::StaticConformal_InitialiseState: Set the conformal_state variable to 0
        GROUP ADMBase_InitialData: Schedule group for calculating ADM initial data
          ADMBase::ADMBase_CartesianMinkowski: Set the metric and extrinsic curvature to cartesian minkowski values
        GROUP ADMBase_InitialGauge: Schedule group for the ADM initial gauge condition
          ADMBase::ADMBase_LapseOne: Set the lapse to 1 at all points
          ADMBase::ADMBase_ShiftZero: Set the shift to 0 at all points
        ADMMass::ADMMass_InitLoopCounter: [global] Initialise the loop counter for ADMMass
        IDWaveMoL::IDWaveMoL_InitialData: Initial data for 3D wave equation
        IOBasic::IOBasic_Init: Initialisation routine
        GROUP ADMBase_PostInitial: Schedule group for modifying the ADM initial data, such as e.g. adding noise
        ML_BSSN::ML_BSSN_InitGamma: ML_BSSN_InitGamma
        ML_BSSN::ML_BSSN_convertFromADMBase: ML_BSSN_convertFromADMBase
        MoL::MoL_StartLoop: [level] Initialise the step size control
        ML_BSSN::ML_BSSN_convertFromADMBaseGamma: ML_BSSN_convertFromADMBaseGamma
        GROUP SetTmunu: Calculate the stress-energy tensor
          TmunuBase::TmunuBase_ZeroTmunu: Initialise the stress-energy tensor to zero
          GROUP AddToTmunu: Add to the stress-energy tensor here
      [CCTK_POSTINITIAL]
        GROUP MoL_PostStepModify: The group for physics thorns to schedule enforcing constraints
          ML_BSSN::ML_BSSN_enforce: ML_BSSN_enforce
        GROUP MoL_PostStep: Ensure that everything is correct after the initial data have been set up
          ML_BSSN::ML_BSSN_SelectBoundConds: [level] select boundary conditions
          GROUP ML_BSSN_ApplyBCs: Apply boundary conditions controlled by thorn Boundary
            GROUP BoundaryConditions: Execute all boundary conditions
              Boundary::Boundary_ApplyPhysicalBCs: Apply all requested local physical boundary conditions
              CartGrid3D::CartGrid3D_ApplyBC: Apply symmetry boundary conditions
            Boundary::Boundary_ClearSelection: [level] Unselect all grid variables for boundary conditions
          GROUP ML_BSSN_convertToADMBaseGroupWrapper: Calculate ADM variables
            GROUP ML_BSSN_convertToADMBaseGroup: Calculate ADM variables
              ML_BSSN::ML_BSSN_convertToADMBase: ML_BSSN_convertToADMBase
              ML_BSSN::ML_BSSN_convertToADMBaseDtLapseShift: ML_BSSN_convertToADMBaseDtLapseShift
              ML_BSSN::ML_BSSN_convertToADMBaseDtLapseShiftBoundary: ML_BSSN_convertToADMBaseDtLapseShiftBoundary
            ML_BSSN_Helper::ML_BSSN_SelectBCsADMBase: [level] Select boundary conditions for ADMBase variables
            GROUP ML_BSSN_ApplyBCsADMBase: Apply boundary conditions to ADMBase variables
              GROUP BoundaryConditions: Execute all boundary conditions
                Boundary::Boundary_ApplyPhysicalBCs: Apply all requested local physical boundary conditions
                CartGrid3D::CartGrid3D_ApplyBC: Apply symmetry boundary conditions
              Boundary::Boundary_ClearSelection: [level] Unselect all grid variables for boundary conditions
          GROUP ADMBase_SetADMVars: Set the ADM variables before this group, and use them afterwards
          GROUP SetTmunu: Group for calculating the stress-energy tensor
            TmunuBase::TmunuBase_ZeroTmunu: Initialise the stress-energy tensor to zero
            GROUP AddToTmunu: Add to the stress-energy tensor here
          WaveMoL::WaveMoL_Energy: Calculate the energy
          WaveMoL::WaveMoL_Boundaries: [level] Register boundary enforcement in MoL
          GROUP WaveMoL_ApplyBCs: Apply boundary conditions for WaveMoL
            GROUP BoundaryConditions: Execute all boundary conditions
              Boundary::Boundary_ApplyPhysicalBCs: Apply all requested local physical boundary conditions
              CartGrid3D::CartGrid3D_ApplyBC: Apply symmetry boundary conditions
            Boundary::Boundary_ClearSelection: [level] Unselect all grid variables for boundary conditions
        GROUP MoL_PseudoEvolution: Calculate pseudo-evolved quantities
          GROUP ADMBase_SetADMVars: Set the ADM variables before this group, and use them afterwards
          GROUP ML_BSSN_constraints1_group: ML_BSSN_constraints1
            ML_BSSN::ML_BSSN_constraints1: ML_BSSN_constraints1
            GROUP ML_BSSN_constraints1_bc_group: ML_BSSN_constraints1
              ML_BSSN::ML_BSSN_constraints1_SelectBCs: [level] ML_BSSN_constraints1_SelectBCs
              GROUP ML_BSSN_constraints1_ApplyBCs: Apply BCs for groups set in ML_BSSN_constraints1
                GROUP BoundaryConditions: Execute all boundary conditions
                  Boundary::Boundary_ApplyPhysicalBCs: Apply all requested local physical boundary conditions
                  CartGrid3D::CartGrid3D_ApplyBC: Apply symmetry boundary conditions
                Boundary::Boundary_ClearSelection: [level] Unselect all grid variables for boundary conditions
          GROUP ML_BSSN_constraints2_group: ML_BSSN_constraints2
            ML_BSSN::ML_BSSN_constraints2: ML_BSSN_constraints2
            GROUP ML_BSSN_constraints2_bc_group: ML_BSSN_constraints2
              ML_BSSN::ML_BSSN_constraints2_SelectBCs: [level] ML_BSSN_constraints2_SelectBCs
              GROUP ML_BSSN_constraints2_ApplyBCs: Apply BCs for groups set in ML_BSSN_constraints2
                GROUP BoundaryConditions: Execute all boundary conditions
                  Boundary::Boundary_ApplyPhysicalBCs: Apply all requested local physical boundary conditions
                  CartGrid3D::CartGrid3D_ApplyBC: Apply symmetry boundary conditions
                Boundary::Boundary_ClearSelection: [level] Unselect all grid variables for boundary conditions
        WaveMoL::WaveMoL_Energy: Calculate the energy
      Initialise finer grids recursively
      Restrict from finer grids
      [CCTK_POSTRESTRICTINITIAL]
        GROUP MoL_PostStep: Ensure that everything is correct after restriction
          ML_BSSN::ML_BSSN_SelectBoundConds: [level] select boundary conditions
          GROUP ML_BSSN_ApplyBCs: Apply boundary conditions controlled by thorn Boundary
            GROUP BoundaryConditions: Execute all boundary conditions
              Boundary::Boundary_ApplyPhysicalBCs: Apply all requested local physical boundary conditions
              CartGrid3D::CartGrid3D_ApplyBC: Apply symmetry boundary conditions
            Boundary::Boundary_ClearSelection: [level] Unselect all grid variables for boundary conditions
          GROUP ML_BSSN_convertToADMBaseGroupWrapper: Calculate ADM variables
            GROUP ML_BSSN_convertToADMBaseGroup: Calculate ADM variables
              ML_BSSN::ML_BSSN_convertToADMBase: ML_BSSN_convertToADMBase
              ML_BSSN::ML_BSSN_convertToADMBaseDtLapseShift: ML_BSSN_convertToADMBaseDtLapseShift
              ML_BSSN::ML_BSSN_convertToADMBaseDtLapseShiftBoundary: ML_BSSN_convertToADMBaseDtLapseShiftBoundary
            ML_BSSN_Helper::ML_BSSN_SelectBCsADMBase: [level] Select boundary conditions for ADMBase variables
            GROUP ML_BSSN_ApplyBCsADMBase: Apply boundary conditions to ADMBase variables
              GROUP BoundaryConditions: Execute all boundary conditions
                Boundary::Boundary_ApplyPhysicalBCs: Apply all requested local physical boundary conditions
                CartGrid3D::CartGrid3D_ApplyBC: Apply symmetry boundary conditions
              Boundary::Boundary_ClearSelection: [level] Unselect all grid variables for boundary conditions
          GROUP ADMBase_SetADMVars: Set the ADM variables before this group, and use them afterwards
          GROUP SetTmunu: Group for calculating the stress-energy tensor
            TmunuBase::TmunuBase_ZeroTmunu: Initialise the stress-energy tensor to zero
            GROUP AddToTmunu: Add to the stress-energy tensor here
          WaveMoL::WaveMoL_Energy: Calculate the energy
          WaveMoL::WaveMoL_Boundaries: [level] Register boundary enforcement in MoL
          GROUP WaveMoL_ApplyBCs: Apply boundary conditions for WaveMoL
            GROUP BoundaryConditions: Execute all boundary conditions
              Boundary::Boundary_ApplyPhysicalBCs: Apply all requested local physical boundary conditions
              CartGrid3D::CartGrid3D_ApplyBC: Apply symmetry boundary conditions
            Boundary::Boundary_ClearSelection: [level] Unselect all grid variables for boundary conditions
        GROUP MoL_PseudoEvolutionBoundaries: Apply boundary conditions to pseudo-evolved quantities
          GROUP ML_BSSN_constraints1_bc_group: ML_BSSN_constraints1
            ML_BSSN::ML_BSSN_constraints1_SelectBCs: [level] ML_BSSN_constraints1_SelectBCs
            GROUP ML_BSSN_constraints1_ApplyBCs: Apply BCs for groups set in ML_BSSN_constraints1
              GROUP BoundaryConditions: Execute all boundary conditions
                Boundary::Boundary_ApplyPhysicalBCs: Apply all requested local physical boundary conditions
                CartGrid3D::CartGrid3D_ApplyBC: Apply symmetry boundary conditions
              Boundary::Boundary_ClearSelection: [level] Unselect all grid variables for boundary conditions
          GROUP ML_BSSN_constraints2_bc_group: ML_BSSN_constraints2
            ML_BSSN::ML_BSSN_constraints2_SelectBCs: [level] ML_BSSN_constraints2_SelectBCs
            GROUP ML_BSSN_constraints2_ApplyBCs: Apply BCs for groups set in ML_BSSN_constraints2
              GROUP BoundaryConditions: Execute all boundary conditions
                Boundary::Boundary_ApplyPhysicalBCs: Apply all requested local physical boundary conditions
                CartGrid3D::CartGrid3D_ApplyBC: Apply symmetry boundary conditions
              Boundary::Boundary_ClearSelection: [level] Unselect all grid variables for boundary conditions
      [CCTK_POSTPOSTINITIAL]
      [CCTK_POSTSTEP]
        ADMMass::ADMMass_SetLoopCounter: [global] Set the loop counter to the value of the parameter ADMMass:ADMMass_number
        while (ADMMass::ADMMass_LoopCounter)
          GROUP ADMMass: ADMMass loop
            ADMMass::ADMMass_Loop: [global] Decrement loop counter
            ADMMass::ADMMass_Surface: [global] [loop-local] Calculate the ADMmass using a surface integral: local routine
            ADMMass::ADMMass_Surface_Global: [global] Calculate the ADMmass using a surface integral: global routine
            ADMMass::ADMMass_Surface_Lapse: [global] [loop-local] Calculate the ADMmass*lapse using a surface integral: local routine
            ADMMass::ADMMass_Surface_Lapse_Global: [global] Calculate the ADMmass*lapse using a surface integral: global routine
            ADMMass::ADMMass_Volume: [global] [loop-local] Calculate the ADMmass using a volume integral: local routine
            ADMMass::ADMMass_Volume_Global: [global] Calculate the ADMmass using a volume integral: global routine
        end while
        SpaceMask::CheckMask: Ensure that all mask values are legal
    endif
    if (recover initial data)
      [CCTK_BASEGRID]
        ADMBase::ADMBase_SetShiftStateOn: Set the shift_state variable to 1
        ADMBase::ADMBase_SetDtLapseStateOff: Set the dtlapse_state variable to 0
        ADMBase::ADMBase_SetDtShiftStateOff: Set the dtshift_state variable to 0
        ADMMacros::ADMMacros_SetLocalSpatialOrder: Initialize the local_spatial_order
        CartGrid3D::SpatialSpacings: Set up ranges for spatial 3D Cartesian coordinates (on all grids)
        CartGrid3D::SpatialCoordinates: Set up spatial 3D Cartesian coordinates on the GH
        IOASCII::IOASCII_Choose1D: Choose 1D output lines
        IOASCII::IOASCII_Choose2D: Choose 2D output planes
        ML_BSSN::ML_BSSN_CheckBoundaries: [meta] check boundaries treatment
        PUGH::PUGH_Report: Report on PUGH set up
        SpaceMask::MaskZero: Initialise mask to zero
        SpaceMask::MaskOne: Set old style mask to one
        SymBase::SymBase_Check: Check whether the driver set up the grid consistently
        Time::Time_Initialise: [global] Initialise Time variables
        Time::TemporalSpacings: [singlemap] Set timestep based on Courant condition (courant_static)
        WaveMoL::WaveMoL_InitSymBound: [meta] Schedule symmetries
      [CCTK_RECOVER_VARIABLES]
      [CCTK_POST_RECOVER_VARIABLES]
        GROUP MoL_PostStep: Ensure that everything is correct after recovery
          ML_BSSN::ML_BSSN_SelectBoundConds: [level] select boundary conditions
          GROUP ML_BSSN_ApplyBCs: Apply boundary conditions controlled by thorn Boundary
            GROUP BoundaryConditions: Execute all boundary conditions
              Boundary::Boundary_ApplyPhysicalBCs: Apply all requested local physical boundary conditions
              CartGrid3D::CartGrid3D_ApplyBC: Apply symmetry boundary conditions
            Boundary::Boundary_ClearSelection: [level] Unselect all grid variables for boundary conditions
          GROUP ML_BSSN_convertToADMBaseGroupWrapper: Calculate ADM variables
            GROUP ML_BSSN_convertToADMBaseGroup: Calculate ADM variables
              ML_BSSN::ML_BSSN_convertToADMBase: ML_BSSN_convertToADMBase
              ML_BSSN::ML_BSSN_convertToADMBaseDtLapseShift: ML_BSSN_convertToADMBaseDtLapseShift
              ML_BSSN::ML_BSSN_convertToADMBaseDtLapseShiftBoundary: ML_BSSN_convertToADMBaseDtLapseShiftBoundary
            ML_BSSN_Helper::ML_BSSN_SelectBCsADMBase: [level] Select boundary conditions for ADMBase variables
            GROUP ML_BSSN_ApplyBCsADMBase: Apply boundary conditions to ADMBase variables
              GROUP BoundaryConditions: Execute all boundary conditions
                Boundary::Boundary_ApplyPhysicalBCs: Apply all requested local physical boundary conditions
                CartGrid3D::CartGrid3D_ApplyBC: Apply symmetry boundary conditions
              Boundary::Boundary_ClearSelection: [level] Unselect all grid variables for boundary conditions
          GROUP ADMBase_SetADMVars: Set the ADM variables before this group, and use them afterwards
          GROUP SetTmunu: Group for calculating the stress-energy tensor
            TmunuBase::TmunuBase_ZeroTmunu: Initialise the stress-energy tensor to zero
            GROUP AddToTmunu: Add to the stress-energy tensor here
          WaveMoL::WaveMoL_Energy: Calculate the energy
          WaveMoL::WaveMoL_Boundaries: [level] Register boundary enforcement in MoL
          GROUP WaveMoL_ApplyBCs: Apply boundary conditions for WaveMoL
            GROUP BoundaryConditions: Execute all boundary conditions
              Boundary::Boundary_ApplyPhysicalBCs: Apply all requested local physical boundary conditions
              CartGrid3D::CartGrid3D_ApplyBC: Apply symmetry boundary conditions
            Boundary::Boundary_ClearSelection: [level] Unselect all grid variables for boundary conditions
    endif
    if (checkpoint initial data)
      [CCTK_CPINITIAL]
        IOHDF5::IOHDF5_InitialDataCheckpoint: Initial data checkpoint routine
    endif
    if (analysis)
      [CCTK_ANALYSIS]
        LoopControl::lc_statistics_analysis: [meta] Output LoopControl statistics
        ML_BSSN::ML_BSSN_InitRHS: ML_BSSN_InitRHS
        GROUP ML_BSSN_evolCalcGroup: Calculate BSSN RHS
          ML_BSSN::ML_BSSN_RHS1: ML_BSSN_RHS1
          ML_BSSN::ML_BSSN_RHS2: ML_BSSN_RHS2
          ML_BSSN::ML_BSSN_Advect: ML_BSSN_Advect
        SystemStatistics::SystemStatistics_Collect: [global] Collect system statistics
  endif
  Output grid variables

  do loop over timesteps
    [CCTK_PREREGRID]
    Change grid hierarchy
    [CCTK_POSTREGRID]
      CartGrid3D::SpatialCoordinates: Set Coordinates after regridding
      GROUP MoL_PostStep: Ensure that everything is correct after regridding
        ML_BSSN::ML_BSSN_SelectBoundConds: [level] select boundary conditions
        GROUP ML_BSSN_ApplyBCs: Apply boundary conditions controlled by thorn Boundary
          GROUP BoundaryConditions: Execute all boundary conditions
            Boundary::Boundary_ApplyPhysicalBCs: Apply all requested local physical boundary conditions
            CartGrid3D::CartGrid3D_ApplyBC: Apply symmetry boundary conditions
          Boundary::Boundary_ClearSelection: [level] Unselect all grid variables for boundary conditions
        GROUP ML_BSSN_convertToADMBaseGroupWrapper: Calculate ADM variables
          GROUP ML_BSSN_convertToADMBaseGroup: Calculate ADM variables
            ML_BSSN::ML_BSSN_convertToADMBase: ML_BSSN_convertToADMBase
            ML_BSSN::ML_BSSN_convertToADMBaseDtLapseShift: ML_BSSN_convertToADMBaseDtLapseShift
            ML_BSSN::ML_BSSN_convertToADMBaseDtLapseShiftBoundary: ML_BSSN_convertToADMBaseDtLapseShiftBoundary
          ML_BSSN_Helper::ML_BSSN_SelectBCsADMBase: [level] Select boundary conditions for ADMBase variables
          GROUP ML_BSSN_ApplyBCsADMBase: Apply boundary conditions to ADMBase variables
            GROUP BoundaryConditions: Execute all boundary conditions
              Boundary::Boundary_ApplyPhysicalBCs: Apply all requested local physical boundary conditions
              CartGrid3D::CartGrid3D_ApplyBC: Apply symmetry boundary conditions
            Boundary::Boundary_ClearSelection: [level] Unselect all grid variables for boundary conditions
        GROUP ADMBase_SetADMVars: Set the ADM variables before this group, and use them afterwards
        GROUP SetTmunu: Group for calculating the stress-energy tensor
          TmunuBase::TmunuBase_ZeroTmunu: Initialise the stress-energy tensor to zero
          GROUP AddToTmunu: Add to the stress-energy tensor here
        WaveMoL::WaveMoL_Energy: Calculate the energy
        WaveMoL::WaveMoL_Boundaries: [level] Register boundary enforcement in MoL
        GROUP WaveMoL_ApplyBCs: Apply boundary conditions for WaveMoL
          GROUP BoundaryConditions: Execute all boundary conditions
            Boundary::Boundary_ApplyPhysicalBCs: Apply all requested local physical boundary conditions
            CartGrid3D::CartGrid3D_ApplyBC: Apply symmetry boundary conditions
          Boundary::Boundary_ClearSelection: [level] Unselect all grid variables for boundary conditions
      GROUP MoL_PseudoEvolutionBoundaries: Apply boundary conditions to pseudo-evolved quantities
        GROUP ML_BSSN_constraints1_bc_group: ML_BSSN_constraints1
          ML_BSSN::ML_BSSN_constraints1_SelectBCs: [level] ML_BSSN_constraints1_SelectBCs
          GROUP ML_BSSN_constraints1_ApplyBCs: Apply BCs for groups set in ML_BSSN_constraints1
            GROUP BoundaryConditions: Execute all boundary conditions
              Boundary::Boundary_ApplyPhysicalBCs: Apply all requested local physical boundary conditions
              CartGrid3D::CartGrid3D_ApplyBC: Apply symmetry boundary conditions
            Boundary::Boundary_ClearSelection: [level] Unselect all grid variables for boundary conditions
        GROUP ML_BSSN_constraints2_bc_group: ML_BSSN_constraints2
          ML_BSSN::ML_BSSN_constraints2_SelectBCs: [level] ML_BSSN_constraints2_SelectBCs
          GROUP ML_BSSN_constraints2_ApplyBCs: Apply BCs for groups set in ML_BSSN_constraints2
            GROUP BoundaryConditions: Execute all boundary conditions
              Boundary::Boundary_ApplyPhysicalBCs: Apply all requested local physical boundary conditions
              CartGrid3D::CartGrid3D_ApplyBC: Apply symmetry boundary conditions
            Boundary::Boundary_ClearSelection: [level] Unselect all grid variables for boundary conditions
      SpaceMask::MaskZero: Initialise mask to zero
      SpaceMask::MaskOne: Set mask to one
    Rotate timelevels
    iteration = iteration+1
    t = t+dt
    [CCTK_PRESTEP]
      CoordGauge::Einstein_SetNextSlicing: Identify the slicing for the next iteration
      LoopControl::lc_steer: [meta] Update LoopControl algorithm preferences
    [CCTK_EVOL]
      MoL::MoL_StartLoop: [level] Initialise the step size control
      while (MoL::MoL_Stepsize_Bad)
        GROUP MoL_Evolution: A single Cactus evolution step using MoL
          GROUP MoL_StartStep: MoL internal setup for the evolution step
            MoL::MoL_SetCounter: [level] Set the counter for the ODE method to loop over
            MoL::MoL_SetTime: [level] Ensure the correct time and timestep are used
            MoL::MoL_AllocateScratchSpace: [level] Allocate storage for scratch levels
          GROUP MoL_PreStep: Physics thorns can schedule preloop setup routines in here
          MoL::MoL_InitialCopy: Ensure the data is in the correct timelevel
          while (MoL::MoL_Intermediate_Step)
            GROUP MoL_Step: The loop over the intermediate steps for the ODE integrator
              MoL::MoL_InitRHS: Initialise the RHS functions
              GROUP MoL_CalcRHS: Physics thorns schedule the calculation of the discrete spatial operator in here
                GROUP ML_BSSN_evolCalcGroup: Calculate BSSN RHS
                  ML_BSSN::ML_BSSN_RHS1: ML_BSSN_RHS1
                  ML_BSSN::ML_BSSN_RHS2: ML_BSSN_RHS2
                  ML_BSSN::ML_BSSN_Advect: ML_BSSN_Advect
                WaveMoL::WaveMoL_CalcRHS: Register RHS calculation for MoL
              GROUP MoL_PostRHS: Modify RHS functions
              GROUP MoL_RHSBoundaries: Any 'final' modifications to the RHS functions (boundaries etc.)
              MoL::MoL_Add: Updates calculated with the efficient ICN method
              MoL::MoL_DecrementCounter: [level] Alter the counter number
              MoL::MoL_ResetTime: [level] If necessary, change the time
              GROUP MoL_PostStepModify: The group for physics thorns to schedule enforcing constraints
                ML_BSSN::ML_BSSN_enforce: ML_BSSN_enforce
              GROUP MoL_PostStep: The group for physics thorns to schedule boundary calls etc.
                ML_BSSN::ML_BSSN_SelectBoundConds: [level] select boundary conditions
                GROUP ML_BSSN_ApplyBCs: Apply boundary conditions controlled by thorn Boundary
                  GROUP BoundaryConditions: Execute all boundary conditions
                    Boundary::Boundary_ApplyPhysicalBCs: Apply all requested local physical boundary conditions
                    CartGrid3D::CartGrid3D_ApplyBC: Apply symmetry boundary conditions
                  Boundary::Boundary_ClearSelection: [level] Unselect all grid variables for boundary conditions
                GROUP ML_BSSN_convertToADMBaseGroupWrapper: Calculate ADM variables
                  GROUP ML_BSSN_convertToADMBaseGroup: Calculate ADM variables
                    ML_BSSN::ML_BSSN_convertToADMBase: ML_BSSN_convertToADMBase
                    ML_BSSN::ML_BSSN_convertToADMBaseDtLapseShift: ML_BSSN_convertToADMBaseDtLapseShift
                    ML_BSSN::ML_BSSN_convertToADMBaseDtLapseShiftBoundary: ML_BSSN_convertToADMBaseDtLapseShiftBoundary
                  ML_BSSN_Helper::ML_BSSN_SelectBCsADMBase: [level] Select boundary conditions for ADMBase variables
                  GROUP ML_BSSN_ApplyBCsADMBase: Apply boundary conditions to ADMBase variables
                    GROUP BoundaryConditions: Execute all boundary conditions
                      Boundary::Boundary_ApplyPhysicalBCs: Apply all requested local physical boundary conditions
                      CartGrid3D::CartGrid3D_ApplyBC: Apply symmetry boundary conditions
                    Boundary::Boundary_ClearSelection: [level] Unselect all grid variables for boundary conditions
                GROUP ADMBase_SetADMVars: Set the ADM variables before this group, and use them afterwards
                GROUP SetTmunu: Group for calculating the stress-energy tensor
                  TmunuBase::TmunuBase_ZeroTmunu: Initialise the stress-energy tensor to zero
                  GROUP AddToTmunu: Add to the stress-energy tensor here
                WaveMoL::WaveMoL_Energy: Calculate the energy
                WaveMoL::WaveMoL_Boundaries: [level] Register boundary enforcement in MoL
                GROUP WaveMoL_ApplyBCs: Apply boundary conditions for WaveMoL
                  GROUP BoundaryConditions: Execute all boundary conditions
                    Boundary::Boundary_ApplyPhysicalBCs: Apply all requested local physical boundary conditions
                    CartGrid3D::CartGrid3D_ApplyBC: Apply symmetry boundary conditions
                  Boundary::Boundary_ClearSelection: [level] Unselect all grid variables for boundary conditions
              MoL::MoL_ResetDeltaTime: [level] If necessary, change the timestep
          end while
          MoL::MoL_FinishLoop: [level] Control the step size
          MoL::MoL_RestoreSandR: Restoring the Save and Restore variables to the original state
          MoL::MoL_FreeScratchSpace: [level] Free storage for scratch levels
      end while
      GROUP MoL_PseudoEvolution: Calculate pseudo-evolved quantities
        GROUP ADMBase_SetADMVars: Set the ADM variables before this group, and use them afterwards
        GROUP ML_BSSN_constraints1_group: ML_BSSN_constraints1
          ML_BSSN::ML_BSSN_constraints1: ML_BSSN_constraints1
          GROUP ML_BSSN_constraints1_bc_group: ML_BSSN_constraints1
            ML_BSSN::ML_BSSN_constraints1_SelectBCs: [level] ML_BSSN_constraints1_SelectBCs
            GROUP ML_BSSN_constraints1_ApplyBCs: Apply BCs for groups set in ML_BSSN_constraints1
              GROUP BoundaryConditions: Execute all boundary conditions
                Boundary::Boundary_ApplyPhysicalBCs: Apply all requested local physical boundary conditions
                CartGrid3D::CartGrid3D_ApplyBC: Apply symmetry boundary conditions
              Boundary::Boundary_ClearSelection: [level] Unselect all grid variables for boundary conditions
        GROUP ML_BSSN_constraints2_group: ML_BSSN_constraints2
          ML_BSSN::ML_BSSN_constraints2: ML_BSSN_constraints2
          GROUP ML_BSSN_constraints2_bc_group: ML_BSSN_constraints2
            ML_BSSN::ML_BSSN_constraints2_SelectBCs: [level] ML_BSSN_constraints2_SelectBCs
            GROUP ML_BSSN_constraints2_ApplyBCs: Apply BCs for groups set in ML_BSSN_constraints2
              GROUP BoundaryConditions: Execute all boundary conditions
                Boundary::Boundary_ApplyPhysicalBCs: Apply all requested local physical boundary conditions
                CartGrid3D::CartGrid3D_ApplyBC: Apply symmetry boundary conditions
              Boundary::Boundary_ClearSelection: [level] Unselect all grid variables for boundary conditions
    Evolve finer grids recursively
    Restrict from finer grids
    [CCTK_POSTRESTRICT]
      GROUP MoL_PostStep: Ensure that everything is correct after restriction
        ML_BSSN::ML_BSSN_SelectBoundConds: [level] select boundary conditions
        GROUP ML_BSSN_ApplyBCs: Apply boundary conditions controlled by thorn Boundary
          GROUP BoundaryConditions: Execute all boundary conditions
            Boundary::Boundary_ApplyPhysicalBCs: Apply all requested local physical boundary conditions
            CartGrid3D::CartGrid3D_ApplyBC: Apply symmetry boundary conditions
          Boundary::Boundary_ClearSelection: [level] Unselect all grid variables for boundary conditions
        GROUP ML_BSSN_convertToADMBaseGroupWrapper: Calculate ADM variables
          GROUP ML_BSSN_convertToADMBaseGroup: Calculate ADM variables
            ML_BSSN::ML_BSSN_convertToADMBase: ML_BSSN_convertToADMBase
            ML_BSSN::ML_BSSN_convertToADMBaseDtLapseShift: ML_BSSN_convertToADMBaseDtLapseShift
            ML_BSSN::ML_BSSN_convertToADMBaseDtLapseShiftBoundary: ML_BSSN_convertToADMBaseDtLapseShiftBoundary
          ML_BSSN_Helper::ML_BSSN_SelectBCsADMBase: [level] Select boundary conditions for ADMBase variables
          GROUP ML_BSSN_ApplyBCsADMBase: Apply boundary conditions to ADMBase variables
            GROUP BoundaryConditions: Execute all boundary conditions
              Boundary::Boundary_ApplyPhysicalBCs: Apply all requested local physical boundary conditions
              CartGrid3D::CartGrid3D_ApplyBC: Apply symmetry boundary conditions
            Boundary::Boundary_ClearSelection: [level] Unselect all grid variables for boundary conditions
        GROUP ADMBase_SetADMVars: Set the ADM variables before this group, and use them afterwards
        GROUP SetTmunu: Group for calculating the stress-energy tensor
          TmunuBase::TmunuBase_ZeroTmunu: Initialise the stress-energy tensor to zero
          GROUP AddToTmunu: Add to the stress-energy tensor here
        WaveMoL::WaveMoL_Energy: Calculate the energy
        WaveMoL::WaveMoL_Boundaries: [level] Register boundary enforcement in MoL
        GROUP WaveMoL_ApplyBCs: Apply boundary conditions for WaveMoL
          GROUP BoundaryConditions: Execute all boundary conditions
            Boundary::Boundary_ApplyPhysicalBCs: Apply all requested local physical boundary conditions
            CartGrid3D::CartGrid3D_ApplyBC: Apply symmetry boundary conditions
          Boundary::Boundary_ClearSelection: [level] Unselect all grid variables for boundary conditions
      GROUP MoL_PseudoEvolutionBoundaries: Apply boundary conditions to pseudo-evolved quantities
        GROUP ML_BSSN_constraints1_bc_group: ML_BSSN_constraints1
          ML_BSSN::ML_BSSN_constraints1_SelectBCs: [level] ML_BSSN_constraints1_SelectBCs
          GROUP ML_BSSN_constraints1_ApplyBCs: Apply BCs for groups set in ML_BSSN_constraints1
            GROUP BoundaryConditions: Execute all boundary conditions
              Boundary::Boundary_ApplyPhysicalBCs: Apply all requested local physical boundary conditions
              CartGrid3D::CartGrid3D_ApplyBC: Apply symmetry boundary conditions
            Boundary::Boundary_ClearSelection: [level] Unselect all grid variables for boundary conditions
        GROUP ML_BSSN_constraints2_bc_group: ML_BSSN_constraints2
          ML_BSSN::ML_BSSN_constraints2_SelectBCs: [level] ML_BSSN_constraints2_SelectBCs
          GROUP ML_BSSN_constraints2_ApplyBCs: Apply BCs for groups set in ML_BSSN_constraints2
            GROUP BoundaryConditions: Execute all boundary conditions
              Boundary::Boundary_ApplyPhysicalBCs: Apply all requested local physical boundary conditions
              CartGrid3D::CartGrid3D_ApplyBC: Apply symmetry boundary conditions
            Boundary::Boundary_ClearSelection: [level] Unselect all grid variables for boundary conditions
    [CCTK_POSTSTEP]
      ADMMass::ADMMass_SetLoopCounter: [global] Set the loop counter to the value of the parameter ADMMass:ADMMass_number
      while (ADMMass::ADMMass_LoopCounter)
        GROUP ADMMass: ADMMass loop
          ADMMass::ADMMass_Loop: [global] Decrement loop counter
          ADMMass::ADMMass_Surface: [global] [loop-local] Calculate the ADMmass using a surface integral: local routine
          ADMMass::ADMMass_Surface_Global: [global] Calculate the ADMmass using a surface integral: global routine
          ADMMass::ADMMass_Surface_Lapse: [global] [loop-local] Calculate the ADMmass*lapse using a surface integral: local routine
          ADMMass::ADMMass_Surface_Lapse_Global: [global] Calculate the ADMmass*lapse using a surface integral: global routine
          ADMMass::ADMMass_Volume: [global] [loop-local] Calculate the ADMmass using a volume integral: local routine
          ADMMass::ADMMass_Volume_Global: [global] Calculate the ADMmass using a volume integral: global routine
      end while
      SpaceMask::CheckMask: Ensure that all mask values are legal
  if (checkpoint)
    [CCTK_CHECKPOINT]
      IOHDF5::IOHDF5_EvolutionCheckpoint: Evolution data checkpoint routine
  endif
  if (analysis)
    [CCTK_ANALYSIS]
      LoopControl::lc_statistics_analysis: [meta] Output LoopControl statistics
      ML_BSSN::ML_BSSN_InitRHS: ML_BSSN_InitRHS
      GROUP ML_BSSN_evolCalcGroup: Calculate BSSN RHS
        ML_BSSN::ML_BSSN_RHS1: ML_BSSN_RHS1
        ML_BSSN::ML_BSSN_RHS2: ML_BSSN_RHS2
        ML_BSSN::ML_BSSN_Advect: ML_BSSN_Advect
      SystemStatistics::SystemStatistics_Collect: [global] Collect system statistics
  endif
  Output grid variables
  enddo

  Termination routines
    [CCTK_TERMINATE]
      IOHDF5::IOHDF5_TerminationCheckpoint: Termination checkpoint routine
      IOHDF5Util::IOHDF5Util_Terminate: IOHDF5Util termination routine
      LoopControl::lc_statistics_terminate: [meta] Output LoopControl statistics
      MoL::MoL_FreeIndexArrays: Free the MoL bookkeeping index arrays
      PUGH::Driver_Terminate: Termination routine

  Shutdown routines
    [CCTK_SHUTDOWN]

  Routines run after changing the grid hierarchy:
    [CCTK_POSTREGRID]
      CartGrid3D::SpatialCoordinates: Set Coordinates after regridding
      GROUP MoL_PostStep: Ensure that everything is correct after regridding
        ML_BSSN::ML_BSSN_SelectBoundConds: [level] select boundary conditions
        GROUP ML_BSSN_ApplyBCs: Apply boundary conditions controlled by thorn Boundary
          GROUP BoundaryConditions: Execute all boundary conditions
            Boundary::Boundary_ApplyPhysicalBCs: Apply all requested local physical boundary conditions
            CartGrid3D::CartGrid3D_ApplyBC: Apply symmetry boundary conditions
          Boundary::Boundary_ClearSelection: [level] Unselect all grid variables for boundary conditions
        GROUP ML_BSSN_convertToADMBaseGroupWrapper: Calculate ADM variables
          GROUP ML_BSSN_convertToADMBaseGroup: Calculate ADM variables
            ML_BSSN::ML_BSSN_convertToADMBase: ML_BSSN_convertToADMBase
            ML_BSSN::ML_BSSN_convertToADMBaseDtLapseShift: ML_BSSN_convertToADMBaseDtLapseShift
            ML_BSSN::ML_BSSN_convertToADMBaseDtLapseShiftBoundary: ML_BSSN_convertToADMBaseDtLapseShiftBoundary
          ML_BSSN_Helper::ML_BSSN_SelectBCsADMBase: [level] Select boundary conditions for ADMBase variables
          GROUP ML_BSSN_ApplyBCsADMBase: Apply boundary conditions to ADMBase variables
            GROUP BoundaryConditions: Execute all boundary conditions
              Boundary::Boundary_ApplyPhysicalBCs: Apply all requested local physical boundary conditions
              CartGrid3D::CartGrid3D_ApplyBC: Apply symmetry boundary conditions
            Boundary::Boundary_ClearSelection: [level] Unselect all grid variables for boundary conditions
        GROUP ADMBase_SetADMVars: Set the ADM variables before this group, and use them afterwards
        GROUP SetTmunu: Group for calculating the stress-energy tensor
          TmunuBase::TmunuBase_ZeroTmunu: Initialise the stress-energy tensor to zero
          GROUP AddToTmunu: Add to the stress-energy tensor here
        WaveMoL::WaveMoL_Energy: Calculate the energy
        WaveMoL::WaveMoL_Boundaries: [level] Register boundary enforcement in MoL
        GROUP WaveMoL_ApplyBCs: Apply boundary conditions for WaveMoL
          GROUP BoundaryConditions: Execute all boundary conditions
            Boundary::Boundary_ApplyPhysicalBCs: Apply all requested local physical boundary conditions
            CartGrid3D::CartGrid3D_ApplyBC: Apply symmetry boundary conditions
          Boundary::Boundary_ClearSelection: [level] Unselect all grid variables for boundary conditions
      GROUP MoL_PseudoEvolutionBoundaries: Apply boundary conditions to pseudo-evolved quantities
        GROUP ML_BSSN_constraints1_bc_group: ML_BSSN_constraints1
          ML_BSSN::ML_BSSN_constraints1_SelectBCs: [level] ML_BSSN_constraints1_SelectBCs
          GROUP ML_BSSN_constraints1_ApplyBCs: Apply BCs for groups set in ML_BSSN_constraints1
            GROUP BoundaryConditions: Execute all boundary conditions
              Boundary::Boundary_ApplyPhysicalBCs: Apply all requested local physical boundary conditions
              CartGrid3D::CartGrid3D_ApplyBC: Apply symmetry boundary conditions
            Boundary::Boundary_ClearSelection: [level] Unselect all grid variables for boundary conditions
        GROUP ML_BSSN_constraints2_bc_group: ML_BSSN_constraints2
          ML_BSSN::ML_BSSN_constraints2_SelectBCs: [level] ML_BSSN_constraints2_SelectBCs
          GROUP ML_BSSN_constraints2_ApplyBCs: Apply BCs for groups set in ML_BSSN_constraints2
            GROUP BoundaryConditions: Execute all boundary conditions
              Boundary::Boundary_ApplyPhysicalBCs: Apply all requested local physical boundary conditions
              CartGrid3D::CartGrid3D_ApplyBC: Apply symmetry boundary conditions
            Boundary::Boundary_ClearSelection: [level] Unselect all grid variables for boundary conditions
      SpaceMask::MaskZero: Initialise mask to zero
      SpaceMask::MaskOne: Set mask to one
--------------------------------------------------------------------------------
INFO (CycleClock): Measuring CycleClock tick via OpenMP...
INFO (CycleClock): Calibrated CycleClock: 0.357982 ns per clock tick (2.79344 GHz)
INFO (PUGH): Using physical to logical mappings: direct
INFO (PUGH): Using topology generator: automatic
INFO (Vectors): Using vector size 1 for architecture scalar (no vectorisation, 64-bit precision)
--------------------------------------------------------------------------------
Driver provided by PUGH
--------------------------------------------------------------------------------
ML_BSSN
--------------------------------------------------------------------------------
MoL: Generalized time integration.
--------------------------------------------------------------------------------
WaveMoL: Evolutions of a Scalar Field
--------------------------------------------------------------------------------

INFO (PUGH): Not setting up a topology for 1 dimensions
INFO (PUGH): Not setting up a topology for 2 dimensions
INFO (PUGH): Setting up a topology for 3 dimensions
INFO (IOASCII): I/O Method 'IOASCII_1D' registered: output of 1D lines of grid functions/arrays to ASCII files
INFO (IOASCII): Periodic 1D output every 2 iterations
INFO (IOASCII): Periodic 1D output requested for 'ADMBASE::gxx', 'ADMBASE::alp', 'TMUNUBASE::eTtt', 'WAVEMOL::phi', 'WAVEMOL::phit', 'WAVEMOL::energy'
INFO (IOASCII): I/O Method 'IOASCII_2D' registered: output of 2D planes of grid functions/arrays to ASCII files
INFO (IOASCII): Periodic 2D output turned off
INFO (IOASCII): I/O Method 'IOASCII_3D' registered: output of 3D grid functions/arrays to ASCII files
INFO (IOASCII): Periodic 3D output turned off
INFO (IOHDF5): I/O Method 'IOHDF5' registered: output of grid variables and hyperslabs thereof to HDF5 files
INFO (IOHDF5): Periodic HDF5 output turned off
INFO (IOBasic): I/O Method 'Scalar' registered: output of scalar quantities (grid scalars, reductions) to ASCII files
INFO (IOBasic): I/O Method 'Info' registered: output of scalar quantities (grid scalars, reductions) to screen
INFO (MoL): Using Iterative Crank Nicholson with 3 iterations as the time integrator.
INFO (MoL): MoL will not treat variable energy as a constrained variable as it has only one timelevel. This should not cause problems with the evolution.
INFO (MoL): The maximum number of evolved variables is 230. 30 are registered.
INFO (MoL): The maximum number of slow evolved variables is 230. 0 are registered.
INFO (MoL): The maximum number of constrained variables is 230. 20 are registered.
INFO (MoL): The maximum number of SandR variables is 230. 0 are registered.
INFO (MoL): The maximum number of evolved array variables is 230. 0 are registered.
INFO (MoL): The maximum number of constrained array variables is 230. 0 are registered.
INFO (MoL): The maximum number of SandR array variables is 230. 0 are registered.
INFO (MoL): The maximum size of any array variables is 0.
INFO (Vectors): Testing vectorisation... [errors may result in segfaults]
INFO (Vectors): 92/92 tests passed 
INFO (ADMMacros): Spatial finite differencing order: 4
INFO (CartGrid3D): Grid Spacings:
INFO (CartGrid3D): dx=>1.0000000e-02  dy=>1.0000000e-02  dz=>1.0000000e-02
INFO (CartGrid3D): Computational Coordinates:
INFO (CartGrid3D): x=>[-0.030, 3.460]  y=>[-0.030, 3.460]  z=>[-0.030, 3.460]
INFO (CartGrid3D): Indices of Physical Coordinates:
INFO (CartGrid3D): x=>[0,349]  y=>[0,349]  z=>[0,349]
INFO (PUGH): MPI Evolution on 6 processors
INFO (PUGH): 3-dimensional grid functions
INFO (PUGH):   Size: 350 350 350
INFO (PUGH):   Processor topology: 3 x 2 x 1
INFO (PUGH):   Local load: 7476000   [120 x 178 x 350]
INFO (PUGH):   Maximum load skew: 1.000000
INFO (Time): Timestep set to 0.005 (courant_static)
INFO (IOBasic): Periodic scalar output requested for 'ADMMASS::ADMMass_SurfaceMass[0]', 'ADMMASS::ADMMass_SurfaceMass_Lapse[0]', 'ADMMASS::ADMMass_VolumeMass[0]', 'WAVEMOL::phi'
INFO (IOBasic): Periodic info output requested for 'SYSTEMSTATISTICS::maxrss_mb', 'SYSTEMSTATISTICS::swap_used_mb', 'WAVEMOL::phi'
-------------------------------------------------------------------------------------------------------------
   it  |          | SYSTEMSTATISTICS::maxrss_mb | *EMSTATISTICS::swap_used_mb | WAVEMOL::phi                |
       |    t     | minimum      | maximum      | minimum      | maximum      | minimum      | maximum      |
-------------------------------------------------------------------------------------------------------------
     0 |    0.000 | 8.098000e+03 | 8.371000e+03 |   0.00000000 |   0.00000000 |   0.00221251 |   6.28318531 |
     2 |    0.010 | 1.560900e+04 | 1.609000e+04 |   0.00000000 |   0.00000000 |   0.00221267 |   6.28010999 |
     4 |    0.020 | 1.555600e+04 | 1.603100e+04 |   0.00000000 |   0.00000000 |   0.00221314 |   6.27368767 |
     6 |    0.030 | 1.559000e+04 | 1.605200e+04 |   0.00000000 |   0.00000000 |   0.00221394 |   6.26811130 |
     8 |    0.040 | 1.561300e+04 | 1.606600e+04 |   0.00000000 |   0.00000000 |   0.00221506 |   6.26457598 |
    10 |    0.050 | 1.560200e+04 | 1.584700e+04 |   0.00000000 |   0.00000000 |   0.00221651 |   6.26139044 |
    12 |    0.060 | 1.554600e+04 | 1.619300e+04 |   0.00000000 |   0.00000000 |   0.00221830 |   6.25714029 |
    14 |    0.070 | 1.558100e+04 | 1.603100e+04 |   0.00000000 |   0.00000000 |   0.00222044 |   6.25216376 |
    16 |    0.080 | 1.555500e+04 | 1.607000e+04 |   0.00000000 |   0.00000000 |   0.00222294 |   6.24731726 |
    18 |    0.090 | 1.557600e+04 | 1.597900e+04 |   0.00000000 |   0.00000000 |   0.00222580 |   6.24270554 |
    20 |    0.100 | 1.549300e+04 | 1.609600e+04 |   0.00000000 |   0.00000000 |   0.00222902 |   6.23796374 |
    22 |    0.110 | 1.550000e+04 | 1.607300e+04 |   0.00000000 |   0.00000000 |   0.00223263 |   6.23300658 |
    24 |    0.120 | 1.556200e+04 | 1.600000e+04 |   0.00000000 |   0.00000000 |   0.00223661 |   6.22803770 |
    26 |    0.130 | 1.546400e+04 | 1.608400e+04 |   0.00000000 |   0.00000000 |   0.00224099 |   6.22314777 |
    28 |    0.140 | 1.557600e+04 | 1.602200e+04 |   0.00000000 |   0.00000000 |   0.00224577 |   6.21823959 |
    30 |    0.150 | 1.552900e+04 | 1.617300e+04 |   0.00000000 |   0.00000000 |   0.00225096 |   6.21322935 |
    32 |    0.160 | 1.552500e+04 | 1.599500e+04 |   0.00000000 |   0.00000000 |   0.00225656 |   6.20812034 |
    34 |    0.170 | 1.532000e+04 | 1.633000e+04 |   0.00000000 |   0.00000000 |   0.00226258 |   6.20293043 |
    36 |    0.180 | 1.554800e+04 | 1.611700e+04 |   0.00000000 |   0.00000000 |   0.00226904 |   6.19767036 |
    38 |    0.190 | 1.551500e+04 | 1.609300e+04 |   0.00000000 |   0.00000000 |   0.00227593 |   6.19236961 |
    40 |    0.200 | 1.546900e+04 | 1.612300e+04 |   0.00000000 |   0.00000000 |   0.00228328 |   6.18704606 |
    42 |    0.210 | 1.561800e+04 | 1.599200e+04 |   0.00000000 |   0.00000000 |   0.00229108 |   6.18166166 |
    44 |    0.220 | 1.559900e+04 | 1.599100e+04 |   0.00000000 |   0.00000000 |   0.00229935 |   6.17615723 |
    46 |    0.230 | 1.559500e+04 | 1.606700e+04 |   0.00000000 |   0.00000000 |   0.00230809 |   6.17052307 |
    48 |    0.240 | 1.552900e+04 | 1.615300e+04 |   0.00000000 |   0.00000000 |   0.00231732 |   6.16480175 |
    50 |    0.250 | 1.555500e+04 | 1.608600e+04 |   0.00000000 |   0.00000000 |   0.00232704 |   6.15902801 |
    52 |    0.260 | 1.540000e+04 | 1.605700e+04 |   0.00000000 |   0.00000000 |   0.00233726 |   6.15319285 |
    54 |    0.270 | 1.536000e+04 | 1.628800e+04 |   0.00000000 |   0.00000000 |   0.00234799 |   6.14726456 |
    56 |    0.280 | 1.548700e+04 | 1.606200e+04 |   0.00000000 |   0.00000000 |   0.00235925 |   6.14122183 |
    58 |    0.290 | 1.557500e+04 | 1.609900e+04 |   0.00000000 |   0.00000000 |   0.00237104 |   6.13506167 |
    60 |    0.300 | 1.545000e+04 | 1.626600e+04 |   0.00000000 |   0.00000000 |   0.00238337 |   6.12879139 |
    62 |    0.310 | 1.556000e+04 | 1.601200e+04 |   0.00000000 |   0.00000000 |   0.00239625 |   6.12242180 |

=====================================================================================
=   BAD TERMINATION OF ONE OF YOUR APPLICATION PROCESSES
=   EXIT CODE: 15
=   CLEANING UP REMAINING PROCESSES
=   YOU CAN IGNORE THE BELOW CLEANUP MESSAGES
=====================================================================================
APPLICATION TERMINATED WITH THE EXIT STRING: Terminated (signal 15)
Sun Feb  7 13:15:51 IST 2016
Simfactory Done at date: 0